<!doctype html public "-//w3c//dtd html 4.0 transitional//en">
<html><head>
<title>Static Call Graph - [.\Objects\Blink.axf]</title></head>
<body><HR>
<H1>Static Call Graph for image .\Objects\Blink.axf</H1><HR>
<BR><P>#&#060CALLGRAPH&#062# ARM Linker, 6180002: Last Updated: Mon Jan  9 14:16:38 2023
<BR><P>
<H3>Maximum Stack Usage =         92 bytes + Unknown(Functions without stacksize, Cycles, Untraceable Function Pointers)</H3><H3>
Call chain for Maximum Stack Depth:</H3>
__rt_entry_main &rArr; main &rArr; Delay_Init &rArr; RCC_GetClocksFreq
<P>
<H3>
Functions with no stack information
</H3><UL>
 <LI><a href="#[4b]">__user_initial_stackheap</a>
</UL>
</UL>
<P>
<H3>
Mutually Recursive functions
</H3> <LI><a href="#[1]">NMI_Handler</a>&nbsp;&nbsp;&nbsp;&rArr;&nbsp;&nbsp;&nbsp;<a href="#[1]">NMI_Handler</a><BR>
 <LI><a href="#[2]">HardFault_Handler</a>&nbsp;&nbsp;&nbsp;&rArr;&nbsp;&nbsp;&nbsp;<a href="#[2]">HardFault_Handler</a><BR>
 <LI><a href="#[3]">MemManage_Handler</a>&nbsp;&nbsp;&nbsp;&rArr;&nbsp;&nbsp;&nbsp;<a href="#[3]">MemManage_Handler</a><BR>
 <LI><a href="#[4]">BusFault_Handler</a>&nbsp;&nbsp;&nbsp;&rArr;&nbsp;&nbsp;&nbsp;<a href="#[4]">BusFault_Handler</a><BR>
 <LI><a href="#[5]">UsageFault_Handler</a>&nbsp;&nbsp;&nbsp;&rArr;&nbsp;&nbsp;&nbsp;<a href="#[5]">UsageFault_Handler</a><BR>
 <LI><a href="#[6]">SVC_Handler</a>&nbsp;&nbsp;&nbsp;&rArr;&nbsp;&nbsp;&nbsp;<a href="#[6]">SVC_Handler</a><BR>
 <LI><a href="#[7]">DebugMon_Handler</a>&nbsp;&nbsp;&nbsp;&rArr;&nbsp;&nbsp;&nbsp;<a href="#[7]">DebugMon_Handler</a><BR>
 <LI><a href="#[8]">PendSV_Handler</a>&nbsp;&nbsp;&nbsp;&rArr;&nbsp;&nbsp;&nbsp;<a href="#[8]">PendSV_Handler</a><BR>
 <LI><a href="#[9]">SysTick_Handler</a>&nbsp;&nbsp;&nbsp;&rArr;&nbsp;&nbsp;&nbsp;<a href="#[9]">SysTick_Handler</a><BR>
 <LI><a href="#[1c]">ADC1_2_IRQHandler</a>&nbsp;&nbsp;&nbsp;&rArr;&nbsp;&nbsp;&nbsp;<a href="#[1c]">ADC1_2_IRQHandler</a><BR>
</UL>
<P>
<H3>
Function Pointers
</H3><UL>
 <LI><a href="#[1c]">ADC1_2_IRQHandler</a> from startup_air32f10x.o(.text) referenced from startup_air32f10x.o(RESET)
 <LI><a href="#[39]">ADC3_IRQHandler</a> from startup_air32f10x.o(.text) referenced from startup_air32f10x.o(RESET)
 <LI><a href="#[4]">BusFault_Handler</a> from startup_air32f10x.o(.text) referenced from startup_air32f10x.o(RESET)
 <LI><a href="#[1f]">CAN1_RX1_IRQHandler</a> from startup_air32f10x.o(.text) referenced from startup_air32f10x.o(RESET)
 <LI><a href="#[20]">CAN1_SCE_IRQHandler</a> from startup_air32f10x.o(.text) referenced from startup_air32f10x.o(RESET)
 <LI><a href="#[15]">DMA1_Channel1_IRQHandler</a> from startup_air32f10x.o(.text) referenced from startup_air32f10x.o(RESET)
 <LI><a href="#[16]">DMA1_Channel2_IRQHandler</a> from startup_air32f10x.o(.text) referenced from startup_air32f10x.o(RESET)
 <LI><a href="#[17]">DMA1_Channel3_IRQHandler</a> from startup_air32f10x.o(.text) referenced from startup_air32f10x.o(RESET)
 <LI><a href="#[18]">DMA1_Channel4_IRQHandler</a> from startup_air32f10x.o(.text) referenced from startup_air32f10x.o(RESET)
 <LI><a href="#[19]">DMA1_Channel5_IRQHandler</a> from startup_air32f10x.o(.text) referenced from startup_air32f10x.o(RESET)
 <LI><a href="#[1a]">DMA1_Channel6_IRQHandler</a> from startup_air32f10x.o(.text) referenced from startup_air32f10x.o(RESET)
 <LI><a href="#[1b]">DMA1_Channel7_IRQHandler</a> from startup_air32f10x.o(.text) referenced from startup_air32f10x.o(RESET)
 <LI><a href="#[42]">DMA2_Channel1_IRQHandler</a> from startup_air32f10x.o(.text) referenced from startup_air32f10x.o(RESET)
 <LI><a href="#[43]">DMA2_Channel2_IRQHandler</a> from startup_air32f10x.o(.text) referenced from startup_air32f10x.o(RESET)
 <LI><a href="#[44]">DMA2_Channel3_IRQHandler</a> from startup_air32f10x.o(.text) referenced from startup_air32f10x.o(RESET)
 <LI><a href="#[45]">DMA2_Channel4_5_IRQHandler</a> from startup_air32f10x.o(.text) referenced from startup_air32f10x.o(RESET)
 <LI><a href="#[7]">DebugMon_Handler</a> from startup_air32f10x.o(.text) referenced from startup_air32f10x.o(RESET)
 <LI><a href="#[10]">EXTI0_IRQHandler</a> from startup_air32f10x.o(.text) referenced from startup_air32f10x.o(RESET)
 <LI><a href="#[32]">EXTI15_10_IRQHandler</a> from startup_air32f10x.o(.text) referenced from startup_air32f10x.o(RESET)
 <LI><a href="#[11]">EXTI1_IRQHandler</a> from startup_air32f10x.o(.text) referenced from startup_air32f10x.o(RESET)
 <LI><a href="#[12]">EXTI2_IRQHandler</a> from startup_air32f10x.o(.text) referenced from startup_air32f10x.o(RESET)
 <LI><a href="#[13]">EXTI3_IRQHandler</a> from startup_air32f10x.o(.text) referenced from startup_air32f10x.o(RESET)
 <LI><a href="#[14]">EXTI4_IRQHandler</a> from startup_air32f10x.o(.text) referenced from startup_air32f10x.o(RESET)
 <LI><a href="#[21]">EXTI9_5_IRQHandler</a> from startup_air32f10x.o(.text) referenced from startup_air32f10x.o(RESET)
 <LI><a href="#[e]">FLASH_IRQHandler</a> from startup_air32f10x.o(.text) referenced from startup_air32f10x.o(RESET)
 <LI><a href="#[3a]">FSMC_IRQHandler</a> from startup_air32f10x.o(.text) referenced from startup_air32f10x.o(RESET)
 <LI><a href="#[2]">HardFault_Handler</a> from startup_air32f10x.o(.text) referenced from startup_air32f10x.o(RESET)
 <LI><a href="#[2a]">I2C1_ER_IRQHandler</a> from startup_air32f10x.o(.text) referenced from startup_air32f10x.o(RESET)
 <LI><a href="#[29]">I2C1_EV_IRQHandler</a> from startup_air32f10x.o(.text) referenced from startup_air32f10x.o(RESET)
 <LI><a href="#[2c]">I2C2_ER_IRQHandler</a> from startup_air32f10x.o(.text) referenced from startup_air32f10x.o(RESET)
 <LI><a href="#[2b]">I2C2_EV_IRQHandler</a> from startup_air32f10x.o(.text) referenced from startup_air32f10x.o(RESET)
 <LI><a href="#[3]">MemManage_Handler</a> from startup_air32f10x.o(.text) referenced from startup_air32f10x.o(RESET)
 <LI><a href="#[1]">NMI_Handler</a> from startup_air32f10x.o(.text) referenced from startup_air32f10x.o(RESET)
 <LI><a href="#[b]">PVD_IRQHandler</a> from startup_air32f10x.o(.text) referenced from startup_air32f10x.o(RESET)
 <LI><a href="#[8]">PendSV_Handler</a> from startup_air32f10x.o(.text) referenced from startup_air32f10x.o(RESET)
 <LI><a href="#[f]">RCC_IRQHandler</a> from startup_air32f10x.o(.text) referenced from startup_air32f10x.o(RESET)
 <LI><a href="#[47]">RNG_IRQHandler</a> from startup_air32f10x.o(.text) referenced from startup_air32f10x.o(RESET)
 <LI><a href="#[33]">RTCAlarm_IRQHandler</a> from startup_air32f10x.o(.text) referenced from startup_air32f10x.o(RESET)
 <LI><a href="#[d]">RTC_IRQHandler</a> from startup_air32f10x.o(.text) referenced from startup_air32f10x.o(RESET)
 <LI><a href="#[0]">Reset_Handler</a> from startup_air32f10x.o(.text) referenced from startup_air32f10x.o(RESET)
 <LI><a href="#[3b]">SDIO_IRQHandler</a> from startup_air32f10x.o(.text) referenced from startup_air32f10x.o(RESET)
 <LI><a href="#[48]">SENSOR_IRQHandler</a> from startup_air32f10x.o(.text) referenced from startup_air32f10x.o(RESET)
 <LI><a href="#[2d]">SPI1_IRQHandler</a> from startup_air32f10x.o(.text) referenced from startup_air32f10x.o(RESET)
 <LI><a href="#[2e]">SPI2_IRQHandler</a> from startup_air32f10x.o(.text) referenced from startup_air32f10x.o(RESET)
 <LI><a href="#[3d]">SPI3_IRQHandler</a> from startup_air32f10x.o(.text) referenced from startup_air32f10x.o(RESET)
 <LI><a href="#[6]">SVC_Handler</a> from startup_air32f10x.o(.text) referenced from startup_air32f10x.o(RESET)
 <LI><a href="#[46]">SYMC_IRQHandler</a> from startup_air32f10x.o(.text) referenced from startup_air32f10x.o(RESET)
 <LI><a href="#[9]">SysTick_Handler</a> from startup_air32f10x.o(.text) referenced from startup_air32f10x.o(RESET)
 <LI><a href="#[49]">SystemInit</a> from system_air32f10x.o(.text) referenced from startup_air32f10x.o(.text)
 <LI><a href="#[c]">TAMPER_IRQHandler</a> from startup_air32f10x.o(.text) referenced from startup_air32f10x.o(RESET)
 <LI><a href="#[22]">TIM1_BRK_IRQHandler</a> from startup_air32f10x.o(.text) referenced from startup_air32f10x.o(RESET)
 <LI><a href="#[25]">TIM1_CC_IRQHandler</a> from startup_air32f10x.o(.text) referenced from startup_air32f10x.o(RESET)
 <LI><a href="#[24]">TIM1_TRG_COM_IRQHandler</a> from startup_air32f10x.o(.text) referenced from startup_air32f10x.o(RESET)
 <LI><a href="#[23]">TIM1_UP_IRQHandler</a> from startup_air32f10x.o(.text) referenced from startup_air32f10x.o(RESET)
 <LI><a href="#[26]">TIM2_IRQHandler</a> from startup_air32f10x.o(.text) referenced from startup_air32f10x.o(RESET)
 <LI><a href="#[27]">TIM3_IRQHandler</a> from startup_air32f10x.o(.text) referenced from startup_air32f10x.o(RESET)
 <LI><a href="#[28]">TIM4_IRQHandler</a> from startup_air32f10x.o(.text) referenced from startup_air32f10x.o(RESET)
 <LI><a href="#[3c]">TIM5_IRQHandler</a> from startup_air32f10x.o(.text) referenced from startup_air32f10x.o(RESET)
 <LI><a href="#[40]">TIM6_IRQHandler</a> from startup_air32f10x.o(.text) referenced from startup_air32f10x.o(RESET)
 <LI><a href="#[41]">TIM7_IRQHandler</a> from startup_air32f10x.o(.text) referenced from startup_air32f10x.o(RESET)
 <LI><a href="#[35]">TIM8_BRK_IRQHandler</a> from startup_air32f10x.o(.text) referenced from startup_air32f10x.o(RESET)
 <LI><a href="#[38]">TIM8_CC_IRQHandler</a> from startup_air32f10x.o(.text) referenced from startup_air32f10x.o(RESET)
 <LI><a href="#[37]">TIM8_TRG_COM_IRQHandler</a> from startup_air32f10x.o(.text) referenced from startup_air32f10x.o(RESET)
 <LI><a href="#[36]">TIM8_UP_IRQHandler</a> from startup_air32f10x.o(.text) referenced from startup_air32f10x.o(RESET)
 <LI><a href="#[3e]">UART4_IRQHandler</a> from startup_air32f10x.o(.text) referenced from startup_air32f10x.o(RESET)
 <LI><a href="#[3f]">UART5_IRQHandler</a> from startup_air32f10x.o(.text) referenced from startup_air32f10x.o(RESET)
 <LI><a href="#[2f]">USART1_IRQHandler</a> from startup_air32f10x.o(.text) referenced from startup_air32f10x.o(RESET)
 <LI><a href="#[30]">USART2_IRQHandler</a> from startup_air32f10x.o(.text) referenced from startup_air32f10x.o(RESET)
 <LI><a href="#[31]">USART3_IRQHandler</a> from startup_air32f10x.o(.text) referenced from startup_air32f10x.o(RESET)
 <LI><a href="#[34]">USBWakeUp_IRQHandler</a> from startup_air32f10x.o(.text) referenced from startup_air32f10x.o(RESET)
 <LI><a href="#[1d]">USB_HP_CAN1_TX_IRQHandler</a> from startup_air32f10x.o(.text) referenced from startup_air32f10x.o(RESET)
 <LI><a href="#[1e]">USB_LP_CAN1_RX0_IRQHandler</a> from startup_air32f10x.o(.text) referenced from startup_air32f10x.o(RESET)
 <LI><a href="#[5]">UsageFault_Handler</a> from startup_air32f10x.o(.text) referenced from startup_air32f10x.o(RESET)
 <LI><a href="#[a]">WWDG_IRQHandler</a> from startup_air32f10x.o(.text) referenced from startup_air32f10x.o(RESET)
 <LI><a href="#[4a]">__main</a> from __main.o(!!!main) referenced from startup_air32f10x.o(.text)
</UL>
<P>
<H3>
Global Symbols
</H3>
<P><STRONG><a name="[4a]"></a>__main</STRONG> (Thumb, 8 bytes, Stack size 0 bytes, __main.o(!!!main))
<BR><BR>[Calls]<UL><LI><a href="#[4d]">&gt;&gt;</a>&nbsp;&nbsp;&nbsp;__scatterload
<LI><a href="#[4e]">&gt;&gt;</a>&nbsp;&nbsp;&nbsp;__rt_entry
</UL>
<BR>[Address Reference Count : 1]<UL><LI> startup_air32f10x.o(.text)
</UL>
<P><STRONG><a name="[4d]"></a>__scatterload</STRONG> (Thumb, 0 bytes, Stack size unknown bytes, __scatter.o(!!!scatter))
<BR><BR>[Called By]<UL><LI><a href="#[4a]">&gt;&gt;</a>&nbsp;&nbsp;&nbsp;__main
</UL>

<P><STRONG><a name="[4f]"></a>__scatterload_rt2</STRONG> (Thumb, 44 bytes, Stack size unknown bytes, __scatter.o(!!!scatter), UNUSED)
<BR><BR>[Calls]<UL><LI><a href="#[4e]">&gt;&gt;</a>&nbsp;&nbsp;&nbsp;__rt_entry
</UL>

<P><STRONG><a name="[6f]"></a>__scatterload_rt2_thumb_only</STRONG> (Thumb, 0 bytes, Stack size unknown bytes, __scatter.o(!!!scatter), UNUSED)

<P><STRONG><a name="[70]"></a>__scatterload_null</STRONG> (Thumb, 0 bytes, Stack size unknown bytes, __scatter.o(!!!scatter), UNUSED)

<P><STRONG><a name="[50]"></a>__scatterload_copy</STRONG> (Thumb, 26 bytes, Stack size unknown bytes, __scatter_copy.o(!!handler_copy), UNUSED)
<BR><BR>[Calls]<UL><LI><a href="#[50]">&gt;&gt;</a>&nbsp;&nbsp;&nbsp;__scatterload_copy
</UL>
<BR>[Called By]<UL><LI><a href="#[50]">&gt;&gt;</a>&nbsp;&nbsp;&nbsp;__scatterload_copy
</UL>

<P><STRONG><a name="[71]"></a>__scatterload_zeroinit</STRONG> (Thumb, 28 bytes, Stack size unknown bytes, __scatter_zi.o(!!handler_zi), UNUSED)

<P><STRONG><a name="[54]"></a>__rt_lib_init</STRONG> (Thumb, 0 bytes, Stack size unknown bytes, libinit.o(.ARM.Collect$$libinit$$00000000))
<BR><BR>[Called By]<UL><LI><a href="#[53]">&gt;&gt;</a>&nbsp;&nbsp;&nbsp;__rt_entry_li
</UL>

<P><STRONG><a name="[72]"></a>__rt_lib_init_alloca_1</STRONG> (Thumb, 0 bytes, Stack size unknown bytes, libinit2.o(.ARM.Collect$$libinit$$00000030))

<P><STRONG><a name="[73]"></a>__rt_lib_init_argv_1</STRONG> (Thumb, 0 bytes, Stack size unknown bytes, libinit2.o(.ARM.Collect$$libinit$$0000002E))

<P><STRONG><a name="[74]"></a>__rt_lib_init_atexit_1</STRONG> (Thumb, 0 bytes, Stack size unknown bytes, libinit2.o(.ARM.Collect$$libinit$$0000001D))

<P><STRONG><a name="[75]"></a>__rt_lib_init_clock_1</STRONG> (Thumb, 0 bytes, Stack size unknown bytes, libinit2.o(.ARM.Collect$$libinit$$00000023))

<P><STRONG><a name="[76]"></a>__rt_lib_init_cpp_1</STRONG> (Thumb, 0 bytes, Stack size unknown bytes, libinit2.o(.ARM.Collect$$libinit$$00000034))

<P><STRONG><a name="[77]"></a>__rt_lib_init_exceptions_1</STRONG> (Thumb, 0 bytes, Stack size unknown bytes, libinit2.o(.ARM.Collect$$libinit$$00000032))

<P><STRONG><a name="[78]"></a>__rt_lib_init_fp_1</STRONG> (Thumb, 0 bytes, Stack size unknown bytes, libinit2.o(.ARM.Collect$$libinit$$00000002))

<P><STRONG><a name="[79]"></a>__rt_lib_init_fp_trap_1</STRONG> (Thumb, 0 bytes, Stack size unknown bytes, libinit2.o(.ARM.Collect$$libinit$$00000021))

<P><STRONG><a name="[7a]"></a>__rt_lib_init_getenv_1</STRONG> (Thumb, 0 bytes, Stack size unknown bytes, libinit2.o(.ARM.Collect$$libinit$$00000025))

<P><STRONG><a name="[7b]"></a>__rt_lib_init_heap_1</STRONG> (Thumb, 0 bytes, Stack size unknown bytes, libinit2.o(.ARM.Collect$$libinit$$0000000C))

<P><STRONG><a name="[7c]"></a>__rt_lib_init_lc_collate_1</STRONG> (Thumb, 0 bytes, Stack size unknown bytes, libinit2.o(.ARM.Collect$$libinit$$00000013))

<P><STRONG><a name="[7d]"></a>__rt_lib_init_lc_ctype_1</STRONG> (Thumb, 0 bytes, Stack size unknown bytes, libinit2.o(.ARM.Collect$$libinit$$00000015))

<P><STRONG><a name="[7e]"></a>__rt_lib_init_lc_monetary_1</STRONG> (Thumb, 0 bytes, Stack size unknown bytes, libinit2.o(.ARM.Collect$$libinit$$00000017))

<P><STRONG><a name="[7f]"></a>__rt_lib_init_lc_numeric_1</STRONG> (Thumb, 0 bytes, Stack size unknown bytes, libinit2.o(.ARM.Collect$$libinit$$00000019))

<P><STRONG><a name="[80]"></a>__rt_lib_init_lc_time_1</STRONG> (Thumb, 0 bytes, Stack size unknown bytes, libinit2.o(.ARM.Collect$$libinit$$0000001B))

<P><STRONG><a name="[81]"></a>__rt_lib_init_preinit_1</STRONG> (Thumb, 0 bytes, Stack size unknown bytes, libinit2.o(.ARM.Collect$$libinit$$00000006))

<P><STRONG><a name="[82]"></a>__rt_lib_init_rand_1</STRONG> (Thumb, 0 bytes, Stack size unknown bytes, libinit2.o(.ARM.Collect$$libinit$$00000010))

<P><STRONG><a name="[83]"></a>__rt_lib_init_relocate_pie_1</STRONG> (Thumb, 0 bytes, Stack size unknown bytes, libinit2.o(.ARM.Collect$$libinit$$00000004))

<P><STRONG><a name="[84]"></a>__rt_lib_init_return</STRONG> (Thumb, 0 bytes, Stack size unknown bytes, libinit2.o(.ARM.Collect$$libinit$$00000035))

<P><STRONG><a name="[85]"></a>__rt_lib_init_signal_1</STRONG> (Thumb, 0 bytes, Stack size unknown bytes, libinit2.o(.ARM.Collect$$libinit$$0000001F))

<P><STRONG><a name="[86]"></a>__rt_lib_init_stdio_1</STRONG> (Thumb, 0 bytes, Stack size unknown bytes, libinit2.o(.ARM.Collect$$libinit$$00000027))

<P><STRONG><a name="[87]"></a>__rt_lib_init_user_alloc_1</STRONG> (Thumb, 0 bytes, Stack size unknown bytes, libinit2.o(.ARM.Collect$$libinit$$0000000E))

<P><STRONG><a name="[59]"></a>__rt_lib_shutdown</STRONG> (Thumb, 0 bytes, Stack size unknown bytes, libshutdown.o(.ARM.Collect$$libshutdown$$00000000))
<BR><BR>[Called By]<UL><LI><a href="#[58]">&gt;&gt;</a>&nbsp;&nbsp;&nbsp;__rt_exit_ls
</UL>

<P><STRONG><a name="[88]"></a>__rt_lib_shutdown_cpp_1</STRONG> (Thumb, 0 bytes, Stack size unknown bytes, libshutdown2.o(.ARM.Collect$$libshutdown$$00000002))

<P><STRONG><a name="[89]"></a>__rt_lib_shutdown_fp_trap_1</STRONG> (Thumb, 0 bytes, Stack size unknown bytes, libshutdown2.o(.ARM.Collect$$libshutdown$$00000007))

<P><STRONG><a name="[8a]"></a>__rt_lib_shutdown_heap_1</STRONG> (Thumb, 0 bytes, Stack size unknown bytes, libshutdown2.o(.ARM.Collect$$libshutdown$$0000000F))

<P><STRONG><a name="[8b]"></a>__rt_lib_shutdown_return</STRONG> (Thumb, 0 bytes, Stack size unknown bytes, libshutdown2.o(.ARM.Collect$$libshutdown$$00000010))

<P><STRONG><a name="[8c]"></a>__rt_lib_shutdown_signal_1</STRONG> (Thumb, 0 bytes, Stack size unknown bytes, libshutdown2.o(.ARM.Collect$$libshutdown$$0000000A))

<P><STRONG><a name="[8d]"></a>__rt_lib_shutdown_stdio_1</STRONG> (Thumb, 0 bytes, Stack size unknown bytes, libshutdown2.o(.ARM.Collect$$libshutdown$$00000004))

<P><STRONG><a name="[8e]"></a>__rt_lib_shutdown_user_alloc_1</STRONG> (Thumb, 0 bytes, Stack size unknown bytes, libshutdown2.o(.ARM.Collect$$libshutdown$$0000000C))

<P><STRONG><a name="[4e]"></a>__rt_entry</STRONG> (Thumb, 0 bytes, Stack size unknown bytes, __rtentry.o(.ARM.Collect$$rtentry$$00000000))
<BR><BR>[Called By]<UL><LI><a href="#[4f]">&gt;&gt;</a>&nbsp;&nbsp;&nbsp;__scatterload_rt2
<LI><a href="#[4a]">&gt;&gt;</a>&nbsp;&nbsp;&nbsp;__main
</UL>

<P><STRONG><a name="[8f]"></a>__rt_entry_presh_1</STRONG> (Thumb, 0 bytes, Stack size unknown bytes, __rtentry2.o(.ARM.Collect$$rtentry$$00000002))

<P><STRONG><a name="[51]"></a>__rt_entry_sh</STRONG> (Thumb, 0 bytes, Stack size unknown bytes, __rtentry4.o(.ARM.Collect$$rtentry$$00000004))
<BR><BR>[Stack]<UL><LI>Max Depth = 8 + Unknown Stack Size
<LI>Call Chain = __rt_entry_sh &rArr; __user_setup_stackheap
</UL>
<BR>[Calls]<UL><LI><a href="#[52]">&gt;&gt;</a>&nbsp;&nbsp;&nbsp;__user_setup_stackheap
</UL>

<P><STRONG><a name="[53]"></a>__rt_entry_li</STRONG> (Thumb, 0 bytes, Stack size unknown bytes, __rtentry2.o(.ARM.Collect$$rtentry$$0000000A))
<BR><BR>[Calls]<UL><LI><a href="#[54]">&gt;&gt;</a>&nbsp;&nbsp;&nbsp;__rt_lib_init
</UL>

<P><STRONG><a name="[90]"></a>__rt_entry_postsh_1</STRONG> (Thumb, 0 bytes, Stack size unknown bytes, __rtentry2.o(.ARM.Collect$$rtentry$$00000009))

<P><STRONG><a name="[55]"></a>__rt_entry_main</STRONG> (Thumb, 0 bytes, Stack size unknown bytes, __rtentry2.o(.ARM.Collect$$rtentry$$0000000D))
<BR><BR>[Stack]<UL><LI>Max Depth = 92 + Unknown Stack Size
<LI>Call Chain = __rt_entry_main &rArr; main &rArr; Delay_Init &rArr; RCC_GetClocksFreq
</UL>
<BR>[Calls]<UL><LI><a href="#[57]">&gt;&gt;</a>&nbsp;&nbsp;&nbsp;exit
<LI><a href="#[56]">&gt;&gt;</a>&nbsp;&nbsp;&nbsp;main
</UL>

<P><STRONG><a name="[91]"></a>__rt_entry_postli_1</STRONG> (Thumb, 0 bytes, Stack size unknown bytes, __rtentry2.o(.ARM.Collect$$rtentry$$0000000C))

<P><STRONG><a name="[6e]"></a>__rt_exit</STRONG> (Thumb, 0 bytes, Stack size unknown bytes, rtexit.o(.ARM.Collect$$rtexit$$00000000))
<BR><BR>[Called By]<UL><LI><a href="#[57]">&gt;&gt;</a>&nbsp;&nbsp;&nbsp;exit
</UL>

<P><STRONG><a name="[58]"></a>__rt_exit_ls</STRONG> (Thumb, 0 bytes, Stack size unknown bytes, rtexit2.o(.ARM.Collect$$rtexit$$00000003))
<BR><BR>[Calls]<UL><LI><a href="#[59]">&gt;&gt;</a>&nbsp;&nbsp;&nbsp;__rt_lib_shutdown
</UL>

<P><STRONG><a name="[92]"></a>__rt_exit_prels_1</STRONG> (Thumb, 0 bytes, Stack size unknown bytes, rtexit2.o(.ARM.Collect$$rtexit$$00000002))

<P><STRONG><a name="[5a]"></a>__rt_exit_exit</STRONG> (Thumb, 0 bytes, Stack size unknown bytes, rtexit2.o(.ARM.Collect$$rtexit$$00000004))
<BR><BR>[Calls]<UL><LI><a href="#[5b]">&gt;&gt;</a>&nbsp;&nbsp;&nbsp;_sys_exit
</UL>

<P><STRONG><a name="[5c]"></a>Delay_Init</STRONG> (Thumb, 66 bytes, Stack size 32 bytes, main.o(.text))
<BR><BR>[Stack]<UL><LI>Max Depth = 60<LI>Call Chain = Delay_Init &rArr; RCC_GetClocksFreq
</UL>
<BR>[Calls]<UL><LI><a href="#[5e]">&gt;&gt;</a>&nbsp;&nbsp;&nbsp;SysTick_CLKSourceConfig
<LI><a href="#[5d]">&gt;&gt;</a>&nbsp;&nbsp;&nbsp;RCC_GetClocksFreq
</UL>
<BR>[Called By]<UL><LI><a href="#[56]">&gt;&gt;</a>&nbsp;&nbsp;&nbsp;main
</UL>

<P><STRONG><a name="[93]"></a>Delay_Us</STRONG> (Thumb, 140 bytes, Stack size 12 bytes, main.o(.text), UNUSED)

<P><STRONG><a name="[60]"></a>Delay_Ms</STRONG> (Thumb, 144 bytes, Stack size 12 bytes, main.o(.text))
<BR><BR>[Stack]<UL><LI>Max Depth = 12<LI>Call Chain = Delay_Ms
</UL>
<BR>[Called By]<UL><LI><a href="#[56]">&gt;&gt;</a>&nbsp;&nbsp;&nbsp;main
<LI><a href="#[5f]">&gt;&gt;</a>&nbsp;&nbsp;&nbsp;Delay_S
</UL>

<P><STRONG><a name="[5f]"></a>Delay_S</STRONG> (Thumb, 62 bytes, Stack size 16 bytes, main.o(.text), UNUSED)
<BR><BR>[Calls]<UL><LI><a href="#[60]">&gt;&gt;</a>&nbsp;&nbsp;&nbsp;Delay_Ms
</UL>

<P><STRONG><a name="[56]"></a>main</STRONG> (Thumb, 138 bytes, Stack size 32 bytes, main.o(.text))
<BR><BR>[Stack]<UL><LI>Max Depth = 92<LI>Call Chain = main &rArr; Delay_Init &rArr; RCC_GetClocksFreq
</UL>
<BR>[Calls]<UL><LI><a href="#[63]">&gt;&gt;</a>&nbsp;&nbsp;&nbsp;GPIO_ResetBits
<LI><a href="#[62]">&gt;&gt;</a>&nbsp;&nbsp;&nbsp;GPIO_SetBits
<LI><a href="#[61]">&gt;&gt;</a>&nbsp;&nbsp;&nbsp;GPIO_Configuration
<LI><a href="#[60]">&gt;&gt;</a>&nbsp;&nbsp;&nbsp;Delay_Ms
<LI><a href="#[5c]">&gt;&gt;</a>&nbsp;&nbsp;&nbsp;Delay_Init
</UL>
<BR>[Called By]<UL><LI><a href="#[55]">&gt;&gt;</a>&nbsp;&nbsp;&nbsp;__rt_entry_main
</UL>

<P><STRONG><a name="[61]"></a>GPIO_Configuration</STRONG> (Thumb, 50 bytes, Stack size 16 bytes, main.o(.text))
<BR><BR>[Stack]<UL><LI>Max Depth = 48<LI>Call Chain = GPIO_Configuration &rArr; GPIO_Init
</UL>
<BR>[Calls]<UL><LI><a href="#[65]">&gt;&gt;</a>&nbsp;&nbsp;&nbsp;GPIO_Init
<LI><a href="#[64]">&gt;&gt;</a>&nbsp;&nbsp;&nbsp;RCC_APB2PeriphClockCmd
</UL>
<BR>[Called By]<UL><LI><a href="#[56]">&gt;&gt;</a>&nbsp;&nbsp;&nbsp;main
</UL>

<P><STRONG><a name="[66]"></a>GPIO_DeInit</STRONG> (Thumb, 276 bytes, Stack size 40 bytes, air32f10x_gpio.o(.text), UNUSED)
<BR><BR>[Calls]<UL><LI><a href="#[67]">&gt;&gt;</a>&nbsp;&nbsp;&nbsp;RCC_APB2PeriphResetCmd
</UL>

<P><STRONG><a name="[68]"></a>GPIO_AFIODeInit</STRONG> (Thumb, 26 bytes, Stack size 16 bytes, air32f10x_gpio.o(.text), UNUSED)
<BR><BR>[Calls]<UL><LI><a href="#[67]">&gt;&gt;</a>&nbsp;&nbsp;&nbsp;RCC_APB2PeriphResetCmd
</UL>

<P><STRONG><a name="[65]"></a>GPIO_Init</STRONG> (Thumb, 390 bytes, Stack size 32 bytes, air32f10x_gpio.o(.text))
<BR><BR>[Stack]<UL><LI>Max Depth = 32<LI>Call Chain = GPIO_Init
</UL>
<BR>[Called By]<UL><LI><a href="#[61]">&gt;&gt;</a>&nbsp;&nbsp;&nbsp;GPIO_Configuration
</UL>

<P><STRONG><a name="[94]"></a>GPIO_StructInit</STRONG> (Thumb, 28 bytes, Stack size 4 bytes, air32f10x_gpio.o(.text), UNUSED)

<P><STRONG><a name="[95]"></a>GPIO_ReadInputDataBit</STRONG> (Thumb, 52 bytes, Stack size 8 bytes, air32f10x_gpio.o(.text), UNUSED)

<P><STRONG><a name="[96]"></a>GPIO_ReadInputData</STRONG> (Thumb, 14 bytes, Stack size 4 bytes, air32f10x_gpio.o(.text), UNUSED)

<P><STRONG><a name="[97]"></a>GPIO_ReadOutputDataBit</STRONG> (Thumb, 52 bytes, Stack size 8 bytes, air32f10x_gpio.o(.text), UNUSED)

<P><STRONG><a name="[98]"></a>GPIO_ReadOutputData</STRONG> (Thumb, 14 bytes, Stack size 4 bytes, air32f10x_gpio.o(.text), UNUSED)

<P><STRONG><a name="[62]"></a>GPIO_SetBits</STRONG> (Thumb, 20 bytes, Stack size 8 bytes, air32f10x_gpio.o(.text))
<BR><BR>[Stack]<UL><LI>Max Depth = 8<LI>Call Chain = GPIO_SetBits
</UL>
<BR>[Called By]<UL><LI><a href="#[56]">&gt;&gt;</a>&nbsp;&nbsp;&nbsp;main
</UL>

<P><STRONG><a name="[63]"></a>GPIO_ResetBits</STRONG> (Thumb, 20 bytes, Stack size 8 bytes, air32f10x_gpio.o(.text))
<BR><BR>[Stack]<UL><LI>Max Depth = 8<LI>Call Chain = GPIO_ResetBits
</UL>
<BR>[Called By]<UL><LI><a href="#[56]">&gt;&gt;</a>&nbsp;&nbsp;&nbsp;main
</UL>

<P><STRONG><a name="[99]"></a>GPIO_WriteBit</STRONG> (Thumb, 44 bytes, Stack size 8 bytes, air32f10x_gpio.o(.text), UNUSED)

<P><STRONG><a name="[9a]"></a>GPIO_Write</STRONG> (Thumb, 20 bytes, Stack size 8 bytes, air32f10x_gpio.o(.text), UNUSED)

<P><STRONG><a name="[9b]"></a>GPIO_PinLockConfig</STRONG> (Thumb, 60 bytes, Stack size 12 bytes, air32f10x_gpio.o(.text), UNUSED)

<P><STRONG><a name="[9c]"></a>GPIO_EventOutputConfig</STRONG> (Thumb, 64 bytes, Stack size 8 bytes, air32f10x_gpio.o(.text), UNUSED)

<P><STRONG><a name="[9d]"></a>GPIO_EventOutputCmd</STRONG> (Thumb, 22 bytes, Stack size 4 bytes, air32f10x_gpio.o(.text), UNUSED)

<P><STRONG><a name="[9e]"></a>GPIO_PinRemapConfig</STRONG> (Thumb, 250 bytes, Stack size 24 bytes, air32f10x_gpio.o(.text), UNUSED)

<P><STRONG><a name="[9f]"></a>GPIO_EXTILineConfig</STRONG> (Thumb, 84 bytes, Stack size 8 bytes, air32f10x_gpio.o(.text), UNUSED)

<P><STRONG><a name="[a0]"></a>GPIO_ETH_MediaInterfaceConfig</STRONG> (Thumb, 18 bytes, Stack size 4 bytes, air32f10x_gpio.o(.text), UNUSED)

<P><STRONG><a name="[a1]"></a>GPIO_ForcePuPdCmd</STRONG> (Thumb, 40 bytes, Stack size 8 bytes, air32f10x_gpio.o(.text), UNUSED)

<P><STRONG><a name="[a2]"></a>GPIO_ForcePullUpConfig</STRONG> (Thumb, 24 bytes, Stack size 8 bytes, air32f10x_gpio.o(.text), UNUSED)

<P><STRONG><a name="[a3]"></a>GPIO_ForceDropDownConfig</STRONG> (Thumb, 32 bytes, Stack size 8 bytes, air32f10x_gpio.o(.text), UNUSED)

<P><STRONG><a name="[a4]"></a>RCC_DeInit</STRONG> (Thumb, 82 bytes, Stack size 0 bytes, air32f10x_rcc.o(.text), UNUSED)

<P><STRONG><a name="[a5]"></a>RCC_HSEConfig</STRONG> (Thumb, 92 bytes, Stack size 8 bytes, air32f10x_rcc.o(.text), UNUSED)

<P><STRONG><a name="[69]"></a>RCC_WaitForHSEStartUp</STRONG> (Thumb, 108 bytes, Stack size 24 bytes, air32f10x_rcc.o(.text), UNUSED)
<BR><BR>[Calls]<UL><LI><a href="#[6a]">&gt;&gt;</a>&nbsp;&nbsp;&nbsp;RCC_GetFlagStatus
</UL>

<P><STRONG><a name="[6a]"></a>RCC_GetFlagStatus</STRONG> (Thumb, 130 bytes, Stack size 16 bytes, air32f10x_rcc.o(.text), UNUSED)
<BR><BR>[Called By]<UL><LI><a href="#[69]">&gt;&gt;</a>&nbsp;&nbsp;&nbsp;RCC_WaitForHSEStartUp
</UL>

<P><STRONG><a name="[a6]"></a>RCC_AdjustHSICalibrationValue</STRONG> (Thumb, 50 bytes, Stack size 8 bytes, air32f10x_rcc.o(.text), UNUSED)

<P><STRONG><a name="[a7]"></a>RCC_HSICmd</STRONG> (Thumb, 22 bytes, Stack size 4 bytes, air32f10x_rcc.o(.text), UNUSED)

<P><STRONG><a name="[a8]"></a>RCC_PLLConfig</STRONG> (Thumb, 50 bytes, Stack size 12 bytes, air32f10x_rcc.o(.text), UNUSED)

<P><STRONG><a name="[a9]"></a>RCC_PLLCmd</STRONG> (Thumb, 22 bytes, Stack size 4 bytes, air32f10x_rcc.o(.text), UNUSED)

<P><STRONG><a name="[aa]"></a>RCC_SYSCLKConfig</STRONG> (Thumb, 44 bytes, Stack size 8 bytes, air32f10x_rcc.o(.text), UNUSED)

<P><STRONG><a name="[ab]"></a>RCC_GetSYSCLKSource</STRONG> (Thumb, 16 bytes, Stack size 0 bytes, air32f10x_rcc.o(.text), UNUSED)

<P><STRONG><a name="[ac]"></a>RCC_HCLKConfig</STRONG> (Thumb, 44 bytes, Stack size 8 bytes, air32f10x_rcc.o(.text), UNUSED)

<P><STRONG><a name="[ad]"></a>RCC_PCLK1Config</STRONG> (Thumb, 44 bytes, Stack size 8 bytes, air32f10x_rcc.o(.text), UNUSED)

<P><STRONG><a name="[ae]"></a>RCC_PCLK2Config</STRONG> (Thumb, 46 bytes, Stack size 8 bytes, air32f10x_rcc.o(.text), UNUSED)

<P><STRONG><a name="[af]"></a>RCC_ITConfig</STRONG> (Thumb, 62 bytes, Stack size 4 bytes, air32f10x_rcc.o(.text), UNUSED)

<P><STRONG><a name="[b0]"></a>RCC_USBCLKConfig</STRONG> (Thumb, 38 bytes, Stack size 4 bytes, air32f10x_rcc.o(.text), UNUSED)

<P><STRONG><a name="[b1]"></a>RCC_ADCCLKConfig</STRONG> (Thumb, 50 bytes, Stack size 8 bytes, air32f10x_rcc.o(.text), UNUSED)

<P><STRONG><a name="[b2]"></a>RCC_LSEConfig</STRONG> (Thumb, 76 bytes, Stack size 8 bytes, air32f10x_rcc.o(.text), UNUSED)

<P><STRONG><a name="[b3]"></a>RCC_LSICmd</STRONG> (Thumb, 24 bytes, Stack size 4 bytes, air32f10x_rcc.o(.text), UNUSED)

<P><STRONG><a name="[b4]"></a>RCC_RTCCLKConfig</STRONG> (Thumb, 24 bytes, Stack size 4 bytes, air32f10x_rcc.o(.text), UNUSED)

<P><STRONG><a name="[b5]"></a>RCC_RTCCLKCmd</STRONG> (Thumb, 24 bytes, Stack size 4 bytes, air32f10x_rcc.o(.text), UNUSED)

<P><STRONG><a name="[5d]"></a>RCC_GetClocksFreq</STRONG> (Thumb, 402 bytes, Stack size 28 bytes, air32f10x_rcc.o(.text))
<BR><BR>[Stack]<UL><LI>Max Depth = 28<LI>Call Chain = RCC_GetClocksFreq
</UL>
<BR>[Called By]<UL><LI><a href="#[5c]">&gt;&gt;</a>&nbsp;&nbsp;&nbsp;Delay_Init
</UL>

<P><STRONG><a name="[b6]"></a>RCC_AHBPeriphClockCmd</STRONG> (Thumb, 56 bytes, Stack size 8 bytes, air32f10x_rcc.o(.text), UNUSED)

<P><STRONG><a name="[64]"></a>RCC_APB2PeriphClockCmd</STRONG> (Thumb, 56 bytes, Stack size 8 bytes, air32f10x_rcc.o(.text))
<BR><BR>[Stack]<UL><LI>Max Depth = 8<LI>Call Chain = RCC_APB2PeriphClockCmd
</UL>
<BR>[Called By]<UL><LI><a href="#[61]">&gt;&gt;</a>&nbsp;&nbsp;&nbsp;GPIO_Configuration
</UL>

<P><STRONG><a name="[b7]"></a>RCC_APB1PeriphClockCmd</STRONG> (Thumb, 56 bytes, Stack size 8 bytes, air32f10x_rcc.o(.text), UNUSED)

<P><STRONG><a name="[67]"></a>RCC_APB2PeriphResetCmd</STRONG> (Thumb, 56 bytes, Stack size 8 bytes, air32f10x_rcc.o(.text), UNUSED)
<BR><BR>[Called By]<UL><LI><a href="#[68]">&gt;&gt;</a>&nbsp;&nbsp;&nbsp;GPIO_AFIODeInit
<LI><a href="#[66]">&gt;&gt;</a>&nbsp;&nbsp;&nbsp;GPIO_DeInit
</UL>

<P><STRONG><a name="[b8]"></a>RCC_APB1PeriphResetCmd</STRONG> (Thumb, 56 bytes, Stack size 8 bytes, air32f10x_rcc.o(.text), UNUSED)

<P><STRONG><a name="[b9]"></a>RCC_BackupResetCmd</STRONG> (Thumb, 24 bytes, Stack size 4 bytes, air32f10x_rcc.o(.text), UNUSED)

<P><STRONG><a name="[ba]"></a>RCC_ClockSecuritySystemCmd</STRONG> (Thumb, 22 bytes, Stack size 4 bytes, air32f10x_rcc.o(.text), UNUSED)

<P><STRONG><a name="[bb]"></a>RCC_MCOConfig</STRONG> (Thumb, 66 bytes, Stack size 4 bytes, air32f10x_rcc.o(.text), UNUSED)

<P><STRONG><a name="[bc]"></a>RCC_ClearFlag</STRONG> (Thumb, 18 bytes, Stack size 0 bytes, air32f10x_rcc.o(.text), UNUSED)

<P><STRONG><a name="[bd]"></a>RCC_GetITStatus</STRONG> (Thumb, 56 bytes, Stack size 4 bytes, air32f10x_rcc.o(.text), UNUSED)

<P><STRONG><a name="[be]"></a>RCC_ClearITPendingBit</STRONG> (Thumb, 24 bytes, Stack size 4 bytes, air32f10x_rcc.o(.text), UNUSED)

<P><STRONG><a name="[bf]"></a>NVIC_PriorityGroupConfig</STRONG> (Thumb, 28 bytes, Stack size 4 bytes, misc.o(.text), UNUSED)

<P><STRONG><a name="[c0]"></a>NVIC_Init</STRONG> (Thumb, 170 bytes, Stack size 16 bytes, misc.o(.text), UNUSED)

<P><STRONG><a name="[c1]"></a>NVIC_SetVectorTable</STRONG> (Thumb, 36 bytes, Stack size 8 bytes, misc.o(.text), UNUSED)

<P><STRONG><a name="[c2]"></a>NVIC_SystemLPConfig</STRONG> (Thumb, 62 bytes, Stack size 4 bytes, misc.o(.text), UNUSED)

<P><STRONG><a name="[5e]"></a>SysTick_CLKSourceConfig</STRONG> (Thumb, 52 bytes, Stack size 4 bytes, misc.o(.text))
<BR><BR>[Stack]<UL><LI>Max Depth = 4<LI>Call Chain = SysTick_CLKSourceConfig
</UL>
<BR>[Called By]<UL><LI><a href="#[5c]">&gt;&gt;</a>&nbsp;&nbsp;&nbsp;Delay_Init
</UL>

<P><STRONG><a name="[4c]"></a>BOOT_RAM</STRONG> (Thumb, 8 bytes, Stack size 0 bytes, startup_air32f10x.o(.text), UNUSED, KEPT)

<P><STRONG><a name="[0]"></a>Reset_Handler</STRONG> (Thumb, 8 bytes, Stack size 0 bytes, startup_air32f10x.o(.text))
<BR>[Address Reference Count : 1]<UL><LI> startup_air32f10x.o(RESET)
</UL>
<P><STRONG><a name="[1]"></a>NMI_Handler</STRONG> (Thumb, 2 bytes, Stack size 0 bytes, startup_air32f10x.o(.text))
<BR><BR>[Calls]<UL><LI><a href="#[1]">&gt;&gt;</a>&nbsp;&nbsp;&nbsp;NMI_Handler
</UL>
<BR>[Called By]<UL><LI><a href="#[1]">&gt;&gt;</a>&nbsp;&nbsp;&nbsp;NMI_Handler
</UL>
<BR>[Address Reference Count : 1]<UL><LI> startup_air32f10x.o(RESET)
</UL>
<P><STRONG><a name="[2]"></a>HardFault_Handler</STRONG> (Thumb, 2 bytes, Stack size 0 bytes, startup_air32f10x.o(.text))
<BR><BR>[Calls]<UL><LI><a href="#[2]">&gt;&gt;</a>&nbsp;&nbsp;&nbsp;HardFault_Handler
</UL>
<BR>[Called By]<UL><LI><a href="#[2]">&gt;&gt;</a>&nbsp;&nbsp;&nbsp;HardFault_Handler
</UL>
<BR>[Address Reference Count : 1]<UL><LI> startup_air32f10x.o(RESET)
</UL>
<P><STRONG><a name="[3]"></a>MemManage_Handler</STRONG> (Thumb, 2 bytes, Stack size 0 bytes, startup_air32f10x.o(.text))
<BR><BR>[Calls]<UL><LI><a href="#[3]">&gt;&gt;</a>&nbsp;&nbsp;&nbsp;MemManage_Handler
</UL>
<BR>[Called By]<UL><LI><a href="#[3]">&gt;&gt;</a>&nbsp;&nbsp;&nbsp;MemManage_Handler
</UL>
<BR>[Address Reference Count : 1]<UL><LI> startup_air32f10x.o(RESET)
</UL>
<P><STRONG><a name="[4]"></a>BusFault_Handler</STRONG> (Thumb, 2 bytes, Stack size 0 bytes, startup_air32f10x.o(.text))
<BR><BR>[Calls]<UL><LI><a href="#[4]">&gt;&gt;</a>&nbsp;&nbsp;&nbsp;BusFault_Handler
</UL>
<BR>[Called By]<UL><LI><a href="#[4]">&gt;&gt;</a>&nbsp;&nbsp;&nbsp;BusFault_Handler
</UL>
<BR>[Address Reference Count : 1]<UL><LI> startup_air32f10x.o(RESET)
</UL>
<P><STRONG><a name="[5]"></a>UsageFault_Handler</STRONG> (Thumb, 2 bytes, Stack size 0 bytes, startup_air32f10x.o(.text))
<BR><BR>[Calls]<UL><LI><a href="#[5]">&gt;&gt;</a>&nbsp;&nbsp;&nbsp;UsageFault_Handler
</UL>
<BR>[Called By]<UL><LI><a href="#[5]">&gt;&gt;</a>&nbsp;&nbsp;&nbsp;UsageFault_Handler
</UL>
<BR>[Address Reference Count : 1]<UL><LI> startup_air32f10x.o(RESET)
</UL>
<P><STRONG><a name="[6]"></a>SVC_Handler</STRONG> (Thumb, 2 bytes, Stack size 0 bytes, startup_air32f10x.o(.text))
<BR><BR>[Calls]<UL><LI><a href="#[6]">&gt;&gt;</a>&nbsp;&nbsp;&nbsp;SVC_Handler
</UL>
<BR>[Called By]<UL><LI><a href="#[6]">&gt;&gt;</a>&nbsp;&nbsp;&nbsp;SVC_Handler
</UL>
<BR>[Address Reference Count : 1]<UL><LI> startup_air32f10x.o(RESET)
</UL>
<P><STRONG><a name="[7]"></a>DebugMon_Handler</STRONG> (Thumb, 2 bytes, Stack size 0 bytes, startup_air32f10x.o(.text))
<BR><BR>[Calls]<UL><LI><a href="#[7]">&gt;&gt;</a>&nbsp;&nbsp;&nbsp;DebugMon_Handler
</UL>
<BR>[Called By]<UL><LI><a href="#[7]">&gt;&gt;</a>&nbsp;&nbsp;&nbsp;DebugMon_Handler
</UL>
<BR>[Address Reference Count : 1]<UL><LI> startup_air32f10x.o(RESET)
</UL>
<P><STRONG><a name="[8]"></a>PendSV_Handler</STRONG> (Thumb, 2 bytes, Stack size 0 bytes, startup_air32f10x.o(.text))
<BR><BR>[Calls]<UL><LI><a href="#[8]">&gt;&gt;</a>&nbsp;&nbsp;&nbsp;PendSV_Handler
</UL>
<BR>[Called By]<UL><LI><a href="#[8]">&gt;&gt;</a>&nbsp;&nbsp;&nbsp;PendSV_Handler
</UL>
<BR>[Address Reference Count : 1]<UL><LI> startup_air32f10x.o(RESET)
</UL>
<P><STRONG><a name="[9]"></a>SysTick_Handler</STRONG> (Thumb, 2 bytes, Stack size 0 bytes, startup_air32f10x.o(.text))
<BR><BR>[Calls]<UL><LI><a href="#[9]">&gt;&gt;</a>&nbsp;&nbsp;&nbsp;SysTick_Handler
</UL>
<BR>[Called By]<UL><LI><a href="#[9]">&gt;&gt;</a>&nbsp;&nbsp;&nbsp;SysTick_Handler
</UL>
<BR>[Address Reference Count : 1]<UL><LI> startup_air32f10x.o(RESET)
</UL>
<P><STRONG><a name="[1c]"></a>ADC1_2_IRQHandler</STRONG> (Thumb, 0 bytes, Stack size 0 bytes, startup_air32f10x.o(.text))
<BR><BR>[Calls]<UL><LI><a href="#[1c]">&gt;&gt;</a>&nbsp;&nbsp;&nbsp;ADC1_2_IRQHandler
</UL>
<BR>[Called By]<UL><LI><a href="#[1c]">&gt;&gt;</a>&nbsp;&nbsp;&nbsp;ADC1_2_IRQHandler
</UL>
<BR>[Address Reference Count : 1]<UL><LI> startup_air32f10x.o(RESET)
</UL>
<P><STRONG><a name="[39]"></a>ADC3_IRQHandler</STRONG> (Thumb, 0 bytes, Stack size 0 bytes, startup_air32f10x.o(.text))
<BR>[Address Reference Count : 1]<UL><LI> startup_air32f10x.o(RESET)
</UL>
<P><STRONG><a name="[1f]"></a>CAN1_RX1_IRQHandler</STRONG> (Thumb, 0 bytes, Stack size 0 bytes, startup_air32f10x.o(.text))
<BR>[Address Reference Count : 1]<UL><LI> startup_air32f10x.o(RESET)
</UL>
<P><STRONG><a name="[20]"></a>CAN1_SCE_IRQHandler</STRONG> (Thumb, 0 bytes, Stack size 0 bytes, startup_air32f10x.o(.text))
<BR>[Address Reference Count : 1]<UL><LI> startup_air32f10x.o(RESET)
</UL>
<P><STRONG><a name="[15]"></a>DMA1_Channel1_IRQHandler</STRONG> (Thumb, 0 bytes, Stack size 0 bytes, startup_air32f10x.o(.text))
<BR>[Address Reference Count : 1]<UL><LI> startup_air32f10x.o(RESET)
</UL>
<P><STRONG><a name="[16]"></a>DMA1_Channel2_IRQHandler</STRONG> (Thumb, 0 bytes, Stack size 0 bytes, startup_air32f10x.o(.text))
<BR>[Address Reference Count : 1]<UL><LI> startup_air32f10x.o(RESET)
</UL>
<P><STRONG><a name="[17]"></a>DMA1_Channel3_IRQHandler</STRONG> (Thumb, 0 bytes, Stack size 0 bytes, startup_air32f10x.o(.text))
<BR>[Address Reference Count : 1]<UL><LI> startup_air32f10x.o(RESET)
</UL>
<P><STRONG><a name="[18]"></a>DMA1_Channel4_IRQHandler</STRONG> (Thumb, 0 bytes, Stack size 0 bytes, startup_air32f10x.o(.text))
<BR>[Address Reference Count : 1]<UL><LI> startup_air32f10x.o(RESET)
</UL>
<P><STRONG><a name="[19]"></a>DMA1_Channel5_IRQHandler</STRONG> (Thumb, 0 bytes, Stack size 0 bytes, startup_air32f10x.o(.text))
<BR>[Address Reference Count : 1]<UL><LI> startup_air32f10x.o(RESET)
</UL>
<P><STRONG><a name="[1a]"></a>DMA1_Channel6_IRQHandler</STRONG> (Thumb, 0 bytes, Stack size 0 bytes, startup_air32f10x.o(.text))
<BR>[Address Reference Count : 1]<UL><LI> startup_air32f10x.o(RESET)
</UL>
<P><STRONG><a name="[1b]"></a>DMA1_Channel7_IRQHandler</STRONG> (Thumb, 0 bytes, Stack size 0 bytes, startup_air32f10x.o(.text))
<BR>[Address Reference Count : 1]<UL><LI> startup_air32f10x.o(RESET)
</UL>
<P><STRONG><a name="[42]"></a>DMA2_Channel1_IRQHandler</STRONG> (Thumb, 0 bytes, Stack size 0 bytes, startup_air32f10x.o(.text))
<BR>[Address Reference Count : 1]<UL><LI> startup_air32f10x.o(RESET)
</UL>
<P><STRONG><a name="[43]"></a>DMA2_Channel2_IRQHandler</STRONG> (Thumb, 0 bytes, Stack size 0 bytes, startup_air32f10x.o(.text))
<BR>[Address Reference Count : 1]<UL><LI> startup_air32f10x.o(RESET)
</UL>
<P><STRONG><a name="[44]"></a>DMA2_Channel3_IRQHandler</STRONG> (Thumb, 0 bytes, Stack size 0 bytes, startup_air32f10x.o(.text))
<BR>[Address Reference Count : 1]<UL><LI> startup_air32f10x.o(RESET)
</UL>
<P><STRONG><a name="[45]"></a>DMA2_Channel4_5_IRQHandler</STRONG> (Thumb, 0 bytes, Stack size 0 bytes, startup_air32f10x.o(.text))
<BR>[Address Reference Count : 1]<UL><LI> startup_air32f10x.o(RESET)
</UL>
<P><STRONG><a name="[10]"></a>EXTI0_IRQHandler</STRONG> (Thumb, 0 bytes, Stack size 0 bytes, startup_air32f10x.o(.text))
<BR>[Address Reference Count : 1]<UL><LI> startup_air32f10x.o(RESET)
</UL>
<P><STRONG><a name="[32]"></a>EXTI15_10_IRQHandler</STRONG> (Thumb, 0 bytes, Stack size 0 bytes, startup_air32f10x.o(.text))
<BR>[Address Reference Count : 1]<UL><LI> startup_air32f10x.o(RESET)
</UL>
<P><STRONG><a name="[11]"></a>EXTI1_IRQHandler</STRONG> (Thumb, 0 bytes, Stack size 0 bytes, startup_air32f10x.o(.text))
<BR>[Address Reference Count : 1]<UL><LI> startup_air32f10x.o(RESET)
</UL>
<P><STRONG><a name="[12]"></a>EXTI2_IRQHandler</STRONG> (Thumb, 0 bytes, Stack size 0 bytes, startup_air32f10x.o(.text))
<BR>[Address Reference Count : 1]<UL><LI> startup_air32f10x.o(RESET)
</UL>
<P><STRONG><a name="[13]"></a>EXTI3_IRQHandler</STRONG> (Thumb, 0 bytes, Stack size 0 bytes, startup_air32f10x.o(.text))
<BR>[Address Reference Count : 1]<UL><LI> startup_air32f10x.o(RESET)
</UL>
<P><STRONG><a name="[14]"></a>EXTI4_IRQHandler</STRONG> (Thumb, 0 bytes, Stack size 0 bytes, startup_air32f10x.o(.text))
<BR>[Address Reference Count : 1]<UL><LI> startup_air32f10x.o(RESET)
</UL>
<P><STRONG><a name="[21]"></a>EXTI9_5_IRQHandler</STRONG> (Thumb, 0 bytes, Stack size 0 bytes, startup_air32f10x.o(.text))
<BR>[Address Reference Count : 1]<UL><LI> startup_air32f10x.o(RESET)
</UL>
<P><STRONG><a name="[e]"></a>FLASH_IRQHandler</STRONG> (Thumb, 0 bytes, Stack size 0 bytes, startup_air32f10x.o(.text))
<BR>[Address Reference Count : 1]<UL><LI> startup_air32f10x.o(RESET)
</UL>
<P><STRONG><a name="[3a]"></a>FSMC_IRQHandler</STRONG> (Thumb, 0 bytes, Stack size 0 bytes, startup_air32f10x.o(.text))
<BR>[Address Reference Count : 1]<UL><LI> startup_air32f10x.o(RESET)
</UL>
<P><STRONG><a name="[2a]"></a>I2C1_ER_IRQHandler</STRONG> (Thumb, 0 bytes, Stack size 0 bytes, startup_air32f10x.o(.text))
<BR>[Address Reference Count : 1]<UL><LI> startup_air32f10x.o(RESET)
</UL>
<P><STRONG><a name="[29]"></a>I2C1_EV_IRQHandler</STRONG> (Thumb, 0 bytes, Stack size 0 bytes, startup_air32f10x.o(.text))
<BR>[Address Reference Count : 1]<UL><LI> startup_air32f10x.o(RESET)
</UL>
<P><STRONG><a name="[2c]"></a>I2C2_ER_IRQHandler</STRONG> (Thumb, 0 bytes, Stack size 0 bytes, startup_air32f10x.o(.text))
<BR>[Address Reference Count : 1]<UL><LI> startup_air32f10x.o(RESET)
</UL>
<P><STRONG><a name="[2b]"></a>I2C2_EV_IRQHandler</STRONG> (Thumb, 0 bytes, Stack size 0 bytes, startup_air32f10x.o(.text))
<BR>[Address Reference Count : 1]<UL><LI> startup_air32f10x.o(RESET)
</UL>
<P><STRONG><a name="[b]"></a>PVD_IRQHandler</STRONG> (Thumb, 0 bytes, Stack size 0 bytes, startup_air32f10x.o(.text))
<BR>[Address Reference Count : 1]<UL><LI> startup_air32f10x.o(RESET)
</UL>
<P><STRONG><a name="[f]"></a>RCC_IRQHandler</STRONG> (Thumb, 0 bytes, Stack size 0 bytes, startup_air32f10x.o(.text))
<BR>[Address Reference Count : 1]<UL><LI> startup_air32f10x.o(RESET)
</UL>
<P><STRONG><a name="[47]"></a>RNG_IRQHandler</STRONG> (Thumb, 0 bytes, Stack size 0 bytes, startup_air32f10x.o(.text))
<BR>[Address Reference Count : 1]<UL><LI> startup_air32f10x.o(RESET)
</UL>
<P><STRONG><a name="[33]"></a>RTCAlarm_IRQHandler</STRONG> (Thumb, 0 bytes, Stack size 0 bytes, startup_air32f10x.o(.text))
<BR>[Address Reference Count : 1]<UL><LI> startup_air32f10x.o(RESET)
</UL>
<P><STRONG><a name="[d]"></a>RTC_IRQHandler</STRONG> (Thumb, 0 bytes, Stack size 0 bytes, startup_air32f10x.o(.text))
<BR>[Address Reference Count : 1]<UL><LI> startup_air32f10x.o(RESET)
</UL>
<P><STRONG><a name="[3b]"></a>SDIO_IRQHandler</STRONG> (Thumb, 0 bytes, Stack size 0 bytes, startup_air32f10x.o(.text))
<BR>[Address Reference Count : 1]<UL><LI> startup_air32f10x.o(RESET)
</UL>
<P><STRONG><a name="[48]"></a>SENSOR_IRQHandler</STRONG> (Thumb, 0 bytes, Stack size 0 bytes, startup_air32f10x.o(.text))
<BR>[Address Reference Count : 1]<UL><LI> startup_air32f10x.o(RESET)
</UL>
<P><STRONG><a name="[2d]"></a>SPI1_IRQHandler</STRONG> (Thumb, 0 bytes, Stack size 0 bytes, startup_air32f10x.o(.text))
<BR>[Address Reference Count : 1]<UL><LI> startup_air32f10x.o(RESET)
</UL>
<P><STRONG><a name="[2e]"></a>SPI2_IRQHandler</STRONG> (Thumb, 0 bytes, Stack size 0 bytes, startup_air32f10x.o(.text))
<BR>[Address Reference Count : 1]<UL><LI> startup_air32f10x.o(RESET)
</UL>
<P><STRONG><a name="[3d]"></a>SPI3_IRQHandler</STRONG> (Thumb, 0 bytes, Stack size 0 bytes, startup_air32f10x.o(.text))
<BR>[Address Reference Count : 1]<UL><LI> startup_air32f10x.o(RESET)
</UL>
<P><STRONG><a name="[46]"></a>SYMC_IRQHandler</STRONG> (Thumb, 0 bytes, Stack size 0 bytes, startup_air32f10x.o(.text))
<BR>[Address Reference Count : 1]<UL><LI> startup_air32f10x.o(RESET)
</UL>
<P><STRONG><a name="[c]"></a>TAMPER_IRQHandler</STRONG> (Thumb, 0 bytes, Stack size 0 bytes, startup_air32f10x.o(.text))
<BR>[Address Reference Count : 1]<UL><LI> startup_air32f10x.o(RESET)
</UL>
<P><STRONG><a name="[22]"></a>TIM1_BRK_IRQHandler</STRONG> (Thumb, 0 bytes, Stack size 0 bytes, startup_air32f10x.o(.text))
<BR>[Address Reference Count : 1]<UL><LI> startup_air32f10x.o(RESET)
</UL>
<P><STRONG><a name="[25]"></a>TIM1_CC_IRQHandler</STRONG> (Thumb, 0 bytes, Stack size 0 bytes, startup_air32f10x.o(.text))
<BR>[Address Reference Count : 1]<UL><LI> startup_air32f10x.o(RESET)
</UL>
<P><STRONG><a name="[24]"></a>TIM1_TRG_COM_IRQHandler</STRONG> (Thumb, 0 bytes, Stack size 0 bytes, startup_air32f10x.o(.text))
<BR>[Address Reference Count : 1]<UL><LI> startup_air32f10x.o(RESET)
</UL>
<P><STRONG><a name="[23]"></a>TIM1_UP_IRQHandler</STRONG> (Thumb, 0 bytes, Stack size 0 bytes, startup_air32f10x.o(.text))
<BR>[Address Reference Count : 1]<UL><LI> startup_air32f10x.o(RESET)
</UL>
<P><STRONG><a name="[26]"></a>TIM2_IRQHandler</STRONG> (Thumb, 0 bytes, Stack size 0 bytes, startup_air32f10x.o(.text))
<BR>[Address Reference Count : 1]<UL><LI> startup_air32f10x.o(RESET)
</UL>
<P><STRONG><a name="[27]"></a>TIM3_IRQHandler</STRONG> (Thumb, 0 bytes, Stack size 0 bytes, startup_air32f10x.o(.text))
<BR>[Address Reference Count : 1]<UL><LI> startup_air32f10x.o(RESET)
</UL>
<P><STRONG><a name="[28]"></a>TIM4_IRQHandler</STRONG> (Thumb, 0 bytes, Stack size 0 bytes, startup_air32f10x.o(.text))
<BR>[Address Reference Count : 1]<UL><LI> startup_air32f10x.o(RESET)
</UL>
<P><STRONG><a name="[3c]"></a>TIM5_IRQHandler</STRONG> (Thumb, 0 bytes, Stack size 0 bytes, startup_air32f10x.o(.text))
<BR>[Address Reference Count : 1]<UL><LI> startup_air32f10x.o(RESET)
</UL>
<P><STRONG><a name="[40]"></a>TIM6_IRQHandler</STRONG> (Thumb, 0 bytes, Stack size 0 bytes, startup_air32f10x.o(.text))
<BR>[Address Reference Count : 1]<UL><LI> startup_air32f10x.o(RESET)
</UL>
<P><STRONG><a name="[41]"></a>TIM7_IRQHandler</STRONG> (Thumb, 0 bytes, Stack size 0 bytes, startup_air32f10x.o(.text))
<BR>[Address Reference Count : 1]<UL><LI> startup_air32f10x.o(RESET)
</UL>
<P><STRONG><a name="[35]"></a>TIM8_BRK_IRQHandler</STRONG> (Thumb, 0 bytes, Stack size 0 bytes, startup_air32f10x.o(.text))
<BR>[Address Reference Count : 1]<UL><LI> startup_air32f10x.o(RESET)
</UL>
<P><STRONG><a name="[38]"></a>TIM8_CC_IRQHandler</STRONG> (Thumb, 0 bytes, Stack size 0 bytes, startup_air32f10x.o(.text))
<BR>[Address Reference Count : 1]<UL><LI> startup_air32f10x.o(RESET)
</UL>
<P><STRONG><a name="[37]"></a>TIM8_TRG_COM_IRQHandler</STRONG> (Thumb, 0 bytes, Stack size 0 bytes, startup_air32f10x.o(.text))
<BR>[Address Reference Count : 1]<UL><LI> startup_air32f10x.o(RESET)
</UL>
<P><STRONG><a name="[36]"></a>TIM8_UP_IRQHandler</STRONG> (Thumb, 0 bytes, Stack size 0 bytes, startup_air32f10x.o(.text))
<BR>[Address Reference Count : 1]<UL><LI> startup_air32f10x.o(RESET)
</UL>
<P><STRONG><a name="[3e]"></a>UART4_IRQHandler</STRONG> (Thumb, 0 bytes, Stack size 0 bytes, startup_air32f10x.o(.text))
<BR>[Address Reference Count : 1]<UL><LI> startup_air32f10x.o(RESET)
</UL>
<P><STRONG><a name="[3f]"></a>UART5_IRQHandler</STRONG> (Thumb, 0 bytes, Stack size 0 bytes, startup_air32f10x.o(.text))
<BR>[Address Reference Count : 1]<UL><LI> startup_air32f10x.o(RESET)
</UL>
<P><STRONG><a name="[2f]"></a>USART1_IRQHandler</STRONG> (Thumb, 0 bytes, Stack size 0 bytes, startup_air32f10x.o(.text))
<BR>[Address Reference Count : 1]<UL><LI> startup_air32f10x.o(RESET)
</UL>
<P><STRONG><a name="[30]"></a>USART2_IRQHandler</STRONG> (Thumb, 0 bytes, Stack size 0 bytes, startup_air32f10x.o(.text))
<BR>[Address Reference Count : 1]<UL><LI> startup_air32f10x.o(RESET)
</UL>
<P><STRONG><a name="[31]"></a>USART3_IRQHandler</STRONG> (Thumb, 0 bytes, Stack size 0 bytes, startup_air32f10x.o(.text))
<BR>[Address Reference Count : 1]<UL><LI> startup_air32f10x.o(RESET)
</UL>
<P><STRONG><a name="[34]"></a>USBWakeUp_IRQHandler</STRONG> (Thumb, 0 bytes, Stack size 0 bytes, startup_air32f10x.o(.text))
<BR>[Address Reference Count : 1]<UL><LI> startup_air32f10x.o(RESET)
</UL>
<P><STRONG><a name="[1d]"></a>USB_HP_CAN1_TX_IRQHandler</STRONG> (Thumb, 0 bytes, Stack size 0 bytes, startup_air32f10x.o(.text))
<BR>[Address Reference Count : 1]<UL><LI> startup_air32f10x.o(RESET)
</UL>
<P><STRONG><a name="[1e]"></a>USB_LP_CAN1_RX0_IRQHandler</STRONG> (Thumb, 0 bytes, Stack size 0 bytes, startup_air32f10x.o(.text))
<BR>[Address Reference Count : 1]<UL><LI> startup_air32f10x.o(RESET)
</UL>
<P><STRONG><a name="[a]"></a>WWDG_IRQHandler</STRONG> (Thumb, 0 bytes, Stack size 0 bytes, startup_air32f10x.o(.text))
<BR>[Address Reference Count : 1]<UL><LI> startup_air32f10x.o(RESET)
</UL>
<P><STRONG><a name="[4b]"></a>__user_initial_stackheap</STRONG> (Thumb, 0 bytes, Stack size unknown bytes, startup_air32f10x.o(.text))
<BR><BR>[Called By]<UL><LI><a href="#[52]">&gt;&gt;</a>&nbsp;&nbsp;&nbsp;__user_setup_stackheap
</UL>

<P><STRONG><a name="[49]"></a>SystemInit</STRONG> (Thumb, 102 bytes, Stack size 8 bytes, system_air32f10x.o(.text))
<BR><BR>[Stack]<UL><LI>Max Depth = 32<LI>Call Chain = SystemInit &rArr; SetSysClock &rArr; SetSysClockTo72
</UL>
<BR>[Calls]<UL><LI><a href="#[6b]">&gt;&gt;</a>&nbsp;&nbsp;&nbsp;SetSysClock
</UL>
<BR>[Address Reference Count : 1]<UL><LI> startup_air32f10x.o(.text)
</UL>
<P><STRONG><a name="[c3]"></a>SystemCoreClockUpdate</STRONG> (Thumb, 290 bytes, Stack size 16 bytes, system_air32f10x.o(.text), UNUSED)

<P><STRONG><a name="[c4]"></a>__use_two_region_memory</STRONG> (Thumb, 2 bytes, Stack size 0 bytes, heapauxi.o(.text), UNUSED)

<P><STRONG><a name="[c5]"></a>__rt_heap_escrow$2region</STRONG> (Thumb, 2 bytes, Stack size 0 bytes, heapauxi.o(.text), UNUSED)

<P><STRONG><a name="[c6]"></a>__rt_heap_expand$2region</STRONG> (Thumb, 2 bytes, Stack size 0 bytes, heapauxi.o(.text), UNUSED)

<P><STRONG><a name="[52]"></a>__user_setup_stackheap</STRONG> (Thumb, 74 bytes, Stack size 8 bytes, sys_stackheap_outer.o(.text))
<BR><BR>[Stack]<UL><LI>Max Depth = 8 + Unknown Stack Size
<LI>Call Chain = __user_setup_stackheap
</UL>
<BR>[Calls]<UL><LI><a href="#[6d]">&gt;&gt;</a>&nbsp;&nbsp;&nbsp;__user_perproc_libspace
<LI><a href="#[4b]">&gt;&gt;</a>&nbsp;&nbsp;&nbsp;__user_initial_stackheap
</UL>
<BR>[Called By]<UL><LI><a href="#[51]">&gt;&gt;</a>&nbsp;&nbsp;&nbsp;__rt_entry_sh
</UL>

<P><STRONG><a name="[57]"></a>exit</STRONG> (Thumb, 18 bytes, Stack size 8 bytes, exit.o(.text))
<BR><BR>[Stack]<UL><LI>Max Depth = 8 + Unknown Stack Size
<LI>Call Chain = exit
</UL>
<BR>[Calls]<UL><LI><a href="#[6e]">&gt;&gt;</a>&nbsp;&nbsp;&nbsp;__rt_exit
</UL>
<BR>[Called By]<UL><LI><a href="#[55]">&gt;&gt;</a>&nbsp;&nbsp;&nbsp;__rt_entry_main
</UL>

<P><STRONG><a name="[c7]"></a>__user_libspace</STRONG> (Thumb, 8 bytes, Stack size 0 bytes, libspace.o(.text), UNUSED)

<P><STRONG><a name="[6d]"></a>__user_perproc_libspace</STRONG> (Thumb, 0 bytes, Stack size 0 bytes, libspace.o(.text))
<BR><BR>[Called By]<UL><LI><a href="#[52]">&gt;&gt;</a>&nbsp;&nbsp;&nbsp;__user_setup_stackheap
</UL>

<P><STRONG><a name="[c8]"></a>__user_perthread_libspace</STRONG> (Thumb, 0 bytes, Stack size 0 bytes, libspace.o(.text), UNUSED)

<P><STRONG><a name="[5b]"></a>_sys_exit</STRONG> (Thumb, 8 bytes, Stack size 0 bytes, sys_exit.o(.text))
<BR><BR>[Called By]<UL><LI><a href="#[5a]">&gt;&gt;</a>&nbsp;&nbsp;&nbsp;__rt_exit_exit
</UL>

<P><STRONG><a name="[c9]"></a>__I$use$semihosting</STRONG> (Thumb, 0 bytes, Stack size 0 bytes, use_no_semi.o(.text), UNUSED)

<P><STRONG><a name="[ca]"></a>__use_no_semihosting_swi</STRONG> (Thumb, 2 bytes, Stack size 0 bytes, use_no_semi.o(.text), UNUSED)

<P><STRONG><a name="[cb]"></a>__semihosting_library_function</STRONG> (Thumb, 0 bytes, Stack size unknown bytes, indicate_semi.o(.text), UNUSED)
<P>
<H3>
Local Symbols
</H3>
<P><STRONG><a name="[6b]"></a>SetSysClock</STRONG> (Thumb, 8 bytes, Stack size 8 bytes, system_air32f10x.o(.text))
<BR><BR>[Stack]<UL><LI>Max Depth = 24<LI>Call Chain = SetSysClock &rArr; SetSysClockTo72
</UL>
<BR>[Calls]<UL><LI><a href="#[6c]">&gt;&gt;</a>&nbsp;&nbsp;&nbsp;SetSysClockTo72
</UL>
<BR>[Called By]<UL><LI><a href="#[49]">&gt;&gt;</a>&nbsp;&nbsp;&nbsp;SystemInit
</UL>

<P><STRONG><a name="[6c]"></a>SetSysClockTo72</STRONG> (Thumb, 290 bytes, Stack size 16 bytes, system_air32f10x.o(.text))
<BR><BR>[Stack]<UL><LI>Max Depth = 16<LI>Call Chain = SetSysClockTo72
</UL>
<BR>[Called By]<UL><LI><a href="#[6b]">&gt;&gt;</a>&nbsp;&nbsp;&nbsp;SetSysClock
</UL>
<P>
<H3>
Undefined Global Symbols
</H3><HR></body></html>
