RAM Allocation [bytes]
Variable                                                                          Address   Size
------------------------------------------------------------------------------------------------
_base_y                                                                           0x007E       4
backlight_S1000001000                                                             0x0082       1

EEPROM Allocation [bytes]
Variable                                                                          Address   Size
------------------------------------------------------------------------------------------------

Register Allocation
Variable                                                                          Register  Size
------------------------------------------------------------------------------------------------
_lcd_x                                                                            R4           1
_lcd_y                                                                            R5           1
_lcd_maxx                                                                         R6           1

FLASH Allocation [words]
Function                                                                          Address   Size
------------------------------------------------------------------------------------------------
main                                                                              0x00048     20
I2C_WRITESEQ                                                                      0x0005C     36
wr_lcd_mode_G100                                                                  0x00080     64
lcd_gotoxy                                                                        0x000C0     13
lcd_putchar                                                                       0x000CD     20
lcd_putsf                                                                         0x000E1     20
lcd_init                                                                          0x000F5     49
lcd_backlight                                                                     0x00126      7
