Component: Arm Compiler for Embedded 6.18 Tool: armlink [5e4cc100]

==============================================================================

Section Cross References

    main.o(.text.main) refers to main.o(.text.SysTick_Init) for SysTick_Init
    main.o(.text.main) refers to main.o(.text.SystemClock_72MHz) for SystemClock_72MHz
    main.o(.text.main) refers to main.o(.text.GPIO_Init) for GPIO_Init
    main.o(.text.main) refers to main.o(.text.UART_Init) for UART_Init
    main.o(.text.main) refers to main.o(.bss.husart1) for husart1
    main.o(.text.main) refers to main.o(.rodata.str1.1) for .L.str
    main.o(.text.main) refers to sprintf.o(.text) for sprintf
    main.o(.text.main) refers to strlen.o(.text) for strlen
    main.o(.text.main) refers to main.o(.text.CMSIS_USART_Transmit) for CMSIS_USART_Transmit
    main.o(.text.main) refers to main.o(.text.Delay_ms) for Delay_ms
    main.o(.ARM.exidx.text.main) refers to main.o(.text.main) for [Anonymous Symbol]
    main.o(.ARM.exidx.text.SysTick_Init) refers to main.o(.text.SysTick_Init) for [Anonymous Symbol]
    main.o(.ARM.exidx.text.SystemClock_72MHz) refers to main.o(.text.SystemClock_72MHz) for [Anonymous Symbol]
    main.o(.ARM.exidx.text.GPIO_Init) refers to main.o(.text.GPIO_Init) for [Anonymous Symbol]
    main.o(.text.UART_Init) refers to main.o(.text.__NVIC_EnableIRQ) for __NVIC_EnableIRQ
    main.o(.ARM.exidx.text.UART_Init) refers to main.o(.text.UART_Init) for [Anonymous Symbol]
    main.o(.ARM.exidx.text.CMSIS_USART_Transmit) refers to main.o(.text.CMSIS_USART_Transmit) for [Anonymous Symbol]
    main.o(.text.Delay_ms) refers to main.o(.bss.Delay_counter_ms) for Delay_counter_ms
    main.o(.ARM.exidx.text.Delay_ms) refers to main.o(.text.Delay_ms) for [Anonymous Symbol]
    main.o(.ARM.exidx.text.__NVIC_EnableIRQ) refers to main.o(.text.__NVIC_EnableIRQ) for [Anonymous Symbol]
    main.o(.text.DMA_Init) refers to main.o(.bss.ADC_Data) for ADC_Data
    main.o(.text.DMA_Init) refers to main.o(.text.__NVIC_EnableIRQ) for __NVIC_EnableIRQ
    main.o(.ARM.exidx.text.DMA_Init) refers to main.o(.text.DMA_Init) for [Anonymous Symbol]
    main.o(.text.ADC_Init) refers to main.o(.text.DMA_Init) for DMA_Init
    main.o(.text.ADC_Init) refers to main.o(.text.Delay_ms) for Delay_ms
    main.o(.text.ADC_Init) refers to main.o(.text.__NVIC_EnableIRQ) for __NVIC_EnableIRQ
    main.o(.ARM.exidx.text.ADC_Init) refers to main.o(.text.ADC_Init) for [Anonymous Symbol]
    main.o(.text.SysTick_Handler) refers to main.o(.bss.SysTimer_ms) for SysTimer_ms
    main.o(.text.SysTick_Handler) refers to main.o(.bss.Delay_counter_ms) for Delay_counter_ms
    main.o(.ARM.exidx.text.SysTick_Handler) refers to main.o(.text.SysTick_Handler) for [Anonymous Symbol]
    main.o(.text.ADC1_2_IRQHandler) refers to main.o(.bss.Counter_ADC) for Counter_ADC
    main.o(.ARM.exidx.text.ADC1_2_IRQHandler) refers to main.o(.text.ADC1_2_IRQHandler) for [Anonymous Symbol]
    main.o(.text.DMA1_Channel1_IRQHandler) refers to main.o(.bss.Counter_DMA) for Counter_DMA
    main.o(.text.DMA1_Channel1_IRQHandler) refers to main.o(.bss.Counter_Error_DMA) for Counter_Error_DMA
    main.o(.ARM.exidx.text.DMA1_Channel1_IRQHandler) refers to main.o(.text.DMA1_Channel1_IRQHandler) for [Anonymous Symbol]
    main.o(.text.USART1_IRQHandler) refers to main.o(.bss.husart1) for husart1
    main.o(.text.USART1_IRQHandler) refers to main.o(.text.CMSIS_USART_Transmit) for CMSIS_USART_Transmit
    main.o(.ARM.exidx.text.USART1_IRQHandler) refers to main.o(.text.USART1_IRQHandler) for [Anonymous Symbol]
    startup_stm32f10x_md.o(STACK) refers (Special) to heapauxi.o(.text) for __use_two_region_memory
    startup_stm32f10x_md.o(HEAP) refers (Special) to heapauxi.o(.text) for __use_two_region_memory
    startup_stm32f10x_md.o(RESET) refers (Special) to heapauxi.o(.text) for __use_two_region_memory
    startup_stm32f10x_md.o(RESET) refers to startup_stm32f10x_md.o(STACK) for __initial_sp
    startup_stm32f10x_md.o(RESET) refers to startup_stm32f10x_md.o(.text) for Reset_Handler
    startup_stm32f10x_md.o(RESET) refers to main.o(.text.SysTick_Handler) for SysTick_Handler
    startup_stm32f10x_md.o(RESET) refers to main.o(.text.DMA1_Channel1_IRQHandler) for DMA1_Channel1_IRQHandler
    startup_stm32f10x_md.o(RESET) refers to main.o(.text.ADC1_2_IRQHandler) for ADC1_2_IRQHandler
    startup_stm32f10x_md.o(RESET) refers to main.o(.text.USART1_IRQHandler) for USART1_IRQHandler
    startup_stm32f10x_md.o(.text) refers (Special) to heapauxi.o(.text) for __use_two_region_memory
    startup_stm32f10x_md.o(.text) refers to system_stm32f10x.o(.text.SystemInit) for SystemInit
    startup_stm32f10x_md.o(.text) refers to __main.o(!!!main) for __main
    startup_stm32f10x_md.o(.text) refers to startup_stm32f10x_md.o(HEAP) for Heap_Mem
    startup_stm32f10x_md.o(.text) refers to startup_stm32f10x_md.o(STACK) for Stack_Mem
[...]
    sys_exit.o(.text) refers (Special) to indicate_semi.o(.text) for __semihosting_library_function
    sys_exit_hlt.o(.text) refers (Special) to use_no_semi.o(.text) for __I$use$semihosting
    sys_exit_hlt.o(.text) refers (Special) to indicate_semi.o(.text) for __semihosting_library_function
    _get_argv_nomalloc.o(.text) refers (Special) to hrguard.o(.text) for __heap_region$guard
    _get_argv_nomalloc.o(.text) refers to defsig_rtmem_outer.o(.text) for __rt_SIGRTMEM
    _get_argv_nomalloc.o(.text) refers to sys_command.o(.text) for _sys_command_string
    libshutdown.o(.ARM.Collect$$libshutdown$$00000000) refers (Special) to libshutdown2.o(.ARM.Collect$$libshutdown$$00000002) for __rt_lib_shutdown_cpp_1
    libshutdown.o(.ARM.Collect$$libshutdown$$00000000) refers (Special) to libshutdown2.o(.ARM.Collect$$libshutdown$$00000007) for __rt_lib_shutdown_fp_trap_1
    libshutdown.o(.ARM.Collect$$libshutdown$$00000000) refers (Special) to libshutdown2.o(.ARM.Collect$$libshutdown$$0000000F) for __rt_lib_shutdown_heap_1
    libshutdown.o(.ARM.Collect$$libshutdown$$00000000) refers (Special) to libshutdown2.o(.ARM.Collect$$libshutdown$$00000010) for __rt_lib_shutdown_return
    libshutdown.o(.ARM.Collect$$libshutdown$$00000000) refers (Special) to libshutdown2.o(.ARM.Collect$$libshutdown$$0000000A) for __rt_lib_shutdown_signal_1
    libshutdown.o(.ARM.Collect$$libshutdown$$00000000) refers (Special) to libshutdown2.o(.ARM.Collect$$libshutdown$$00000004) for __rt_lib_shutdown_stdio_1
    libshutdown.o(.ARM.Collect$$libshutdown$$00000000) refers (Special) to libshutdown2.o(.ARM.Collect$$libshutdown$$0000000C) for __rt_lib_shutdown_user_alloc_1
    sys_command.o(.text) refers (Special) to use_no_semi.o(.text) for __I$use$semihosting
    sys_command.o(.text) refers (Special) to indicate_semi.o(.text) for __semihosting_library_function
    sys_command_hlt.o(.text) refers (Special) to use_no_semi.o(.text) for __I$use$semihosting
    sys_command_hlt.o(.text) refers (Special) to indicate_semi.o(.text) for __semihosting_library_function
    defsig_rtmem_outer.o(.text) refers to defsig_rtmem_inner.o(.text) for __rt_SIGRTMEM_inner
    defsig_rtmem_outer.o(.text) refers to defsig_exit.o(.text) for __sig_exit
    defsig_rtmem_formal.o(.text) refers to rt_raise.o(.text) for __rt_raise
    rt_raise.o(.text) refers to __raise.o(.text) for __raise
    rt_raise.o(.text) refers to sys_exit.o(.text) for _sys_exit
    defsig_exit.o(.text) refers to sys_exit.o(.text) for _sys_exit
    defsig_rtmem_inner.o(.text) refers to defsig_general.o(.text) for __default_signal_display
    __raise.o(.text) refers to defsig.o(CL$$defsig) for __default_signal_handler
    defsig_general.o(.text) refers to sys_wrch.o(.text) for _ttywrch
    sys_wrch.o(.text) refers (Special) to use_no_semi.o(.text) for __I$use$semihosting
    sys_wrch.o(.text) refers (Special) to indicate_semi.o(.text) for __semihosting_library_function
    sys_wrch_hlt.o(.text) refers (Special) to use_no_semi.o(.text) for __I$use$semihosting
    sys_wrch_hlt.o(.text) refers (Special) to indicate_semi.o(.text) for __semihosting_library_function
    defsig.o(CL$$defsig) refers to defsig_rtmem_inner.o(.text) for __rt_SIGRTMEM_inner
    defsig_abrt_inner.o(.text) refers to defsig_general.o(.text) for __default_signal_display
    defsig_fpe_inner.o(.text) refers to defsig_general.o(.text) for __default_signal_display
    defsig_rtred_inner.o(.text) refers to defsig_general.o(.text) for __default_signal_display
    defsig_stak_inner.o(.text) refers to defsig_general.o(.text) for __default_signal_display
    defsig_pvfn_inner.o(.text) refers to defsig_general.o(.text) for __default_signal_display
    defsig_cppl_inner.o(.text) refers to defsig_general.o(.text) for __default_signal_display
    defsig_segv_inner.o(.text) refers to defsig_general.o(.text) for __default_signal_display
    defsig_other.o(.text) refers to defsig_general.o(.text) for __default_signal_display


==============================================================================

Removing Unused input sections from the image.

    Removing main.o(.text), (0 bytes).
    Removing main.o(.ARM.exidx.text.main), (8 bytes).
    Removing main.o(.ARM.exidx.text.SysTick_Init), (8 bytes).
    Removing main.o(.ARM.exidx.text.SystemClock_72MHz), (8 bytes).
    Removing main.o(.ARM.exidx.text.GPIO_Init), (8 bytes).
    Removing main.o(.ARM.exidx.text.UART_Init), (8 bytes).
    Removing main.o(.ARM.exidx.text.CMSIS_USART_Transmit), (8 bytes).
    Removing main.o(.ARM.exidx.text.Delay_ms), (8 bytes).
    Removing main.o(.ARM.exidx.text.__NVIC_EnableIRQ), (8 bytes).
    Removing main.o(.text.DMA_Init), (130 bytes).
    Removing main.o(.ARM.exidx.text.DMA_Init), (8 bytes).
    Removing main.o(.text.ADC_Init), (308 bytes).
    Removing main.o(.ARM.exidx.text.ADC_Init), (8 bytes).
    Removing main.o(.ARM.exidx.text.SysTick_Handler), (8 bytes).
    Removing main.o(.ARM.exidx.text.ADC1_2_IRQHandler), (8 bytes).
    Removing main.o(.ARM.exidx.text.DMA1_Channel1_IRQHandler), (8 bytes).
    Removing main.o(.ARM.exidx.text.USART1_IRQHandler), (8 bytes).
    Removing main.o(.bss.ADC_Data), (4 bytes).
    Removing main.o(.ARM.use_no_argv), (4 bytes).
    Removing system_stm32f10x.o(.text), (0 bytes).
    Removing system_stm32f10x.o(.ARM.exidx.text.SystemInit), (8 bytes).
    Removing system_stm32f10x.o(.ARM.exidx.text.SetSysClock), (8 bytes).
    Removing system_stm32f10x.o(.text.SystemCoreClockUpdate), (290 bytes).
    Removing system_stm32f10x.o(.ARM.exidx.text.SystemCoreClockUpdate), (8 bytes).
    Removing system_stm32f10x.o(.ARM.exidx.text.SetSysClockTo72), (8 bytes).
    Removing system_stm32f10x.o(.data.SystemCoreClock), (4 bytes).
    Removing system_stm32f10x.o(.rodata.AHBPrescTable), (16 bytes).

27 unused section(s) (total 900 bytes) removed from the image.

==============================================================================

Image Symbol Table

    Local Symbols

    Symbol Name                              Value     Ov Type        Size  Object(Section)

    ../clib/angel/boardlib.s                 0x00000000   Number         0  boardinit1.o ABSOLUTE
    ../clib/angel/boardlib.s                 0x00000000   Number         0  boardinit2.o ABSOLUTE
    ../clib/angel/boardlib.s                 0x00000000   Number         0  boardinit3.o ABSOLUTE
    ../clib/angel/boardlib.s                 0x00000000   Number         0  boardshut.o ABSOLUTE
    ../clib/angel/handlers.s                 0x00000000   Number         0  __scatter_zi.o ABSOLUTE
    ../clib/angel/kernel.s                   0x00000000   Number         0  __rtentry.o ABSOLUTE
    ../clib/angel/kernel.s                   0x00000000   Number         0  __rtentry2.o ABSOLUTE
    ../clib/angel/kernel.s                   0x00000000   Number         0  __rtentry4.o ABSOLUTE
    ../clib/angel/kernel.s                   0x00000000   Number         0  rtexit.o ABSOLUTE
    ../clib/angel/kernel.s                   0x00000000   Number         0  rtexit2.o ABSOLUTE
    ../clib/angel/rt.s                       0x00000000   Number         0  rt_ctype_table.o ABSOLUTE
    ../clib/angel/rt.s                       0x00000000   Number         0  rt_locale.o ABSOLUTE
    ../clib/angel/rt.s                       0x00000000   Number         0  rt_locale_intlibspace.o ABSOLUTE
    ../clib/angel/rt.s                       0x00000000   Number         0  rt_raise.o ABSOLUTE
    ../clib/angel/scatter.s                  0x00000000   Number         0  __scatter.o ABSOLUTE
    ../clib/angel/startup.s                  0x00000000   Number         0  __main.o ABSOLUTE
    ../clib/angel/sys.s                      0x00000000   Number         0  sys_stackheap_outer.o ABSOLUTE
    ../clib/angel/sys.s                      0x00000000   Number         0  libspace.o ABSOLUTE
    ../clib/angel/sys.s                      0x00000000   Number         0  use_no_semi.o ABSOLUTE
    ../clib/angel/sys.s                      0x00000000   Number         0  indicate_semi.o ABSOLUTE
    ../clib/angel/sysapp.c                   0x00000000   Number         0  sys_exit.o ABSOLUTE
    ../clib/angel/sysapp.c                   0x00000000   Number         0  sys_exit_hlt.o ABSOLUTE
    ../clib/angel/sysapp.c                   0x00000000   Number         0  sys_command.o ABSOLUTE
    ../clib/angel/sysapp.c                   0x00000000   Number         0  sys_command_hlt.o ABSOLUTE
    ../clib/angel/sysapp.c                   0x00000000   Number         0  sys_wrch.o ABSOLUTE
    ../clib/angel/sysapp.c                   0x00000000   Number         0  sys_wrch_hlt.o ABSOLUTE
    ../clib/armsys.c                         0x00000000   Number         0  argv_veneer.o ABSOLUTE
    ../clib/armsys.c                         0x00000000   Number         0  argv_veneer.o ABSOLUTE
    ../clib/armsys.c                         0x00000000   Number         0  _get_argv_nomalloc.o ABSOLUTE
    ../clib/armsys.c                         0x00000000   Number         0  no_argv.o ABSOLUTE
    ../clib/bigflt.c                         0x00000000   Number         0  bigflt0.o ABSOLUTE
    ../clib/btod.s                           0x00000000   Number         0  btod.o ABSOLUTE
    ../clib/btod_accurate.c                  0x00000000   Number         0  btod_accurate.o ABSOLUTE
    ../clib/btod_accurate.c                  0x00000000   Number         0  btod_accurate_common.o ABSOLUTE
    ../clib/heapalloc.c                      0x00000000   Number         0  hrguard.o ABSOLUTE
    ../clib/heapaux.c                        0x00000000   Number         0  heapauxi.o ABSOLUTE
    ../clib/libinit.s                        0x00000000   Number         0  libinit.o ABSOLUTE
    ../clib/libinit.s                        0x00000000   Number         0  libinit2.o ABSOLUTE
    ../clib/libinit.s                        0x00000000   Number         0  libshutdown.o ABSOLUTE
    ../clib/libinit.s                        0x00000000   Number         0  libshutdown2.o ABSOLUTE
    ../clib/locale.c                         0x00000000   Number         0  _c16rtomb.o ABSOLUTE
    ../clib/locale.s                         0x00000000   Number         0  lc_numeric_c.o ABSOLUTE
    ../clib/locale.s                         0x00000000   Number         0  lc_ctype_c.o ABSOLUTE
    ../clib/longlong.s                       0x00000000   Number         0  lludiv10.o ABSOLUTE
    ../clib/longlong.s                       0x00000000   Number         0  llushr.o ABSOLUTE
    ../clib/memcpset.s                       0x00000000   Number         0  strcmpv7m.o ABSOLUTE
    ../clib/misc.s                           0x00000000   Number         0  printf_stubs.o ABSOLUTE
    ../clib/printf.c                         0x00000000   Number         0  sprintf.o ABSOLUTE
    ../clib/printf.c                         0x00000000   Number         0  __printf.o ABSOLUTE
    ../clib/printf.c                         0x00000000   Number         0  _printf_pad.o ABSOLUTE
    ../clib/printf.c                         0x00000000   Number         0  _printf_truncate.o ABSOLUTE
    ../clib/printf.c                         0x00000000   Number         0  _printf_str.o ABSOLUTE
    ../clib/printf.c                         0x00000000   Number         0  _printf_dec.o ABSOLUTE
    ../clib/printf.c                         0x00000000   Number         0  _printf_charcount.o ABSOLUTE
    ../clib/printf.c                         0x00000000   Number         0  _printf_char_common.o ABSOLUTE
    ../clib/printf.c                         0x00000000   Number         0  _sputc.o ABSOLUTE
    ../clib/printf.c                         0x00000000   Number         0  _printf_wctomb.o ABSOLUTE
    ../clib/printf.c                         0x00000000   Number         0  _printf_longlong_dec.o ABSOLUTE
    ../clib/printf.c                         0x00000000   Number         0  _printf_oct_ll.o ABSOLUTE
    ../clib/printf.c                         0x00000000   Number         0  _printf_oct_int.o ABSOLUTE
    ../clib/printf.c                         0x00000000   Number         0  _printf_oct_int_ll.o ABSOLUTE
    ../clib/printf.c                         0x00000000   Number         0  _printf_hex_ll.o ABSOLUTE
    ../clib/printf.c                         0x00000000   Number         0  _printf_hex_int.o ABSOLUTE
    ../clib/printf.c                         0x00000000   Number         0  _printf_hex_int_ll.o ABSOLUTE
    ../clib/printf.c                         0x00000000   Number         0  _printf_hex_ptr.o ABSOLUTE
    ../clib/printf.c                         0x00000000   Number         0  _printf_hex_int_ptr.o ABSOLUTE
    ../clib/printf.c                         0x00000000   Number         0  _printf_hex_ll_ptr.o ABSOLUTE
    ../clib/printf.c                         0x00000000   Number         0  _printf_hex_int_ll_ptr.o ABSOLUTE
    ../clib/printf.c                         0x00000000   Number         0  __printf_flags.o ABSOLUTE
    ../clib/printf.c                         0x00000000   Number         0  __printf_ss.o ABSOLUTE
    ../clib/printf.c                         0x00000000   Number         0  __printf_flags_ss.o ABSOLUTE
    ../clib/printf.c                         0x00000000   Number         0  __printf_wp.o ABSOLUTE
    ../clib/printf.c                         0x00000000   Number         0  __printf_flags_wp.o ABSOLUTE
    ../clib/printf.c                         0x00000000   Number         0  __printf_ss_wp.o ABSOLUTE
    ../clib/printf.c                         0x00000000   Number         0  __printf_flags_ss_wp.o ABSOLUTE
    ../clib/printf.c                         0x00000000   Number         0  _printf_intcommon.o ABSOLUTE
    ../clib/printf.c                         0x00000000   Number         0  _printf_fp_dec.o ABSOLUTE
    ../clib/printf.c                         0x00000000   Number         0  _printf_fp_dec_accurate.o ABSOLUTE
    ../clib/printf.c                         0x00000000   Number         0  _printf_fp_hex.o ABSOLUTE
    ../clib/printf.c                         0x00000000   Number         0  __printf_nopercent.o ABSOLUTE
    ../clib/printf.c                         0x00000000   Number         0  _printf_char.o ABSOLUTE
    ../clib/printf.c                         0x00000000   Number         0  _printf_wchar.o ABSOLUTE
    ../clib/printf.c                         0x00000000   Number         0  _printf_fp_infnan.o ABSOLUTE
    ../clib/printf_percent.s                 0x00000000   Number         0  _printf_c.o ABSOLUTE
    ../clib/printf_percent.s                 0x00000000   Number         0  _printf_s.o ABSOLUTE
    ../clib/printf_percent.s                 0x00000000   Number         0  _printf_n.o ABSOLUTE
    ../clib/printf_percent.s                 0x00000000   Number         0  _printf_x.o ABSOLUTE
    ../clib/printf_percent.s                 0x00000000   Number         0  _printf_p.o ABSOLUTE
    ../clib/printf_percent.s                 0x00000000   Number         0  _printf_o.o ABSOLUTE
    ../clib/printf_percent.s                 0x00000000   Number         0  _printf_i.o ABSOLUTE
    ../clib/printf_percent.s                 0x00000000   Number         0  _printf_d.o ABSOLUTE
    ../clib/printf_percent.s                 0x00000000   Number         0  _printf_u.o ABSOLUTE
    ../clib/printf_percent.s                 0x00000000   Number         0  _printf_f.o ABSOLUTE
    ../clib/printf_percent.s                 0x00000000   Number         0  _printf_e.o ABSOLUTE
    ../clib/printf_percent.s                 0x00000000   Number         0  _printf_g.o ABSOLUTE
    ../clib/printf_percent.s                 0x00000000   Number         0  _printf_a.o ABSOLUTE
    ../clib/printf_percent.s                 0x00000000   Number         0  _printf_percent.o ABSOLUTE
    ../clib/printf_percent.s                 0x00000000   Number         0  _printf_lli.o ABSOLUTE
    ../clib/printf_percent.s                 0x00000000   Number         0  _printf_lld.o ABSOLUTE
    ../clib/printf_percent.s                 0x00000000   Number         0  _printf_llu.o ABSOLUTE
    ../clib/printf_percent.s                 0x00000000   Number         0  _printf_ll.o ABSOLUTE
    ../clib/printf_percent.s                 0x00000000   Number         0  _printf_l.o ABSOLUTE
    ../clib/printf_percent.s                 0x00000000   Number         0  _printf_lc.o ABSOLUTE
    ../clib/printf_percent.s                 0x00000000   Number         0  _printf_ls.o ABSOLUTE
    ../clib/printf_percent.s                 0x00000000   Number         0  _printf_llo.o ABSOLUTE
    ../clib/printf_percent.s                 0x00000000   Number         0  _printf_llx.o ABSOLUTE
    ../clib/printf_percent.s                 0x00000000   Number         0  _printf_percent_end.o ABSOLUTE
    ../clib/signal.c                         0x00000000   Number         0  defsig_rtmem_outer.o ABSOLUTE
    ../clib/signal.c                         0x00000000   Number         0  defsig_rtmem_formal.o ABSOLUTE
    ../clib/signal.c                         0x00000000   Number         0  defsig_exit.o ABSOLUTE
    ../clib/signal.c                         0x00000000   Number         0  defsig_rtmem_inner.o ABSOLUTE
    ../clib/signal.c                         0x00000000   Number         0  __raise.o ABSOLUTE
    ../clib/signal.c                         0x00000000   Number         0  defsig_general.o ABSOLUTE
    ../clib/signal.c                         0x00000000   Number         0  defsig_abrt_inner.o ABSOLUTE
    ../clib/signal.c                         0x00000000   Number         0  defsig_fpe_inner.o ABSOLUTE
    ../clib/signal.c                         0x00000000   Number         0  defsig_rtred_inner.o ABSOLUTE
    ../clib/signal.c                         0x00000000   Number         0  defsig_stak_inner.o ABSOLUTE
    ../clib/signal.c                         0x00000000   Number         0  defsig_pvfn_inner.o ABSOLUTE
    ../clib/signal.c                         0x00000000   Number         0  defsig_cppl_inner.o ABSOLUTE
    ../clib/signal.c                         0x00000000   Number         0  defsig_segv_inner.o ABSOLUTE
    ../clib/signal.c                         0x00000000   Number         0  defsig_other.o ABSOLUTE
    ../clib/signal.s                         0x00000000   Number         0  defsig.o ABSOLUTE
    ../clib/stdlib.c                         0x00000000   Number         0  exit.o ABSOLUTE
    ../clib/string.c                         0x00000000   Number         0  strlen.o ABSOLUTE
    ../fplib/fpinit.s                        0x00000000   Number         0  fpinit.o ABSOLUTE
    ../fplib/fpinit_empty.s                  0x00000000   Number         0  fpinit_empty.o ABSOLUTE
    ../fplib/istatus.s                       0x00000000   Number         0  istatus.o ABSOLUTE
    ../fplib/printf1.s                       0x00000000   Number         0  printf1.o ABSOLUTE
    ../fplib/printf2.s                       0x00000000   Number         0  printf2.o ABSOLUTE
    ../fplib/printf2a.s                      0x00000000   Number         0  printf2a.o ABSOLUTE
    ../fplib/printf2b.s                      0x00000000   Number         0  printf2b.o ABSOLUTE
    ../fplib/usenofp.s                       0x00000000   Number         0  usenofp.o ABSOLUTE
    ../mathlib/fpclassify.c                  0x00000000   Number         0  fpclassify.o ABSOLUTE
    RTE/Device/STM32F103C8/startup_stm32f10x_md.s 0x00000000   Number         0  startup_stm32f10x_md.o ABSOLUTE
    dc.s                                     0x00000000   Number         0  dc.o ABSOLUTE
    main.c                                   0x00000000   Number         0  main.o ABSOLUTE
    system_stm32f10x.c                       0x00000000   Number         0  system_stm32f10x.o ABSOLUTE
    RESET                                    0x08000000   Section      236  startup_stm32f10x_md.o(RESET)
    !!!main                                  0x080000ec   Section        8  __main.o(!!!main)
    !!!scatter                               0x080000f4   Section       52  __scatter.o(!!!scatter)
    !!handler_zi                             0x08000128   Section       28  __scatter_zi.o(!!handler_zi)
    .ARM.Collect$$_printf_percent$$00000000  0x08000144   Section        0  _printf_percent.o(.ARM.Collect$$_printf_percent$$00000000)
    .ARM.Collect$$_printf_percent$$00000001  0x08000144   Section        6  _printf_n.o(.ARM.Collect$$_printf_percent$$00000001)
    .ARM.Collect$$_printf_percent$$00000002  0x0800014a   Section        6  _printf_p.o(.ARM.Collect$$_printf_percent$$00000002)
    .ARM.Collect$$_printf_percent$$00000003  0x08000150   Section        6  _printf_f.o(.ARM.Collect$$_printf_percent$$00000003)
    .ARM.Collect$$_printf_percent$$00000004  0x08000156   Section        6  _printf_e.o(.ARM.Collect$$_printf_percent$$00000004)
    .ARM.Collect$$_printf_percent$$00000005  0x0800015c   Section        6  _printf_g.o(.ARM.Collect$$_printf_percent$$00000005)
    .ARM.Collect$$_printf_percent$$00000006  0x08000162   Section        6  _printf_a.o(.ARM.Collect$$_printf_percent$$00000006)
    .ARM.Collect$$_printf_percent$$00000007  0x08000168   Section       10  _printf_ll.o(.ARM.Collect$$_printf_percent$$00000007)
    .ARM.Collect$$_printf_percent$$00000008  0x08000172   Section        6  _printf_i.o(.ARM.Collect$$_printf_percent$$00000008)
    .ARM.Collect$$_printf_percent$$00000009  0x08000178   Section        6  _printf_d.o(.ARM.Collect$$_printf_percent$$00000009)
    .ARM.Collect$$_printf_percent$$0000000A  0x0800017e   Section        6  _printf_u.o(.ARM.Collect$$_printf_percent$$0000000A)
    .ARM.Collect$$_printf_percent$$0000000B  0x08000184   Section        6  _printf_o.o(.ARM.Collect$$_printf_percent$$0000000B)
    .ARM.Collect$$_printf_percent$$0000000C  0x0800018a   Section        6  _printf_x.o(.ARM.Collect$$_printf_percent$$0000000C)
    .ARM.Collect$$_printf_percent$$0000000D  0x08000190   Section        6  _printf_lli.o(.ARM.Collect$$_printf_percent$$0000000D)
    .ARM.Collect$$_printf_percent$$0000000E  0x08000196   Section        6  _printf_lld.o(.ARM.Collect$$_printf_percent$$0000000E)
    .ARM.Collect$$_printf_percent$$0000000F  0x0800019c   Section        6  _printf_llu.o(.ARM.Collect$$_printf_percent$$0000000F)
    .ARM.Collect$$_printf_percent$$00000010  0x080001a2   Section        6  _printf_llo.o(.ARM.Collect$$_printf_percent$$00000010)
    .ARM.Collect$$_printf_percent$$00000011  0x080001a8   Section        6  _printf_llx.o(.ARM.Collect$$_printf_percent$$00000011)
    .ARM.Collect$$_printf_percent$$00000012  0x080001ae   Section       10  _printf_l.o(.ARM.Collect$$_printf_percent$$00000012)
    .ARM.Collect$$_printf_percent$$00000013  0x080001b8   Section        6  _printf_c.o(.ARM.Collect$$_printf_percent$$00000013)
    .ARM.Collect$$_printf_percent$$00000014  0x080001be   Section        6  _printf_s.o(.ARM.Collect$$_printf_percent$$00000014)
    .ARM.Collect$$_printf_percent$$00000015  0x080001c4   Section        6  _printf_lc.o(.ARM.Collect$$_printf_percent$$00000015)
    .ARM.Collect$$_printf_percent$$00000016  0x080001ca   Section        6  _printf_ls.o(.ARM.Collect$$_printf_percent$$00000016)
    .ARM.Collect$$_printf_percent$$00000017  0x080001d0   Section        4  _printf_percent_end.o(.ARM.Collect$$_printf_percent$$00000017)
    .ARM.Collect$$libinit$$00000000          0x080001d4   Section        2  libinit.o(.ARM.Collect$$libinit$$00000000)
    .ARM.Collect$$libinit$$00000002          0x080001d6   Section        0  libinit2.o(.ARM.Collect$$libinit$$00000002)
    .ARM.Collect$$libinit$$00000004          0x080001d6   Section        0  libinit2.o(.ARM.Collect$$libinit$$00000004)
    .ARM.Collect$$libinit$$00000006          0x080001d6   Section        0  libinit2.o(.ARM.Collect$$libinit$$00000006)
    .ARM.Collect$$libinit$$0000000C          0x080001d6   Section        0  libinit2.o(.ARM.Collect$$libinit$$0000000C)
    .ARM.Collect$$libinit$$0000000E          0x080001d6   Section        0  libinit2.o(.ARM.Collect$$libinit$$0000000E)
    .ARM.Collect$$libinit$$00000010          0x080001d6   Section        0  libinit2.o(.ARM.Collect$$libinit$$00000010)
    .ARM.Collect$$libinit$$00000011          0x080001d6   Section        6  libinit2.o(.ARM.Collect$$libinit$$00000011)
    .ARM.Collect$$libinit$$00000013          0x080001dc   Section        0  libinit2.o(.ARM.Collect$$libinit$$00000013)
    .ARM.Collect$$libinit$$00000014          0x080001dc   Section       12  libinit2.o(.ARM.Collect$$libinit$$00000014)
    .ARM.Collect$$libinit$$00000015          0x080001e8   Section        0  libinit2.o(.ARM.Collect$$libinit$$00000015)
    .ARM.Collect$$libinit$$00000017          0x080001e8   Section        0  libinit2.o(.ARM.Collect$$libinit$$00000017)
    .ARM.Collect$$libinit$$00000018          0x080001e8   Section       10  libinit2.o(.ARM.Collect$$libinit$$00000018)
    .ARM.Collect$$libinit$$00000019          0x080001f2   Section        0  libinit2.o(.ARM.Collect$$libinit$$00000019)
    .ARM.Collect$$libinit$$0000001B          0x080001f2   Section        0  libinit2.o(.ARM.Collect$$libinit$$0000001B)
    .ARM.Collect$$libinit$$0000001D          0x080001f2   Section        0  libinit2.o(.ARM.Collect$$libinit$$0000001D)
    .ARM.Collect$$libinit$$0000001F          0x080001f2   Section        0  libinit2.o(.ARM.Collect$$libinit$$0000001F)
    .ARM.Collect$$libinit$$00000021          0x080001f2   Section        0  libinit2.o(.ARM.Collect$$libinit$$00000021)
    .ARM.Collect$$libinit$$00000023          0x080001f2   Section        0  libinit2.o(.ARM.Collect$$libinit$$00000023)
    .ARM.Collect$$libinit$$00000025          0x080001f2   Section        0  libinit2.o(.ARM.Collect$$libinit$$00000025)
    .ARM.Collect$$libinit$$00000027          0x080001f2   Section        0  libinit2.o(.ARM.Collect$$libinit$$00000027)
    .ARM.Collect$$libinit$$0000002E          0x080001f2   Section        0  libinit2.o(.ARM.Collect$$libinit$$0000002E)
    .ARM.Collect$$libinit$$00000030          0x080001f2   Section        0  libinit2.o(.ARM.Collect$$libinit$$00000030)
    .ARM.Collect$$libinit$$00000032          0x080001f2   Section        0  libinit2.o(.ARM.Collect$$libinit$$00000032)
    .ARM.Collect$$libinit$$00000034          0x080001f2   Section        0  libinit2.o(.ARM.Collect$$libinit$$00000034)
    .ARM.Collect$$libinit$$00000035          0x080001f2   Section        2  libinit2.o(.ARM.Collect$$libinit$$00000035)
    .ARM.Collect$$libshutdown$$00000000      0x080001f4   Section        2  libshutdown.o(.ARM.Collect$$libshutdown$$00000000)
    .ARM.Collect$$libshutdown$$00000002      0x080001f6   Section        0  libshutdown2.o(.ARM.Collect$$libshutdown$$00000002)
    .ARM.Collect$$libshutdown$$00000004      0x080001f6   Section        0  libshutdown2.o(.ARM.Collect$$libshutdown$$00000004)
    .ARM.Collect$$libshutdown$$00000007      0x080001f6   Section        0  libshutdown2.o(.ARM.Collect$$libshutdown$$00000007)
    .ARM.Collect$$libshutdown$$0000000A      0x080001f6   Section        0  libshutdown2.o(.ARM.Collect$$libshutdown$$0000000A)
    .ARM.Collect$$libshutdown$$0000000C      0x080001f6   Section        0  libshutdown2.o(.ARM.Collect$$libshutdown$$0000000C)
    .ARM.Collect$$libshutdown$$0000000F      0x080001f6   Section        0  libshutdown2.o(.ARM.Collect$$libshutdown$$0000000F)
    .ARM.Collect$$libshutdown$$00000010      0x080001f6   Section        2  libshutdown2.o(.ARM.Collect$$libshutdown$$00000010)
    .ARM.Collect$$rtentry$$00000000          0x080001f8   Section        0  __rtentry.o(.ARM.Collect$$rtentry$$00000000)
    .ARM.Collect$$rtentry$$00000002          0x080001f8   Section        0  __rtentry2.o(.ARM.Collect$$rtentry$$00000002)
    .ARM.Collect$$rtentry$$00000004          0x080001f8   Section        6  __rtentry4.o(.ARM.Collect$$rtentry$$00000004)
    .ARM.Collect$$rtentry$$00000009          0x080001fe   Section        0  __rtentry2.o(.ARM.Collect$$rtentry$$00000009)
    .ARM.Collect$$rtentry$$0000000A          0x080001fe   Section        4  __rtentry2.o(.ARM.Collect$$rtentry$$0000000A)
    .ARM.Collect$$rtentry$$0000000C          0x08000202   Section        0  __rtentry2.o(.ARM.Collect$$rtentry$$0000000C)
    .ARM.Collect$$rtentry$$0000000D          0x08000202   Section        8  __rtentry2.o(.ARM.Collect$$rtentry$$0000000D)
    .ARM.Collect$$rtexit$$00000000           0x0800020a   Section        2  rtexit.o(.ARM.Collect$$rtexit$$00000000)
    .ARM.Collect$$rtexit$$00000002           0x0800020c   Section        0  rtexit2.o(.ARM.Collect$$rtexit$$00000002)
    .ARM.Collect$$rtexit$$00000003           0x0800020c   Section        4  rtexit2.o(.ARM.Collect$$rtexit$$00000003)
    .ARM.Collect$$rtexit$$00000004           0x08000210   Section        6  rtexit2.o(.ARM.Collect$$rtexit$$00000004)
    .text                                    0x08000218   Section       64  startup_stm32f10x_md.o(.text)
    .text                                    0x08000258   Section        0  sprintf.o(.text)
    .text                                    0x08000284   Section        0  strlen.o(.text)
    .text                                    0x080002c2   Section        0  heapauxi.o(.text)
    .text                                    0x080002c8   Section        0  _printf_pad.o(.text)
    .text                                    0x08000316   Section        0  _printf_truncate.o(.text)
    .text                                    0x0800033a   Section        0  _printf_str.o(.text)
    .text                                    0x0800038c   Section        0  _printf_dec.o(.text)
    .text                                    0x08000404   Section        0  _printf_charcount.o(.text)
    _printf_input_char                       0x0800042d   Thumb Code    10  _printf_char_common.o(.text)
    .text                                    0x0800042c   Section        0  _printf_char_common.o(.text)
    .text                                    0x0800045c   Section        0  _sputc.o(.text)
    .text                                    0x08000468   Section        0  _printf_wctomb.o(.text)
    .text                                    0x08000524   Section        0  _printf_longlong_dec.o(.text)
    _printf_longlong_oct_internal            0x080005a1   Thumb Code     0  _printf_oct_int_ll.o(.text)
    .text                                    0x080005a0   Section        0  _printf_oct_int_ll.o(.text)
    _printf_hex_common                       0x08000611   Thumb Code     0  _printf_hex_int_ll_ptr.o(.text)
    .text                                    0x08000610   Section        0  _printf_hex_int_ll_ptr.o(.text)
    .text                                    0x080006a4   Section        0  __printf_flags_ss_wp.o(.text)
    .text                                    0x0800082c   Section      138  lludiv10.o(.text)
    .text                                    0x080008b6   Section        0  _printf_intcommon.o(.text)
    _fp_digits                               0x08000969   Thumb Code   432  _printf_fp_dec.o(.text)
    .text                                    0x08000968   Section        0  _printf_fp_dec.o(.text)
    .text                                    0x08000d84   Section        0  _printf_fp_hex.o(.text)
    .text                                    0x08001080   Section        0  _printf_char.o(.text)
    .text                                    0x080010ac   Section        0  _printf_wchar.o(.text)
    .text                                    0x080010d8   Section        0  _c16rtomb.o(.text)
    .text                                    0x08001120   Section       74  sys_stackheap_outer.o(.text)
    .text                                    0x0800116c   Section       16  rt_ctype_table.o(.text)
    .text                                    0x0800117c   Section        8  rt_locale_intlibspace.o(.text)
    .text                                    0x08001184   Section        0  _printf_fp_infnan.o(.text)
    .text                                    0x08001204   Section        0  bigflt0.o(.text)
    .text                                    0x080012e8   Section        0  exit.o(.text)
    .text                                    0x080012fc   Section        8  libspace.o(.text)
    .text                                    0x08001304   Section      128  strcmpv7m.o(.text)
    .text                                    0x08001384   Section        0  sys_exit.o(.text)
    .text                                    0x08001390   Section        2  use_no_semi.o(.text)
    .text                                    0x08001392   Section        0  indicate_semi.o(.text)
    [Anonymous Symbol]                       0x08001394   Section        0  main.o(.text.ADC1_2_IRQHandler)
    [Anonymous Symbol]                       0x080013c4   Section        0  main.o(.text.CMSIS_USART_Transmit)
    [Anonymous Symbol]                       0x08001414   Section        0  main.o(.text.DMA1_Channel1_IRQHandler)
    [Anonymous Symbol]                       0x08001474   Section        0  main.o(.text.Delay_ms)
    [Anonymous Symbol]                       0x0800149c   Section        0  main.o(.text.GPIO_Init)
    SetSysClock                              0x080014e9   Thumb Code     8  system_stm32f10x.o(.text.SetSysClock)
    [Anonymous Symbol]                       0x080014e8   Section        0  system_stm32f10x.o(.text.SetSysClock)
    SetSysClockTo72                          0x080014f1   Thumb Code   290  system_stm32f10x.o(.text.SetSysClockTo72)
    [Anonymous Symbol]                       0x080014f0   Section        0  system_stm32f10x.o(.text.SetSysClockTo72)
    [Anonymous Symbol]                       0x08001614   Section        0  main.o(.text.SysTick_Handler)
    [Anonymous Symbol]                       0x08001644   Section        0  main.o(.text.SysTick_Init)
    [Anonymous Symbol]                       0x08001694   Section        0  main.o(.text.SystemClock_72MHz)
    [Anonymous Symbol]                       0x08001794   Section        0  system_stm32f10x.o(.text.SystemInit)
    [Anonymous Symbol]                       0x080017fc   Section        0  main.o(.text.UART_Init)
    [Anonymous Symbol]                       0x08001900   Section        0  main.o(.text.USART1_IRQHandler)
    __NVIC_EnableIRQ                         0x08001991   Thumb Code    48  main.o(.text.__NVIC_EnableIRQ)
    [Anonymous Symbol]                       0x08001990   Section        0  main.o(.text.__NVIC_EnableIRQ)
    [Anonymous Symbol]                       0x080019c0   Section        0  main.o(.text.main)
    CL$$btod_d2e                             0x08001a50   Section       62  btod.o(CL$$btod_d2e)
    CL$$btod_d2e_denorm_low                  0x08001a8e   Section       70  btod.o(CL$$btod_d2e_denorm_low)
    CL$$btod_d2e_norm_op1                    0x08001ad4   Section       96  btod.o(CL$$btod_d2e_norm_op1)
    CL$$btod_div_common                      0x08001b34   Section      824  btod.o(CL$$btod_div_common)
    CL$$btod_e2e                             0x08001e6c   Section      220  btod.o(CL$$btod_e2e)
    CL$$btod_ediv                            0x08001f48   Section       42  btod.o(CL$$btod_ediv)
    CL$$btod_emul                            0x08001f72   Section       42  btod.o(CL$$btod_emul)
    CL$$btod_mult_common                     0x08001f9c   Section      580  btod.o(CL$$btod_mult_common)
    i.__ARM_fpclassify                       0x080021e0   Section        0  fpclassify.o(i.__ARM_fpclassify)
    i._is_digit                              0x08002208   Section        0  __printf_wp.o(i._is_digit)
    locale$$code                             0x08002218   Section       44  lc_numeric_c.o(locale$$code)
    locale$$code                             0x08002244   Section       44  lc_ctype_c.o(locale$$code)
    x$fpl$printf1                            0x08002270   Section        4  printf1.o(x$fpl$printf1)
    x$fpl$printf2                            0x08002274   Section        4  printf2.o(x$fpl$printf2)
    initial_mbstate                          0x08002278   Data           8  _printf_wctomb.o(.constdata)
    .constdata                               0x08002278   Section        8  _printf_wctomb.o(.constdata)
    x$fpl$usenofp                            0x08002278   Section        0  usenofp.o(x$fpl$usenofp)
    uc_hextab                                0x08002280   Data          20  _printf_hex_int_ll_ptr.o(.constdata)
    .constdata                               0x08002280   Section       40  _printf_hex_int_ll_ptr.o(.constdata)
    lc_hextab                                0x08002294   Data          20  _printf_hex_int_ll_ptr.o(.constdata)
    maptable                                 0x080022a8   Data          17  __printf_flags_ss_wp.o(.constdata)
    .constdata                               0x080022a8   Section       17  __printf_flags_ss_wp.o(.constdata)
    lc_hextab                                0x080022b9   Data          19  _printf_fp_hex.o(.constdata)
    .constdata                               0x080022b9   Section       38  _printf_fp_hex.o(.constdata)
    uc_hextab                                0x080022cc   Data          19  _printf_fp_hex.o(.constdata)
    tenpwrs_x                                0x080022e0   Data          60  bigflt0.o(.constdata)
    .constdata                               0x080022e0   Section      148  bigflt0.o(.constdata)
    tenpwrs_i                                0x0800231c   Data          64  bigflt0.o(.constdata)
    .L.str                                   0x08002374   Data          14  main.o(.rodata.str1.1)
    [Anonymous Symbol]                       0x08002374   Section        0  main.o(.rodata.str1.1)
    locale$$data                             0x08002394   Section       28  lc_numeric_c.o(locale$$data)
    __lcnum_c_name                           0x08002398   Data           2  lc_numeric_c.o(locale$$data)
    __lcnum_c_start                          0x080023a0   Data           0  lc_numeric_c.o(locale$$data)
    __lcnum_c_point                          0x080023ac   Data           0  lc_numeric_c.o(locale$$data)
    __lcnum_c_thousands                      0x080023ae   Data           0  lc_numeric_c.o(locale$$data)
    __lcnum_c_grouping                       0x080023af   Data           0  lc_numeric_c.o(locale$$data)
    __lcnum_c_end                            0x080023b0   Data           0  lc_numeric_c.o(locale$$data)
    locale$$data                             0x080023b0   Section      272  lc_ctype_c.o(locale$$data)
    __lcctype_c_name                         0x080023b4   Data           2  lc_ctype_c.o(locale$$data)
    __lcctype_c_start                        0x080023bc   Data           0  lc_ctype_c.o(locale$$data)
    __lcctype_c_end                          0x080024c0   Data           0  lc_ctype_c.o(locale$$data)
    .bss                                     0x20000000   Section       96  libspace.o(.bss)
    Counter_ADC                              0x20000060   Data           4  main.o(.bss.Counter_ADC)
    [Anonymous Symbol]                       0x20000060   Section        0  main.o(.bss.Counter_ADC)
    Counter_DMA                              0x20000064   Data           4  main.o(.bss.Counter_DMA)
    [Anonymous Symbol]                       0x20000064   Section        0  main.o(.bss.Counter_DMA)
    Counter_Error_DMA                        0x20000068   Data           4  main.o(.bss.Counter_Error_DMA)
    [Anonymous Symbol]                       0x20000068   Section        0  main.o(.bss.Counter_Error_DMA)
    Delay_counter_ms                         0x2000006c   Data           4  main.o(.bss.Delay_counter_ms)
    [Anonymous Symbol]                       0x2000006c   Section        0  main.o(.bss.Delay_counter_ms)
    SysTimer_ms                              0x20000070   Data           4  main.o(.bss.SysTimer_ms)
    [Anonymous Symbol]                       0x20000070   Section        0  main.o(.bss.SysTimer_ms)
    husart1                                  0x20000074   Data         132  main.o(.bss.husart1)
    [Anonymous Symbol]                       0x20000074   Section        0  main.o(.bss.husart1)
    Heap_Mem                                 0x200000f8   Data         512  startup_stm32f10x_md.o(HEAP)
    HEAP                                     0x200000f8   Section      512  startup_stm32f10x_md.o(HEAP)
    Stack_Mem                                0x200002f8   Data        1024  startup_stm32f10x_md.o(STACK)
    STACK                                    0x200002f8   Section     1024  startup_stm32f10x_md.o(STACK)
    __initial_sp                             0x200006f8   Data           0  startup_stm32f10x_md.o(STACK)

    Global Symbols

    Symbol Name                              Value     Ov Type        Size  Object(Section)

    BuildAttributes$$THM_ISAv4$P$D$K$B$S$PE$A:L22UL41UL21$X:L11$S22US41US21$IEEE1$IW$~IW$USESV6$~STKCKD$USESV7$~SHL$OTIME$ROPI$IEEEJ$EBA8$UX$STANDARDLIB$REQ8$PRES8$EABIv2 0x00000000   Number         0  anon$$obj.o ABSOLUTE
    __fp_init_empty                          0x00000000   Number         0  fpinit_empty.o ABSOLUTE
    _printf_flags                            0x00000000   Number         0  printf_stubs.o ABSOLUTE
    _printf_return_value                     0x00000000   Number         0  printf_stubs.o ABSOLUTE
    _printf_sizespec                         0x00000000   Number         0  printf_stubs.o ABSOLUTE
    _printf_widthprec                        0x00000000   Number         0  printf_stubs.o ABSOLUTE
    __ARM_exceptions_init                     - Undefined Weak Reference
    __alloca_initialize                       - Undefined Weak Reference
    __arm_preinit_                            - Undefined Weak Reference
    __arm_relocate_pie_                       - Undefined Weak Reference
    __cpp_initialize__aeabi_                  - Undefined Weak Reference
    __cxa_finalize                            - Undefined Weak Reference
    __sigvec_lookup                           - Undefined Weak Reference
    _atexit_init                              - Undefined Weak Reference
    _call_atexit_fns                          - Undefined Weak Reference
    _clock_init                               - Undefined Weak Reference
    _fp_trap_init                             - Undefined Weak Reference
    _fp_trap_shutdown                         - Undefined Weak Reference
    _get_lc_collate                           - Undefined Weak Reference
    _get_lc_monetary                          - Undefined Weak Reference
    _get_lc_time                              - Undefined Weak Reference
    _getenv_init                              - Undefined Weak Reference
    _handle_redirection                       - Undefined Weak Reference
    _init_alloc                               - Undefined Weak Reference
    _init_user_alloc                          - Undefined Weak Reference
    _initio                                   - Undefined Weak Reference
    _printf_mbtowc                            - Undefined Weak Reference
    _printf_wc                                - Undefined Weak Reference
    _rand_init                                - Undefined Weak Reference
    _signal_finish                            - Undefined Weak Reference
    _signal_init                              - Undefined Weak Reference
    _terminate_alloc                          - Undefined Weak Reference
    _terminate_user_alloc                     - Undefined Weak Reference
    _terminateio                              - Undefined Weak Reference
    __Vectors_Size                           0x000000ec   Number         0  startup_stm32f10x_md.o ABSOLUTE
    __Vectors                                0x08000000   Data           4  startup_stm32f10x_md.o(RESET)
    __Vectors_End                            0x080000ec   Data           0  startup_stm32f10x_md.o(RESET)
    __main                                   0x080000ed   Thumb Code     8  __main.o(!!!main)
    __scatterload                            0x080000f5   Thumb Code     0  __scatter.o(!!!scatter)
    __scatterload_rt2                        0x080000f5   Thumb Code    44  __scatter.o(!!!scatter)
    __scatterload_rt2_thumb_only             0x080000f5   Thumb Code     0  __scatter.o(!!!scatter)
    __scatterload_null                       0x08000103   Thumb Code     0  __scatter.o(!!!scatter)
    __scatterload_zeroinit                   0x08000129   Thumb Code    28  __scatter_zi.o(!!handler_zi)
    _printf_n                                0x08000145   Thumb Code     0  _printf_n.o(.ARM.Collect$$_printf_percent$$00000001)
    _printf_percent                          0x08000145   Thumb Code     0  _printf_percent.o(.ARM.Collect$$_printf_percent$$00000000)
    _printf_p                                0x0800014b   Thumb Code     0  _printf_p.o(.ARM.Collect$$_printf_percent$$00000002)
    _printf_f                                0x08000151   Thumb Code     0  _printf_f.o(.ARM.Collect$$_printf_percent$$00000003)
    _printf_e                                0x08000157   Thumb Code     0  _printf_e.o(.ARM.Collect$$_printf_percent$$00000004)
    _printf_g                                0x0800015d   Thumb Code     0  _printf_g.o(.ARM.Collect$$_printf_percent$$00000005)
    _printf_a                                0x08000163   Thumb Code     0  _printf_a.o(.ARM.Collect$$_printf_percent$$00000006)
    _printf_ll                               0x08000169   Thumb Code     0  _printf_ll.o(.ARM.Collect$$_printf_percent$$00000007)
    _printf_i                                0x08000173   Thumb Code     0  _printf_i.o(.ARM.Collect$$_printf_percent$$00000008)
    _printf_d                                0x08000179   Thumb Code     0  _printf_d.o(.ARM.Collect$$_printf_percent$$00000009)
    _printf_u                                0x0800017f   Thumb Code     0  _printf_u.o(.ARM.Collect$$_printf_percent$$0000000A)
    _printf_o                                0x08000185   Thumb Code     0  _printf_o.o(.ARM.Collect$$_printf_percent$$0000000B)
    _printf_x                                0x0800018b   Thumb Code     0  _printf_x.o(.ARM.Collect$$_printf_percent$$0000000C)
    _printf_lli                              0x08000191   Thumb Code     0  _printf_lli.o(.ARM.Collect$$_printf_percent$$0000000D)
    _printf_lld                              0x08000197   Thumb Code     0  _printf_lld.o(.ARM.Collect$$_printf_percent$$0000000E)
    _printf_llu                              0x0800019d   Thumb Code     0  _printf_llu.o(.ARM.Collect$$_printf_percent$$0000000F)
    _printf_llo                              0x080001a3   Thumb Code     0  _printf_llo.o(.ARM.Collect$$_printf_percent$$00000010)
    _printf_llx                              0x080001a9   Thumb Code     0  _printf_llx.o(.ARM.Collect$$_printf_percent$$00000011)
    _printf_l                                0x080001af   Thumb Code     0  _printf_l.o(.ARM.Collect$$_printf_percent$$00000012)
    _printf_c                                0x080001b9   Thumb Code     0  _printf_c.o(.ARM.Collect$$_printf_percent$$00000013)
    _printf_s                                0x080001bf   Thumb Code     0  _printf_s.o(.ARM.Collect$$_printf_percent$$00000014)
    _printf_lc                               0x080001c5   Thumb Code     0  _printf_lc.o(.ARM.Collect$$_printf_percent$$00000015)
    _printf_ls                               0x080001cb   Thumb Code     0  _printf_ls.o(.ARM.Collect$$_printf_percent$$00000016)
    _printf_percent_end                      0x080001d1   Thumb Code     0  _printf_percent_end.o(.ARM.Collect$$_printf_percent$$00000017)
    __rt_lib_init                            0x080001d5   Thumb Code     0  libinit.o(.ARM.Collect$$libinit$$00000000)
    __rt_lib_init_fp_1                       0x080001d7   Thumb Code     0  libinit2.o(.ARM.Collect$$libinit$$00000002)
    __rt_lib_init_heap_1                     0x080001d7   Thumb Code     0  libinit2.o(.ARM.Collect$$libinit$$0000000C)
    __rt_lib_init_lc_common                  0x080001d7   Thumb Code     0  libinit2.o(.ARM.Collect$$libinit$$00000011)
    __rt_lib_init_preinit_1                  0x080001d7   Thumb Code     0  libinit2.o(.ARM.Collect$$libinit$$00000006)
    __rt_lib_init_rand_1                     0x080001d7   Thumb Code     0  libinit2.o(.ARM.Collect$$libinit$$00000010)
    __rt_lib_init_relocate_pie_1             0x080001d7   Thumb Code     0  libinit2.o(.ARM.Collect$$libinit$$00000004)
    __rt_lib_init_user_alloc_1               0x080001d7   Thumb Code     0  libinit2.o(.ARM.Collect$$libinit$$0000000E)
    __rt_lib_init_lc_collate_1               0x080001dd   Thumb Code     0  libinit2.o(.ARM.Collect$$libinit$$00000013)
    __rt_lib_init_lc_ctype_2                 0x080001dd   Thumb Code     0  libinit2.o(.ARM.Collect$$libinit$$00000014)
    __rt_lib_init_lc_ctype_1                 0x080001e9   Thumb Code     0  libinit2.o(.ARM.Collect$$libinit$$00000015)
    __rt_lib_init_lc_monetary_1              0x080001e9   Thumb Code     0  libinit2.o(.ARM.Collect$$libinit$$00000017)
    __rt_lib_init_lc_numeric_2               0x080001e9   Thumb Code     0  libinit2.o(.ARM.Collect$$libinit$$00000018)
    __rt_lib_init_alloca_1                   0x080001f3   Thumb Code     0  libinit2.o(.ARM.Collect$$libinit$$00000030)
    __rt_lib_init_argv_1                     0x080001f3   Thumb Code     0  libinit2.o(.ARM.Collect$$libinit$$0000002E)
    __rt_lib_init_atexit_1                   0x080001f3   Thumb Code     0  libinit2.o(.ARM.Collect$$libinit$$0000001D)
    __rt_lib_init_clock_1                    0x080001f3   Thumb Code     0  libinit2.o(.ARM.Collect$$libinit$$00000023)
    __rt_lib_init_cpp_1                      0x080001f3   Thumb Code     0  libinit2.o(.ARM.Collect$$libinit$$00000034)
    __rt_lib_init_exceptions_1               0x080001f3   Thumb Code     0  libinit2.o(.ARM.Collect$$libinit$$00000032)
    __rt_lib_init_fp_trap_1                  0x080001f3   Thumb Code     0  libinit2.o(.ARM.Collect$$libinit$$00000021)
    __rt_lib_init_getenv_1                   0x080001f3   Thumb Code     0  libinit2.o(.ARM.Collect$$libinit$$00000025)
    __rt_lib_init_lc_numeric_1               0x080001f3   Thumb Code     0  libinit2.o(.ARM.Collect$$libinit$$00000019)
    __rt_lib_init_lc_time_1                  0x080001f3   Thumb Code     0  libinit2.o(.ARM.Collect$$libinit$$0000001B)
    __rt_lib_init_return                     0x080001f3   Thumb Code     0  libinit2.o(.ARM.Collect$$libinit$$00000035)
    __rt_lib_init_signal_1                   0x080001f3   Thumb Code     0  libinit2.o(.ARM.Collect$$libinit$$0000001F)
    __rt_lib_init_stdio_1                    0x080001f3   Thumb Code     0  libinit2.o(.ARM.Collect$$libinit$$00000027)
    __rt_lib_shutdown                        0x080001f5   Thumb Code     0  libshutdown.o(.ARM.Collect$$libshutdown$$00000000)
    __rt_lib_shutdown_cpp_1                  0x080001f7   Thumb Code     0  libshutdown2.o(.ARM.Collect$$libshutdown$$00000002)
    __rt_lib_shutdown_fp_trap_1              0x080001f7   Thumb Code     0  libshutdown2.o(.ARM.Collect$$libshutdown$$00000007)
    __rt_lib_shutdown_heap_1                 0x080001f7   Thumb Code     0  libshutdown2.o(.ARM.Collect$$libshutdown$$0000000F)
    __rt_lib_shutdown_return                 0x080001f7   Thumb Code     0  libshutdown2.o(.ARM.Collect$$libshutdown$$00000010)
    __rt_lib_shutdown_signal_1               0x080001f7   Thumb Code     0  libshutdown2.o(.ARM.Collect$$libshutdown$$0000000A)
    __rt_lib_shutdown_stdio_1                0x080001f7   Thumb Code     0  libshutdown2.o(.ARM.Collect$$libshutdown$$00000004)
    __rt_lib_shutdown_user_alloc_1           0x080001f7   Thumb Code     0  libshutdown2.o(.ARM.Collect$$libshutdown$$0000000C)
    __rt_entry                               0x080001f9   Thumb Code     0  __rtentry.o(.ARM.Collect$$rtentry$$00000000)
    __rt_entry_presh_1                       0x080001f9   Thumb Code     0  __rtentry2.o(.ARM.Collect$$rtentry$$00000002)
    __rt_entry_sh                            0x080001f9   Thumb Code     0  __rtentry4.o(.ARM.Collect$$rtentry$$00000004)
    __rt_entry_li                            0x080001ff   Thumb Code     0  __rtentry2.o(.ARM.Collect$$rtentry$$0000000A)
    __rt_entry_postsh_1                      0x080001ff   Thumb Code     0  __rtentry2.o(.ARM.Collect$$rtentry$$00000009)
    __rt_entry_main                          0x08000203   Thumb Code     0  __rtentry2.o(.ARM.Collect$$rtentry$$0000000D)
    __rt_entry_postli_1                      0x08000203   Thumb Code     0  __rtentry2.o(.ARM.Collect$$rtentry$$0000000C)
    __rt_exit                                0x0800020b   Thumb Code     0  rtexit.o(.ARM.Collect$$rtexit$$00000000)
    __rt_exit_ls                             0x0800020d   Thumb Code     0  rtexit2.o(.ARM.Collect$$rtexit$$00000003)
    __rt_exit_prels_1                        0x0800020d   Thumb Code     0  rtexit2.o(.ARM.Collect$$rtexit$$00000002)
    __rt_exit_exit                           0x08000211   Thumb Code     0  rtexit2.o(.ARM.Collect$$rtexit$$00000004)
    Reset_Handler                            0x08000219   Thumb Code     8  startup_stm32f10x_md.o(.text)
    NMI_Handler                              0x08000221   Thumb Code     2  startup_stm32f10x_md.o(.text)
    HardFault_Handler                        0x08000223   Thumb Code     2  startup_stm32f10x_md.o(.text)
    MemManage_Handler                        0x08000225   Thumb Code     2  startup_stm32f10x_md.o(.text)
    BusFault_Handler                         0x08000227   Thumb Code     2  startup_stm32f10x_md.o(.text)
    UsageFault_Handler                       0x08000229   Thumb Code     2  startup_stm32f10x_md.o(.text)
    SVC_Handler                              0x0800022b   Thumb Code     2  startup_stm32f10x_md.o(.text)
    DebugMon_Handler                         0x0800022d   Thumb Code     2  startup_stm32f10x_md.o(.text)
    PendSV_Handler                           0x0800022f   Thumb Code     2  startup_stm32f10x_md.o(.text)
    CAN1_RX1_IRQHandler                      0x08000233   Thumb Code     0  startup_stm32f10x_md.o(.text)
    CAN1_SCE_IRQHandler                      0x08000233   Thumb Code     0  startup_stm32f10x_md.o(.text)
    DMA1_Channel2_IRQHandler                 0x08000233   Thumb Code     0  startup_stm32f10x_md.o(.text)
    DMA1_Channel3_IRQHandler                 0x08000233   Thumb Code     0  startup_stm32f10x_md.o(.text)
    DMA1_Channel4_IRQHandler                 0x08000233   Thumb Code     0  startup_stm32f10x_md.o(.text)
    DMA1_Channel5_IRQHandler                 0x08000233   Thumb Code     0  startup_stm32f10x_md.o(.text)
    DMA1_Channel6_IRQHandler                 0x08000233   Thumb Code     0  startup_stm32f10x_md.o(.text)
    DMA1_Channel7_IRQHandler                 0x08000233   Thumb Code     0  startup_stm32f10x_md.o(.text)
    EXTI0_IRQHandler                         0x08000233   Thumb Code     0  startup_stm32f10x_md.o(.text)
    EXTI15_10_IRQHandler                     0x08000233   Thumb Code     0  startup_stm32f10x_md.o(.text)
    EXTI1_IRQHandler                         0x08000233   Thumb Code     0  startup_stm32f10x_md.o(.text)
    EXTI2_IRQHandler                         0x08000233   Thumb Code     0  startup_stm32f10x_md.o(.text)
    EXTI3_IRQHandler                         0x08000233   Thumb Code     0  startup_stm32f10x_md.o(.text)
    EXTI4_IRQHandler                         0x08000233   Thumb Code     0  startup_stm32f10x_md.o(.text)
    EXTI9_5_IRQHandler                       0x08000233   Thumb Code     0  startup_stm32f10x_md.o(.text)
    FLASH_IRQHandler                         0x08000233   Thumb Code     0  startup_stm32f10x_md.o(.text)
    I2C1_ER_IRQHandler                       0x08000233   Thumb Code     0  startup_stm32f10x_md.o(.text)
    I2C1_EV_IRQHandler                       0x08000233   Thumb Code     0  startup_stm32f10x_md.o(.text)
    I2C2_ER_IRQHandler                       0x08000233   Thumb Code     0  startup_stm32f10x_md.o(.text)
    I2C2_EV_IRQHandler                       0x08000233   Thumb Code     0  startup_stm32f10x_md.o(.text)
    PVD_IRQHandler                           0x08000233   Thumb Code     0  startup_stm32f10x_md.o(.text)
    RCC_IRQHandler                           0x08000233   Thumb Code     0  startup_stm32f10x_md.o(.text)
    RTCAlarm_IRQHandler                      0x08000233   Thumb Code     0  startup_stm32f10x_md.o(.text)
    RTC_IRQHandler                           0x08000233   Thumb Code     0  startup_stm32f10x_md.o(.text)
    SPI1_IRQHandler                          0x08000233   Thumb Code     0  startup_stm32f10x_md.o(.text)
    SPI2_IRQHandler                          0x08000233   Thumb Code     0  startup_stm32f10x_md.o(.text)
    TAMPER_IRQHandler                        0x08000233   Thumb Code     0  startup_stm32f10x_md.o(.text)
    TIM1_BRK_IRQHandler                      0x08000233   Thumb Code     0  startup_stm32f10x_md.o(.text)
    TIM1_CC_IRQHandler                       0x08000233   Thumb Code     0  startup_stm32f10x_md.o(.text)
    TIM1_TRG_COM_IRQHandler                  0x08000233   Thumb Code     0  startup_stm32f10x_md.o(.text)
    TIM1_UP_IRQHandler                       0x08000233   Thumb Code     0  startup_stm32f10x_md.o(.text)
    TIM2_IRQHandler                          0x08000233   Thumb Code     0  startup_stm32f10x_md.o(.text)
    TIM3_IRQHandler                          0x08000233   Thumb Code     0  startup_stm32f10x_md.o(.text)
    TIM4_IRQHandler                          0x08000233   Thumb Code     0  startup_stm32f10x_md.o(.text)
    USART2_IRQHandler                        0x08000233   Thumb Code     0  startup_stm32f10x_md.o(.text)
    USART3_IRQHandler                        0x08000233   Thumb Code     0  startup_stm32f10x_md.o(.text)
    USBWakeUp_IRQHandler                     0x08000233   Thumb Code     0  startup_stm32f10x_md.o(.text)
    USB_HP_CAN1_TX_IRQHandler                0x08000233   Thumb Code     0  startup_stm32f10x_md.o(.text)
    USB_LP_CAN1_RX0_IRQHandler               0x08000233   Thumb Code     0  startup_stm32f10x_md.o(.text)
    WWDG_IRQHandler                          0x08000233   Thumb Code     0  startup_stm32f10x_md.o(.text)
    __user_initial_stackheap                 0x08000235   Thumb Code     0  startup_stm32f10x_md.o(.text)
    sprintf                                  0x08000259   Thumb Code    38  sprintf.o(.text)
    strlen                                   0x08000285   Thumb Code    62  strlen.o(.text)
    __use_two_region_memory                  0x080002c3   Thumb Code     2  heapauxi.o(.text)
    __rt_heap_escrow$2region                 0x080002c5   Thumb Code     2  heapauxi.o(.text)
    __rt_heap_expand$2region                 0x080002c7   Thumb Code     2  heapauxi.o(.text)
    _printf_pre_padding                      0x080002c9   Thumb Code    44  _printf_pad.o(.text)
    _printf_post_padding                     0x080002f5   Thumb Code    34  _printf_pad.o(.text)
    _printf_truncate_signed                  0x08000317   Thumb Code    18  _printf_truncate.o(.text)
    _printf_truncate_unsigned                0x08000329   Thumb Code    18  _printf_truncate.o(.text)
    _printf_str                              0x0800033b   Thumb Code    82  _printf_str.o(.text)
    _printf_int_dec                          0x0800038d   Thumb Code   104  _printf_dec.o(.text)
    _printf_charcount                        0x08000405   Thumb Code    40  _printf_charcount.o(.text)
    _printf_char_common                      0x08000437   Thumb Code    32  _printf_char_common.o(.text)
    _sputc                                   0x0800045d   Thumb Code    10  _sputc.o(.text)
    _printf_wctomb                           0x08000469   Thumb Code   182  _printf_wctomb.o(.text)
    _printf_longlong_dec                     0x08000525   Thumb Code   108  _printf_longlong_dec.o(.text)
    _printf_longlong_oct                     0x080005a1   Thumb Code    68  _printf_oct_int_ll.o(.text)
    _printf_int_oct                          0x080005e5   Thumb Code    24  _printf_oct_int_ll.o(.text)
    _printf_ll_oct                           0x080005fd   Thumb Code    12  _printf_oct_int_ll.o(.text)
    _printf_longlong_hex                     0x08000611   Thumb Code    86  _printf_hex_int_ll_ptr.o(.text)
    _printf_int_hex                          0x08000667   Thumb Code    28  _printf_hex_int_ll_ptr.o(.text)
    _printf_ll_hex                           0x08000683   Thumb Code    12  _printf_hex_int_ll_ptr.o(.text)
    _printf_hex_ptr                          0x0800068f   Thumb Code    18  _printf_hex_int_ll_ptr.o(.text)
    __printf                                 0x080006a5   Thumb Code   388  __printf_flags_ss_wp.o(.text)
    _ll_udiv10                               0x0800082d   Thumb Code   138  lludiv10.o(.text)
    _printf_int_common                       0x080008b7   Thumb Code   178  _printf_intcommon.o(.text)
    _printf_fp_dec_real                      0x08000b19   Thumb Code   620  _printf_fp_dec.o(.text)
    _printf_fp_hex_real                      0x08000d85   Thumb Code   756  _printf_fp_hex.o(.text)
    _printf_cs_common                        0x08001081   Thumb Code    20  _printf_char.o(.text)
    _printf_char                             0x08001095   Thumb Code    16  _printf_char.o(.text)
    _printf_string                           0x080010a5   Thumb Code     8  _printf_char.o(.text)
    _printf_lcs_common                       0x080010ad   Thumb Code    20  _printf_wchar.o(.text)
    _printf_wchar                            0x080010c1   Thumb Code    16  _printf_wchar.o(.text)
    _printf_wstring                          0x080010d1   Thumb Code     8  _printf_wchar.o(.text)
    _c16rtomb                                0x080010d9   Thumb Code    72  _c16rtomb.o(.text)
    _wcrtomb                                 0x080010d9   Thumb Code     0  _c16rtomb.o(.text)
    __user_setup_stackheap                   0x08001121   Thumb Code    74  sys_stackheap_outer.o(.text)
    __rt_ctype_table                         0x0800116d   Thumb Code    16  rt_ctype_table.o(.text)
    __rt_locale                              0x0800117d   Thumb Code     8  rt_locale_intlibspace.o(.text)
    _printf_fp_infnan                        0x08001185   Thumb Code   112  _printf_fp_infnan.o(.text)
    _btod_etento                             0x08001205   Thumb Code   224  bigflt0.o(.text)
    exit                                     0x080012e9   Thumb Code    18  exit.o(.text)
    __user_libspace                          0x080012fd   Thumb Code     8  libspace.o(.text)
    __user_perproc_libspace                  0x080012fd   Thumb Code     0  libspace.o(.text)
    __user_perthread_libspace                0x080012fd   Thumb Code     0  libspace.o(.text)
    strcmp                                   0x08001305   Thumb Code   128  strcmpv7m.o(.text)
    _sys_exit                                0x08001385   Thumb Code     8  sys_exit.o(.text)
    __I$use$semihosting                      0x08001391   Thumb Code     0  use_no_semi.o(.text)
    __use_no_semihosting_swi                 0x08001391   Thumb Code     2  use_no_semi.o(.text)
    __semihosting_library_function           0x08001393   Thumb Code     0  indicate_semi.o(.text)
    ADC1_2_IRQHandler                        0x08001395   Thumb Code    46  main.o(.text.ADC1_2_IRQHandler)
    CMSIS_USART_Transmit                     0x080013c5   Thumb Code    78  main.o(.text.CMSIS_USART_Transmit)
    DMA1_Channel1_IRQHandler                 0x08001415   Thumb Code    96  main.o(.text.DMA1_Channel1_IRQHandler)
    Delay_ms                                 0x08001475   Thumb Code    38  main.o(.text.Delay_ms)
    GPIO_Init                                0x0800149d   Thumb Code    74  main.o(.text.GPIO_Init)
    SysTick_Handler                          0x08001615   Thumb Code    46  main.o(.text.SysTick_Handler)
    SysTick_Init                             0x08001645   Thumb Code    78  main.o(.text.SysTick_Init)
    SystemClock_72MHz                        0x08001695   Thumb Code   254  main.o(.text.SystemClock_72MHz)
    SystemInit                               0x08001795   Thumb Code   102  system_stm32f10x.o(.text.SystemInit)
    UART_Init                                0x080017fd   Thumb Code   260  main.o(.text.UART_Init)
    USART1_IRQHandler                        0x08001901   Thumb Code   142  main.o(.text.USART1_IRQHandler)
    main                                     0x080019c1   Thumb Code   144  main.o(.text.main)
    _btod_d2e                                0x08001a51   Thumb Code    62  btod.o(CL$$btod_d2e)
    _d2e_denorm_low                          0x08001a8f   Thumb Code    70  btod.o(CL$$btod_d2e_denorm_low)
    _d2e_norm_op1                            0x08001ad5   Thumb Code    96  btod.o(CL$$btod_d2e_norm_op1)
    __btod_div_common                        0x08001b35   Thumb Code   696  btod.o(CL$$btod_div_common)
    _e2e                                     0x08001e6d   Thumb Code   220  btod.o(CL$$btod_e2e)
    _btod_ediv                               0x08001f49   Thumb Code    42  btod.o(CL$$btod_ediv)
    _btod_emul                               0x08001f73   Thumb Code    42  btod.o(CL$$btod_emul)
    __btod_mult_common                       0x08001f9d   Thumb Code   580  btod.o(CL$$btod_mult_common)
    __ARM_fpclassify                         0x080021e1   Thumb Code    40  fpclassify.o(i.__ARM_fpclassify)
    _is_digit                                0x08002209   Thumb Code    14  __printf_wp.o(i._is_digit)
    _get_lc_numeric                          0x08002219   Thumb Code    44  lc_numeric_c.o(locale$$code)
    _get_lc_ctype                            0x08002245   Thumb Code    44  lc_ctype_c.o(locale$$code)
    _printf_fp_dec                           0x08002271   Thumb Code     4  printf1.o(x$fpl$printf1)
    _printf_fp_hex                           0x08002275   Thumb Code     4  printf2.o(x$fpl$printf2)
    __I$use$fp                               0x08002278   Number         0  usenofp.o(x$fpl$usenofp)
    Region$$Table$$Base                      0x08002384   Number         0  anon$$obj.o(Region$$Table)
    Region$$Table$$Limit                     0x08002394   Number         0  anon$$obj.o(Region$$Table)
    __ctype                                  0x080023bd   Data           0  lc_ctype_c.o(locale$$data)
    __libspace_start                         0x20000000   Data          96  libspace.o(.bss)
    __temporary_stack_top$libspace           0x20000060   Data           0  libspace.o(.bss)



==============================================================================

Memory Map of the image

  Image Entry point : 0x08000219

  Load Region LR_1 (Base: 0x08000000, Size: 0x000024c0, Max: 0xffffffff, ABSOLUTE)

    Execution Region ER_RO (Exec base: 0x08000000, Load base: 0x08000000, Size: 0x000024c0, Max: 0xffffffff, ABSOLUTE)

    Exec Addr    Load Addr    Size         Type   Attr      Idx    E Section Name        Object

    0x08000000   0x08000000   0x000000ec   Data   RO           47    RESET               startup_stm32f10x_md.o
    0x080000ec   0x080000ec   0x00000008   Code   RO           79  * !!!main             c_w.l(__main.o)
    0x080000f4   0x080000f4   0x00000034   Code   RO          416    !!!scatter          c_w.l(__scatter.o)
    0x08000128   0x08000128   0x0000001c   Code   RO          418    !!handler_zi        c_w.l(__scatter_zi.o)
    0x08000144   0x08000144   0x00000000   Code   RO          163    .ARM.Collect$$_printf_percent$$00000000  c_w.l(_printf_percent.o)
    0x08000144   0x08000144   0x00000006   Code   RO          152    .ARM.Collect$$_printf_percent$$00000001  c_w.l(_printf_n.o)
    0x0800014a   0x0800014a   0x00000006   Code   RO          154    .ARM.Collect$$_printf_percent$$00000002  c_w.l(_printf_p.o)
    0x08000150   0x08000150   0x00000006   Code   RO          159    .ARM.Collect$$_printf_percent$$00000003  c_w.l(_printf_f.o)
    0x08000156   0x08000156   0x00000006   Code   RO          160    .ARM.Collect$$_printf_percent$$00000004  c_w.l(_printf_e.o)
    0x0800015c   0x0800015c   0x00000006   Code   RO          161    .ARM.Collect$$_printf_percent$$00000005  c_w.l(_printf_g.o)
    0x08000162   0x08000162   0x00000006   Code   RO          162    .ARM.Collect$$_printf_percent$$00000006  c_w.l(_printf_a.o)
    0x08000168   0x08000168   0x0000000a   Code   RO          167    .ARM.Collect$$_printf_percent$$00000007  c_w.l(_printf_ll.o)
    0x08000172   0x08000172   0x00000006   Code   RO          156    .ARM.Collect$$_printf_percent$$00000008  c_w.l(_printf_i.o)
    0x08000178   0x08000178   0x00000006   Code   RO          157    .ARM.Collect$$_printf_percent$$00000009  c_w.l(_printf_d.o)
    0x0800017e   0x0800017e   0x00000006   Code   RO          158    .ARM.Collect$$_printf_percent$$0000000A  c_w.l(_printf_u.o)
    0x08000184   0x08000184   0x00000006   Code   RO          155    .ARM.Collect$$_printf_percent$$0000000B  c_w.l(_printf_o.o)
    0x0800018a   0x0800018a   0x00000006   Code   RO          153    .ARM.Collect$$_printf_percent$$0000000C  c_w.l(_printf_x.o)
    0x08000190   0x08000190   0x00000006   Code   RO          164    .ARM.Collect$$_printf_percent$$0000000D  c_w.l(_printf_lli.o)
    0x08000196   0x08000196   0x00000006   Code   RO          165    .ARM.Collect$$_printf_percent$$0000000E  c_w.l(_printf_lld.o)
    0x0800019c   0x0800019c   0x00000006   Code   RO          166    .ARM.Collect$$_printf_percent$$0000000F  c_w.l(_printf_llu.o)
    0x080001a2   0x080001a2   0x00000006   Code   RO          171    .ARM.Collect$$_printf_percent$$00000010  c_w.l(_printf_llo.o)
    0x080001a8   0x080001a8   0x00000006   Code   RO          172    .ARM.Collect$$_printf_percent$$00000011  c_w.l(_printf_llx.o)
    0x080001ae   0x080001ae   0x0000000a   Code   RO          168    .ARM.Collect$$_printf_percent$$00000012  c_w.l(_printf_l.o)
    0x080001b8   0x080001b8   0x00000006   Code   RO          150    .ARM.Collect$$_printf_percent$$00000013  c_w.l(_printf_c.o)
    0x080001be   0x080001be   0x00000006   Code   RO          151    .ARM.Collect$$_printf_percent$$00000014  c_w.l(_printf_s.o)
    0x080001c4   0x080001c4   0x00000006   Code   RO          169    .ARM.Collect$$_printf_percent$$00000015  c_w.l(_printf_lc.o)
    0x080001ca   0x080001ca   0x00000006   Code   RO          170    .ARM.Collect$$_printf_percent$$00000016  c_w.l(_printf_ls.o)
    0x080001d0   0x080001d0   0x00000004   Code   RO          213    .ARM.Collect$$_printf_percent$$00000017  c_w.l(_printf_percent_end.o)
    0x080001d4   0x080001d4   0x00000002   Code   RO          264    .ARM.Collect$$libinit$$00000000  c_w.l(libinit.o)
    0x080001d6   0x080001d6   0x00000000   Code   RO          283    .ARM.Collect$$libinit$$00000002  c_w.l(libinit2.o)
    0x080001d6   0x080001d6   0x00000000   Code   RO          285    .ARM.Collect$$libinit$$00000004  c_w.l(libinit2.o)
    0x080001d6   0x080001d6   0x00000000   Code   RO          287    .ARM.Collect$$libinit$$00000006  c_w.l(libinit2.o)
    0x080001d6   0x080001d6   0x00000000   Code   RO          290    .ARM.Collect$$libinit$$0000000C  c_w.l(libinit2.o)
    0x080001d6   0x080001d6   0x00000000   Code   RO          292    .ARM.Collect$$libinit$$0000000E  c_w.l(libinit2.o)
    0x080001d6   0x080001d6   0x00000000   Code   RO          294    .ARM.Collect$$libinit$$00000010  c_w.l(libinit2.o)
    0x080001d6   0x080001d6   0x00000006   Code   RO          295    .ARM.Collect$$libinit$$00000011  c_w.l(libinit2.o)
    0x080001dc   0x080001dc   0x00000000   Code   RO          297    .ARM.Collect$$libinit$$00000013  c_w.l(libinit2.o)
    0x080001dc   0x080001dc   0x0000000c   Code   RO          298    .ARM.Collect$$libinit$$00000014  c_w.l(libinit2.o)
    0x080001e8   0x080001e8   0x00000000   Code   RO          299    .ARM.Collect$$libinit$$00000015  c_w.l(libinit2.o)
    0x080001e8   0x080001e8   0x00000000   Code   RO          301    .ARM.Collect$$libinit$$00000017  c_w.l(libinit2.o)
    0x080001e8   0x080001e8   0x0000000a   Code   RO          302    .ARM.Collect$$libinit$$00000018  c_w.l(libinit2.o)
    0x080001f2   0x080001f2   0x00000000   Code   RO          303    .ARM.Collect$$libinit$$00000019  c_w.l(libinit2.o)
    0x080001f2   0x080001f2   0x00000000   Code   RO          305    .ARM.Collect$$libinit$$0000001B  c_w.l(libinit2.o)
    0x080001f2   0x080001f2   0x00000000   Code   RO          307    .ARM.Collect$$libinit$$0000001D  c_w.l(libinit2.o)
    0x080001f2   0x080001f2   0x00000000   Code   RO          309    .ARM.Collect$$libinit$$0000001F  c_w.l(libinit2.o)
    0x080001f2   0x080001f2   0x00000000   Code   RO          311    .ARM.Collect$$libinit$$00000021  c_w.l(libinit2.o)
    0x080001f2   0x080001f2   0x00000000   Code   RO          313    .ARM.Collect$$libinit$$00000023  c_w.l(libinit2.o)
    0x080001f2   0x080001f2   0x00000000   Code   RO          315    .ARM.Collect$$libinit$$00000025  c_w.l(libinit2.o)
    0x080001f2   0x080001f2   0x00000000   Code   RO          317    .ARM.Collect$$libinit$$00000027  c_w.l(libinit2.o)
    0x080001f2   0x080001f2   0x00000000   Code   RO          321    .ARM.Collect$$libinit$$0000002E  c_w.l(libinit2.o)
    0x080001f2   0x080001f2   0x00000000   Code   RO          323    .ARM.Collect$$libinit$$00000030  c_w.l(libinit2.o)
    0x080001f2   0x080001f2   0x00000000   Code   RO          325    .ARM.Collect$$libinit$$00000032  c_w.l(libinit2.o)
    0x080001f2   0x080001f2   0x00000000   Code   RO          327    .ARM.Collect$$libinit$$00000034  c_w.l(libinit2.o)
    0x080001f2   0x080001f2   0x00000002   Code   RO          328    .ARM.Collect$$libinit$$00000035  c_w.l(libinit2.o)
    0x080001f4   0x080001f4   0x00000002   Code   RO          352    .ARM.Collect$$libshutdown$$00000000  c_w.l(libshutdown.o)
    0x080001f6   0x080001f6   0x00000000   Code   RO          367    .ARM.Collect$$libshutdown$$00000002  c_w.l(libshutdown2.o)
    0x080001f6   0x080001f6   0x00000000   Code   RO          369    .ARM.Collect$$libshutdown$$00000004  c_w.l(libshutdown2.o)
    0x080001f6   0x080001f6   0x00000000   Code   RO          372    .ARM.Collect$$libshutdown$$00000007  c_w.l(libshutdown2.o)
    0x080001f6   0x080001f6   0x00000000   Code   RO          375    .ARM.Collect$$libshutdown$$0000000A  c_w.l(libshutdown2.o)
    0x080001f6   0x080001f6   0x00000000   Code   RO          377    .ARM.Collect$$libshutdown$$0000000C  c_w.l(libshutdown2.o)
    0x080001f6   0x080001f6   0x00000000   Code   RO          380    .ARM.Collect$$libshutdown$$0000000F  c_w.l(libshutdown2.o)
    0x080001f6   0x080001f6   0x00000002   Code   RO          381    .ARM.Collect$$libshutdown$$00000010  c_w.l(libshutdown2.o)
    0x080001f8   0x080001f8   0x00000000   Code   RO           81    .ARM.Collect$$rtentry$$00000000  c_w.l(__rtentry.o)
    0x080001f8   0x080001f8   0x00000000   Code   RO          182    .ARM.Collect$$rtentry$$00000002  c_w.l(__rtentry2.o)
    0x080001f8   0x080001f8   0x00000006   Code   RO          194    .ARM.Collect$$rtentry$$00000004  c_w.l(__rtentry4.o)
    0x080001fe   0x080001fe   0x00000000   Code   RO          184    .ARM.Collect$$rtentry$$00000009  c_w.l(__rtentry2.o)
    0x080001fe   0x080001fe   0x00000004   Code   RO          185    .ARM.Collect$$rtentry$$0000000A  c_w.l(__rtentry2.o)
    0x08000202   0x08000202   0x00000000   Code   RO          187    .ARM.Collect$$rtentry$$0000000C  c_w.l(__rtentry2.o)
    0x08000202   0x08000202   0x00000008   Code   RO          188    .ARM.Collect$$rtentry$$0000000D  c_w.l(__rtentry2.o)
    0x0800020a   0x0800020a   0x00000002   Code   RO          273    .ARM.Collect$$rtexit$$00000000  c_w.l(rtexit.o)
    0x0800020c   0x0800020c   0x00000000   Code   RO          330    .ARM.Collect$$rtexit$$00000002  c_w.l(rtexit2.o)
    0x0800020c   0x0800020c   0x00000004   Code   RO          331    .ARM.Collect$$rtexit$$00000003  c_w.l(rtexit2.o)
    0x08000210   0x08000210   0x00000006   Code   RO          332    .ARM.Collect$$rtexit$$00000004  c_w.l(rtexit2.o)
    0x08000216   0x08000216   0x00000002   PAD
    0x08000218   0x08000218   0x00000040   Code   RO           48  * .text               startup_stm32f10x_md.o
    0x08000258   0x08000258   0x0000002c   Code   RO           73    .text               c_w.l(sprintf.o)
    0x08000284   0x08000284   0x0000003e   Code   RO           75    .text               c_w.l(strlen.o)
    0x080002c2   0x080002c2   0x00000006   Code   RO           77    .text               c_w.l(heapauxi.o)
    0x080002c8   0x080002c8   0x0000004e   Code   RO           84    .text               c_w.l(_printf_pad.o)
    0x08000316   0x08000316   0x00000024   Code   RO           86    .text               c_w.l(_printf_truncate.o)
    0x0800033a   0x0800033a   0x00000052   Code   RO           88    .text               c_w.l(_printf_str.o)
    0x0800038c   0x0800038c   0x00000078   Code   RO           90    .text               c_w.l(_printf_dec.o)
    0x08000404   0x08000404   0x00000028   Code   RO           92    .text               c_w.l(_printf_charcount.o)
    0x0800042c   0x0800042c   0x00000030   Code   RO           94    .text               c_w.l(_printf_char_common.o)
    0x0800045c   0x0800045c   0x0000000a   Code   RO           96    .text               c_w.l(_sputc.o)
    0x08000466   0x08000466   0x00000002   PAD
    0x08000468   0x08000468   0x000000bc   Code   RO           98    .text               c_w.l(_printf_wctomb.o)
    0x08000524   0x08000524   0x0000007c   Code   RO          101    .text               c_w.l(_printf_longlong_dec.o)
    0x080005a0   0x080005a0   0x00000070   Code   RO          107    .text               c_w.l(_printf_oct_int_ll.o)
    0x08000610   0x08000610   0x00000094   Code   RO          127    .text               c_w.l(_printf_hex_int_ll_ptr.o)
    0x080006a4   0x080006a4   0x00000188   Code   RO          147    .text               c_w.l(__printf_flags_ss_wp.o)
    0x0800082c   0x0800082c   0x0000008a   Code   RO          196    .text               c_w.l(lludiv10.o)
    0x080008b6   0x080008b6   0x000000b2   Code   RO          198    .text               c_w.l(_printf_intcommon.o)
    0x08000968   0x08000968   0x0000041c   Code   RO          200    .text               c_w.l(_printf_fp_dec.o)
    0x08000d84   0x08000d84   0x000002fc   Code   RO          204    .text               c_w.l(_printf_fp_hex.o)
    0x08001080   0x08001080   0x0000002c   Code   RO          209    .text               c_w.l(_printf_char.o)
    0x080010ac   0x080010ac   0x0000002c   Code   RO          211    .text               c_w.l(_printf_wchar.o)
    0x080010d8   0x080010d8   0x00000048   Code   RO          214    .text               c_w.l(_c16rtomb.o)
    0x08001120   0x08001120   0x0000004a   Code   RO          216    .text               c_w.l(sys_stackheap_outer.o)
    0x0800116a   0x0800116a   0x00000002   PAD
    0x0800116c   0x0800116c   0x00000010   Code   RO          218    .text               c_w.l(rt_ctype_table.o)
    0x0800117c   0x0800117c   0x00000008   Code   RO          223    .text               c_w.l(rt_locale_intlibspace.o)
    0x08001184   0x08001184   0x00000080   Code   RO          225    .text               c_w.l(_printf_fp_infnan.o)
    0x08001204   0x08001204   0x000000e4   Code   RO          227    .text               c_w.l(bigflt0.o)
    0x080012e8   0x080012e8   0x00000012   Code   RO          257    .text               c_w.l(exit.o)
    0x080012fa   0x080012fa   0x00000002   PAD
    0x080012fc   0x080012fc   0x00000008   Code   RO          270    .text               c_w.l(libspace.o)
    0x08001304   0x08001304   0x00000080   Code   RO          280    .text               c_w.l(strcmpv7m.o)
    0x08001384   0x08001384   0x0000000c   Code   RO          342    .text               c_w.l(sys_exit.o)
    0x08001390   0x08001390   0x00000002   Code   RO          357    .text               c_w.l(use_no_semi.o)
    0x08001392   0x08001392   0x00000000   Code   RO          359    .text               c_w.l(indicate_semi.o)
    0x08001392   0x08001392   0x00000002   PAD
    0x08001394   0x08001394   0x0000002e   Code   RO           24    .text.ADC1_2_IRQHandler  main.o
    0x080013c2   0x080013c2   0x00000002   PAD
    0x080013c4   0x080013c4   0x0000004e   Code   RO           12    .text.CMSIS_USART_Transmit  main.o
    0x08001412   0x08001412   0x00000002   PAD
    0x08001414   0x08001414   0x00000060   Code   RO           26    .text.DMA1_Channel1_IRQHandler  main.o
    0x08001474   0x08001474   0x00000026   Code   RO           14    .text.Delay_ms      main.o
    0x0800149a   0x0800149a   0x00000002   PAD
    0x0800149c   0x0800149c   0x0000004a   Code   RO            8    .text.GPIO_Init     main.o
    0x080014e6   0x080014e6   0x00000002   PAD
    0x080014e8   0x080014e8   0x00000008   Code   RO           57    .text.SetSysClock   system_stm32f10x.o
    0x080014f0   0x080014f0   0x00000122   Code   RO           61    .text.SetSysClockTo72  system_stm32f10x.o
    0x08001612   0x08001612   0x00000002   PAD
    0x08001614   0x08001614   0x0000002e   Code   RO           22    .text.SysTick_Handler  main.o
    0x08001642   0x08001642   0x00000002   PAD
    0x08001644   0x08001644   0x0000004e   Code   RO            4    .text.SysTick_Init  main.o
    0x08001692   0x08001692   0x00000002   PAD
    0x08001694   0x08001694   0x000000fe   Code   RO            6    .text.SystemClock_72MHz  main.o
    0x08001792   0x08001792   0x00000002   PAD
    0x08001794   0x08001794   0x00000066   Code   RO           55    .text.SystemInit    system_stm32f10x.o
    0x080017fa   0x080017fa   0x00000002   PAD
    0x080017fc   0x080017fc   0x00000104   Code   RO           10    .text.UART_Init     main.o
    0x08001900   0x08001900   0x0000008e   Code   RO           28    .text.USART1_IRQHandler  main.o
    0x0800198e   0x0800198e   0x00000002   PAD
    0x08001990   0x08001990   0x00000030   Code   RO           16    .text.__NVIC_EnableIRQ  main.o
    0x080019c0   0x080019c0   0x00000090   Code   RO            2    .text.main          main.o
    0x08001a50   0x08001a50   0x0000003e   Code   RO          230    CL$$btod_d2e        c_w.l(btod.o)
    0x08001a8e   0x08001a8e   0x00000046   Code   RO          232    CL$$btod_d2e_denorm_low  c_w.l(btod.o)
    0x08001ad4   0x08001ad4   0x00000060   Code   RO          231    CL$$btod_d2e_norm_op1  c_w.l(btod.o)
    0x08001b34   0x08001b34   0x00000338   Code   RO          240    CL$$btod_div_common  c_w.l(btod.o)
    0x08001e6c   0x08001e6c   0x000000dc   Code   RO          237    CL$$btod_e2e        c_w.l(btod.o)
    0x08001f48   0x08001f48   0x0000002a   Code   RO          234    CL$$btod_ediv       c_w.l(btod.o)
    0x08001f72   0x08001f72   0x0000002a   Code   RO          233    CL$$btod_emul       c_w.l(btod.o)
    0x08001f9c   0x08001f9c   0x00000244   Code   RO          239    CL$$btod_mult_common  c_w.l(btod.o)
    0x080021e0   0x080021e0   0x00000028   Code   RO          268    i.__ARM_fpclassify  m_ws.l(fpclassify.o)
    0x08002208   0x08002208   0x0000000e   Code   RO          140    i._is_digit         c_w.l(__printf_wp.o)
    0x08002216   0x08002216   0x00000002   PAD
    0x08002218   0x08002218   0x0000002c   Code   RO          255    locale$$code        c_w.l(lc_numeric_c.o)
    0x08002244   0x08002244   0x0000002c   Code   RO          278    locale$$code        c_w.l(lc_ctype_c.o)
    0x08002270   0x08002270   0x00000004   Code   RO          173    x$fpl$printf1       fz_ws.l(printf1.o)
    0x08002274   0x08002274   0x00000004   Code   RO          175    x$fpl$printf2       fz_ws.l(printf2.o)
    0x08002278   0x08002278   0x00000000   Code   RO          267    x$fpl$usenofp       fz_ws.l(usenofp.o)
    0x08002278   0x08002278   0x00000008   Data   RO           99    .constdata          c_w.l(_printf_wctomb.o)
    0x08002280   0x08002280   0x00000028   Data   RO          128    .constdata          c_w.l(_printf_hex_int_ll_ptr.o)
    0x080022a8   0x080022a8   0x00000011   Data   RO          148    .constdata          c_w.l(__printf_flags_ss_wp.o)
    0x080022b9   0x080022b9   0x00000026   Data   RO          205    .constdata          c_w.l(_printf_fp_hex.o)
    0x080022df   0x080022df   0x00000001   PAD
    0x080022e0   0x080022e0   0x00000094   Data   RO          228    .constdata          c_w.l(bigflt0.o)
    0x08002374   0x08002374   0x0000000e   Data   RO           31    .rodata.str1.1      main.o
    0x08002382   0x08002382   0x00000002   PAD
    0x08002384   0x08002384   0x00000010   Data   RO          415    Region$$Table       anon$$obj.o
    0x08002394   0x08002394   0x0000001c   Data   RO          254    locale$$data        c_w.l(lc_numeric_c.o)
    0x080023b0   0x080023b0   0x00000110   Data   RO          277    locale$$data        c_w.l(lc_ctype_c.o)


    Execution Region ER_RW (Exec base: 0x20000000, Load base: 0x080024c0, Size: 0x00000000, Max: 0xffffffff, ABSOLUTE)

    **** No section assigned to this execution region ****


    Execution Region ER_ZI (Exec base: 0x20000000, Load base: 0x080024c0, Size: 0x000006f8, Max: 0xffffffff, ABSOLUTE)

    Exec Addr    Load Addr    Size         Type   Attr      Idx    E Section Name        Object

    0x20000000        -       0x00000060   Zero   RW          271    .bss                c_w.l(libspace.o)
    0x20000060        -       0x00000004   Zero   RW           35    .bss.Counter_ADC    main.o
    0x20000064        -       0x00000004   Zero   RW           36    .bss.Counter_DMA    main.o
    0x20000068        -       0x00000004   Zero   RW           37    .bss.Counter_Error_DMA  main.o
    0x2000006c        -       0x00000004   Zero   RW           33    .bss.Delay_counter_ms  main.o
    0x20000070        -       0x00000004   Zero   RW           34    .bss.SysTimer_ms    main.o
    0x20000074        -       0x00000084   Zero   RW           30    .bss.husart1        main.o
    0x200000f8        -       0x00000200   Zero   RW           46    HEAP                startup_stm32f10x_md.o
    0x200002f8        -       0x00000400   Zero   RW           45    STACK               startup_stm32f10x_md.o


==============================================================================

Image component sizes


      Code (inc. data)   RO Data    RW Data    ZI Data      Debug   Object Name

      1304          0         14          0        152       6274   main.o
        64         26        236          0       1536        856   startup_stm32f10x_md.o
       400          0          0          0          0       2899   system_stm32f10x.o

    ----------------------------------------------------------------------
      1788         26        268          0       1688      10029   Object Totals
         0          0         16          0          0          0   (incl. Generated)
        20          0          2          0          0          0   (incl. Padding)

    ----------------------------------------------------------------------

      Code (inc. data)   RO Data    RW Data    ZI Data      Debug   Library Member Name

         8          0          0          0          0         68   __main.o
       392          4         17          0          0         92   __printf_flags_ss_wp.o
        14          0          0          0          0         68   __printf_wp.o
         0          0          0          0          0          0   __rtentry.o
        12          0          0          0          0          0   __rtentry2.o
         6          0          0          0          0          0   __rtentry4.o
        52          8          0          0          0          0   __scatter.o
        28          0          0          0          0          0   __scatter_zi.o
        72          0          0          0          0         96   _c16rtomb.o
         6          0          0          0          0          0   _printf_a.o
         6          0          0          0          0          0   _printf_c.o
        44          0          0          0          0        108   _printf_char.o
        48          6          0          0          0         96   _printf_char_common.o
        40          0          0          0          0         68   _printf_charcount.o
         6          0          0          0          0          0   _printf_d.o
       120         16          0          0          0         92   _printf_dec.o
         6          0          0          0          0          0   _printf_e.o
         6          0          0          0          0          0   _printf_f.o
      1052          0          0          0          0        148   _printf_fp_dec.o
       764          8         38          0          0        100   _printf_fp_hex.o
       128         16          0          0          0         84   _printf_fp_infnan.o
         6          0          0          0          0          0   _printf_g.o
       148          4         40          0          0        160   _printf_hex_int_ll_ptr.o
         6          0          0          0          0          0   _printf_i.o
       178          0          0          0          0         88   _printf_intcommon.o
        10          0          0          0          0          0   _printf_l.o
         6          0          0          0          0          0   _printf_lc.o
        10          0          0          0          0          0   _printf_ll.o
         6          0          0          0          0          0   _printf_lld.o
         6          0          0          0          0          0   _printf_lli.o
         6          0          0          0          0          0   _printf_llo.o
         6          0          0          0          0          0   _printf_llu.o
         6          0          0          0          0          0   _printf_llx.o
       124         16          0          0          0         92   _printf_longlong_dec.o
         6          0          0          0          0          0   _printf_ls.o
         6          0          0          0          0          0   _printf_n.o
         6          0          0          0          0          0   _printf_o.o
       112          8          0          0          0        124   _printf_oct_int_ll.o
         6          0          0          0          0          0   _printf_p.o
        78          0          0          0          0        108   _printf_pad.o
         0          0          0          0          0          0   _printf_percent.o
         4          0          0          0          0          0   _printf_percent_end.o
         6          0          0          0          0          0   _printf_s.o
        82          0          0          0          0         80   _printf_str.o
        36          0          0          0          0         84   _printf_truncate.o
         6          0          0          0          0          0   _printf_u.o
        44          0          0          0          0        108   _printf_wchar.o
       188          6          8          0          0         92   _printf_wctomb.o
         6          0          0          0          0          0   _printf_x.o
        10          0          0          0          0         68   _sputc.o
       228          4        148          0          0         96   bigflt0.o
      1936        128          0          0          0        668   btod.o
        18          0          0          0          0         80   exit.o
         6          0          0          0          0        152   heapauxi.o
         0          0          0          0          0          0   indicate_semi.o
        44         10        272          0          0         76   lc_ctype_c.o
        44         10         28          0          0         76   lc_numeric_c.o
         2          0          0          0          0          0   libinit.o
        30          0          0          0          0          0   libinit2.o
         2          0          0          0          0          0   libshutdown.o
         2          0          0          0          0          0   libshutdown2.o
         8          4          0          0         96         68   libspace.o
       138          0          0          0          0         80   lludiv10.o
        16          4          0          0          0         76   rt_ctype_table.o
         8          4          0          0          0         68   rt_locale_intlibspace.o
         2          0          0          0          0          0   rtexit.o
        10          0          0          0          0          0   rtexit2.o
        44          6          0          0          0         84   sprintf.o
       128          0          0          0          0         68   strcmpv7m.o
        62          0          0          0          0         76   strlen.o
        12          4          0          0          0         68   sys_exit.o
        74          0          0          0          0         80   sys_stackheap_outer.o
         2          0          0          0          0         68   use_no_semi.o
         4          0          0          0          0         68   printf1.o
         4          0          0          0          0         68   printf2.o
         0          0          0          0          0          0   usenofp.o
        40          0          0          0          0         68   fpclassify.o

    ----------------------------------------------------------------------
      6800        266        552          0         96       4112   Library Totals
        12          0          1          0          0          0   (incl. Padding)

    ----------------------------------------------------------------------

      Code (inc. data)   RO Data    RW Data    ZI Data      Debug   Library Name

      6740        266        551          0         96       3908   c_w.l
         8          0          0          0          0        136   fz_ws.l
        40          0          0          0          0         68   m_ws.l

    ----------------------------------------------------------------------
      6800        266        552          0         96       4112   Library Totals

    ----------------------------------------------------------------------

==============================================================================


      Code (inc. data)   RO Data    RW Data    ZI Data      Debug   

      8588        292        820          0       1784      11865   Grand Totals
      8588        292        820          0       1784      11865   ELF Image Totals
      8588        292        820          0          0          0   ROM Totals

==============================================================================

    Total RO  Size (Code + RO Data)                 9408 (   9.19kB)
    Total RW  Size (RW Data + ZI Data)              1784 (   1.74kB)
    Total ROM Size (Code + RO Data + RW Data)       9408 (   9.19kB)

==============================================================================

