Component: Arm Compiler for Embedded 6.18 Tool: armlink [5e4cc100]

==============================================================================

Section Cross References

    main.o(.text.main) refers to main.o(.text.ClockConfigure) for ClockConfigure
    main.o(.text.main) refers to retarget_uart.o(.text.DebugUARTInit) for DebugUARTInit
    main.o(.text.main) refers to main.o(.rodata.str1.1) for .L.str
    main.o(.text.main) refers to printf.o(.text) for printf
    main.o(.text.main) refers to retarget_uart.o(.bss.__stdin) for __stdin
    main.o(.text.main) refers to getc.o(.text) for getc
    main.o(.text.main) refers to main.o(.bss.symbol) for symbol
    main.o(.text.main) refers to retarget_uart.o(.bss.__stdout) for __stdout
    main.o(.text.main) refers to putc.o(.text) for putc
    main.o(.ARM.exidx.text.main) refers to main.o(.text.main) for [Anonymous Symbol]
    main.o(.text.ClockConfigure) refers to mdr32fxqi_rst_clk.o(.text.RST_CLK_DeInit) for RST_CLK_DeInit
    main.o(.text.ClockConfigure) refers to mdr32fxqi_rst_clk.o(.text.RST_CLK_HSEconfig) for RST_CLK_HSEconfig
    main.o(.text.ClockConfigure) refers to mdr32fxqi_rst_clk.o(.text.RST_CLK_HSEstatus) for RST_CLK_HSEstatus
    main.o(.text.ClockConfigure) refers to mdr32fxqi_rst_clk.o(.text.RST_CLK_CPU_PLLconfig) for RST_CLK_CPU_PLLconfig
    main.o(.text.ClockConfigure) refers to mdr32fxqi_rst_clk.o(.text.RST_CLK_CPU_PLLcmd) for RST_CLK_CPU_PLLcmd
    main.o(.text.ClockConfigure) refers to mdr32fxqi_rst_clk.o(.text.RST_CLK_CPU_PLLstatus) for RST_CLK_CPU_PLLstatus
    main.o(.text.ClockConfigure) refers to mdr32fxqi_rst_clk.o(.text.RST_CLK_CPU_PLLuse) for RST_CLK_CPU_PLLuse
    main.o(.text.ClockConfigure) refers to mdr32fxqi_rst_clk.o(.text.RST_CLK_CPUclkPrescaler) for RST_CLK_CPUclkPrescaler
    main.o(.text.ClockConfigure) refers to mdr32fxqi_rst_clk.o(.text.RST_CLK_PCLKcmd) for RST_CLK_PCLKcmd
    main.o(.text.ClockConfigure) refers to mdr32fxqi_eeprom.o(.text.EEPROM_SetLatency) for EEPROM_SetLatency
    main.o(.text.ClockConfigure) refers to mdr32fxqi_bkp.o(.text.BKP_DUccMode) for BKP_DUccMode
    main.o(.text.ClockConfigure) refers to mdr32fxqi_rst_clk.o(.text.RST_CLK_CPUclkSelection) for RST_CLK_CPUclkSelection
    main.o(.ARM.exidx.text.ClockConfigure) refers to main.o(.text.ClockConfigure) for [Anonymous Symbol]
    retarget_uart.o(.text.DebugUARTInit) refers to mdr32fxqi_rst_clk.o(.text.RST_CLK_PCLKcmd) for RST_CLK_PCLKcmd
    retarget_uart.o(.text.DebugUARTInit) refers to mdr32fxqi_port.o(.text.PORT_StructInit) for PORT_StructInit
    retarget_uart.o(.text.DebugUARTInit) refers to mdr32fxqi_port.o(.text.PORT_Init) for PORT_Init
    retarget_uart.o(.text.DebugUARTInit) refers to mdr32fxqi_uart.o(.text.UART_DeInit) for UART_DeInit
    retarget_uart.o(.text.DebugUARTInit) refers to mdr32fxqi_uart.o(.text.UART_BRGInit) for UART_BRGInit
    retarget_uart.o(.text.DebugUARTInit) refers to mdr32fxqi_uart.o(.text.UART_Init) for UART_Init
    retarget_uart.o(.text.DebugUARTInit) refers to mdr32fxqi_uart.o(.text.UART_Cmd) for UART_Cmd
    retarget_uart.o(.text.DebugUARTInit) refers to retarget_uart.o(.rodata.str1.1) for .L.str
    retarget_uart.o(.text.DebugUARTInit) refers to printf.o(.text) for printf
    retarget_uart.o(.ARM.exidx.text.DebugUARTInit) refers to retarget_uart.o(.text.DebugUARTInit) for [Anonymous Symbol]
    retarget_uart.o(.text.fputc) refers to mdr32fxqi_uart.o(.text.UART_GetFlagStatus) for UART_GetFlagStatus
    retarget_uart.o(.text.fputc) refers to mdr32fxqi_uart.o(.text.UART_SendData) for UART_SendData
    retarget_uart.o(.ARM.exidx.text.fputc) refers to retarget_uart.o(.text.fputc) for [Anonymous Symbol]
    retarget_uart.o(.text.fgetc) refers to mdr32fxqi_uart.o(.text.UART_GetFlagStatus) for UART_GetFlagStatus
    retarget_uart.o(.text.fgetc) refers to mdr32fxqi_uart.o(.text.UART_ReceiveData) for UART_ReceiveData
    retarget_uart.o(.ARM.exidx.text.fgetc) refers to retarget_uart.o(.text.fgetc) for [Anonymous Symbol]
    startup_mdr32f9q2i.o(STACK) refers (Special) to heapauxi.o(.text) for __use_two_region_memory
    startup_mdr32f9q2i.o(HEAP) refers (Special) to heapauxi.o(.text) for __use_two_region_memory
    startup_mdr32f9q2i.o(RESET) refers (Special) to heapauxi.o(.text) for __use_two_region_memory
    startup_mdr32f9q2i.o(RESET) refers to startup_mdr32f9q2i.o(STACK) for __initial_sp
    startup_mdr32f9q2i.o(RESET) refers to startup_mdr32f9q2i.o(.text) for Reset_Handler
    startup_mdr32f9q2i.o(.text) refers (Special) to heapauxi.o(.text) for __use_two_region_memory
    startup_mdr32f9q2i.o(.text) refers to system_mdr32f9q2i.o(.text.SystemInit) for SystemInit
    startup_mdr32f9q2i.o(.text) refers to __main.o(!!!main) for __main
    startup_mdr32f9q2i.o(.text) refers to startup_mdr32f9q2i.o(HEAP) for Heap_Mem
    startup_mdr32f9q2i.o(.text) refers to startup_mdr32f9q2i.o(STACK) for Stack_Mem
[...]
    ../clib/angel/sysapp.c                   0x00000000   Number         0  sys_wrch.o ABSOLUTE
    ../clib/angel/sysapp.c                   0x00000000   Number         0  sys_wrch_hlt.o ABSOLUTE
    ../clib/armsys.c                         0x00000000   Number         0  argv_veneer.o ABSOLUTE
    ../clib/armsys.c                         0x00000000   Number         0  argv_veneer.o ABSOLUTE
    ../clib/armsys.c                         0x00000000   Number         0  _get_argv_nomalloc.o ABSOLUTE
    ../clib/armsys.c                         0x00000000   Number         0  no_argv.o ABSOLUTE
    ../clib/bigflt.c                         0x00000000   Number         0  bigflt0.o ABSOLUTE
    ../clib/btod.s                           0x00000000   Number         0  btod.o ABSOLUTE
    ../clib/btod_accurate.c                  0x00000000   Number         0  btod_accurate.o ABSOLUTE
    ../clib/btod_accurate.c                  0x00000000   Number         0  btod_accurate_common.o ABSOLUTE
    ../clib/heapalloc.c                      0x00000000   Number         0  hrguard.o ABSOLUTE
    ../clib/heapaux.c                        0x00000000   Number         0  heapauxi.o ABSOLUTE
    ../clib/libinit.s                        0x00000000   Number         0  libinit.o ABSOLUTE
    ../clib/libinit.s                        0x00000000   Number         0  libinit2.o ABSOLUTE
    ../clib/libinit.s                        0x00000000   Number         0  libshutdown.o ABSOLUTE
    ../clib/libinit.s                        0x00000000   Number         0  libshutdown2.o ABSOLUTE
    ../clib/locale.c                         0x00000000   Number         0  _c16rtomb.o ABSOLUTE
    ../clib/locale.s                         0x00000000   Number         0  lc_numeric_c.o ABSOLUTE
    ../clib/locale.s                         0x00000000   Number         0  lc_ctype_c.o ABSOLUTE
    ../clib/longlong.s                       0x00000000   Number         0  lludiv10.o ABSOLUTE
    ../clib/longlong.s                       0x00000000   Number         0  llushr.o ABSOLUTE
    ../clib/memcpset.s                       0x00000000   Number         0  strcmpv7m.o ABSOLUTE
    ../clib/misc.s                           0x00000000   Number         0  printf_stubs.o ABSOLUTE
    ../clib/printf.c                         0x00000000   Number         0  printf.o ABSOLUTE
    ../clib/printf.c                         0x00000000   Number         0  __printf.o ABSOLUTE
    ../clib/printf.c                         0x00000000   Number         0  _printf_pad.o ABSOLUTE
    ../clib/printf.c                         0x00000000   Number         0  _printf_truncate.o ABSOLUTE
    ../clib/printf.c                         0x00000000   Number         0  _printf_str.o ABSOLUTE
    ../clib/printf.c                         0x00000000   Number         0  _printf_dec.o ABSOLUTE
    ../clib/printf.c                         0x00000000   Number         0  _printf_charcount.o ABSOLUTE
    ../clib/printf.c                         0x00000000   Number         0  _printf_char_file.o ABSOLUTE
    ../clib/printf.c                         0x00000000   Number         0  _printf_wctomb.o ABSOLUTE
    ../clib/printf.c                         0x00000000   Number         0  _printf_longlong_dec.o ABSOLUTE
    ../clib/printf.c                         0x00000000   Number         0  _printf_oct_ll.o ABSOLUTE
    ../clib/printf.c                         0x00000000   Number         0  _printf_oct_int.o ABSOLUTE
    ../clib/printf.c                         0x00000000   Number         0  _printf_oct_int_ll.o ABSOLUTE
    ../clib/printf.c                         0x00000000   Number         0  _printf_hex_ll.o ABSOLUTE
    ../clib/printf.c                         0x00000000   Number         0  _printf_hex_int.o ABSOLUTE
    ../clib/printf.c                         0x00000000   Number         0  _printf_hex_int_ll.o ABSOLUTE
    ../clib/printf.c                         0x00000000   Number         0  _printf_hex_ptr.o ABSOLUTE
    ../clib/printf.c                         0x00000000   Number         0  _printf_hex_int_ptr.o ABSOLUTE
    ../clib/printf.c                         0x00000000   Number         0  _printf_hex_ll_ptr.o ABSOLUTE
    ../clib/printf.c                         0x00000000   Number         0  _printf_hex_int_ll_ptr.o ABSOLUTE
    ../clib/printf.c                         0x00000000   Number         0  __printf_flags.o ABSOLUTE
    ../clib/printf.c                         0x00000000   Number         0  __printf_ss.o ABSOLUTE
    ../clib/printf.c                         0x00000000   Number         0  __printf_flags_ss.o ABSOLUTE
    ../clib/printf.c                         0x00000000   Number         0  __printf_wp.o ABSOLUTE
    ../clib/printf.c                         0x00000000   Number         0  __printf_flags_wp.o ABSOLUTE
    ../clib/printf.c                         0x00000000   Number         0  __printf_ss_wp.o ABSOLUTE
    ../clib/printf.c                         0x00000000   Number         0  __printf_flags_ss_wp.o ABSOLUTE
    ../clib/printf.c                         0x00000000   Number         0  _printf_intcommon.o ABSOLUTE
    ../clib/printf.c                         0x00000000   Number         0  _printf_fp_dec.o ABSOLUTE
    ../clib/printf.c                         0x00000000   Number         0  _printf_fp_dec_accurate.o ABSOLUTE
    ../clib/printf.c                         0x00000000   Number         0  _printf_fp_hex.o ABSOLUTE
    ../clib/printf.c                         0x00000000   Number         0  _printf_char_common.o ABSOLUTE
    ../clib/printf.c                         0x00000000   Number         0  _printf_char.o ABSOLUTE
    ../clib/printf.c                         0x00000000   Number         0  _printf_wchar.o ABSOLUTE
    ../clib/printf.c                         0x00000000   Number         0  _printf_fp_infnan.o ABSOLUTE
    ../clib/printf.c                         0x00000000   Number         0  __printf_nopercent.o ABSOLUTE
    ../clib/printf_percent.s                 0x00000000   Number         0  _printf_c.o ABSOLUTE
    ../clib/printf_percent.s                 0x00000000   Number         0  _printf_s.o ABSOLUTE
    ../clib/printf_percent.s                 0x00000000   Number         0  _printf_n.o ABSOLUTE
    ../clib/printf_percent.s                 0x00000000   Number         0  _printf_x.o ABSOLUTE
    ../clib/printf_percent.s                 0x00000000   Number         0  _printf_p.o ABSOLUTE
    ../clib/printf_percent.s                 0x00000000   Number         0  _printf_o.o ABSOLUTE
    ../clib/printf_percent.s                 0x00000000   Number         0  _printf_i.o ABSOLUTE
    ../clib/printf_percent.s                 0x00000000   Number         0  _printf_d.o ABSOLUTE
    ../clib/printf_percent.s                 0x00000000   Number         0  _printf_u.o ABSOLUTE
    ../clib/printf_percent.s                 0x00000000   Number         0  _printf_f.o ABSOLUTE
    ../clib/printf_percent.s                 0x00000000   Number         0  _printf_e.o ABSOLUTE
    ../clib/printf_percent.s                 0x00000000   Number         0  _printf_g.o ABSOLUTE
    ../clib/printf_percent.s                 0x00000000   Number         0  _printf_a.o ABSOLUTE
    ../clib/printf_percent.s                 0x00000000   Number         0  _printf_percent.o ABSOLUTE
    ../clib/printf_percent.s                 0x00000000   Number         0  _printf_lli.o ABSOLUTE
    ../clib/printf_percent.s                 0x00000000   Number         0  _printf_lld.o ABSOLUTE
    ../clib/printf_percent.s                 0x00000000   Number         0  _printf_llu.o ABSOLUTE
    ../clib/printf_percent.s                 0x00000000   Number         0  _printf_ll.o ABSOLUTE
    ../clib/printf_percent.s                 0x00000000   Number         0  _printf_l.o ABSOLUTE
    ../clib/printf_percent.s                 0x00000000   Number         0  _printf_lc.o ABSOLUTE
    ../clib/printf_percent.s                 0x00000000   Number         0  _printf_ls.o ABSOLUTE
    ../clib/printf_percent.s                 0x00000000   Number         0  _printf_llo.o ABSOLUTE
    ../clib/printf_percent.s                 0x00000000   Number         0  _printf_llx.o ABSOLUTE
    ../clib/printf_percent.s                 0x00000000   Number         0  _printf_percent_end.o ABSOLUTE
    ../clib/signal.c                         0x00000000   Number         0  defsig_rtmem_outer.o ABSOLUTE
    ../clib/signal.c                         0x00000000   Number         0  defsig_rtmem_formal.o ABSOLUTE
    ../clib/signal.c                         0x00000000   Number         0  defsig_exit.o ABSOLUTE
    ../clib/signal.c                         0x00000000   Number         0  defsig_rtmem_inner.o ABSOLUTE
    ../clib/signal.c                         0x00000000   Number         0  __raise.o ABSOLUTE
    ../clib/signal.c                         0x00000000   Number         0  defsig_general.o ABSOLUTE
    ../clib/signal.c                         0x00000000   Number         0  defsig_abrt_inner.o ABSOLUTE
    ../clib/signal.c                         0x00000000   Number         0  defsig_fpe_inner.o ABSOLUTE
    ../clib/signal.c                         0x00000000   Number         0  defsig_rtred_inner.o ABSOLUTE
    ../clib/signal.c                         0x00000000   Number         0  defsig_stak_inner.o ABSOLUTE
    ../clib/signal.c                         0x00000000   Number         0  defsig_pvfn_inner.o ABSOLUTE
    ../clib/signal.c                         0x00000000   Number         0  defsig_cppl_inner.o ABSOLUTE
    ../clib/signal.c                         0x00000000   Number         0  defsig_segv_inner.o ABSOLUTE
    ../clib/signal.c                         0x00000000   Number         0  defsig_other.o ABSOLUTE
    ../clib/signal.s                         0x00000000   Number         0  defsig.o ABSOLUTE
    ../clib/stdio.c                          0x00000000   Number         0  getc.o ABSOLUTE
    ../clib/stdio.c                          0x00000000   Number         0  putc.o ABSOLUTE
    ../clib/stdio.c                          0x00000000   Number         0  ferror.o ABSOLUTE
    ../clib/stdio.c                          0x00000000   Number         0  ferror_locked.o ABSOLUTE
    ../clib/stdlib.c                         0x00000000   Number         0  exit.o ABSOLUTE
    ../fplib/fpinit.s                        0x00000000   Number         0  fpinit.o ABSOLUTE
    ../fplib/fpinit_empty.s                  0x00000000   Number         0  fpinit_empty.o ABSOLUTE
    ../fplib/istatus.s                       0x00000000   Number         0  istatus.o ABSOLUTE
    ../fplib/printf1.s                       0x00000000   Number         0  printf1.o ABSOLUTE
    ../fplib/printf2.s                       0x00000000   Number         0  printf2.o ABSOLUTE
    ../fplib/printf2a.s                      0x00000000   Number         0  printf2a.o ABSOLUTE
    ../fplib/printf2b.s                      0x00000000   Number         0  printf2b.o ABSOLUTE
    ../fplib/usenofp.s                       0x00000000   Number         0  usenofp.o ABSOLUTE
    ../mathlib/fpclassify.c                  0x00000000   Number         0  fpclassify.o ABSOLUTE
    MDR32FxQI_bkp.c                          0x00000000   Number         0  mdr32fxqi_bkp.o ABSOLUTE
    MDR32FxQI_eeprom.c                       0x00000000   Number         0  mdr32fxqi_eeprom.o ABSOLUTE
    MDR32FxQI_port.c                         0x00000000   Number         0  mdr32fxqi_port.o ABSOLUTE
    MDR32FxQI_rst_clk.c                      0x00000000   Number         0  mdr32fxqi_rst_clk.o ABSOLUTE
    MDR32FxQI_uart.c                         0x00000000   Number         0  mdr32fxqi_uart.o ABSOLUTE
    RTE\Device\MDR32F9Q2I\startup_MDR32F9Q2I.S 0x00000000   Number         0  startup_mdr32f9q2i.o ABSOLUTE
    dc.s                                     0x00000000   Number         0  dc.o ABSOLUTE
    main.c                                   0x00000000   Number         0  main.o ABSOLUTE
    retarget_uart.c                          0x00000000   Number         0  retarget_uart.o ABSOLUTE
    system_MDR32F9Q2I.c                      0x00000000   Number         0  system_mdr32f9q2i.o ABSOLUTE
    RESET                                    0x08000000   Section      192  startup_mdr32f9q2i.o(RESET)
    !!!main                                  0x080000c0   Section        8  __main.o(!!!main)
    !!!scatter                               0x080000c8   Section       52  __scatter.o(!!!scatter)
    !!handler_copy                           0x080000fc   Section       26  __scatter_copy.o(!!handler_copy)
    !!handler_zi                             0x08000118   Section       28  __scatter_zi.o(!!handler_zi)
    .ARM.Collect$$_printf_percent$$00000000  0x08000134   Section        0  _printf_percent.o(.ARM.Collect$$_printf_percent$$00000000)
    .ARM.Collect$$_printf_percent$$00000001  0x08000134   Section        6  _printf_n.o(.ARM.Collect$$_printf_percent$$00000001)
    .ARM.Collect$$_printf_percent$$00000002  0x0800013a   Section        6  _printf_p.o(.ARM.Collect$$_printf_percent$$00000002)
    .ARM.Collect$$_printf_percent$$00000003  0x08000140   Section        6  _printf_f.o(.ARM.Collect$$_printf_percent$$00000003)
    .ARM.Collect$$_printf_percent$$00000004  0x08000146   Section        6  _printf_e.o(.ARM.Collect$$_printf_percent$$00000004)
    .ARM.Collect$$_printf_percent$$00000005  0x0800014c   Section        6  _printf_g.o(.ARM.Collect$$_printf_percent$$00000005)
    .ARM.Collect$$_printf_percent$$00000006  0x08000152   Section        6  _printf_a.o(.ARM.Collect$$_printf_percent$$00000006)
    .ARM.Collect$$_printf_percent$$00000007  0x08000158   Section       10  _printf_ll.o(.ARM.Collect$$_printf_percent$$00000007)
    .ARM.Collect$$_printf_percent$$00000008  0x08000162   Section        6  _printf_i.o(.ARM.Collect$$_printf_percent$$00000008)
    .ARM.Collect$$_printf_percent$$00000009  0x08000168   Section        6  _printf_d.o(.ARM.Collect$$_printf_percent$$00000009)
    .ARM.Collect$$_printf_percent$$0000000A  0x0800016e   Section        6  _printf_u.o(.ARM.Collect$$_printf_percent$$0000000A)
    .ARM.Collect$$_printf_percent$$0000000B  0x08000174   Section        6  _printf_o.o(.ARM.Collect$$_printf_percent$$0000000B)
    .ARM.Collect$$_printf_percent$$0000000C  0x0800017a   Section        6  _printf_x.o(.ARM.Collect$$_printf_percent$$0000000C)
    .ARM.Collect$$_printf_percent$$0000000D  0x08000180   Section        6  _printf_lli.o(.ARM.Collect$$_printf_percent$$0000000D)
    .ARM.Collect$$_printf_percent$$0000000E  0x08000186   Section        6  _printf_lld.o(.ARM.Collect$$_printf_percent$$0000000E)
    .ARM.Collect$$_printf_percent$$0000000F  0x0800018c   Section        6  _printf_llu.o(.ARM.Collect$$_printf_percent$$0000000F)
    .ARM.Collect$$_printf_percent$$00000010  0x08000192   Section        6  _printf_llo.o(.ARM.Collect$$_printf_percent$$00000010)
    .ARM.Collect$$_printf_percent$$00000011  0x08000198   Section        6  _printf_llx.o(.ARM.Collect$$_printf_percent$$00000011)
    .ARM.Collect$$_printf_percent$$00000012  0x0800019e   Section       10  _printf_l.o(.ARM.Collect$$_printf_percent$$00000012)
    .ARM.Collect$$_printf_percent$$00000013  0x080001a8   Section        6  _printf_c.o(.ARM.Collect$$_printf_percent$$00000013)
    .ARM.Collect$$_printf_percent$$00000014  0x080001ae   Section        6  _printf_s.o(.ARM.Collect$$_printf_percent$$00000014)
    .ARM.Collect$$_printf_percent$$00000015  0x080001b4   Section        6  _printf_lc.o(.ARM.Collect$$_printf_percent$$00000015)
    .ARM.Collect$$_printf_percent$$00000016  0x080001ba   Section        6  _printf_ls.o(.ARM.Collect$$_printf_percent$$00000016)
    .ARM.Collect$$_printf_percent$$00000017  0x080001c0   Section        4  _printf_percent_end.o(.ARM.Collect$$_printf_percent$$00000017)
    .ARM.Collect$$libinit$$00000000          0x080001c4   Section        2  libinit.o(.ARM.Collect$$libinit$$00000000)
    .ARM.Collect$$libinit$$00000002          0x080001c6   Section        0  libinit2.o(.ARM.Collect$$libinit$$00000002)
    .ARM.Collect$$libinit$$00000004          0x080001c6   Section        0  libinit2.o(.ARM.Collect$$libinit$$00000004)
    .ARM.Collect$$libinit$$00000006          0x080001c6   Section        0  libinit2.o(.ARM.Collect$$libinit$$00000006)
    .ARM.Collect$$libinit$$0000000C          0x080001c6   Section        0  libinit2.o(.ARM.Collect$$libinit$$0000000C)
    .ARM.Collect$$libinit$$0000000E          0x080001c6   Section        0  libinit2.o(.ARM.Collect$$libinit$$0000000E)
    .ARM.Collect$$libinit$$00000010          0x080001c6   Section        0  libinit2.o(.ARM.Collect$$libinit$$00000010)
    .ARM.Collect$$libinit$$00000011          0x080001c6   Section        6  libinit2.o(.ARM.Collect$$libinit$$00000011)
    .ARM.Collect$$libinit$$00000013          0x080001cc   Section        0  libinit2.o(.ARM.Collect$$libinit$$00000013)
    .ARM.Collect$$libinit$$00000014          0x080001cc   Section       12  libinit2.o(.ARM.Collect$$libinit$$00000014)
    .ARM.Collect$$libinit$$00000015          0x080001d8   Section        0  libinit2.o(.ARM.Collect$$libinit$$00000015)
    .ARM.Collect$$libinit$$00000017          0x080001d8   Section        0  libinit2.o(.ARM.Collect$$libinit$$00000017)
    .ARM.Collect$$libinit$$00000018          0x080001d8   Section       10  libinit2.o(.ARM.Collect$$libinit$$00000018)
    .ARM.Collect$$libinit$$00000019          0x080001e2   Section        0  libinit2.o(.ARM.Collect$$libinit$$00000019)
    .ARM.Collect$$libinit$$0000001B          0x080001e2   Section        0  libinit2.o(.ARM.Collect$$libinit$$0000001B)
    .ARM.Collect$$libinit$$0000001D          0x080001e2   Section        0  libinit2.o(.ARM.Collect$$libinit$$0000001D)
    .ARM.Collect$$libinit$$0000001F          0x080001e2   Section        0  libinit2.o(.ARM.Collect$$libinit$$0000001F)
    .ARM.Collect$$libinit$$00000021          0x080001e2   Section        0  libinit2.o(.ARM.Collect$$libinit$$00000021)
    .ARM.Collect$$libinit$$00000023          0x080001e2   Section        0  libinit2.o(.ARM.Collect$$libinit$$00000023)
    .ARM.Collect$$libinit$$00000025          0x080001e2   Section        0  libinit2.o(.ARM.Collect$$libinit$$00000025)
    .ARM.Collect$$libinit$$00000027          0x080001e2   Section        0  libinit2.o(.ARM.Collect$$libinit$$00000027)
    .ARM.Collect$$libinit$$0000002E          0x080001e2   Section        0  libinit2.o(.ARM.Collect$$libinit$$0000002E)
    .ARM.Collect$$libinit$$00000030          0x080001e2   Section        0  libinit2.o(.ARM.Collect$$libinit$$00000030)
    .ARM.Collect$$libinit$$00000032          0x080001e2   Section        0  libinit2.o(.ARM.Collect$$libinit$$00000032)
    .ARM.Collect$$libinit$$00000034          0x080001e2   Section        0  libinit2.o(.ARM.Collect$$libinit$$00000034)
    .ARM.Collect$$libinit$$00000035          0x080001e2   Section        2  libinit2.o(.ARM.Collect$$libinit$$00000035)
    .ARM.Collect$$libshutdown$$00000000      0x080001e4   Section        2  libshutdown.o(.ARM.Collect$$libshutdown$$00000000)
    .ARM.Collect$$libshutdown$$00000002      0x080001e6   Section        0  libshutdown2.o(.ARM.Collect$$libshutdown$$00000002)
    .ARM.Collect$$libshutdown$$00000004      0x080001e6   Section        0  libshutdown2.o(.ARM.Collect$$libshutdown$$00000004)
    .ARM.Collect$$libshutdown$$00000007      0x080001e6   Section        0  libshutdown2.o(.ARM.Collect$$libshutdown$$00000007)
    .ARM.Collect$$libshutdown$$0000000A      0x080001e6   Section        0  libshutdown2.o(.ARM.Collect$$libshutdown$$0000000A)
    .ARM.Collect$$libshutdown$$0000000C      0x080001e6   Section        0  libshutdown2.o(.ARM.Collect$$libshutdown$$0000000C)
    .ARM.Collect$$libshutdown$$0000000F      0x080001e6   Section        0  libshutdown2.o(.ARM.Collect$$libshutdown$$0000000F)
    .ARM.Collect$$libshutdown$$00000010      0x080001e6   Section        2  libshutdown2.o(.ARM.Collect$$libshutdown$$00000010)
    .ARM.Collect$$rtentry$$00000000          0x080001e8   Section        0  __rtentry.o(.ARM.Collect$$rtentry$$00000000)
    .ARM.Collect$$rtentry$$00000002          0x080001e8   Section        0  __rtentry2.o(.ARM.Collect$$rtentry$$00000002)
    .ARM.Collect$$rtentry$$00000004          0x080001e8   Section        6  __rtentry4.o(.ARM.Collect$$rtentry$$00000004)
    .ARM.Collect$$rtentry$$00000009          0x080001ee   Section        0  __rtentry2.o(.ARM.Collect$$rtentry$$00000009)
    .ARM.Collect$$rtentry$$0000000A          0x080001ee   Section        4  __rtentry2.o(.ARM.Collect$$rtentry$$0000000A)
    .ARM.Collect$$rtentry$$0000000C          0x080001f2   Section        0  __rtentry2.o(.ARM.Collect$$rtentry$$0000000C)
    .ARM.Collect$$rtentry$$0000000D          0x080001f2   Section        8  __rtentry2.o(.ARM.Collect$$rtentry$$0000000D)
    .ARM.Collect$$rtexit$$00000000           0x080001fa   Section        2  rtexit.o(.ARM.Collect$$rtexit$$00000000)
    .ARM.Collect$$rtexit$$00000002           0x080001fc   Section        0  rtexit2.o(.ARM.Collect$$rtexit$$00000002)
    .ARM.Collect$$rtexit$$00000003           0x080001fc   Section        4  rtexit2.o(.ARM.Collect$$rtexit$$00000003)
    .ARM.Collect$$rtexit$$00000004           0x08000200   Section        6  rtexit2.o(.ARM.Collect$$rtexit$$00000004)
    .text                                    0x08000208   Section       64  startup_mdr32f9q2i.o(.text)
    .text                                    0x08000248   Section        0  printf.o(.text)
    .text                                    0x08000260   Section        0  getc.o(.text)
    .text                                    0x08000264   Section        0  putc.o(.text)
    .text                                    0x08000268   Section        0  heapauxi.o(.text)
    .text                                    0x0800026e   Section        0  _printf_pad.o(.text)
    .text                                    0x080002bc   Section        0  _printf_truncate.o(.text)
    .text                                    0x080002e0   Section        0  _printf_str.o(.text)
    .text                                    0x08000334   Section        0  _printf_dec.o(.text)
    .text                                    0x080003ac   Section        0  _printf_charcount.o(.text)
    .text                                    0x080003d4   Section        0  _printf_char_file.o(.text)
    .text                                    0x080003f8   Section        0  _printf_wctomb.o(.text)
    .text                                    0x080004b4   Section        0  _printf_longlong_dec.o(.text)
    _printf_longlong_oct_internal            0x08000531   Thumb Code     0  _printf_oct_int_ll.o(.text)
    .text                                    0x08000530   Section        0  _printf_oct_int_ll.o(.text)
    _printf_hex_common                       0x080005a1   Thumb Code     0  _printf_hex_int_ll_ptr.o(.text)
    .text                                    0x080005a0   Section        0  _printf_hex_int_ll_ptr.o(.text)
    .text                                    0x08000634   Section        0  __printf_flags_ss_wp.o(.text)
    .text                                    0x080007bc   Section      138  lludiv10.o(.text)
    .text                                    0x08000846   Section        0  _printf_intcommon.o(.text)
    _fp_digits                               0x080008f9   Thumb Code   432  _printf_fp_dec.o(.text)
    .text                                    0x080008f8   Section        0  _printf_fp_dec.o(.text)
    .text                                    0x08000d14   Section        0  _printf_fp_hex.o(.text)
    _printf_input_char                       0x08001011   Thumb Code    10  _printf_char_common.o(.text)
    .text                                    0x08001010   Section        0  _printf_char_common.o(.text)
    .text                                    0x08001040   Section        0  _printf_char.o(.text)
    .text                                    0x0800106c   Section        0  _printf_wchar.o(.text)
    .text                                    0x08001098   Section        0  ferror.o(.text)
    .text                                    0x080010a0   Section        0  _c16rtomb.o(.text)
    .text                                    0x080010e8   Section       74  sys_stackheap_outer.o(.text)
    .text                                    0x08001134   Section       16  rt_ctype_table.o(.text)
    .text                                    0x08001144   Section        8  rt_locale_intlibspace.o(.text)
    .text                                    0x0800114c   Section        0  _printf_fp_infnan.o(.text)
    .text                                    0x080011cc   Section        0  bigflt0.o(.text)
    .text                                    0x080012b0   Section        0  exit.o(.text)
    .text                                    0x080012c4   Section        8  libspace.o(.text)
    .text                                    0x080012cc   Section      128  strcmpv7m.o(.text)
    .text                                    0x0800134c   Section        0  sys_exit.o(.text)
    .text                                    0x08001358   Section        2  use_no_semi.o(.text)
    .text                                    0x0800135a   Section        0  indicate_semi.o(.text)
    [Anonymous Symbol]                       0x0800135c   Section        0  mdr32fxqi_bkp.o(.text.BKP_DUccMode)
    [Anonymous Symbol]                       0x08001388   Section        0  main.o(.text.ClockConfigure)
    [Anonymous Symbol]                       0x08001404   Section        0  retarget_uart.o(.text.DebugUARTInit)
    [Anonymous Symbol]                       0x080014bc   Section        0  mdr32fxqi_eeprom.o(.text.EEPROM_SetLatency)
    [Anonymous Symbol]                       0x080014d4   Section        0  mdr32fxqi_port.o(.text.PORT_Init)
    [Anonymous Symbol]                       0x0800166c   Section        0  mdr32fxqi_port.o(.text.PORT_StructInit)
    [Anonymous Symbol]                       0x080016a4   Section        0  mdr32fxqi_rst_clk.o(.text.RST_CLK_CPU_PLLcmd)
    [Anonymous Symbol]                       0x080016bc   Section        0  mdr32fxqi_rst_clk.o(.text.RST_CLK_CPU_PLLconfig)
    [Anonymous Symbol]                       0x08001724   Section        0  mdr32fxqi_rst_clk.o(.text.RST_CLK_CPU_PLLstatus)
    [Anonymous Symbol]                       0x08001788   Section        0  mdr32fxqi_rst_clk.o(.text.RST_CLK_CPU_PLLuse)
    [Anonymous Symbol]                       0x080017a0   Section        0  mdr32fxqi_rst_clk.o(.text.RST_CLK_CPUclkPrescaler)
    [Anonymous Symbol]                       0x080017cc   Section        0  mdr32fxqi_rst_clk.o(.text.RST_CLK_CPUclkSelection)
    [Anonymous Symbol]                       0x080017f8   Section        0  mdr32fxqi_rst_clk.o(.text.RST_CLK_DeInit)
    [Anonymous Symbol]                       0x08001824   Section        0  mdr32fxqi_rst_clk.o(.text.RST_CLK_GetClocksFreq)
    [Anonymous Symbol]                       0x08001af0   Section        0  mdr32fxqi_rst_clk.o(.text.RST_CLK_GetFlagStatus)
    [Anonymous Symbol]                       0x08001b48   Section        0  mdr32fxqi_rst_clk.o(.text.RST_CLK_HSEconfig)
    [Anonymous Symbol]                       0x08001b98   Section        0  mdr32fxqi_rst_clk.o(.text.RST_CLK_HSEstatus)
    [Anonymous Symbol]                       0x08001bfc   Section        0  mdr32fxqi_rst_clk.o(.text.RST_CLK_HSIcmd)
    [Anonymous Symbol]                       0x08001c14   Section        0  mdr32fxqi_rst_clk.o(.text.RST_CLK_HSIstatus)
    [Anonymous Symbol]                       0x08001c78   Section        0  mdr32fxqi_rst_clk.o(.text.RST_CLK_PCLKcmd)
    [Anonymous Symbol]                       0x08001cac   Section        0  mdr32fxqi_rst_clk.o(.text.RST_CLK_WarmDeInit)
    [Anonymous Symbol]                       0x08001d3c   Section        0  system_mdr32f9q2i.o(.text.SystemCoreClockUpdate)
    [Anonymous Symbol]                       0x08001e2c   Section        0  system_mdr32f9q2i.o(.text.SystemInit)
    [Anonymous Symbol]                       0x08001e90   Section        0  mdr32fxqi_uart.o(.text.UART_BRGInit)
    [Anonymous Symbol]                       0x08001f0c   Section        0  mdr32fxqi_uart.o(.text.UART_Cmd)
    [Anonymous Symbol]                       0x08001f3c   Section        0  mdr32fxqi_uart.o(.text.UART_DeInit)
    [Anonymous Symbol]                       0x08001f7c   Section        0  mdr32fxqi_uart.o(.text.UART_GetFlagStatus)
    [Anonymous Symbol]                       0x08001fac   Section        0  mdr32fxqi_uart.o(.text.UART_Init)
    [Anonymous Symbol]                       0x080020bc   Section        0  mdr32fxqi_uart.o(.text.UART_ReceiveData)
    [Anonymous Symbol]                       0x080020cc   Section        0  mdr32fxqi_uart.o(.text.UART_SendData)
    [Anonymous Symbol]                       0x080020e0   Section        0  retarget_uart.o(.text.fgetc)
    [Anonymous Symbol]                       0x08002110   Section        0  retarget_uart.o(.text.fputc)
    [Anonymous Symbol]                       0x08002148   Section        0  main.o(.text.main)
    CL$$btod_d2e                             0x080021a6   Section       62  btod.o(CL$$btod_d2e)
    CL$$btod_d2e_denorm_low                  0x080021e4   Section       70  btod.o(CL$$btod_d2e_denorm_low)
    CL$$btod_d2e_norm_op1                    0x0800222a   Section       96  btod.o(CL$$btod_d2e_norm_op1)
    CL$$btod_div_common                      0x0800228c   Section      824  btod.o(CL$$btod_div_common)
    CL$$btod_e2e                             0x080025c4   Section      220  btod.o(CL$$btod_e2e)
    CL$$btod_ediv                            0x080026a0   Section       42  btod.o(CL$$btod_ediv)
    CL$$btod_emul                            0x080026ca   Section       42  btod.o(CL$$btod_emul)
    CL$$btod_mult_common                     0x080026f4   Section      580  btod.o(CL$$btod_mult_common)
    i.__ARM_fpclassify                       0x08002938   Section        0  fpclassify.o(i.__ARM_fpclassify)
    i._is_digit                              0x08002960   Section        0  __printf_wp.o(i._is_digit)
    locale$$code                             0x08002970   Section       44  lc_numeric_c.o(locale$$code)
    locale$$code                             0x0800299c   Section       44  lc_ctype_c.o(locale$$code)
    x$fpl$printf1                            0x080029c8   Section        4  printf1.o(x$fpl$printf1)
    x$fpl$printf2                            0x080029cc   Section        4  printf2.o(x$fpl$printf2)
    initial_mbstate                          0x080029d0   Data           8  _printf_wctomb.o(.constdata)
    .constdata                               0x080029d0   Section        8  _printf_wctomb.o(.constdata)
    x$fpl$usenofp                            0x080029d0   Section        0  usenofp.o(x$fpl$usenofp)
    uc_hextab                                0x080029d8   Data          20  _printf_hex_int_ll_ptr.o(.constdata)
    .constdata                               0x080029d8   Section       40  _printf_hex_int_ll_ptr.o(.constdata)
    lc_hextab                                0x080029ec   Data          20  _printf_hex_int_ll_ptr.o(.constdata)
    maptable                                 0x08002a00   Data          17  __printf_flags_ss_wp.o(.constdata)
    .constdata                               0x08002a00   Section       17  __printf_flags_ss_wp.o(.constdata)
    lc_hextab                                0x08002a11   Data          19  _printf_fp_hex.o(.constdata)
    .constdata                               0x08002a11   Section       38  _printf_fp_hex.o(.constdata)
    uc_hextab                                0x08002a24   Data          19  _printf_fp_hex.o(.constdata)
    tenpwrs_x                                0x08002a38   Data          60  bigflt0.o(.constdata)
    .constdata                               0x08002a38   Section      148  bigflt0.o(.constdata)
    tenpwrs_i                                0x08002a74   Data          64  bigflt0.o(.constdata)
    .L.str.2                                 0x08002acc   Data          14  main.o(.rodata.str1.1)
    [Anonymous Symbol]                       0x08002acc   Section        0  main.o(.rodata.str1.1)
    .L.str                                   0x08002ada   Data          58  main.o(.rodata.str1.1)
    .L.str.1                                 0x08002b14   Data          54  main.o(.rodata.str1.1)
    .L.str.1                                 0x08002b4a   Data          25  retarget_uart.o(.rodata.str1.1)
    [Anonymous Symbol]                       0x08002b4a   Section        0  retarget_uart.o(.rodata.str1.1)
    .L.str                                   0x08002b63   Data          37  retarget_uart.o(.rodata.str1.1)
    locale$$data                             0x08002ba8   Section       28  lc_numeric_c.o(locale$$data)
    __lcnum_c_name                           0x08002bac   Data           2  lc_numeric_c.o(locale$$data)
    __lcnum_c_start                          0x08002bb4   Data           0  lc_numeric_c.o(locale$$data)
    __lcnum_c_point                          0x08002bc0   Data           0  lc_numeric_c.o(locale$$data)
    __lcnum_c_thousands                      0x08002bc2   Data           0  lc_numeric_c.o(locale$$data)
    __lcnum_c_grouping                       0x08002bc3   Data           0  lc_numeric_c.o(locale$$data)
    __lcnum_c_end                            0x08002bc4   Data           0  lc_numeric_c.o(locale$$data)
    locale$$data                             0x08002bc4   Section      272  lc_ctype_c.o(locale$$data)
    __lcctype_c_name                         0x08002bc8   Data           2  lc_ctype_c.o(locale$$data)
    __lcctype_c_start                        0x08002bd0   Data           0  lc_ctype_c.o(locale$$data)
    __lcctype_c_end                          0x08002cd4   Data           0  lc_ctype_c.o(locale$$data)
    .bss                                     0x20000008   Section       96  libspace.o(.bss)
    Heap_Mem                                 0x20000118   Data         512  startup_mdr32f9q2i.o(HEAP)
    HEAP                                     0x20000118   Section      512  startup_mdr32f9q2i.o(HEAP)
    Stack_Mem                                0x20000318   Data        1024  startup_mdr32f9q2i.o(STACK)
    STACK                                    0x20000318   Section     1024  startup_mdr32f9q2i.o(STACK)
    __initial_sp                             0x20000718   Data           0  startup_mdr32f9q2i.o(STACK)

    Global Symbols

    Symbol Name                              Value     Ov Type        Size  Object(Section)

    BuildAttributes$$THM_ISAv4$P$D$K$B$S$PE$A:L22UL41UL21$X:L11$S22US41US21$IEEE1$IW$~IW$USESV6$~STKCKD$USESV7$~SHL$OTIME$ROPI$IEEEJ$EBA8$UX$STANDARDLIB$REQ8$PRES8$EABIv2 0x00000000   Number         0  anon$$obj.o ABSOLUTE
    __fp_init_empty                          0x00000000   Number         0  fpinit_empty.o ABSOLUTE
    _printf_flags                            0x00000000   Number         0  printf_stubs.o ABSOLUTE
    _printf_return_value                     0x00000000   Number         0  printf_stubs.o ABSOLUTE
    _printf_sizespec                         0x00000000   Number         0  printf_stubs.o ABSOLUTE
    _printf_widthprec                        0x00000000   Number         0  printf_stubs.o ABSOLUTE
    __ARM_exceptions_init                     - Undefined Weak Reference
    __alloca_initialize                       - Undefined Weak Reference
    __arm_preinit_                            - Undefined Weak Reference
    __arm_relocate_pie_                       - Undefined Weak Reference
    __cpp_initialize__aeabi_                  - Undefined Weak Reference
    __cxa_finalize                            - Undefined Weak Reference
    __sigvec_lookup                           - Undefined Weak Reference
    _atexit_init                              - Undefined Weak Reference
    _call_atexit_fns                          - Undefined Weak Reference
    _clock_init                               - Undefined Weak Reference
    _fp_trap_init                             - Undefined Weak Reference
    _fp_trap_shutdown                         - Undefined Weak Reference
    _get_lc_collate                           - Undefined Weak Reference
    _get_lc_monetary                          - Undefined Weak Reference
    _get_lc_time                              - Undefined Weak Reference
    _getenv_init                              - Undefined Weak Reference
    _handle_redirection                       - Undefined Weak Reference
    _init_alloc                               - Undefined Weak Reference
    _init_user_alloc                          - Undefined Weak Reference
    _initio                                   - Undefined Weak Reference
    _mutex_acquire                            - Undefined Weak Reference
    _mutex_release                            - Undefined Weak Reference
    _printf_mbtowc                            - Undefined Weak Reference
    _printf_wc                                - Undefined Weak Reference
    _rand_init                                - Undefined Weak Reference
    _signal_finish                            - Undefined Weak Reference
    _signal_init                              - Undefined Weak Reference
    _terminate_alloc                          - Undefined Weak Reference
    _terminate_user_alloc                     - Undefined Weak Reference
    _terminateio                              - Undefined Weak Reference
    __Vectors_Size                           0x000000c0   Number         0  startup_mdr32f9q2i.o ABSOLUTE
    __Vectors                                0x08000000   Data           4  startup_mdr32f9q2i.o(RESET)
    __Vectors_End                            0x080000c0   Data           0  startup_mdr32f9q2i.o(RESET)
    __main                                   0x080000c1   Thumb Code     8  __main.o(!!!main)
    __scatterload                            0x080000c9   Thumb Code     0  __scatter.o(!!!scatter)
    __scatterload_rt2                        0x080000c9   Thumb Code    44  __scatter.o(!!!scatter)
    __scatterload_rt2_thumb_only             0x080000c9   Thumb Code     0  __scatter.o(!!!scatter)
    __scatterload_null                       0x080000d7   Thumb Code     0  __scatter.o(!!!scatter)
    __scatterload_copy                       0x080000fd   Thumb Code    26  __scatter_copy.o(!!handler_copy)
    __scatterload_zeroinit                   0x08000119   Thumb Code    28  __scatter_zi.o(!!handler_zi)
    _printf_n                                0x08000135   Thumb Code     0  _printf_n.o(.ARM.Collect$$_printf_percent$$00000001)
    _printf_percent                          0x08000135   Thumb Code     0  _printf_percent.o(.ARM.Collect$$_printf_percent$$00000000)
    _printf_p                                0x0800013b   Thumb Code     0  _printf_p.o(.ARM.Collect$$_printf_percent$$00000002)
    _printf_f                                0x08000141   Thumb Code     0  _printf_f.o(.ARM.Collect$$_printf_percent$$00000003)
    _printf_e                                0x08000147   Thumb Code     0  _printf_e.o(.ARM.Collect$$_printf_percent$$00000004)
    _printf_g                                0x0800014d   Thumb Code     0  _printf_g.o(.ARM.Collect$$_printf_percent$$00000005)
    _printf_a                                0x08000153   Thumb Code     0  _printf_a.o(.ARM.Collect$$_printf_percent$$00000006)
    _printf_ll                               0x08000159   Thumb Code     0  _printf_ll.o(.ARM.Collect$$_printf_percent$$00000007)
    _printf_i                                0x08000163   Thumb Code     0  _printf_i.o(.ARM.Collect$$_printf_percent$$00000008)
    _printf_d                                0x08000169   Thumb Code     0  _printf_d.o(.ARM.Collect$$_printf_percent$$00000009)
    _printf_u                                0x0800016f   Thumb Code     0  _printf_u.o(.ARM.Collect$$_printf_percent$$0000000A)
    _printf_o                                0x08000175   Thumb Code     0  _printf_o.o(.ARM.Collect$$_printf_percent$$0000000B)
    _printf_x                                0x0800017b   Thumb Code     0  _printf_x.o(.ARM.Collect$$_printf_percent$$0000000C)
    _printf_lli                              0x08000181   Thumb Code     0  _printf_lli.o(.ARM.Collect$$_printf_percent$$0000000D)
    _printf_lld                              0x08000187   Thumb Code     0  _printf_lld.o(.ARM.Collect$$_printf_percent$$0000000E)
    _printf_llu                              0x0800018d   Thumb Code     0  _printf_llu.o(.ARM.Collect$$_printf_percent$$0000000F)
    _printf_llo                              0x08000193   Thumb Code     0  _printf_llo.o(.ARM.Collect$$_printf_percent$$00000010)
    _printf_llx                              0x08000199   Thumb Code     0  _printf_llx.o(.ARM.Collect$$_printf_percent$$00000011)
    _printf_l                                0x0800019f   Thumb Code     0  _printf_l.o(.ARM.Collect$$_printf_percent$$00000012)
    _printf_c                                0x080001a9   Thumb Code     0  _printf_c.o(.ARM.Collect$$_printf_percent$$00000013)
    _printf_s                                0x080001af   Thumb Code     0  _printf_s.o(.ARM.Collect$$_printf_percent$$00000014)
    _printf_lc                               0x080001b5   Thumb Code     0  _printf_lc.o(.ARM.Collect$$_printf_percent$$00000015)
    _printf_ls                               0x080001bb   Thumb Code     0  _printf_ls.o(.ARM.Collect$$_printf_percent$$00000016)
    _printf_percent_end                      0x080001c1   Thumb Code     0  _printf_percent_end.o(.ARM.Collect$$_printf_percent$$00000017)
    __rt_lib_init                            0x080001c5   Thumb Code     0  libinit.o(.ARM.Collect$$libinit$$00000000)
    __rt_lib_init_fp_1                       0x080001c7   Thumb Code     0  libinit2.o(.ARM.Collect$$libinit$$00000002)
    __rt_lib_init_heap_1                     0x080001c7   Thumb Code     0  libinit2.o(.ARM.Collect$$libinit$$0000000C)
    __rt_lib_init_lc_common                  0x080001c7   Thumb Code     0  libinit2.o(.ARM.Collect$$libinit$$00000011)
    __rt_lib_init_preinit_1                  0x080001c7   Thumb Code     0  libinit2.o(.ARM.Collect$$libinit$$00000006)
    __rt_lib_init_rand_1                     0x080001c7   Thumb Code     0  libinit2.o(.ARM.Collect$$libinit$$00000010)
    __rt_lib_init_relocate_pie_1             0x080001c7   Thumb Code     0  libinit2.o(.ARM.Collect$$libinit$$00000004)
    __rt_lib_init_user_alloc_1               0x080001c7   Thumb Code     0  libinit2.o(.ARM.Collect$$libinit$$0000000E)
    __rt_lib_init_lc_collate_1               0x080001cd   Thumb Code     0  libinit2.o(.ARM.Collect$$libinit$$00000013)
    __rt_lib_init_lc_ctype_2                 0x080001cd   Thumb Code     0  libinit2.o(.ARM.Collect$$libinit$$00000014)
    __rt_lib_init_lc_ctype_1                 0x080001d9   Thumb Code     0  libinit2.o(.ARM.Collect$$libinit$$00000015)
    __rt_lib_init_lc_monetary_1              0x080001d9   Thumb Code     0  libinit2.o(.ARM.Collect$$libinit$$00000017)
    __rt_lib_init_lc_numeric_2               0x080001d9   Thumb Code     0  libinit2.o(.ARM.Collect$$libinit$$00000018)
    __rt_lib_init_alloca_1                   0x080001e3   Thumb Code     0  libinit2.o(.ARM.Collect$$libinit$$00000030)
    __rt_lib_init_argv_1                     0x080001e3   Thumb Code     0  libinit2.o(.ARM.Collect$$libinit$$0000002E)
    __rt_lib_init_atexit_1                   0x080001e3   Thumb Code     0  libinit2.o(.ARM.Collect$$libinit$$0000001D)
    __rt_lib_init_clock_1                    0x080001e3   Thumb Code     0  libinit2.o(.ARM.Collect$$libinit$$00000023)
    __rt_lib_init_cpp_1                      0x080001e3   Thumb Code     0  libinit2.o(.ARM.Collect$$libinit$$00000034)
    __rt_lib_init_exceptions_1               0x080001e3   Thumb Code     0  libinit2.o(.ARM.Collect$$libinit$$00000032)
    __rt_lib_init_fp_trap_1                  0x080001e3   Thumb Code     0  libinit2.o(.ARM.Collect$$libinit$$00000021)
    __rt_lib_init_getenv_1                   0x080001e3   Thumb Code     0  libinit2.o(.ARM.Collect$$libinit$$00000025)
    __rt_lib_init_lc_numeric_1               0x080001e3   Thumb Code     0  libinit2.o(.ARM.Collect$$libinit$$00000019)
    __rt_lib_init_lc_time_1                  0x080001e3   Thumb Code     0  libinit2.o(.ARM.Collect$$libinit$$0000001B)
    __rt_lib_init_return                     0x080001e3   Thumb Code     0  libinit2.o(.ARM.Collect$$libinit$$00000035)
    __rt_lib_init_signal_1                   0x080001e3   Thumb Code     0  libinit2.o(.ARM.Collect$$libinit$$0000001F)
    __rt_lib_init_stdio_1                    0x080001e3   Thumb Code     0  libinit2.o(.ARM.Collect$$libinit$$00000027)
    __rt_lib_shutdown                        0x080001e5   Thumb Code     0  libshutdown.o(.ARM.Collect$$libshutdown$$00000000)
    __rt_lib_shutdown_cpp_1                  0x080001e7   Thumb Code     0  libshutdown2.o(.ARM.Collect$$libshutdown$$00000002)
    __rt_lib_shutdown_fp_trap_1              0x080001e7   Thumb Code     0  libshutdown2.o(.ARM.Collect$$libshutdown$$00000007)
    __rt_lib_shutdown_heap_1                 0x080001e7   Thumb Code     0  libshutdown2.o(.ARM.Collect$$libshutdown$$0000000F)
    __rt_lib_shutdown_return                 0x080001e7   Thumb Code     0  libshutdown2.o(.ARM.Collect$$libshutdown$$00000010)
    __rt_lib_shutdown_signal_1               0x080001e7   Thumb Code     0  libshutdown2.o(.ARM.Collect$$libshutdown$$0000000A)
    __rt_lib_shutdown_stdio_1                0x080001e7   Thumb Code     0  libshutdown2.o(.ARM.Collect$$libshutdown$$00000004)
    __rt_lib_shutdown_user_alloc_1           0x080001e7   Thumb Code     0  libshutdown2.o(.ARM.Collect$$libshutdown$$0000000C)
    __rt_entry                               0x080001e9   Thumb Code     0  __rtentry.o(.ARM.Collect$$rtentry$$00000000)
    __rt_entry_presh_1                       0x080001e9   Thumb Code     0  __rtentry2.o(.ARM.Collect$$rtentry$$00000002)
    __rt_entry_sh                            0x080001e9   Thumb Code     0  __rtentry4.o(.ARM.Collect$$rtentry$$00000004)
    __rt_entry_li                            0x080001ef   Thumb Code     0  __rtentry2.o(.ARM.Collect$$rtentry$$0000000A)
    __rt_entry_postsh_1                      0x080001ef   Thumb Code     0  __rtentry2.o(.ARM.Collect$$rtentry$$00000009)
    __rt_entry_main                          0x080001f3   Thumb Code     0  __rtentry2.o(.ARM.Collect$$rtentry$$0000000D)
    __rt_entry_postli_1                      0x080001f3   Thumb Code     0  __rtentry2.o(.ARM.Collect$$rtentry$$0000000C)
    __rt_exit                                0x080001fb   Thumb Code     0  rtexit.o(.ARM.Collect$$rtexit$$00000000)
    __rt_exit_ls                             0x080001fd   Thumb Code     0  rtexit2.o(.ARM.Collect$$rtexit$$00000003)
    __rt_exit_prels_1                        0x080001fd   Thumb Code     0  rtexit2.o(.ARM.Collect$$rtexit$$00000002)
    __rt_exit_exit                           0x08000201   Thumb Code     0  rtexit2.o(.ARM.Collect$$rtexit$$00000004)
    Reset_Handler                            0x08000209   Thumb Code     8  startup_mdr32f9q2i.o(.text)
    NMI_Handler                              0x08000211   Thumb Code     2  startup_mdr32f9q2i.o(.text)
    HardFault_Handler                        0x08000213   Thumb Code     2  startup_mdr32f9q2i.o(.text)
    MemManage_Handler                        0x08000215   Thumb Code     2  startup_mdr32f9q2i.o(.text)
    BusFault_Handler                         0x08000217   Thumb Code     2  startup_mdr32f9q2i.o(.text)
    UsageFault_Handler                       0x08000219   Thumb Code     2  startup_mdr32f9q2i.o(.text)
    SVC_Handler                              0x0800021b   Thumb Code     2  startup_mdr32f9q2i.o(.text)
    DebugMon_Handler                         0x0800021d   Thumb Code     2  startup_mdr32f9q2i.o(.text)
    PendSV_Handler                           0x0800021f   Thumb Code     2  startup_mdr32f9q2i.o(.text)
    SysTick_Handler                          0x08000221   Thumb Code     2  startup_mdr32f9q2i.o(.text)
    ADC_IRQHandler                           0x08000223   Thumb Code     0  startup_mdr32f9q2i.o(.text)
    BACKUP_IRQHandler                        0x08000223   Thumb Code     0  startup_mdr32f9q2i.o(.text)
    CAN1_IRQHandler                          0x08000223   Thumb Code     0  startup_mdr32f9q2i.o(.text)
    CAN2_IRQHandler                          0x08000223   Thumb Code     0  startup_mdr32f9q2i.o(.text)
    COMPARATOR_IRQHandler                    0x08000223   Thumb Code     0  startup_mdr32f9q2i.o(.text)
    DMA_IRQHandler                           0x08000223   Thumb Code     0  startup_mdr32f9q2i.o(.text)
    EXT_INT1_IRQHandler                      0x08000223   Thumb Code     0  startup_mdr32f9q2i.o(.text)
    EXT_INT2_IRQHandler                      0x08000223   Thumb Code     0  startup_mdr32f9q2i.o(.text)
    EXT_INT3_IRQHandler                      0x08000223   Thumb Code     0  startup_mdr32f9q2i.o(.text)
    EXT_INT4_IRQHandler                      0x08000223   Thumb Code     0  startup_mdr32f9q2i.o(.text)
    I2C_IRQHandler                           0x08000223   Thumb Code     0  startup_mdr32f9q2i.o(.text)
    POWER_IRQHandler                         0x08000223   Thumb Code     0  startup_mdr32f9q2i.o(.text)
    SSP1_IRQHandler                          0x08000223   Thumb Code     0  startup_mdr32f9q2i.o(.text)
    SSP2_IRQHandler                          0x08000223   Thumb Code     0  startup_mdr32f9q2i.o(.text)
    Timer1_IRQHandler                        0x08000223   Thumb Code     0  startup_mdr32f9q2i.o(.text)
    Timer2_IRQHandler                        0x08000223   Thumb Code     0  startup_mdr32f9q2i.o(.text)
    Timer3_IRQHandler                        0x08000223   Thumb Code     0  startup_mdr32f9q2i.o(.text)
    UART1_IRQHandler                         0x08000223   Thumb Code     0  startup_mdr32f9q2i.o(.text)
    UART2_IRQHandler                         0x08000223   Thumb Code     0  startup_mdr32f9q2i.o(.text)
    USB_IRQHandler                           0x08000223   Thumb Code     0  startup_mdr32f9q2i.o(.text)
    WWDG_IRQHandler                          0x08000223   Thumb Code     0  startup_mdr32f9q2i.o(.text)
    __user_initial_stackheap                 0x08000225   Thumb Code     0  startup_mdr32f9q2i.o(.text)
    printf                                   0x08000249   Thumb Code    20  printf.o(.text)
    getc                                     0x08000261   Thumb Code     4  getc.o(.text)
    putc                                     0x08000265   Thumb Code     4  putc.o(.text)
    __use_two_region_memory                  0x08000269   Thumb Code     2  heapauxi.o(.text)
    __rt_heap_escrow$2region                 0x0800026b   Thumb Code     2  heapauxi.o(.text)
    __rt_heap_expand$2region                 0x0800026d   Thumb Code     2  heapauxi.o(.text)
    _printf_pre_padding                      0x0800026f   Thumb Code    44  _printf_pad.o(.text)
    _printf_post_padding                     0x0800029b   Thumb Code    34  _printf_pad.o(.text)
    _printf_truncate_signed                  0x080002bd   Thumb Code    18  _printf_truncate.o(.text)
    _printf_truncate_unsigned                0x080002cf   Thumb Code    18  _printf_truncate.o(.text)
    _printf_str                              0x080002e1   Thumb Code    82  _printf_str.o(.text)
    _printf_int_dec                          0x08000335   Thumb Code   104  _printf_dec.o(.text)
    _printf_charcount                        0x080003ad   Thumb Code    40  _printf_charcount.o(.text)
    _printf_char_file                        0x080003d5   Thumb Code    32  _printf_char_file.o(.text)
    _printf_wctomb                           0x080003f9   Thumb Code   182  _printf_wctomb.o(.text)
    _printf_longlong_dec                     0x080004b5   Thumb Code   108  _printf_longlong_dec.o(.text)
    _printf_longlong_oct                     0x08000531   Thumb Code    68  _printf_oct_int_ll.o(.text)
    _printf_int_oct                          0x08000575   Thumb Code    24  _printf_oct_int_ll.o(.text)
    _printf_ll_oct                           0x0800058d   Thumb Code    12  _printf_oct_int_ll.o(.text)
    _printf_longlong_hex                     0x080005a1   Thumb Code    86  _printf_hex_int_ll_ptr.o(.text)
    _printf_int_hex                          0x080005f7   Thumb Code    28  _printf_hex_int_ll_ptr.o(.text)
    _printf_ll_hex                           0x08000613   Thumb Code    12  _printf_hex_int_ll_ptr.o(.text)
    _printf_hex_ptr                          0x0800061f   Thumb Code    18  _printf_hex_int_ll_ptr.o(.text)
    __printf                                 0x08000635   Thumb Code   388  __printf_flags_ss_wp.o(.text)
    _ll_udiv10                               0x080007bd   Thumb Code   138  lludiv10.o(.text)
    _printf_int_common                       0x08000847   Thumb Code   178  _printf_intcommon.o(.text)
    _printf_fp_dec_real                      0x08000aa9   Thumb Code   620  _printf_fp_dec.o(.text)
    _printf_fp_hex_real                      0x08000d15   Thumb Code   756  _printf_fp_hex.o(.text)
    _printf_char_common                      0x0800101b   Thumb Code    32  _printf_char_common.o(.text)
    _printf_cs_common                        0x08001041   Thumb Code    20  _printf_char.o(.text)
    _printf_char                             0x08001055   Thumb Code    16  _printf_char.o(.text)
    _printf_string                           0x08001065   Thumb Code     8  _printf_char.o(.text)
    _printf_lcs_common                       0x0800106d   Thumb Code    20  _printf_wchar.o(.text)
    _printf_wchar                            0x08001081   Thumb Code    16  _printf_wchar.o(.text)
    _printf_wstring                          0x08001091   Thumb Code     8  _printf_wchar.o(.text)
    ferror                                   0x08001099   Thumb Code     8  ferror.o(.text)
    _c16rtomb                                0x080010a1   Thumb Code    72  _c16rtomb.o(.text)
    _wcrtomb                                 0x080010a1   Thumb Code     0  _c16rtomb.o(.text)
    __user_setup_stackheap                   0x080010e9   Thumb Code    74  sys_stackheap_outer.o(.text)
    __rt_ctype_table                         0x08001135   Thumb Code    16  rt_ctype_table.o(.text)
    __rt_locale                              0x08001145   Thumb Code     8  rt_locale_intlibspace.o(.text)
    _printf_fp_infnan                        0x0800114d   Thumb Code   112  _printf_fp_infnan.o(.text)
    _btod_etento                             0x080011cd   Thumb Code   224  bigflt0.o(.text)
    exit                                     0x080012b1   Thumb Code    18  exit.o(.text)
    __user_libspace                          0x080012c5   Thumb Code     8  libspace.o(.text)
    __user_perproc_libspace                  0x080012c5   Thumb Code     0  libspace.o(.text)
    __user_perthread_libspace                0x080012c5   Thumb Code     0  libspace.o(.text)
    strcmp                                   0x080012cd   Thumb Code   128  strcmpv7m.o(.text)
    _sys_exit                                0x0800134d   Thumb Code     8  sys_exit.o(.text)
    __I$use$semihosting                      0x08001359   Thumb Code     0  use_no_semi.o(.text)
    __use_no_semihosting_swi                 0x08001359   Thumb Code     2  use_no_semi.o(.text)
    __semihosting_library_function           0x0800135b   Thumb Code     0  indicate_semi.o(.text)
    BKP_DUccMode                             0x0800135d   Thumb Code    44  mdr32fxqi_bkp.o(.text.BKP_DUccMode)
    ClockConfigure                           0x08001389   Thumb Code   122  main.o(.text.ClockConfigure)
    DebugUARTInit                            0x08001405   Thumb Code   182  retarget_uart.o(.text.DebugUARTInit)
    EEPROM_SetLatency                        0x080014bd   Thumb Code    24  mdr32fxqi_eeprom.o(.text.EEPROM_SetLatency)
    PORT_Init                                0x080014d5   Thumb Code   406  mdr32fxqi_port.o(.text.PORT_Init)
    PORT_StructInit                          0x0800166d   Thumb Code    54  mdr32fxqi_port.o(.text.PORT_StructInit)
    RST_CLK_CPU_PLLcmd                       0x080016a5   Thumb Code    22  mdr32fxqi_rst_clk.o(.text.RST_CLK_CPU_PLLcmd)
    RST_CLK_CPU_PLLconfig                    0x080016bd   Thumb Code   104  mdr32fxqi_rst_clk.o(.text.RST_CLK_CPU_PLLconfig)
    RST_CLK_CPU_PLLstatus                    0x08001725   Thumb Code   100  mdr32fxqi_rst_clk.o(.text.RST_CLK_CPU_PLLstatus)
    RST_CLK_CPU_PLLuse                       0x08001789   Thumb Code    24  mdr32fxqi_rst_clk.o(.text.RST_CLK_CPU_PLLuse)
    RST_CLK_CPUclkPrescaler                  0x080017a1   Thumb Code    44  mdr32fxqi_rst_clk.o(.text.RST_CLK_CPUclkPrescaler)
    RST_CLK_CPUclkSelection                  0x080017cd   Thumb Code    42  mdr32fxqi_rst_clk.o(.text.RST_CLK_CPUclkSelection)
    RST_CLK_DeInit                           0x080017f9   Thumb Code    42  mdr32fxqi_rst_clk.o(.text.RST_CLK_DeInit)
    RST_CLK_GetClocksFreq                    0x08001825   Thumb Code   714  mdr32fxqi_rst_clk.o(.text.RST_CLK_GetClocksFreq)
    RST_CLK_GetFlagStatus                    0x08001af1   Thumb Code    88  mdr32fxqi_rst_clk.o(.text.RST_CLK_GetFlagStatus)
    RST_CLK_HSEconfig                        0x08001b49   Thumb Code    80  mdr32fxqi_rst_clk.o(.text.RST_CLK_HSEconfig)
    RST_CLK_HSEstatus                        0x08001b99   Thumb Code   100  mdr32fxqi_rst_clk.o(.text.RST_CLK_HSEstatus)
    RST_CLK_HSIcmd                           0x08001bfd   Thumb Code    24  mdr32fxqi_rst_clk.o(.text.RST_CLK_HSIcmd)
    RST_CLK_HSIstatus                        0x08001c15   Thumb Code   100  mdr32fxqi_rst_clk.o(.text.RST_CLK_HSIstatus)
    RST_CLK_PCLKcmd                          0x08001c79   Thumb Code    52  mdr32fxqi_rst_clk.o(.text.RST_CLK_PCLKcmd)
    RST_CLK_WarmDeInit                       0x08001cad   Thumb Code   142  mdr32fxqi_rst_clk.o(.text.RST_CLK_WarmDeInit)
    SystemCoreClockUpdate                    0x08001d3d   Thumb Code   238  system_mdr32f9q2i.o(.text.SystemCoreClockUpdate)
    SystemInit                               0x08001e2d   Thumb Code   100  system_mdr32f9q2i.o(.text.SystemInit)
    UART_BRGInit                             0x08001e91   Thumb Code   122  mdr32fxqi_uart.o(.text.UART_BRGInit)
    UART_Cmd                                 0x08001f0d   Thumb Code    46  mdr32fxqi_uart.o(.text.UART_Cmd)
    UART_DeInit                              0x08001f3d   Thumb Code    62  mdr32fxqi_uart.o(.text.UART_DeInit)
    UART_GetFlagStatus                       0x08001f7d   Thumb Code    46  mdr32fxqi_uart.o(.text.UART_GetFlagStatus)
    UART_Init                                0x08001fad   Thumb Code   270  mdr32fxqi_uart.o(.text.UART_Init)
    UART_ReceiveData                         0x080020bd   Thumb Code    14  mdr32fxqi_uart.o(.text.UART_ReceiveData)
    UART_SendData                            0x080020cd   Thumb Code    20  mdr32fxqi_uart.o(.text.UART_SendData)
    fgetc                                    0x080020e1   Thumb Code    46  retarget_uart.o(.text.fgetc)
    fputc                                    0x08002111   Thumb Code    54  retarget_uart.o(.text.fputc)
    main                                     0x08002149   Thumb Code    94  main.o(.text.main)
    _btod_d2e                                0x080021a7   Thumb Code    62  btod.o(CL$$btod_d2e)
    _d2e_denorm_low                          0x080021e5   Thumb Code    70  btod.o(CL$$btod_d2e_denorm_low)
    _d2e_norm_op1                            0x0800222b   Thumb Code    96  btod.o(CL$$btod_d2e_norm_op1)
    __btod_div_common                        0x0800228d   Thumb Code   696  btod.o(CL$$btod_div_common)
    _e2e                                     0x080025c5   Thumb Code   220  btod.o(CL$$btod_e2e)
    _btod_ediv                               0x080026a1   Thumb Code    42  btod.o(CL$$btod_ediv)
    _btod_emul                               0x080026cb   Thumb Code    42  btod.o(CL$$btod_emul)
    __btod_mult_common                       0x080026f5   Thumb Code   580  btod.o(CL$$btod_mult_common)
    __ARM_fpclassify                         0x08002939   Thumb Code    40  fpclassify.o(i.__ARM_fpclassify)
    _is_digit                                0x08002961   Thumb Code    14  __printf_wp.o(i._is_digit)
    _get_lc_numeric                          0x08002971   Thumb Code    44  lc_numeric_c.o(locale$$code)
    _get_lc_ctype                            0x0800299d   Thumb Code    44  lc_ctype_c.o(locale$$code)
    _printf_fp_dec                           0x080029c9   Thumb Code     4  printf1.o(x$fpl$printf1)
    _printf_fp_hex                           0x080029cd   Thumb Code     4  printf2.o(x$fpl$printf2)
    __I$use$fp                               0x080029d0   Number         0  usenofp.o(x$fpl$usenofp)
    Region$$Table$$Base                      0x08002b88   Number         0  anon$$obj.o(Region$$Table)
    Region$$Table$$Limit                     0x08002ba8   Number         0  anon$$obj.o(Region$$Table)
    __ctype                                  0x08002bd1   Data           0  lc_ctype_c.o(locale$$data)
    SystemCoreClock                          0x20000000   Data           4  system_mdr32f9q2i.o(.data.SystemCoreClock)
    __libspace_start                         0x20000008   Data          96  libspace.o(.bss)
    __stdin                                  0x20000068   Data          84  retarget_uart.o(.bss.__stdin)
    __temporary_stack_top$libspace           0x20000068   Data           0  libspace.o(.bss)
    __stdout                                 0x200000bc   Data          84  retarget_uart.o(.bss.__stdout)
    symbol                                   0x20000110   Data           1  main.o(.bss.symbol)



==============================================================================

Memory Map of the image

  Image Entry point : 0x08000209

  Load Region LR_1 (Base: 0x08000000, Size: 0x00002cd8, Max: 0xffffffff, ABSOLUTE)

    Execution Region ER_RO (Exec base: 0x08000000, Load base: 0x08000000, Size: 0x00002cd4, Max: 0xffffffff, ABSOLUTE)

    Exec Addr    Load Addr    Size         Type   Attr      Idx    E Section Name        Object

    0x08000000   0x08000000   0x000000c0   Data   RO           33    RESET               startup_mdr32f9q2i.o
    0x080000c0   0x080000c0   0x00000008   Code   RO          269  * !!!main             c_w.l(__main.o)
    0x080000c8   0x080000c8   0x00000034   Code   RO          610    !!!scatter          c_w.l(__scatter.o)
    0x080000fc   0x080000fc   0x0000001a   Code   RO          612    !!handler_copy      c_w.l(__scatter_copy.o)
    0x08000116   0x08000116   0x00000002   PAD
    0x08000118   0x08000118   0x0000001c   Code   RO          614    !!handler_zi        c_w.l(__scatter_zi.o)
    0x08000134   0x08000134   0x00000000   Code   RO          351    .ARM.Collect$$_printf_percent$$00000000  c_w.l(_printf_percent.o)
    0x08000134   0x08000134   0x00000006   Code   RO          340    .ARM.Collect$$_printf_percent$$00000001  c_w.l(_printf_n.o)
    0x0800013a   0x0800013a   0x00000006   Code   RO          342    .ARM.Collect$$_printf_percent$$00000002  c_w.l(_printf_p.o)
    0x08000140   0x08000140   0x00000006   Code   RO          347    .ARM.Collect$$_printf_percent$$00000003  c_w.l(_printf_f.o)
    0x08000146   0x08000146   0x00000006   Code   RO          348    .ARM.Collect$$_printf_percent$$00000004  c_w.l(_printf_e.o)
    0x0800014c   0x0800014c   0x00000006   Code   RO          349    .ARM.Collect$$_printf_percent$$00000005  c_w.l(_printf_g.o)
    0x08000152   0x08000152   0x00000006   Code   RO          350    .ARM.Collect$$_printf_percent$$00000006  c_w.l(_printf_a.o)
    0x08000158   0x08000158   0x0000000a   Code   RO          355    .ARM.Collect$$_printf_percent$$00000007  c_w.l(_printf_ll.o)
    0x08000162   0x08000162   0x00000006   Code   RO          344    .ARM.Collect$$_printf_percent$$00000008  c_w.l(_printf_i.o)
    0x08000168   0x08000168   0x00000006   Code   RO          345    .ARM.Collect$$_printf_percent$$00000009  c_w.l(_printf_d.o)
    0x0800016e   0x0800016e   0x00000006   Code   RO          346    .ARM.Collect$$_printf_percent$$0000000A  c_w.l(_printf_u.o)
    0x08000174   0x08000174   0x00000006   Code   RO          343    .ARM.Collect$$_printf_percent$$0000000B  c_w.l(_printf_o.o)
    0x0800017a   0x0800017a   0x00000006   Code   RO          341    .ARM.Collect$$_printf_percent$$0000000C  c_w.l(_printf_x.o)
    0x08000180   0x08000180   0x00000006   Code   RO          352    .ARM.Collect$$_printf_percent$$0000000D  c_w.l(_printf_lli.o)
    0x08000186   0x08000186   0x00000006   Code   RO          353    .ARM.Collect$$_printf_percent$$0000000E  c_w.l(_printf_lld.o)
    0x0800018c   0x0800018c   0x00000006   Code   RO          354    .ARM.Collect$$_printf_percent$$0000000F  c_w.l(_printf_llu.o)
    0x08000192   0x08000192   0x00000006   Code   RO          359    .ARM.Collect$$_printf_percent$$00000010  c_w.l(_printf_llo.o)
    0x08000198   0x08000198   0x00000006   Code   RO          360    .ARM.Collect$$_printf_percent$$00000011  c_w.l(_printf_llx.o)
    0x0800019e   0x0800019e   0x0000000a   Code   RO          356    .ARM.Collect$$_printf_percent$$00000012  c_w.l(_printf_l.o)
    0x080001a8   0x080001a8   0x00000006   Code   RO          338    .ARM.Collect$$_printf_percent$$00000013  c_w.l(_printf_c.o)
    0x080001ae   0x080001ae   0x00000006   Code   RO          339    .ARM.Collect$$_printf_percent$$00000014  c_w.l(_printf_s.o)
    0x080001b4   0x080001b4   0x00000006   Code   RO          357    .ARM.Collect$$_printf_percent$$00000015  c_w.l(_printf_lc.o)
    0x080001ba   0x080001ba   0x00000006   Code   RO          358    .ARM.Collect$$_printf_percent$$00000016  c_w.l(_printf_ls.o)
    0x080001c0   0x080001c0   0x00000004   Code   RO          401    .ARM.Collect$$_printf_percent$$00000017  c_w.l(_printf_percent_end.o)
    0x080001c4   0x080001c4   0x00000002   Code   RO          458    .ARM.Collect$$libinit$$00000000  c_w.l(libinit.o)
    0x080001c6   0x080001c6   0x00000000   Code   RO          477    .ARM.Collect$$libinit$$00000002  c_w.l(libinit2.o)
    0x080001c6   0x080001c6   0x00000000   Code   RO          479    .ARM.Collect$$libinit$$00000004  c_w.l(libinit2.o)
    0x080001c6   0x080001c6   0x00000000   Code   RO          481    .ARM.Collect$$libinit$$00000006  c_w.l(libinit2.o)
    0x080001c6   0x080001c6   0x00000000   Code   RO          484    .ARM.Collect$$libinit$$0000000C  c_w.l(libinit2.o)
    0x080001c6   0x080001c6   0x00000000   Code   RO          486    .ARM.Collect$$libinit$$0000000E  c_w.l(libinit2.o)
    0x080001c6   0x080001c6   0x00000000   Code   RO          488    .ARM.Collect$$libinit$$00000010  c_w.l(libinit2.o)
    0x080001c6   0x080001c6   0x00000006   Code   RO          489    .ARM.Collect$$libinit$$00000011  c_w.l(libinit2.o)
    0x080001cc   0x080001cc   0x00000000   Code   RO          491    .ARM.Collect$$libinit$$00000013  c_w.l(libinit2.o)
    0x080001cc   0x080001cc   0x0000000c   Code   RO          492    .ARM.Collect$$libinit$$00000014  c_w.l(libinit2.o)
    0x080001d8   0x080001d8   0x00000000   Code   RO          493    .ARM.Collect$$libinit$$00000015  c_w.l(libinit2.o)
    0x080001d8   0x080001d8   0x00000000   Code   RO          495    .ARM.Collect$$libinit$$00000017  c_w.l(libinit2.o)
    0x080001d8   0x080001d8   0x0000000a   Code   RO          496    .ARM.Collect$$libinit$$00000018  c_w.l(libinit2.o)
    0x080001e2   0x080001e2   0x00000000   Code   RO          497    .ARM.Collect$$libinit$$00000019  c_w.l(libinit2.o)
    0x080001e2   0x080001e2   0x00000000   Code   RO          499    .ARM.Collect$$libinit$$0000001B  c_w.l(libinit2.o)
    0x080001e2   0x080001e2   0x00000000   Code   RO          501    .ARM.Collect$$libinit$$0000001D  c_w.l(libinit2.o)
    0x080001e2   0x080001e2   0x00000000   Code   RO          503    .ARM.Collect$$libinit$$0000001F  c_w.l(libinit2.o)
    0x080001e2   0x080001e2   0x00000000   Code   RO          505    .ARM.Collect$$libinit$$00000021  c_w.l(libinit2.o)
    0x080001e2   0x080001e2   0x00000000   Code   RO          507    .ARM.Collect$$libinit$$00000023  c_w.l(libinit2.o)
    0x080001e2   0x080001e2   0x00000000   Code   RO          509    .ARM.Collect$$libinit$$00000025  c_w.l(libinit2.o)
    0x080001e2   0x080001e2   0x00000000   Code   RO          511    .ARM.Collect$$libinit$$00000027  c_w.l(libinit2.o)
    0x080001e2   0x080001e2   0x00000000   Code   RO          515    .ARM.Collect$$libinit$$0000002E  c_w.l(libinit2.o)
    0x080001e2   0x080001e2   0x00000000   Code   RO          517    .ARM.Collect$$libinit$$00000030  c_w.l(libinit2.o)
    0x080001e2   0x080001e2   0x00000000   Code   RO          519    .ARM.Collect$$libinit$$00000032  c_w.l(libinit2.o)
    0x080001e2   0x080001e2   0x00000000   Code   RO          521    .ARM.Collect$$libinit$$00000034  c_w.l(libinit2.o)
    0x080001e2   0x080001e2   0x00000002   Code   RO          522    .ARM.Collect$$libinit$$00000035  c_w.l(libinit2.o)
    0x080001e4   0x080001e4   0x00000002   Code   RO          546    .ARM.Collect$$libshutdown$$00000000  c_w.l(libshutdown.o)
    0x080001e6   0x080001e6   0x00000000   Code   RO          561    .ARM.Collect$$libshutdown$$00000002  c_w.l(libshutdown2.o)
    0x080001e6   0x080001e6   0x00000000   Code   RO          563    .ARM.Collect$$libshutdown$$00000004  c_w.l(libshutdown2.o)
    0x080001e6   0x080001e6   0x00000000   Code   RO          566    .ARM.Collect$$libshutdown$$00000007  c_w.l(libshutdown2.o)
    0x080001e6   0x080001e6   0x00000000   Code   RO          569    .ARM.Collect$$libshutdown$$0000000A  c_w.l(libshutdown2.o)
    0x080001e6   0x080001e6   0x00000000   Code   RO          571    .ARM.Collect$$libshutdown$$0000000C  c_w.l(libshutdown2.o)
    0x080001e6   0x080001e6   0x00000000   Code   RO          574    .ARM.Collect$$libshutdown$$0000000F  c_w.l(libshutdown2.o)
    0x080001e6   0x080001e6   0x00000002   Code   RO          575    .ARM.Collect$$libshutdown$$00000010  c_w.l(libshutdown2.o)
    0x080001e8   0x080001e8   0x00000000   Code   RO          271    .ARM.Collect$$rtentry$$00000000  c_w.l(__rtentry.o)
    0x080001e8   0x080001e8   0x00000000   Code   RO          370    .ARM.Collect$$rtentry$$00000002  c_w.l(__rtentry2.o)
    0x080001e8   0x080001e8   0x00000006   Code   RO          382    .ARM.Collect$$rtentry$$00000004  c_w.l(__rtentry4.o)
    0x080001ee   0x080001ee   0x00000000   Code   RO          372    .ARM.Collect$$rtentry$$00000009  c_w.l(__rtentry2.o)
    0x080001ee   0x080001ee   0x00000004   Code   RO          373    .ARM.Collect$$rtentry$$0000000A  c_w.l(__rtentry2.o)
    0x080001f2   0x080001f2   0x00000000   Code   RO          375    .ARM.Collect$$rtentry$$0000000C  c_w.l(__rtentry2.o)
    0x080001f2   0x080001f2   0x00000008   Code   RO          376    .ARM.Collect$$rtentry$$0000000D  c_w.l(__rtentry2.o)
    0x080001fa   0x080001fa   0x00000002   Code   RO          467    .ARM.Collect$$rtexit$$00000000  c_w.l(rtexit.o)
    0x080001fc   0x080001fc   0x00000000   Code   RO          524    .ARM.Collect$$rtexit$$00000002  c_w.l(rtexit2.o)
    0x080001fc   0x080001fc   0x00000004   Code   RO          525    .ARM.Collect$$rtexit$$00000003  c_w.l(rtexit2.o)
    0x08000200   0x08000200   0x00000006   Code   RO          526    .ARM.Collect$$rtexit$$00000004  c_w.l(rtexit2.o)
    0x08000206   0x08000206   0x00000002   PAD
    0x08000208   0x08000208   0x00000040   Code   RO           34  * .text               startup_mdr32f9q2i.o
    0x08000248   0x08000248   0x00000018   Code   RO          261    .text               c_w.l(printf.o)
    0x08000260   0x08000260   0x00000004   Code   RO          263    .text               c_w.l(getc.o)
    0x08000264   0x08000264   0x00000004   Code   RO          265    .text               c_w.l(putc.o)
    0x08000268   0x08000268   0x00000006   Code   RO          267    .text               c_w.l(heapauxi.o)
    0x0800026e   0x0800026e   0x0000004e   Code   RO          274    .text               c_w.l(_printf_pad.o)
    0x080002bc   0x080002bc   0x00000024   Code   RO          276    .text               c_w.l(_printf_truncate.o)
    0x080002e0   0x080002e0   0x00000052   Code   RO          278    .text               c_w.l(_printf_str.o)
    0x08000332   0x08000332   0x00000002   PAD
    0x08000334   0x08000334   0x00000078   Code   RO          280    .text               c_w.l(_printf_dec.o)
    0x080003ac   0x080003ac   0x00000028   Code   RO          282    .text               c_w.l(_printf_charcount.o)
    0x080003d4   0x080003d4   0x00000024   Code   RO          284    .text               c_w.l(_printf_char_file.o)
    0x080003f8   0x080003f8   0x000000bc   Code   RO          286    .text               c_w.l(_printf_wctomb.o)
    0x080004b4   0x080004b4   0x0000007c   Code   RO          289    .text               c_w.l(_printf_longlong_dec.o)
    0x08000530   0x08000530   0x00000070   Code   RO          295    .text               c_w.l(_printf_oct_int_ll.o)
    0x080005a0   0x080005a0   0x00000094   Code   RO          315    .text               c_w.l(_printf_hex_int_ll_ptr.o)
    0x08000634   0x08000634   0x00000188   Code   RO          335    .text               c_w.l(__printf_flags_ss_wp.o)
    0x080007bc   0x080007bc   0x0000008a   Code   RO          384    .text               c_w.l(lludiv10.o)
    0x08000846   0x08000846   0x000000b2   Code   RO          386    .text               c_w.l(_printf_intcommon.o)
    0x080008f8   0x080008f8   0x0000041c   Code   RO          388    .text               c_w.l(_printf_fp_dec.o)
    0x08000d14   0x08000d14   0x000002fc   Code   RO          392    .text               c_w.l(_printf_fp_hex.o)
    0x08001010   0x08001010   0x00000030   Code   RO          395    .text               c_w.l(_printf_char_common.o)
    0x08001040   0x08001040   0x0000002c   Code   RO          397    .text               c_w.l(_printf_char.o)
    0x0800106c   0x0800106c   0x0000002c   Code   RO          399    .text               c_w.l(_printf_wchar.o)
    0x08001098   0x08001098   0x00000008   Code   RO          402    .text               c_w.l(ferror.o)
    0x080010a0   0x080010a0   0x00000048   Code   RO          406    .text               c_w.l(_c16rtomb.o)
    0x080010e8   0x080010e8   0x0000004a   Code   RO          408    .text               c_w.l(sys_stackheap_outer.o)
    0x08001132   0x08001132   0x00000002   PAD
    0x08001134   0x08001134   0x00000010   Code   RO          410    .text               c_w.l(rt_ctype_table.o)
    0x08001144   0x08001144   0x00000008   Code   RO          415    .text               c_w.l(rt_locale_intlibspace.o)
    0x0800114c   0x0800114c   0x00000080   Code   RO          417    .text               c_w.l(_printf_fp_infnan.o)
    0x080011cc   0x080011cc   0x000000e4   Code   RO          421    .text               c_w.l(bigflt0.o)
    0x080012b0   0x080012b0   0x00000012   Code   RO          451    .text               c_w.l(exit.o)
    0x080012c2   0x080012c2   0x00000002   PAD
    0x080012c4   0x080012c4   0x00000008   Code   RO          464    .text               c_w.l(libspace.o)
    0x080012cc   0x080012cc   0x00000080   Code   RO          474    .text               c_w.l(strcmpv7m.o)
    0x0800134c   0x0800134c   0x0000000c   Code   RO          536    .text               c_w.l(sys_exit.o)
    0x08001358   0x08001358   0x00000002   Code   RO          551    .text               c_w.l(use_no_semi.o)
    0x0800135a   0x0800135a   0x00000000   Code   RO          553    .text               c_w.l(indicate_semi.o)
    0x0800135a   0x0800135a   0x00000002   PAD
    0x0800135c   0x0800135c   0x0000002c   Code   RO          241    .text.BKP_DUccMode  mdr32fxqi_bkp.o
    0x08001388   0x08001388   0x0000007a   Code   RO            4    .text.ClockConfigure  main.o
    0x08001402   0x08001402   0x00000002   PAD
    0x08001404   0x08001404   0x000000b6   Code   RO           16    .text.DebugUARTInit  retarget_uart.o
    0x080014ba   0x080014ba   0x00000002   PAD
    0x080014bc   0x080014bc   0x00000018   Code   RO           53    .text.EEPROM_SetLatency  mdr32fxqi_eeprom.o
    0x080014d4   0x080014d4   0x00000196   Code   RO           68    .text.PORT_Init     mdr32fxqi_port.o
    0x0800166a   0x0800166a   0x00000002   PAD
    0x0800166c   0x0800166c   0x00000036   Code   RO           70    .text.PORT_StructInit  mdr32fxqi_port.o
    0x080016a2   0x080016a2   0x00000002   PAD
    0x080016a4   0x080016a4   0x00000016   Code   RO          125    .text.RST_CLK_CPU_PLLcmd  mdr32fxqi_rst_clk.o
    0x080016ba   0x080016ba   0x00000002   PAD
    0x080016bc   0x080016bc   0x00000068   Code   RO          121    .text.RST_CLK_CPU_PLLconfig  mdr32fxqi_rst_clk.o
    0x08001724   0x08001724   0x00000064   Code   RO          127    .text.RST_CLK_CPU_PLLstatus  mdr32fxqi_rst_clk.o
    0x08001788   0x08001788   0x00000018   Code   RO          123    .text.RST_CLK_CPU_PLLuse  mdr32fxqi_rst_clk.o
    0x080017a0   0x080017a0   0x0000002c   Code   RO          129    .text.RST_CLK_CPUclkPrescaler  mdr32fxqi_rst_clk.o
    0x080017cc   0x080017cc   0x0000002a   Code   RO          101    .text.RST_CLK_CPUclkSelection  mdr32fxqi_rst_clk.o
    0x080017f6   0x080017f6   0x00000002   PAD
    0x080017f8   0x080017f8   0x0000002a   Code   RO           91    .text.RST_CLK_DeInit  mdr32fxqi_rst_clk.o
    0x08001822   0x08001822   0x00000002   PAD
    0x08001824   0x08001824   0x000002ca   Code   RO          159    .text.RST_CLK_GetClocksFreq  mdr32fxqi_rst_clk.o
    0x08001aee   0x08001aee   0x00000002   PAD
    0x08001af0   0x08001af0   0x00000058   Code   RO          107    .text.RST_CLK_GetFlagStatus  mdr32fxqi_rst_clk.o
    0x08001b48   0x08001b48   0x00000050   Code   RO          103    .text.RST_CLK_HSEconfig  mdr32fxqi_rst_clk.o
    0x08001b98   0x08001b98   0x00000064   Code   RO          105    .text.RST_CLK_HSEstatus  mdr32fxqi_rst_clk.o
    0x08001bfc   0x08001bfc   0x00000018   Code   RO           97    .text.RST_CLK_HSIcmd  mdr32fxqi_rst_clk.o
    0x08001c14   0x08001c14   0x00000064   Code   RO           99    .text.RST_CLK_HSIstatus  mdr32fxqi_rst_clk.o
    0x08001c78   0x08001c78   0x00000034   Code   RO           95    .text.RST_CLK_PCLKcmd  mdr32fxqi_rst_clk.o
    0x08001cac   0x08001cac   0x0000008e   Code   RO           93    .text.RST_CLK_WarmDeInit  mdr32fxqi_rst_clk.o
    0x08001d3a   0x08001d3a   0x00000002   PAD
    0x08001d3c   0x08001d3c   0x000000ee   Code   RO           41    .text.SystemCoreClockUpdate  system_mdr32f9q2i.o
    0x08001e2a   0x08001e2a   0x00000002   PAD
    0x08001e2c   0x08001e2c   0x00000064   Code   RO           43    .text.SystemInit    system_mdr32f9q2i.o
    0x08001e90   0x08001e90   0x0000007a   Code   RO          200    .text.UART_BRGInit  mdr32fxqi_uart.o
    0x08001f0a   0x08001f0a   0x00000002   PAD
    0x08001f0c   0x08001f0c   0x0000002e   Code   RO          174    .text.UART_Cmd      mdr32fxqi_uart.o
    0x08001f3a   0x08001f3a   0x00000002   PAD
    0x08001f3c   0x08001f3c   0x0000003e   Code   RO          168    .text.UART_DeInit   mdr32fxqi_uart.o
    0x08001f7a   0x08001f7a   0x00000002   PAD
    0x08001f7c   0x08001f7c   0x0000002e   Code   RO          198    .text.UART_GetFlagStatus  mdr32fxqi_uart.o
    0x08001faa   0x08001faa   0x00000002   PAD
    0x08001fac   0x08001fac   0x0000010e   Code   RO          170    .text.UART_Init     mdr32fxqi_uart.o
    0x080020ba   0x080020ba   0x00000002   PAD
    0x080020bc   0x080020bc   0x0000000e   Code   RO          190    .text.UART_ReceiveData  mdr32fxqi_uart.o
    0x080020ca   0x080020ca   0x00000002   PAD
    0x080020cc   0x080020cc   0x00000014   Code   RO          188    .text.UART_SendData  mdr32fxqi_uart.o
    0x080020e0   0x080020e0   0x0000002e   Code   RO           20    .text.fgetc         retarget_uart.o
    0x0800210e   0x0800210e   0x00000002   PAD
    0x08002110   0x08002110   0x00000036   Code   RO           18    .text.fputc         retarget_uart.o
    0x08002146   0x08002146   0x00000002   PAD
    0x08002148   0x08002148   0x0000005e   Code   RO            2    .text.main          main.o
    0x080021a6   0x080021a6   0x0000003e   Code   RO          424    CL$$btod_d2e        c_w.l(btod.o)
    0x080021e4   0x080021e4   0x00000046   Code   RO          426    CL$$btod_d2e_denorm_low  c_w.l(btod.o)
    0x0800222a   0x0800222a   0x00000060   Code   RO          425    CL$$btod_d2e_norm_op1  c_w.l(btod.o)
    0x0800228a   0x0800228a   0x00000002   PAD
    0x0800228c   0x0800228c   0x00000338   Code   RO          434    CL$$btod_div_common  c_w.l(btod.o)
    0x080025c4   0x080025c4   0x000000dc   Code   RO          431    CL$$btod_e2e        c_w.l(btod.o)
    0x080026a0   0x080026a0   0x0000002a   Code   RO          428    CL$$btod_ediv       c_w.l(btod.o)
    0x080026ca   0x080026ca   0x0000002a   Code   RO          427    CL$$btod_emul       c_w.l(btod.o)
    0x080026f4   0x080026f4   0x00000244   Code   RO          433    CL$$btod_mult_common  c_w.l(btod.o)
    0x08002938   0x08002938   0x00000028   Code   RO          462    i.__ARM_fpclassify  m_ws.l(fpclassify.o)
    0x08002960   0x08002960   0x0000000e   Code   RO          328    i._is_digit         c_w.l(__printf_wp.o)
    0x0800296e   0x0800296e   0x00000002   PAD
    0x08002970   0x08002970   0x0000002c   Code   RO          449    locale$$code        c_w.l(lc_numeric_c.o)
    0x0800299c   0x0800299c   0x0000002c   Code   RO          472    locale$$code        c_w.l(lc_ctype_c.o)
    0x080029c8   0x080029c8   0x00000004   Code   RO          361    x$fpl$printf1       fz_ws.l(printf1.o)
    0x080029cc   0x080029cc   0x00000004   Code   RO          363    x$fpl$printf2       fz_ws.l(printf2.o)
    0x080029d0   0x080029d0   0x00000000   Code   RO          461    x$fpl$usenofp       fz_ws.l(usenofp.o)
    0x080029d0   0x080029d0   0x00000008   Data   RO          287    .constdata          c_w.l(_printf_wctomb.o)
    0x080029d8   0x080029d8   0x00000028   Data   RO          316    .constdata          c_w.l(_printf_hex_int_ll_ptr.o)
    0x08002a00   0x08002a00   0x00000011   Data   RO          336    .constdata          c_w.l(__printf_flags_ss_wp.o)
    0x08002a11   0x08002a11   0x00000026   Data   RO          393    .constdata          c_w.l(_printf_fp_hex.o)
    0x08002a37   0x08002a37   0x00000001   PAD
    0x08002a38   0x08002a38   0x00000094   Data   RO          422    .constdata          c_w.l(bigflt0.o)
    0x08002acc   0x08002acc   0x0000007e   Data   RO            6    .rodata.str1.1      main.o
    0x08002b4a   0x08002b4a   0x0000003e   Data   RO           22    .rodata.str1.1      retarget_uart.o
    0x08002b88   0x08002b88   0x00000020   Data   RO          609    Region$$Table       anon$$obj.o
    0x08002ba8   0x08002ba8   0x0000001c   Data   RO          448    locale$$data        c_w.l(lc_numeric_c.o)
    0x08002bc4   0x08002bc4   0x00000110   Data   RO          471    locale$$data        c_w.l(lc_ctype_c.o)


    Execution Region ER_RW (Exec base: 0x20000000, Load base: 0x08002cd4, Size: 0x00000004, Max: 0xffffffff, ABSOLUTE)

    Exec Addr    Load Addr    Size         Type   Attr      Idx    E Section Name        Object

    0x20000000   0x08002cd4   0x00000004   Data   RW           45    .data.SystemCoreClock  system_mdr32f9q2i.o


    Execution Region ER_ZI (Exec base: 0x20000008, Load base: 0x08002cd8, Size: 0x00000710, Max: 0xffffffff, ABSOLUTE)

    Exec Addr    Load Addr    Size         Type   Attr      Idx    E Section Name        Object

    0x20000008        -       0x00000060   Zero   RW          465    .bss                c_w.l(libspace.o)
    0x20000068        -       0x00000054   Zero   RW           24    .bss.__stdin        retarget_uart.o
    0x200000bc        -       0x00000054   Zero   RW           23    .bss.__stdout       retarget_uart.o
    0x20000110        -       0x00000001   Zero   RW            7    .bss.symbol         main.o
    0x20000111   0x08002cd8   0x00000007   PAD
    0x20000118        -       0x00000200   Zero   RW           32    HEAP                startup_mdr32f9q2i.o
    0x20000318        -       0x00000400   Zero   RW           31    STACK               startup_mdr32f9q2i.o


==============================================================================

Image component sizes


      Code (inc. data)   RO Data    RW Data    ZI Data      Debug   Object Name

       216          0        126          0          1       2536   main.o
        44          0          0          0          0       6418   mdr32fxqi_bkp.o
        24          0          0          0          0       4359   mdr32fxqi_eeprom.o
       460          0          0          0          0       4877   mdr32fxqi_port.o
      1678          0          0          0          0      11550   mdr32fxqi_rst_clk.o
       580          0          0          0          0       7403   mdr32fxqi_uart.o
       282          0         62          0        168       5053   retarget_uart.o
        64         26        192          0       1536        828   startup_mdr32f9q2i.o
       338          0          0          4          0       1513   system_mdr32f9q2i.o

    ----------------------------------------------------------------------
      3722         26        412          4       1712      44537   Object Totals
         0          0         32          0          0          0   (incl. Generated)
        36          0          0          0          7          0   (incl. Padding)

    ----------------------------------------------------------------------

      Code (inc. data)   RO Data    RW Data    ZI Data      Debug   Library Member Name

         8          0          0          0          0         68   __main.o
       392          4         17          0          0         92   __printf_flags_ss_wp.o
        14          0          0          0          0         68   __printf_wp.o
         0          0          0          0          0          0   __rtentry.o
        12          0          0          0          0          0   __rtentry2.o
         6          0          0          0          0          0   __rtentry4.o
        52          8          0          0          0          0   __scatter.o
        26          0          0          0          0          0   __scatter_copy.o
        28          0          0          0          0          0   __scatter_zi.o
        72          0          0          0          0         96   _c16rtomb.o
         6          0          0          0          0          0   _printf_a.o
         6          0          0          0          0          0   _printf_c.o
        44          0          0          0          0        108   _printf_char.o
        48          6          0          0          0         96   _printf_char_common.o
        36          4          0          0          0         80   _printf_char_file.o
        40          0          0          0          0         68   _printf_charcount.o
         6          0          0          0          0          0   _printf_d.o
       120         16          0          0          0         92   _printf_dec.o
         6          0          0          0          0          0   _printf_e.o
         6          0          0          0          0          0   _printf_f.o
      1052          0          0          0          0        148   _printf_fp_dec.o
       764          8         38          0          0        100   _printf_fp_hex.o
       128         16          0          0          0         84   _printf_fp_infnan.o
         6          0          0          0          0          0   _printf_g.o
       148          4         40          0          0        160   _printf_hex_int_ll_ptr.o
         6          0          0          0          0          0   _printf_i.o
       178          0          0          0          0         88   _printf_intcommon.o
        10          0          0          0          0          0   _printf_l.o
         6          0          0          0          0          0   _printf_lc.o
        10          0          0          0          0          0   _printf_ll.o
         6          0          0          0          0          0   _printf_lld.o
         6          0          0          0          0          0   _printf_lli.o
         6          0          0          0          0          0   _printf_llo.o
         6          0          0          0          0          0   _printf_llu.o
         6          0          0          0          0          0   _printf_llx.o
       124         16          0          0          0         92   _printf_longlong_dec.o
         6          0          0          0          0          0   _printf_ls.o
         6          0          0          0          0          0   _printf_n.o
         6          0          0          0          0          0   _printf_o.o
       112          8          0          0          0        124   _printf_oct_int_ll.o
         6          0          0          0          0          0   _printf_p.o
        78          0          0          0          0        108   _printf_pad.o
         0          0          0          0          0          0   _printf_percent.o
         4          0          0          0          0          0   _printf_percent_end.o
         6          0          0          0          0          0   _printf_s.o
        82          0          0          0          0         80   _printf_str.o
        36          0          0          0          0         84   _printf_truncate.o
         6          0          0          0          0          0   _printf_u.o
        44          0          0          0          0        108   _printf_wchar.o
       188          6          8          0          0         92   _printf_wctomb.o
         6          0          0          0          0          0   _printf_x.o
       228          4        148          0          0         96   bigflt0.o
      1936        128          0          0          0        668   btod.o
        18          0          0          0          0         80   exit.o
         8          0          0          0          0         68   ferror.o
         4          0          0          0          0         68   getc.o
         6          0          0          0          0        152   heapauxi.o
         0          0          0          0          0          0   indicate_semi.o
        44         10        272          0          0         76   lc_ctype_c.o
        44         10         28          0          0         76   lc_numeric_c.o
         2          0          0          0          0          0   libinit.o
        30          0          0          0          0          0   libinit2.o
         2          0          0          0          0          0   libshutdown.o
         2          0          0          0          0          0   libshutdown2.o
         8          4          0          0         96         68   libspace.o
       138          0          0          0          0         80   lludiv10.o
        24          4          0          0          0         84   printf.o
         4          0          0          0          0         68   putc.o
        16          4          0          0          0         76   rt_ctype_table.o
         8          4          0          0          0         68   rt_locale_intlibspace.o
         2          0          0          0          0          0   rtexit.o
        10          0          0          0          0          0   rtexit2.o
       128          0          0          0          0         68   strcmpv7m.o
        12          4          0          0          0         68   sys_exit.o
        74          0          0          0          0         80   sys_stackheap_outer.o
         2          0          0          0          0         68   use_no_semi.o
         4          0          0          0          0         68   printf1.o
         4          0          0          0          0         68   printf2.o
         0          0          0          0          0          0   usenofp.o
        40          0          0          0          0         68   fpclassify.o

    ----------------------------------------------------------------------
      6790        268        552          0         96       4252   Library Totals
        16          0          1          0          0          0   (incl. Padding)

    ----------------------------------------------------------------------

      Code (inc. data)   RO Data    RW Data    ZI Data      Debug   Library Name

      6726        268        551          0         96       4048   c_w.l
         8          0          0          0          0        136   fz_ws.l
        40          0          0          0          0         68   m_ws.l

    ----------------------------------------------------------------------
      6790        268        552          0         96       4252   Library Totals

    ----------------------------------------------------------------------

==============================================================================


      Code (inc. data)   RO Data    RW Data    ZI Data      Debug   

     10512        294        964          4       1808      46357   Grand Totals
     10512        294        964          4       1808      46357   ELF Image Totals
     10512        294        964          4          0          0   ROM Totals

==============================================================================

    Total RO  Size (Code + RO Data)                11476 (  11.21kB)
    Total RW  Size (RW Data + ZI Data)              1812 (   1.77kB)
    Total ROM Size (Code + RO Data + RW Data)      11480 (  11.21kB)

==============================================================================

