<!doctype html public "-//w3c//dtd html 4.0 transitional//en">
<html><head>
<title>Static Call Graph - [.\Objects\Blink.axf]</title></head>
<body><HR>
<H1>Static Call Graph for image .\Objects\Blink.axf</H1><HR>
<BR><P>#&#060CALLGRAPH&#062# ARM Linker, 6180002: Last Updated: Thu May 18 09:00:42 2023
<BR><P>
<H3>Maximum Stack Usage =         80 bytes + Unknown(Cycles, Untraceable Function Pointers)</H3><H3>
Call chain for Maximum Stack Depth:</H3>
main &rArr; board_usart_init &rArr; USART_Config &rArr; RCM_ReadPCLKFreq &rArr; RCM_ReadHCLKFreq
<P>
<H3>
Mutually Recursive functions
</H3> <LI><a href="#[1c]">ADC1_2_IRQHandler</a>&nbsp;&nbsp;&nbsp;&rArr;&nbsp;&nbsp;&nbsp;<a href="#[1c]">ADC1_2_IRQHandler</a><BR>
 <LI><a href="#[4]">BusFault_Handler</a>&nbsp;&nbsp;&nbsp;&rArr;&nbsp;&nbsp;&nbsp;<a href="#[4]">BusFault_Handler</a><BR>
 <LI><a href="#[2]">HardFault_Handler</a>&nbsp;&nbsp;&nbsp;&rArr;&nbsp;&nbsp;&nbsp;<a href="#[2]">HardFault_Handler</a><BR>
 <LI><a href="#[3]">MemManage_Handler</a>&nbsp;&nbsp;&nbsp;&rArr;&nbsp;&nbsp;&nbsp;<a href="#[3]">MemManage_Handler</a><BR>
 <LI><a href="#[5]">UsageFault_Handler</a>&nbsp;&nbsp;&nbsp;&rArr;&nbsp;&nbsp;&nbsp;<a href="#[5]">UsageFault_Handler</a><BR>
</UL>
<P>
<H3>
Function Pointers
</H3><UL>
 <LI><a href="#[1c]">ADC1_2_IRQHandler</a> from startup_apm32f10x_md.o(.text) referenced from startup_apm32f10x_md.o(RESET)
 <LI><a href="#[4]">BusFault_Handler</a> from apm32f10x_int.o(.text.BusFault_Handler) referenced from startup_apm32f10x_md.o(RESET)
 <LI><a href="#[1f]">CAN1_RX1_IRQHandler</a> from startup_apm32f10x_md.o(.text) referenced from startup_apm32f10x_md.o(RESET)
 <LI><a href="#[20]">CAN1_SCE_IRQHandler</a> from startup_apm32f10x_md.o(.text) referenced from startup_apm32f10x_md.o(RESET)
 <LI><a href="#[15]">DMA1_Channel1_IRQHandler</a> from startup_apm32f10x_md.o(.text) referenced from startup_apm32f10x_md.o(RESET)
 <LI><a href="#[16]">DMA1_Channel2_IRQHandler</a> from startup_apm32f10x_md.o(.text) referenced from startup_apm32f10x_md.o(RESET)
 <LI><a href="#[17]">DMA1_Channel3_IRQHandler</a> from startup_apm32f10x_md.o(.text) referenced from startup_apm32f10x_md.o(RESET)
 <LI><a href="#[18]">DMA1_Channel4_IRQHandler</a> from startup_apm32f10x_md.o(.text) referenced from startup_apm32f10x_md.o(RESET)
 <LI><a href="#[19]">DMA1_Channel5_IRQHandler</a> from startup_apm32f10x_md.o(.text) referenced from startup_apm32f10x_md.o(RESET)
 <LI><a href="#[1a]">DMA1_Channel6_IRQHandler</a> from startup_apm32f10x_md.o(.text) referenced from startup_apm32f10x_md.o(RESET)
 <LI><a href="#[1b]">DMA1_Channel7_IRQHandler</a> from startup_apm32f10x_md.o(.text) referenced from startup_apm32f10x_md.o(RESET)
 <LI><a href="#[7]">DebugMon_Handler</a> from apm32f10x_int.o(.text.DebugMon_Handler) referenced from startup_apm32f10x_md.o(RESET)
 <LI><a href="#[10]">EINT0_IRQHandler</a> from startup_apm32f10x_md.o(.text) referenced from startup_apm32f10x_md.o(RESET)
 <LI><a href="#[32]">EINT15_10_IRQHandler</a> from startup_apm32f10x_md.o(.text) referenced from startup_apm32f10x_md.o(RESET)
 <LI><a href="#[11]">EINT1_IRQHandler</a> from startup_apm32f10x_md.o(.text) referenced from startup_apm32f10x_md.o(RESET)
 <LI><a href="#[12]">EINT2_IRQHandler</a> from startup_apm32f10x_md.o(.text) referenced from startup_apm32f10x_md.o(RESET)
 <LI><a href="#[13]">EINT3_IRQHandler</a> from startup_apm32f10x_md.o(.text) referenced from startup_apm32f10x_md.o(RESET)
 <LI><a href="#[14]">EINT4_IRQHandler</a> from startup_apm32f10x_md.o(.text) referenced from startup_apm32f10x_md.o(RESET)
 <LI><a href="#[21]">EINT9_5_IRQHandler</a> from startup_apm32f10x_md.o(.text) referenced from startup_apm32f10x_md.o(RESET)
 <LI><a href="#[e]">FLASH_IRQHandler</a> from startup_apm32f10x_md.o(.text) referenced from startup_apm32f10x_md.o(RESET)
 <LI><a href="#[35]">FPU_IRQHandler</a> from startup_apm32f10x_md.o(.text) referenced from startup_apm32f10x_md.o(RESET)
 <LI><a href="#[2]">HardFault_Handler</a> from apm32f10x_int.o(.text.HardFault_Handler) referenced from startup_apm32f10x_md.o(RESET)
 <LI><a href="#[2a]">I2C1_ER_IRQHandler</a> from startup_apm32f10x_md.o(.text) referenced from startup_apm32f10x_md.o(RESET)
 <LI><a href="#[29]">I2C1_EV_IRQHandler</a> from startup_apm32f10x_md.o(.text) referenced from startup_apm32f10x_md.o(RESET)
 <LI><a href="#[2c]">I2C2_ER_IRQHandler</a> from startup_apm32f10x_md.o(.text) referenced from startup_apm32f10x_md.o(RESET)
 <LI><a href="#[2b]">I2C2_EV_IRQHandler</a> from startup_apm32f10x_md.o(.text) referenced from startup_apm32f10x_md.o(RESET)
 <LI><a href="#[3]">MemManage_Handler</a> from apm32f10x_int.o(.text.MemManage_Handler) referenced from startup_apm32f10x_md.o(RESET)
 <LI><a href="#[1]">NMI_Handler</a> from apm32f10x_int.o(.text.NMI_Handler) referenced from startup_apm32f10x_md.o(RESET)
 <LI><a href="#[b]">PVD_IRQHandler</a> from startup_apm32f10x_md.o(.text) referenced from startup_apm32f10x_md.o(RESET)
 <LI><a href="#[8]">PendSV_Handler</a> from apm32f10x_int.o(.text.PendSV_Handler) referenced from startup_apm32f10x_md.o(RESET)
 <LI><a href="#[36]">QSPI_IRQHandler</a> from startup_apm32f10x_md.o(.text) referenced from startup_apm32f10x_md.o(RESET)
 <LI><a href="#[f]">RCM_IRQHandler</a> from startup_apm32f10x_md.o(.text) referenced from startup_apm32f10x_md.o(RESET)
 <LI><a href="#[33]">RTCAlarm_IRQHandler</a> from startup_apm32f10x_md.o(.text) referenced from startup_apm32f10x_md.o(RESET)
 <LI><a href="#[d]">RTC_IRQHandler</a> from startup_apm32f10x_md.o(.text) referenced from startup_apm32f10x_md.o(RESET)
 <LI><a href="#[0]">Reset_Handler</a> from startup_apm32f10x_md.o(.text) referenced from startup_apm32f10x_md.o(RESET)
 <LI><a href="#[2d]">SPI1_IRQHandler</a> from startup_apm32f10x_md.o(.text) referenced from startup_apm32f10x_md.o(RESET)
 <LI><a href="#[2e]">SPI2_IRQHandler</a> from startup_apm32f10x_md.o(.text) referenced from startup_apm32f10x_md.o(RESET)
 <LI><a href="#[6]">SVC_Handler</a> from apm32f10x_int.o(.text.SVC_Handler) referenced from startup_apm32f10x_md.o(RESET)
 <LI><a href="#[9]">SysTick_Handler</a> from apm32f10x_int.o(.text.SysTick_Handler) referenced from startup_apm32f10x_md.o(RESET)
 <LI><a href="#[3a]">SystemInit</a> from system_apm32f10x.o(.text.SystemInit) referenced from startup_apm32f10x_md.o(.text)
 <LI><a href="#[c]">TAMPER_IRQHandler</a> from startup_apm32f10x_md.o(.text) referenced from startup_apm32f10x_md.o(RESET)
 <LI><a href="#[22]">TMR1_BRK_IRQHandler</a> from startup_apm32f10x_md.o(.text) referenced from startup_apm32f10x_md.o(RESET)
 <LI><a href="#[25]">TMR1_CC_IRQHandler</a> from startup_apm32f10x_md.o(.text) referenced from startup_apm32f10x_md.o(RESET)
 <LI><a href="#[24]">TMR1_TRG_COM_IRQHandler</a> from startup_apm32f10x_md.o(.text) referenced from startup_apm32f10x_md.o(RESET)
 <LI><a href="#[23]">TMR1_UP_IRQHandler</a> from startup_apm32f10x_md.o(.text) referenced from startup_apm32f10x_md.o(RESET)
 <LI><a href="#[26]">TMR2_IRQHandler</a> from startup_apm32f10x_md.o(.text) referenced from startup_apm32f10x_md.o(RESET)
 <LI><a href="#[27]">TMR3_IRQHandler</a> from startup_apm32f10x_md.o(.text) referenced from startup_apm32f10x_md.o(RESET)
 <LI><a href="#[28]">TMR4_IRQHandler</a> from startup_apm32f10x_md.o(.text) referenced from startup_apm32f10x_md.o(RESET)
 <LI><a href="#[2f]">USART1_IRQHandler</a> from startup_apm32f10x_md.o(.text) referenced from startup_apm32f10x_md.o(RESET)
 <LI><a href="#[30]">USART2_IRQHandler</a> from startup_apm32f10x_md.o(.text) referenced from startup_apm32f10x_md.o(RESET)
 <LI><a href="#[31]">USART3_IRQHandler</a> from startup_apm32f10x_md.o(.text) referenced from startup_apm32f10x_md.o(RESET)
 <LI><a href="#[1d]">USBD1_HP_CAN1_TX_IRQHandler</a> from startup_apm32f10x_md.o(.text) referenced from startup_apm32f10x_md.o(RESET)
 <LI><a href="#[1e]">USBD1_LP_CAN1_RX0_IRQHandler</a> from startup_apm32f10x_md.o(.text) referenced from startup_apm32f10x_md.o(RESET)
 <LI><a href="#[37]">USBD2_HP_IRQHandler</a> from startup_apm32f10x_md.o(.text) referenced from startup_apm32f10x_md.o(RESET)
 <LI><a href="#[38]">USBD2_LP_IRQHandler</a> from startup_apm32f10x_md.o(.text) referenced from startup_apm32f10x_md.o(RESET)
 <LI><a href="#[34]">USBDWakeUp_IRQHandler</a> from startup_apm32f10x_md.o(.text) referenced from startup_apm32f10x_md.o(RESET)
 <LI><a href="#[5]">UsageFault_Handler</a> from apm32f10x_int.o(.text.UsageFault_Handler) referenced from startup_apm32f10x_md.o(RESET)
 <LI><a href="#[a]">WWDT_IRQHandler</a> from startup_apm32f10x_md.o(.text) referenced from startup_apm32f10x_md.o(RESET)
 <LI><a href="#[3b]">__main</a> from entry.o(.ARM.Collect$$$$00000000) referenced from startup_apm32f10x_md.o(.text)
 <LI><a href="#[3d]">fputc</a> from board.o(.text.fputc) referenced from printf1.o(i.__0printf$1)
 <LI><a href="#[39]">main</a> from main.o(.text.main) referenced from entry9a.o(.ARM.Collect$$$$0000000B)
 <LI><a href="#[3c]">puts</a> from puts.o(i.puts) referenced from main.o(.text.main)
</UL>
<P>
<H3>
Global Symbols
</H3>
<P><STRONG><a name="[3b]"></a>__main</STRONG> (Thumb, 0 bytes, Stack size unknown bytes, entry.o(.ARM.Collect$$$$00000000))
<BR>[Address Reference Count : 1]<UL><LI> startup_apm32f10x_md.o(.text)
</UL>
<P><STRONG><a name="[5a]"></a>_main_stk</STRONG> (Thumb, 0 bytes, Stack size unknown bytes, entry2.o(.ARM.Collect$$$$00000001))

<P><STRONG><a name="[3e]"></a>_main_scatterload</STRONG> (Thumb, 0 bytes, Stack size unknown bytes, entry5.o(.ARM.Collect$$$$00000004))
<BR><BR>[Calls]<UL><LI><a href="#[3f]">&gt;&gt;</a>&nbsp;&nbsp;&nbsp;__scatterload
</UL>

<P><STRONG><a name="[40]"></a>__main_after_scatterload</STRONG> (Thumb, 0 bytes, Stack size unknown bytes, entry5.o(.ARM.Collect$$$$00000004))
<BR><BR>[Called By]<UL><LI><a href="#[3f]">&gt;&gt;</a>&nbsp;&nbsp;&nbsp;__scatterload
</UL>

<P><STRONG><a name="[5b]"></a>_main_clock</STRONG> (Thumb, 0 bytes, Stack size unknown bytes, entry7b.o(.ARM.Collect$$$$00000008))

<P><STRONG><a name="[5c]"></a>_main_cpp_init</STRONG> (Thumb, 0 bytes, Stack size unknown bytes, entry8b.o(.ARM.Collect$$$$0000000A))

<P><STRONG><a name="[5d]"></a>_main_init</STRONG> (Thumb, 0 bytes, Stack size unknown bytes, entry9a.o(.ARM.Collect$$$$0000000B))

<P><STRONG><a name="[5e]"></a>__rt_final_cpp</STRONG> (Thumb, 0 bytes, Stack size unknown bytes, entry10a.o(.ARM.Collect$$$$0000000D))

<P><STRONG><a name="[5f]"></a>__rt_final_exit</STRONG> (Thumb, 0 bytes, Stack size unknown bytes, entry11a.o(.ARM.Collect$$$$0000000F))

<P><STRONG><a name="[0]"></a>Reset_Handler</STRONG> (Thumb, 8 bytes, Stack size 0 bytes, startup_apm32f10x_md.o(.text))
<BR>[Address Reference Count : 1]<UL><LI> startup_apm32f10x_md.o(RESET)
</UL>
<P><STRONG><a name="[1c]"></a>ADC1_2_IRQHandler</STRONG> (Thumb, 0 bytes, Stack size 0 bytes, startup_apm32f10x_md.o(.text))
<BR><BR>[Calls]<UL><LI><a href="#[1c]">&gt;&gt;</a>&nbsp;&nbsp;&nbsp;ADC1_2_IRQHandler
</UL>
<BR>[Called By]<UL><LI><a href="#[1c]">&gt;&gt;</a>&nbsp;&nbsp;&nbsp;ADC1_2_IRQHandler
</UL>
<BR>[Address Reference Count : 1]<UL><LI> startup_apm32f10x_md.o(RESET)
</UL>
<P><STRONG><a name="[1f]"></a>CAN1_RX1_IRQHandler</STRONG> (Thumb, 0 bytes, Stack size 0 bytes, startup_apm32f10x_md.o(.text))
<BR>[Address Reference Count : 1]<UL><LI> startup_apm32f10x_md.o(RESET)
</UL>
<P><STRONG><a name="[20]"></a>CAN1_SCE_IRQHandler</STRONG> (Thumb, 0 bytes, Stack size 0 bytes, startup_apm32f10x_md.o(.text))
<BR>[Address Reference Count : 1]<UL><LI> startup_apm32f10x_md.o(RESET)
</UL>
<P><STRONG><a name="[15]"></a>DMA1_Channel1_IRQHandler</STRONG> (Thumb, 0 bytes, Stack size 0 bytes, startup_apm32f10x_md.o(.text))
<BR>[Address Reference Count : 1]<UL><LI> startup_apm32f10x_md.o(RESET)
</UL>
<P><STRONG><a name="[16]"></a>DMA1_Channel2_IRQHandler</STRONG> (Thumb, 0 bytes, Stack size 0 bytes, startup_apm32f10x_md.o(.text))
<BR>[Address Reference Count : 1]<UL><LI> startup_apm32f10x_md.o(RESET)
</UL>
<P><STRONG><a name="[17]"></a>DMA1_Channel3_IRQHandler</STRONG> (Thumb, 0 bytes, Stack size 0 bytes, startup_apm32f10x_md.o(.text))
<BR>[Address Reference Count : 1]<UL><LI> startup_apm32f10x_md.o(RESET)
</UL>
<P><STRONG><a name="[18]"></a>DMA1_Channel4_IRQHandler</STRONG> (Thumb, 0 bytes, Stack size 0 bytes, startup_apm32f10x_md.o(.text))
<BR>[Address Reference Count : 1]<UL><LI> startup_apm32f10x_md.o(RESET)
</UL>
<P><STRONG><a name="[19]"></a>DMA1_Channel5_IRQHandler</STRONG> (Thumb, 0 bytes, Stack size 0 bytes, startup_apm32f10x_md.o(.text))
<BR>[Address Reference Count : 1]<UL><LI> startup_apm32f10x_md.o(RESET)
</UL>
<P><STRONG><a name="[1a]"></a>DMA1_Channel6_IRQHandler</STRONG> (Thumb, 0 bytes, Stack size 0 bytes, startup_apm32f10x_md.o(.text))
<BR>[Address Reference Count : 1]<UL><LI> startup_apm32f10x_md.o(RESET)
</UL>
<P><STRONG><a name="[1b]"></a>DMA1_Channel7_IRQHandler</STRONG> (Thumb, 0 bytes, Stack size 0 bytes, startup_apm32f10x_md.o(.text))
<BR>[Address Reference Count : 1]<UL><LI> startup_apm32f10x_md.o(RESET)
</UL>
<P><STRONG><a name="[10]"></a>EINT0_IRQHandler</STRONG> (Thumb, 0 bytes, Stack size 0 bytes, startup_apm32f10x_md.o(.text))
<BR>[Address Reference Count : 1]<UL><LI> startup_apm32f10x_md.o(RESET)
</UL>
<P><STRONG><a name="[32]"></a>EINT15_10_IRQHandler</STRONG> (Thumb, 0 bytes, Stack size 0 bytes, startup_apm32f10x_md.o(.text))
<BR>[Address Reference Count : 1]<UL><LI> startup_apm32f10x_md.o(RESET)
</UL>
<P><STRONG><a name="[11]"></a>EINT1_IRQHandler</STRONG> (Thumb, 0 bytes, Stack size 0 bytes, startup_apm32f10x_md.o(.text))
<BR>[Address Reference Count : 1]<UL><LI> startup_apm32f10x_md.o(RESET)
</UL>
<P><STRONG><a name="[12]"></a>EINT2_IRQHandler</STRONG> (Thumb, 0 bytes, Stack size 0 bytes, startup_apm32f10x_md.o(.text))
<BR>[Address Reference Count : 1]<UL><LI> startup_apm32f10x_md.o(RESET)
</UL>
<P><STRONG><a name="[13]"></a>EINT3_IRQHandler</STRONG> (Thumb, 0 bytes, Stack size 0 bytes, startup_apm32f10x_md.o(.text))
<BR>[Address Reference Count : 1]<UL><LI> startup_apm32f10x_md.o(RESET)
</UL>
<P><STRONG><a name="[14]"></a>EINT4_IRQHandler</STRONG> (Thumb, 0 bytes, Stack size 0 bytes, startup_apm32f10x_md.o(.text))
<BR>[Address Reference Count : 1]<UL><LI> startup_apm32f10x_md.o(RESET)
</UL>
<P><STRONG><a name="[21]"></a>EINT9_5_IRQHandler</STRONG> (Thumb, 0 bytes, Stack size 0 bytes, startup_apm32f10x_md.o(.text))
<BR>[Address Reference Count : 1]<UL><LI> startup_apm32f10x_md.o(RESET)
</UL>
<P><STRONG><a name="[e]"></a>FLASH_IRQHandler</STRONG> (Thumb, 0 bytes, Stack size 0 bytes, startup_apm32f10x_md.o(.text))
<BR>[Address Reference Count : 1]<UL><LI> startup_apm32f10x_md.o(RESET)
</UL>
<P><STRONG><a name="[35]"></a>FPU_IRQHandler</STRONG> (Thumb, 0 bytes, Stack size 0 bytes, startup_apm32f10x_md.o(.text))
<BR>[Address Reference Count : 1]<UL><LI> startup_apm32f10x_md.o(RESET)
</UL>
<P><STRONG><a name="[2a]"></a>I2C1_ER_IRQHandler</STRONG> (Thumb, 0 bytes, Stack size 0 bytes, startup_apm32f10x_md.o(.text))
<BR>[Address Reference Count : 1]<UL><LI> startup_apm32f10x_md.o(RESET)
</UL>
<P><STRONG><a name="[29]"></a>I2C1_EV_IRQHandler</STRONG> (Thumb, 0 bytes, Stack size 0 bytes, startup_apm32f10x_md.o(.text))
<BR>[Address Reference Count : 1]<UL><LI> startup_apm32f10x_md.o(RESET)
</UL>
<P><STRONG><a name="[2c]"></a>I2C2_ER_IRQHandler</STRONG> (Thumb, 0 bytes, Stack size 0 bytes, startup_apm32f10x_md.o(.text))
<BR>[Address Reference Count : 1]<UL><LI> startup_apm32f10x_md.o(RESET)
</UL>
<P><STRONG><a name="[2b]"></a>I2C2_EV_IRQHandler</STRONG> (Thumb, 0 bytes, Stack size 0 bytes, startup_apm32f10x_md.o(.text))
<BR>[Address Reference Count : 1]<UL><LI> startup_apm32f10x_md.o(RESET)
</UL>
<P><STRONG><a name="[b]"></a>PVD_IRQHandler</STRONG> (Thumb, 0 bytes, Stack size 0 bytes, startup_apm32f10x_md.o(.text))
<BR>[Address Reference Count : 1]<UL><LI> startup_apm32f10x_md.o(RESET)
</UL>
<P><STRONG><a name="[36]"></a>QSPI_IRQHandler</STRONG> (Thumb, 0 bytes, Stack size 0 bytes, startup_apm32f10x_md.o(.text))
<BR>[Address Reference Count : 1]<UL><LI> startup_apm32f10x_md.o(RESET)
</UL>
<P><STRONG><a name="[f]"></a>RCM_IRQHandler</STRONG> (Thumb, 0 bytes, Stack size 0 bytes, startup_apm32f10x_md.o(.text))
<BR>[Address Reference Count : 1]<UL><LI> startup_apm32f10x_md.o(RESET)
</UL>
<P><STRONG><a name="[33]"></a>RTCAlarm_IRQHandler</STRONG> (Thumb, 0 bytes, Stack size 0 bytes, startup_apm32f10x_md.o(.text))
<BR>[Address Reference Count : 1]<UL><LI> startup_apm32f10x_md.o(RESET)
</UL>
<P><STRONG><a name="[d]"></a>RTC_IRQHandler</STRONG> (Thumb, 0 bytes, Stack size 0 bytes, startup_apm32f10x_md.o(.text))
<BR>[Address Reference Count : 1]<UL><LI> startup_apm32f10x_md.o(RESET)
</UL>
<P><STRONG><a name="[2d]"></a>SPI1_IRQHandler</STRONG> (Thumb, 0 bytes, Stack size 0 bytes, startup_apm32f10x_md.o(.text))
<BR>[Address Reference Count : 1]<UL><LI> startup_apm32f10x_md.o(RESET)
</UL>
<P><STRONG><a name="[2e]"></a>SPI2_IRQHandler</STRONG> (Thumb, 0 bytes, Stack size 0 bytes, startup_apm32f10x_md.o(.text))
<BR>[Address Reference Count : 1]<UL><LI> startup_apm32f10x_md.o(RESET)
</UL>
<P><STRONG><a name="[c]"></a>TAMPER_IRQHandler</STRONG> (Thumb, 0 bytes, Stack size 0 bytes, startup_apm32f10x_md.o(.text))
<BR>[Address Reference Count : 1]<UL><LI> startup_apm32f10x_md.o(RESET)
</UL>
<P><STRONG><a name="[22]"></a>TMR1_BRK_IRQHandler</STRONG> (Thumb, 0 bytes, Stack size 0 bytes, startup_apm32f10x_md.o(.text))
<BR>[Address Reference Count : 1]<UL><LI> startup_apm32f10x_md.o(RESET)
</UL>
<P><STRONG><a name="[25]"></a>TMR1_CC_IRQHandler</STRONG> (Thumb, 0 bytes, Stack size 0 bytes, startup_apm32f10x_md.o(.text))
<BR>[Address Reference Count : 1]<UL><LI> startup_apm32f10x_md.o(RESET)
</UL>
<P><STRONG><a name="[24]"></a>TMR1_TRG_COM_IRQHandler</STRONG> (Thumb, 0 bytes, Stack size 0 bytes, startup_apm32f10x_md.o(.text))
<BR>[Address Reference Count : 1]<UL><LI> startup_apm32f10x_md.o(RESET)
</UL>
<P><STRONG><a name="[23]"></a>TMR1_UP_IRQHandler</STRONG> (Thumb, 0 bytes, Stack size 0 bytes, startup_apm32f10x_md.o(.text))
<BR>[Address Reference Count : 1]<UL><LI> startup_apm32f10x_md.o(RESET)
</UL>
<P><STRONG><a name="[26]"></a>TMR2_IRQHandler</STRONG> (Thumb, 0 bytes, Stack size 0 bytes, startup_apm32f10x_md.o(.text))
<BR>[Address Reference Count : 1]<UL><LI> startup_apm32f10x_md.o(RESET)
</UL>
<P><STRONG><a name="[27]"></a>TMR3_IRQHandler</STRONG> (Thumb, 0 bytes, Stack size 0 bytes, startup_apm32f10x_md.o(.text))
<BR>[Address Reference Count : 1]<UL><LI> startup_apm32f10x_md.o(RESET)
</UL>
<P><STRONG><a name="[28]"></a>TMR4_IRQHandler</STRONG> (Thumb, 0 bytes, Stack size 0 bytes, startup_apm32f10x_md.o(.text))
<BR>[Address Reference Count : 1]<UL><LI> startup_apm32f10x_md.o(RESET)
</UL>
<P><STRONG><a name="[2f]"></a>USART1_IRQHandler</STRONG> (Thumb, 0 bytes, Stack size 0 bytes, startup_apm32f10x_md.o(.text))
<BR>[Address Reference Count : 1]<UL><LI> startup_apm32f10x_md.o(RESET)
</UL>
<P><STRONG><a name="[30]"></a>USART2_IRQHandler</STRONG> (Thumb, 0 bytes, Stack size 0 bytes, startup_apm32f10x_md.o(.text))
<BR>[Address Reference Count : 1]<UL><LI> startup_apm32f10x_md.o(RESET)
</UL>
<P><STRONG><a name="[31]"></a>USART3_IRQHandler</STRONG> (Thumb, 0 bytes, Stack size 0 bytes, startup_apm32f10x_md.o(.text))
<BR>[Address Reference Count : 1]<UL><LI> startup_apm32f10x_md.o(RESET)
</UL>
<P><STRONG><a name="[1d]"></a>USBD1_HP_CAN1_TX_IRQHandler</STRONG> (Thumb, 0 bytes, Stack size 0 bytes, startup_apm32f10x_md.o(.text))
<BR>[Address Reference Count : 1]<UL><LI> startup_apm32f10x_md.o(RESET)
</UL>
<P><STRONG><a name="[1e]"></a>USBD1_LP_CAN1_RX0_IRQHandler</STRONG> (Thumb, 0 bytes, Stack size 0 bytes, startup_apm32f10x_md.o(.text))
<BR>[Address Reference Count : 1]<UL><LI> startup_apm32f10x_md.o(RESET)
</UL>
<P><STRONG><a name="[37]"></a>USBD2_HP_IRQHandler</STRONG> (Thumb, 0 bytes, Stack size 0 bytes, startup_apm32f10x_md.o(.text))
<BR>[Address Reference Count : 1]<UL><LI> startup_apm32f10x_md.o(RESET)
</UL>
<P><STRONG><a name="[38]"></a>USBD2_LP_IRQHandler</STRONG> (Thumb, 0 bytes, Stack size 0 bytes, startup_apm32f10x_md.o(.text))
<BR>[Address Reference Count : 1]<UL><LI> startup_apm32f10x_md.o(RESET)
</UL>
<P><STRONG><a name="[34]"></a>USBDWakeUp_IRQHandler</STRONG> (Thumb, 0 bytes, Stack size 0 bytes, startup_apm32f10x_md.o(.text))
<BR>[Address Reference Count : 1]<UL><LI> startup_apm32f10x_md.o(RESET)
</UL>
<P><STRONG><a name="[a]"></a>WWDT_IRQHandler</STRONG> (Thumb, 0 bytes, Stack size 0 bytes, startup_apm32f10x_md.o(.text))
<BR>[Address Reference Count : 1]<UL><LI> startup_apm32f10x_md.o(RESET)
</UL>
<P><STRONG><a name="[60]"></a>__aeabi_uidiv</STRONG> (Thumb, 0 bytes, Stack size 12 bytes, uidiv.o(.text), UNUSED)

<P><STRONG><a name="[59]"></a>__aeabi_uidivmod</STRONG> (Thumb, 44 bytes, Stack size 12 bytes, uidiv.o(.text), UNUSED)
<BR><BR>[Called By]<UL><LI><a href="#[58]">&gt;&gt;</a>&nbsp;&nbsp;&nbsp;_printf_core
</UL>

<P><STRONG><a name="[3f]"></a>__scatterload</STRONG> (Thumb, 28 bytes, Stack size 0 bytes, init.o(.text))
<BR><BR>[Calls]<UL><LI><a href="#[40]">&gt;&gt;</a>&nbsp;&nbsp;&nbsp;__main_after_scatterload
</UL>
<BR>[Called By]<UL><LI><a href="#[3e]">&gt;&gt;</a>&nbsp;&nbsp;&nbsp;_main_scatterload
</UL>

<P><STRONG><a name="[61]"></a>__scatterload_rt2</STRONG> (Thumb, 0 bytes, Stack size 0 bytes, init.o(.text), UNUSED)

<P><STRONG><a name="[4]"></a>BusFault_Handler</STRONG> (Thumb, 2 bytes, Stack size 0 bytes, apm32f10x_int.o(.text.BusFault_Handler))
<BR><BR>[Calls]<UL><LI><a href="#[4]">&gt;&gt;</a>&nbsp;&nbsp;&nbsp;BusFault_Handler
</UL>
<BR>[Called By]<UL><LI><a href="#[4]">&gt;&gt;</a>&nbsp;&nbsp;&nbsp;BusFault_Handler
</UL>
<BR>[Address Reference Count : 1]<UL><LI> startup_apm32f10x_md.o(RESET)
</UL>
<P><STRONG><a name="[7]"></a>DebugMon_Handler</STRONG> (Thumb, 2 bytes, Stack size 0 bytes, apm32f10x_int.o(.text.DebugMon_Handler))
<BR>[Address Reference Count : 1]<UL><LI> startup_apm32f10x_md.o(RESET)
</UL>
<P><STRONG><a name="[49]"></a>GPIO_Config</STRONG> (Thumb, 172 bytes, Stack size 24 bytes, apm32f10x_gpio.o(.text.GPIO_Config))
<BR><BR>[Stack]<UL><LI>Max Depth = 24<LI>Call Chain = GPIO_Config
</UL>
<BR>[Called By]<UL><LI><a href="#[4f]">&gt;&gt;</a>&nbsp;&nbsp;&nbsp;board_usart_init
<LI><a href="#[48]">&gt;&gt;</a>&nbsp;&nbsp;&nbsp;board_button_init
<LI><a href="#[4c]">&gt;&gt;</a>&nbsp;&nbsp;&nbsp;board_led_init
</UL>

<P><STRONG><a name="[4b]"></a>GPIO_ReadInputBit</STRONG> (Thumb, 10 bytes, Stack size 0 bytes, apm32f10x_gpio.o(.text.GPIO_ReadInputBit))
<BR><BR>[Called By]<UL><LI><a href="#[4a]">&gt;&gt;</a>&nbsp;&nbsp;&nbsp;board_button_state_get
</UL>

<P><STRONG><a name="[4e]"></a>GPIO_WriteBitValue</STRONG> (Thumb, 12 bytes, Stack size 0 bytes, apm32f10x_gpio.o(.text.GPIO_WriteBitValue))
<BR><BR>[Called By]<UL><LI><a href="#[4d]">&gt;&gt;</a>&nbsp;&nbsp;&nbsp;board_led_off
</UL>

<P><STRONG><a name="[2]"></a>HardFault_Handler</STRONG> (Thumb, 2 bytes, Stack size 0 bytes, apm32f10x_int.o(.text.HardFault_Handler))
<BR><BR>[Calls]<UL><LI><a href="#[2]">&gt;&gt;</a>&nbsp;&nbsp;&nbsp;HardFault_Handler
</UL>
<BR>[Called By]<UL><LI><a href="#[2]">&gt;&gt;</a>&nbsp;&nbsp;&nbsp;HardFault_Handler
</UL>
<BR>[Address Reference Count : 1]<UL><LI> startup_apm32f10x_md.o(RESET)
</UL>
<P><STRONG><a name="[3]"></a>MemManage_Handler</STRONG> (Thumb, 2 bytes, Stack size 0 bytes, apm32f10x_int.o(.text.MemManage_Handler))
<BR><BR>[Calls]<UL><LI><a href="#[3]">&gt;&gt;</a>&nbsp;&nbsp;&nbsp;MemManage_Handler
</UL>
<BR>[Called By]<UL><LI><a href="#[3]">&gt;&gt;</a>&nbsp;&nbsp;&nbsp;MemManage_Handler
</UL>
<BR>[Address Reference Count : 1]<UL><LI> startup_apm32f10x_md.o(RESET)
</UL>
<P><STRONG><a name="[1]"></a>NMI_Handler</STRONG> (Thumb, 2 bytes, Stack size 0 bytes, apm32f10x_int.o(.text.NMI_Handler))
<BR>[Address Reference Count : 1]<UL><LI> startup_apm32f10x_md.o(RESET)
</UL>
<P><STRONG><a name="[8]"></a>PendSV_Handler</STRONG> (Thumb, 2 bytes, Stack size 0 bytes, apm32f10x_int.o(.text.PendSV_Handler))
<BR>[Address Reference Count : 1]<UL><LI> startup_apm32f10x_md.o(RESET)
</UL>
<P><STRONG><a name="[41]"></a>RCM_EnableAPB2PeriphClock</STRONG> (Thumb, 8 bytes, Stack size 0 bytes, apm32f10x_rcm.o(.text.RCM_EnableAPB2PeriphClock))
<BR><BR>[Calls]<UL><LI><a href="#[42]">&gt;&gt;</a>&nbsp;&nbsp;&nbsp;OUTLINED_FUNCTION_1
</UL>
<BR>[Called By]<UL><LI><a href="#[4f]">&gt;&gt;</a>&nbsp;&nbsp;&nbsp;board_usart_init
<LI><a href="#[48]">&gt;&gt;</a>&nbsp;&nbsp;&nbsp;board_button_init
<LI><a href="#[4c]">&gt;&gt;</a>&nbsp;&nbsp;&nbsp;board_led_init
</UL>

<P><STRONG><a name="[43]"></a>RCM_ReadHCLKFreq</STRONG> (Thumb, 24 bytes, Stack size 8 bytes, apm32f10x_rcm.o(.text.RCM_ReadHCLKFreq))
<BR><BR>[Stack]<UL><LI>Max Depth = 8<LI>Call Chain = RCM_ReadHCLKFreq
</UL>
<BR>[Calls]<UL><LI><a href="#[44]">&gt;&gt;</a>&nbsp;&nbsp;&nbsp;RCM_ReadSYSCLKFreq
</UL>
<BR>[Called By]<UL><LI><a href="#[45]">&gt;&gt;</a>&nbsp;&nbsp;&nbsp;RCM_ReadPCLKFreq
</UL>

<P><STRONG><a name="[45]"></a>RCM_ReadPCLKFreq</STRONG> (Thumb, 48 bytes, Stack size 16 bytes, apm32f10x_rcm.o(.text.RCM_ReadPCLKFreq))
<BR><BR>[Stack]<UL><LI>Max Depth = 24<LI>Call Chain = RCM_ReadPCLKFreq &rArr; RCM_ReadHCLKFreq
</UL>
<BR>[Calls]<UL><LI><a href="#[43]">&gt;&gt;</a>&nbsp;&nbsp;&nbsp;RCM_ReadHCLKFreq
</UL>
<BR>[Called By]<UL><LI><a href="#[47]">&gt;&gt;</a>&nbsp;&nbsp;&nbsp;USART_Config
</UL>

<P><STRONG><a name="[44]"></a>RCM_ReadSYSCLKFreq</STRONG> (Thumb, 48 bytes, Stack size 0 bytes, apm32f10x_rcm.o(.text.RCM_ReadSYSCLKFreq))
<BR><BR>[Called By]<UL><LI><a href="#[43]">&gt;&gt;</a>&nbsp;&nbsp;&nbsp;RCM_ReadHCLKFreq
</UL>

<P><STRONG><a name="[6]"></a>SVC_Handler</STRONG> (Thumb, 2 bytes, Stack size 0 bytes, apm32f10x_int.o(.text.SVC_Handler))
<BR>[Address Reference Count : 1]<UL><LI> startup_apm32f10x_md.o(RESET)
</UL>
<P><STRONG><a name="[9]"></a>SysTick_Handler</STRONG> (Thumb, 4 bytes, Stack size 0 bytes, apm32f10x_int.o(.text.SysTick_Handler))
<BR><BR>[Calls]<UL><LI><a href="#[46]">&gt;&gt;</a>&nbsp;&nbsp;&nbsp;delay_decrement
</UL>
<BR>[Address Reference Count : 1]<UL><LI> startup_apm32f10x_md.o(RESET)
</UL>
<P><STRONG><a name="[3a]"></a>SystemInit</STRONG> (Thumb, 200 bytes, Stack size 4 bytes, system_apm32f10x.o(.text.SystemInit))
<BR><BR>[Stack]<UL><LI>Max Depth = 4<LI>Call Chain = SystemInit
</UL>
<BR>[Address Reference Count : 1]<UL><LI> startup_apm32f10x_md.o(.text)
</UL>
<P><STRONG><a name="[47]"></a>USART_Config</STRONG> (Thumb, 124 bytes, Stack size 24 bytes, apm32f10x_usart.o(.text.USART_Config))
<BR><BR>[Stack]<UL><LI>Max Depth = 48<LI>Call Chain = USART_Config &rArr; RCM_ReadPCLKFreq &rArr; RCM_ReadHCLKFreq
</UL>
<BR>[Calls]<UL><LI><a href="#[45]">&gt;&gt;</a>&nbsp;&nbsp;&nbsp;RCM_ReadPCLKFreq
</UL>
<BR>[Called By]<UL><LI><a href="#[4f]">&gt;&gt;</a>&nbsp;&nbsp;&nbsp;board_usart_init
</UL>

<P><STRONG><a name="[50]"></a>USART_Enable</STRONG> (Thumb, 10 bytes, Stack size 0 bytes, apm32f10x_usart.o(.text.USART_Enable))
<BR><BR>[Called By]<UL><LI><a href="#[4f]">&gt;&gt;</a>&nbsp;&nbsp;&nbsp;board_usart_init
</UL>

<P><STRONG><a name="[52]"></a>USART_ReadStatusFlag</STRONG> (Thumb, 10 bytes, Stack size 0 bytes, apm32f10x_usart.o(.text.USART_ReadStatusFlag))
<BR><BR>[Called By]<UL><LI><a href="#[3d]">&gt;&gt;</a>&nbsp;&nbsp;&nbsp;fputc
</UL>

<P><STRONG><a name="[51]"></a>USART_TxData</STRONG> (Thumb, 10 bytes, Stack size 0 bytes, apm32f10x_usart.o(.text.USART_TxData))
<BR><BR>[Called By]<UL><LI><a href="#[3d]">&gt;&gt;</a>&nbsp;&nbsp;&nbsp;fputc
</UL>

<P><STRONG><a name="[5]"></a>UsageFault_Handler</STRONG> (Thumb, 2 bytes, Stack size 0 bytes, apm32f10x_int.o(.text.UsageFault_Handler))
<BR><BR>[Calls]<UL><LI><a href="#[5]">&gt;&gt;</a>&nbsp;&nbsp;&nbsp;UsageFault_Handler
</UL>
<BR>[Called By]<UL><LI><a href="#[5]">&gt;&gt;</a>&nbsp;&nbsp;&nbsp;UsageFault_Handler
</UL>
<BR>[Address Reference Count : 1]<UL><LI> startup_apm32f10x_md.o(RESET)
</UL>
<P><STRONG><a name="[48]"></a>board_button_init</STRONG> (Thumb, 24 bytes, Stack size 16 bytes, board.o(.text.board_button_init))
<BR><BR>[Stack]<UL><LI>Max Depth = 40<LI>Call Chain = board_button_init &rArr; GPIO_Config
</UL>
<BR>[Calls]<UL><LI><a href="#[49]">&gt;&gt;</a>&nbsp;&nbsp;&nbsp;GPIO_Config
<LI><a href="#[41]">&gt;&gt;</a>&nbsp;&nbsp;&nbsp;RCM_EnableAPB2PeriphClock
</UL>
<BR>[Called By]<UL><LI><a href="#[39]">&gt;&gt;</a>&nbsp;&nbsp;&nbsp;main
</UL>

<P><STRONG><a name="[4a]"></a>board_button_state_get</STRONG> (Thumb, 20 bytes, Stack size 8 bytes, board.o(.text.board_button_state_get))
<BR><BR>[Stack]<UL><LI>Max Depth = 8<LI>Call Chain = board_button_state_get
</UL>
<BR>[Calls]<UL><LI><a href="#[4b]">&gt;&gt;</a>&nbsp;&nbsp;&nbsp;GPIO_ReadInputBit
</UL>
<BR>[Called By]<UL><LI><a href="#[39]">&gt;&gt;</a>&nbsp;&nbsp;&nbsp;main
</UL>

<P><STRONG><a name="[4c]"></a>board_led_init</STRONG> (Thumb, 24 bytes, Stack size 16 bytes, board.o(.text.board_led_init))
<BR><BR>[Stack]<UL><LI>Max Depth = 40<LI>Call Chain = board_led_init &rArr; GPIO_Config
</UL>
<BR>[Calls]<UL><LI><a href="#[49]">&gt;&gt;</a>&nbsp;&nbsp;&nbsp;GPIO_Config
<LI><a href="#[41]">&gt;&gt;</a>&nbsp;&nbsp;&nbsp;RCM_EnableAPB2PeriphClock
</UL>
<BR>[Called By]<UL><LI><a href="#[39]">&gt;&gt;</a>&nbsp;&nbsp;&nbsp;main
</UL>

<P><STRONG><a name="[4d]"></a>board_led_off</STRONG> (Thumb, 12 bytes, Stack size 0 bytes, board.o(.text.board_led_off))
<BR><BR>[Calls]<UL><LI><a href="#[4e]">&gt;&gt;</a>&nbsp;&nbsp;&nbsp;GPIO_WriteBitValue
</UL>
<BR>[Called By]<UL><LI><a href="#[39]">&gt;&gt;</a>&nbsp;&nbsp;&nbsp;main
</UL>

<P><STRONG><a name="[56]"></a>board_led_toggle</STRONG> (Thumb, 12 bytes, Stack size 0 bytes, board.o(.text.board_led_toggle))
<BR><BR>[Called By]<UL><LI><a href="#[39]">&gt;&gt;</a>&nbsp;&nbsp;&nbsp;main
</UL>

<P><STRONG><a name="[4f]"></a>board_usart_init</STRONG> (Thumb, 72 bytes, Stack size 32 bytes, board.o(.text.board_usart_init))
<BR><BR>[Stack]<UL><LI>Max Depth = 80<LI>Call Chain = board_usart_init &rArr; USART_Config &rArr; RCM_ReadPCLKFreq &rArr; RCM_ReadHCLKFreq
</UL>
<BR>[Calls]<UL><LI><a href="#[50]">&gt;&gt;</a>&nbsp;&nbsp;&nbsp;USART_Enable
<LI><a href="#[47]">&gt;&gt;</a>&nbsp;&nbsp;&nbsp;USART_Config
<LI><a href="#[49]">&gt;&gt;</a>&nbsp;&nbsp;&nbsp;GPIO_Config
<LI><a href="#[41]">&gt;&gt;</a>&nbsp;&nbsp;&nbsp;RCM_EnableAPB2PeriphClock
</UL>
<BR>[Called By]<UL><LI><a href="#[39]">&gt;&gt;</a>&nbsp;&nbsp;&nbsp;main
</UL>

<P><STRONG><a name="[55]"></a>delay</STRONG> (Thumb, 16 bytes, Stack size 0 bytes, systick.o(.text.delay))
<BR><BR>[Called By]<UL><LI><a href="#[39]">&gt;&gt;</a>&nbsp;&nbsp;&nbsp;main
</UL>

<P><STRONG><a name="[46]"></a>delay_decrement</STRONG> (Thumb, 12 bytes, Stack size 0 bytes, systick.o(.text.delay_decrement))
<BR><BR>[Called By]<UL><LI><a href="#[9]">&gt;&gt;</a>&nbsp;&nbsp;&nbsp;SysTick_Handler
</UL>

<P><STRONG><a name="[3d]"></a>fputc</STRONG> (Thumb, 32 bytes, Stack size 16 bytes, board.o(.text.fputc))
<BR><BR>[Stack]<UL><LI>Max Depth = 16<LI>Call Chain = fputc
</UL>
<BR>[Calls]<UL><LI><a href="#[52]">&gt;&gt;</a>&nbsp;&nbsp;&nbsp;USART_ReadStatusFlag
<LI><a href="#[51]">&gt;&gt;</a>&nbsp;&nbsp;&nbsp;USART_TxData
</UL>
<BR>[Called By]<UL><LI><a href="#[3c]">&gt;&gt;</a>&nbsp;&nbsp;&nbsp;puts
</UL>
<BR>[Address Reference Count : 1]<UL><LI> printf1.o(i.__0printf$1)
</UL>
<P><STRONG><a name="[39]"></a>main</STRONG> (Thumb, 72 bytes, Stack size 0 bytes, main.o(.text.main))
<BR><BR>[Stack]<UL><LI>Max Depth = 80<LI>Call Chain = main &rArr; board_usart_init &rArr; USART_Config &rArr; RCM_ReadPCLKFreq &rArr; RCM_ReadHCLKFreq
</UL>
<BR>[Calls]<UL><LI><a href="#[56]">&gt;&gt;</a>&nbsp;&nbsp;&nbsp;board_led_toggle
<LI><a href="#[55]">&gt;&gt;</a>&nbsp;&nbsp;&nbsp;delay
<LI><a href="#[4d]">&gt;&gt;</a>&nbsp;&nbsp;&nbsp;board_led_off
<LI><a href="#[4a]">&gt;&gt;</a>&nbsp;&nbsp;&nbsp;board_button_state_get
<LI><a href="#[4f]">&gt;&gt;</a>&nbsp;&nbsp;&nbsp;board_usart_init
<LI><a href="#[48]">&gt;&gt;</a>&nbsp;&nbsp;&nbsp;board_button_init
<LI><a href="#[4c]">&gt;&gt;</a>&nbsp;&nbsp;&nbsp;board_led_init
<LI><a href="#[53]">&gt;&gt;</a>&nbsp;&nbsp;&nbsp;systick_config
<LI><a href="#[54]">&gt;&gt;</a>&nbsp;&nbsp;&nbsp;__2printf
</UL>
<BR>[Address Reference Count : 1]<UL><LI> entry9a.o(.ARM.Collect$$$$0000000B)
</UL>
<P><STRONG><a name="[53]"></a>systick_config</STRONG> (Thumb, 48 bytes, Stack size 0 bytes, systick.o(.text.systick_config))
<BR><BR>[Called By]<UL><LI><a href="#[39]">&gt;&gt;</a>&nbsp;&nbsp;&nbsp;main
</UL>

<P><STRONG><a name="[57]"></a>__0printf$1</STRONG> (Thumb, 22 bytes, Stack size 24 bytes, printf1.o(i.__0printf$1), UNUSED)
<BR><BR>[Calls]<UL><LI><a href="#[58]">&gt;&gt;</a>&nbsp;&nbsp;&nbsp;_printf_core
</UL>

<P><STRONG><a name="[62]"></a>__1printf$1</STRONG> (Thumb, 0 bytes, Stack size 24 bytes, printf1.o(i.__0printf$1), UNUSED)

<P><STRONG><a name="[54]"></a>__2printf</STRONG> (Thumb, 0 bytes, Stack size 24 bytes, printf1.o(i.__0printf$1))
<BR><BR>[Stack]<UL><LI>Max Depth = 24<LI>Call Chain = __2printf
</UL>
<BR>[Called By]<UL><LI><a href="#[39]">&gt;&gt;</a>&nbsp;&nbsp;&nbsp;main
</UL>

<P><STRONG><a name="[63]"></a>__scatterload_copy</STRONG> (Thumb, 14 bytes, Stack size unknown bytes, handlers.o(i.__scatterload_copy), UNUSED)

<P><STRONG><a name="[64]"></a>__scatterload_null</STRONG> (Thumb, 2 bytes, Stack size unknown bytes, handlers.o(i.__scatterload_null), UNUSED)

<P><STRONG><a name="[65]"></a>__scatterload_zeroinit</STRONG> (Thumb, 14 bytes, Stack size unknown bytes, handlers.o(i.__scatterload_zeroinit), UNUSED)

<P><STRONG><a name="[3c]"></a>puts</STRONG> (Thumb, 30 bytes, Stack size 8 bytes, puts.o(i.puts))
<BR><BR>[Stack]<UL><LI>Max Depth = 24<LI>Call Chain = puts &rArr; fputc
</UL>
<BR>[Calls]<UL><LI><a href="#[3d]">&gt;&gt;</a>&nbsp;&nbsp;&nbsp;fputc
</UL>
<BR>[Address Reference Count : 1]<UL><LI> main.o(.text.main)
</UL><P>
<H3>
Local Symbols
</H3>
<P><STRONG><a name="[42]"></a>OUTLINED_FUNCTION_1</STRONG> (Thumb, 8 bytes, Stack size 0 bytes, apm32f10x_rcm.o(.text.OUTLINED_FUNCTION_1))
<BR><BR>[Called By]<UL><LI><a href="#[41]">&gt;&gt;</a>&nbsp;&nbsp;&nbsp;RCM_EnableAPB2PeriphClock
</UL>

<P><STRONG><a name="[58]"></a>_printf_core</STRONG> (Thumb, 336 bytes, Stack size 88 bytes, printf1.o(i._printf_core), UNUSED)
<BR><BR>[Calls]<UL><LI><a href="#[59]">&gt;&gt;</a>&nbsp;&nbsp;&nbsp;__aeabi_uidivmod
</UL>
<BR>[Called By]<UL><LI><a href="#[57]">&gt;&gt;</a>&nbsp;&nbsp;&nbsp;__0printf$1
</UL>
<P>
<H3>
Undefined Global Symbols
</H3><HR></body></html>
