<html>
<body>
<pre>
<h1>µVision Build Log</h1>
<h2>Tool Versions:</h2>
IDE-Version: µVision V5.38.0.0
Copyright (C) 2022 ARM Ltd and ARM Germany GmbH. All rights reserved.
License Information: Ogneyar Yakovlev, LeidTogi, LIC=----
 
Tool Versions:
Toolchain:       MDK-Lite  Version: 5.37.0.0
Toolchain Path:  C:\Keil_v5\ARM\ARMCLANG\Bin
C Compiler:      ArmClang.exe V6.18
Assembler:       Armasm.exe V6.18
Linker/Locator:  ArmLink.exe V6.18
Library Manager: ArmAr.exe V6.18
Hex Converter:   FromElf.exe V6.18
CPU DLL:         SARMCM3.DLL V5.37.0.0
Dialog DLL:      DCM.DLL V1.17.5.0
Target DLL:      CMSIS_AGDI.dll V1.33.12.0
Dialog DLL:      TCM.DLL V1.56.1.0
 
<h2>Project:</h2>
E:\VSCode\ArduinoProjects\Keil\APM32\Blink\MDK-ARM\Blink.uvprojx
Project File Date:  05/18/2023

<h2>Output:</h2>
*** Using Compiler 'V6.18', folder: 'C:\Keil_v5\ARM\ARMCLANG\Bin'
Build target 'Target 1'
compiling apm32f10x_int.c...
compiling main.c...
compiling board.c...
compiling systick.c...
compiling apm32f10x_adc.c...
compiling apm32f10x_bakpr.c...
compiling apm32f10x_can.c...
compiling apm32f10x_crc.c...
compiling apm32f10x_dac.c...
compiling apm32f10x_dbgmcu.c...
compiling apm32f10x_dma.c...
compiling apm32f10x_dmc.c...
compiling apm32f10x_eint.c...
compiling apm32f10x_emmc.c...
compiling apm32f10x_fmc.c...
compiling apm32f10x_gpio.c...
compiling apm32f10x_i2c.c...
compiling apm32f10x_iwdt.c...
compiling apm32f10x_misc.c...
compiling apm32f10x_pmu.c...
compiling apm32f10x_rcm.c...
compiling apm32f10x_rtc.c...
compiling apm32f10x_sci2c.c...
compiling apm32f10x_sdio.c...
compiling apm32f10x_spi.c...
compiling apm32f10x_tmr.c...
compiling apm32f10x_usart.c...
compiling apm32f10x_wwdt.c...
assembling startup_apm32f10x_md.s...
compiling system_apm32f10x.c...
linking...
Program Size: Code=1868 RO-data=292 RW-data=8 ZI-data=1032  
FromELF: creating hex file...
".\Objects\Blink.axf" - 0 Error(s), 0 Warning(s).

<h2>Software Packages used:</h2>

Package Vendor: Geehy
                https://www.geehy.com/uploads/tool/Geehy.APM32F1xx_DFP.1.0.8.pack
                Geehy.APM32F1xx_DFP.1.0.8
                Geehy Semiconductor APM32F1 Series Device Support, Drivers and Examples

<h2>Collection of Component include folders:</h2>
  C:/Users/ogney/AppData/Local/Arm/Packs/Geehy/APM32F1xx_DFP/1.0.8/Device/Device/Geehy/APM32F10x/Include

<h2>Collection of Component Files used:</h2>
Build Time Elapsed:  00:00:13
</pre>
</body>
</html>
