Component: Arm Compiler for Embedded 6.18 Tool: armlink [5e4cc100]

==============================================================================

Section Cross References

    main.o(.text.main) refers to main.o(.text.GpioInit) for GpioInit
    main.o(.text.main) refers to main.o(.text.ClockInit) for ClockInit
    main.o(.text.main) refers to main.o(.text.__NVIC_EnableIRQ) for __NVIC_EnableIRQ
    main.o(.ARM.exidx.text.main) refers to main.o(.text.main) for [Anonymous Symbol]
    main.o(.ARM.exidx.text.GpioInit) refers to main.o(.text.GpioInit) for [Anonymous Symbol]
    main.o(.ARM.exidx.text.ClockInit) refers to main.o(.text.ClockInit) for [Anonymous Symbol]
    main.o(.ARM.exidx.text.__NVIC_EnableIRQ) refers to main.o(.text.__NVIC_EnableIRQ) for [Anonymous Symbol]
    main.o(.text.SysTick_Handler) refers to main.o(.bss.sys_tick_flag) for sys_tick_flag
    main.o(.ARM.exidx.text.SysTick_Handler) refers to main.o(.text.SysTick_Handler) for [Anonymous Symbol]
    startup_mdr32f9q2i.o(STACK) refers (Special) to heapauxi.o(.text) for __use_two_region_memory
    startup_mdr32f9q2i.o(HEAP) refers (Special) to heapauxi.o(.text) for __use_two_region_memory
    startup_mdr32f9q2i.o(RESET) refers (Special) to heapauxi.o(.text) for __use_two_region_memory
    startup_mdr32f9q2i.o(RESET) refers to startup_mdr32f9q2i.o(STACK) for __initial_sp
    startup_mdr32f9q2i.o(RESET) refers to startup_mdr32f9q2i.o(.text) for Reset_Handler
    startup_mdr32f9q2i.o(RESET) refers to main.o(.text.SysTick_Handler) for SysTick_Handler
    startup_mdr32f9q2i.o(.text) refers (Special) to heapauxi.o(.text) for __use_two_region_memory
    startup_mdr32f9q2i.o(.text) refers to system_mdr32f9q2i.o(.text.SystemInit) for SystemInit
    startup_mdr32f9q2i.o(.text) refers to __main.o(!!!main) for __main
    startup_mdr32f9q2i.o(.text) refers to startup_mdr32f9q2i.o(HEAP) for Heap_Mem
    startup_mdr32f9q2i.o(.text) refers to startup_mdr32f9q2i.o(STACK) for Stack_Mem
    system_mdr32f9q2i.o(.text.SystemCoreClockUpdate) refers to system_mdr32f9q2i.o(.data.SystemCoreClock) for SystemCoreClock
    system_mdr32f9q2i.o(.ARM.exidx.text.SystemCoreClockUpdate) refers to system_mdr32f9q2i.o(.text.SystemCoreClockUpdate) for [Anonymous Symbol]
    system_mdr32f9q2i.o(.text.SystemInit) refers to system_mdr32f9q2i.o(.text.SystemCoreClockUpdate) for SystemCoreClockUpdate
    system_mdr32f9q2i.o(.ARM.exidx.text.SystemInit) refers to system_mdr32f9q2i.o(.text.SystemInit) for [Anonymous Symbol]
    mdr32fxqi_port.o(.ARM.exidx.text.PORT_DeInit) refers to mdr32fxqi_port.o(.text.PORT_DeInit) for [Anonymous Symbol]
    mdr32fxqi_port.o(.ARM.exidx.text.PORT_Init) refers to mdr32fxqi_port.o(.text.PORT_Init) for [Anonymous Symbol]
    mdr32fxqi_port.o(.ARM.exidx.text.PORT_StructInit) refers to mdr32fxqi_port.o(.text.PORT_StructInit) for [Anonymous Symbol]
    mdr32fxqi_port.o(.ARM.exidx.text.PORT_ReadInputDataBit) refers to mdr32fxqi_port.o(.text.PORT_ReadInputDataBit) for [Anonymous Symbol]
    mdr32fxqi_port.o(.ARM.exidx.text.PORT_ReadInputData) refers to mdr32fxqi_port.o(.text.PORT_ReadInputData) for [Anonymous Symbol]
    mdr32fxqi_port.o(.ARM.exidx.text.PORT_SetBits) refers to mdr32fxqi_port.o(.text.PORT_SetBits) for [Anonymous Symbol]
    mdr32fxqi_port.o(.ARM.exidx.text.PORT_ResetBits) refers to mdr32fxqi_port.o(.text.PORT_ResetBits) for [Anonymous Symbol]
    mdr32fxqi_port.o(.ARM.exidx.text.PORT_WriteBit) refers to mdr32fxqi_port.o(.text.PORT_WriteBit) for [Anonymous Symbol]
    mdr32fxqi_port.o(.ARM.exidx.text.PORT_Write) refers to mdr32fxqi_port.o(.text.PORT_Write) for [Anonymous Symbol]
    mdr32fxqi_rst_clk.o(.text.RST_CLK_DeInit) refers to mdr32fxqi_rst_clk.o(.text.RST_CLK_WarmDeInit) for RST_CLK_WarmDeInit
    mdr32fxqi_rst_clk.o(.text.RST_CLK_DeInit) refers to mdr32fxqi_rst_clk.o(.text.RST_CLK_PCLKcmd) for RST_CLK_PCLKcmd
    mdr32fxqi_rst_clk.o(.ARM.exidx.text.RST_CLK_DeInit) refers to mdr32fxqi_rst_clk.o(.text.RST_CLK_DeInit) for [Anonymous Symbol]
    mdr32fxqi_rst_clk.o(.text.RST_CLK_WarmDeInit) refers to mdr32fxqi_rst_clk.o(.text.RST_CLK_HSIcmd) for RST_CLK_HSIcmd
    mdr32fxqi_rst_clk.o(.text.RST_CLK_WarmDeInit) refers to mdr32fxqi_rst_clk.o(.text.RST_CLK_HSIstatus) for RST_CLK_HSIstatus
    mdr32fxqi_rst_clk.o(.text.RST_CLK_WarmDeInit) refers to mdr32fxqi_rst_clk.o(.text.RST_CLK_CPUclkSelection) for RST_CLK_CPUclkSelection
    mdr32fxqi_rst_clk.o(.ARM.exidx.text.RST_CLK_WarmDeInit) refers to mdr32fxqi_rst_clk.o(.text.RST_CLK_WarmDeInit) for [Anonymous Symbol]
    mdr32fxqi_rst_clk.o(.ARM.exidx.text.RST_CLK_PCLKcmd) refers to mdr32fxqi_rst_clk.o(.text.RST_CLK_PCLKcmd) for [Anonymous Symbol]
    mdr32fxqi_rst_clk.o(.ARM.exidx.text.RST_CLK_HSIcmd) refers to mdr32fxqi_rst_clk.o(.text.RST_CLK_HSIcmd) for [Anonymous Symbol]
    mdr32fxqi_rst_clk.o(.text.RST_CLK_HSIstatus) refers to mdr32fxqi_rst_clk.o(.text.RST_CLK_GetFlagStatus) for RST_CLK_GetFlagStatus
    mdr32fxqi_rst_clk.o(.ARM.exidx.text.RST_CLK_HSIstatus) refers to mdr32fxqi_rst_clk.o(.text.RST_CLK_HSIstatus) for [Anonymous Symbol]
    mdr32fxqi_rst_clk.o(.ARM.exidx.text.RST_CLK_CPUclkSelection) refers to mdr32fxqi_rst_clk.o(.text.RST_CLK_CPUclkSelection) for [Anonymous Symbol]
    mdr32fxqi_rst_clk.o(.ARM.exidx.text.RST_CLK_HSEconfig) refers to mdr32fxqi_rst_clk.o(.text.RST_CLK_HSEconfig) for [Anonymous Symbol]
    mdr32fxqi_rst_clk.o(.text.RST_CLK_HSEstatus) refers to mdr32fxqi_rst_clk.o(.text.RST_CLK_GetFlagStatus) for RST_CLK_GetFlagStatus
    mdr32fxqi_rst_clk.o(.ARM.exidx.text.RST_CLK_HSEstatus) refers to mdr32fxqi_rst_clk.o(.text.RST_CLK_HSEstatus) for [Anonymous Symbol]
    mdr32fxqi_rst_clk.o(.ARM.exidx.text.RST_CLK_GetFlagStatus) refers to mdr32fxqi_rst_clk.o(.text.RST_CLK_GetFlagStatus) for [Anonymous Symbol]
    mdr32fxqi_rst_clk.o(.ARM.exidx.text.RST_CLK_LSEconfig) refers to mdr32fxqi_rst_clk.o(.text.RST_CLK_LSEconfig) for [Anonymous Symbol]
    mdr32fxqi_rst_clk.o(.text.RST_CLK_LSEstatus) refers to mdr32fxqi_rst_clk.o(.text.RST_CLK_GetFlagStatus) for RST_CLK_GetFlagStatus
    mdr32fxqi_rst_clk.o(.ARM.exidx.text.RST_CLK_LSEstatus) refers to mdr32fxqi_rst_clk.o(.text.RST_CLK_LSEstatus) for [Anonymous Symbol]
    mdr32fxqi_rst_clk.o(.ARM.exidx.text.RST_CLK_HSIadjust) refers to mdr32fxqi_rst_clk.o(.text.RST_CLK_HSIadjust) for [Anonymous Symbol]
    mdr32fxqi_rst_clk.o(.ARM.exidx.text.RST_CLK_LSIcmd) refers to mdr32fxqi_rst_clk.o(.text.RST_CLK_LSIcmd) for [Anonymous Symbol]
    mdr32fxqi_rst_clk.o(.ARM.exidx.text.RST_CLK_LSIadjust) refers to mdr32fxqi_rst_clk.o(.text.RST_CLK_LSIadjust) for [Anonymous Symbol]
    mdr32fxqi_rst_clk.o(.text.RST_CLK_LSIstatus) refers to mdr32fxqi_rst_clk.o(.text.RST_CLK_GetFlagStatus) for RST_CLK_GetFlagStatus
    mdr32fxqi_rst_clk.o(.ARM.exidx.text.RST_CLK_LSIstatus) refers to mdr32fxqi_rst_clk.o(.text.RST_CLK_LSIstatus) for [Anonymous Symbol]
    mdr32fxqi_rst_clk.o(.ARM.exidx.text.RST_CLK_CPU_PLLconfig) refers to mdr32fxqi_rst_clk.o(.text.RST_CLK_CPU_PLLconfig) for [Anonymous Symbol]
    mdr32fxqi_rst_clk.o(.ARM.exidx.text.RST_CLK_CPU_PLLuse) refers to mdr32fxqi_rst_clk.o(.text.RST_CLK_CPU_PLLuse) for [Anonymous Symbol]
    mdr32fxqi_rst_clk.o(.ARM.exidx.text.RST_CLK_CPU_PLLcmd) refers to mdr32fxqi_rst_clk.o(.text.RST_CLK_CPU_PLLcmd) for [Anonymous Symbol]
    mdr32fxqi_rst_clk.o(.text.RST_CLK_CPU_PLLstatus) refers to mdr32fxqi_rst_clk.o(.text.RST_CLK_GetFlagStatus) for RST_CLK_GetFlagStatus
    mdr32fxqi_rst_clk.o(.ARM.exidx.text.RST_CLK_CPU_PLLstatus) refers to mdr32fxqi_rst_clk.o(.text.RST_CLK_CPU_PLLstatus) for [Anonymous Symbol]
    mdr32fxqi_rst_clk.o(.ARM.exidx.text.RST_CLK_CPUclkPrescaler) refers to mdr32fxqi_rst_clk.o(.text.RST_CLK_CPUclkPrescaler) for [Anonymous Symbol]
    mdr32fxqi_rst_clk.o(.ARM.exidx.text.RST_CLK_USB_PLLconfig) refers to mdr32fxqi_rst_clk.o(.text.RST_CLK_USB_PLLconfig) for [Anonymous Symbol]
    mdr32fxqi_rst_clk.o(.ARM.exidx.text.RST_CLK_USB_PLLuse) refers to mdr32fxqi_rst_clk.o(.text.RST_CLK_USB_PLLuse) for [Anonymous Symbol]
    mdr32fxqi_rst_clk.o(.ARM.exidx.text.RST_CLK_USB_PLLcmd) refers to mdr32fxqi_rst_clk.o(.text.RST_CLK_USB_PLLcmd) for [Anonymous Symbol]
    mdr32fxqi_rst_clk.o(.text.RST_CLK_USB_PLLstatus) refers to mdr32fxqi_rst_clk.o(.text.RST_CLK_GetFlagStatus) for RST_CLK_GetFlagStatus
    mdr32fxqi_rst_clk.o(.ARM.exidx.text.RST_CLK_USB_PLLstatus) refers to mdr32fxqi_rst_clk.o(.text.RST_CLK_USB_PLLstatus) for [Anonymous Symbol]
    mdr32fxqi_rst_clk.o(.ARM.exidx.text.RST_CLK_USBclkPrescaler) refers to mdr32fxqi_rst_clk.o(.text.RST_CLK_USBclkPrescaler) for [Anonymous Symbol]
    mdr32fxqi_rst_clk.o(.ARM.exidx.text.RST_CLK_USBclkEnable) refers to mdr32fxqi_rst_clk.o(.text.RST_CLK_USBclkEnable) for [Anonymous Symbol]
    mdr32fxqi_rst_clk.o(.ARM.exidx.text.RST_CLK_ADCclkSelection) refers to mdr32fxqi_rst_clk.o(.text.RST_CLK_ADCclkSelection) for [Anonymous Symbol]
    mdr32fxqi_rst_clk.o(.ARM.exidx.text.RST_CLK_ADCclkPrescaler) refers to mdr32fxqi_rst_clk.o(.text.RST_CLK_ADCclkPrescaler) for [Anonymous Symbol]
    mdr32fxqi_rst_clk.o(.ARM.exidx.text.RST_CLK_ADCclkEnable) refers to mdr32fxqi_rst_clk.o(.text.RST_CLK_ADCclkEnable) for [Anonymous Symbol]
    mdr32fxqi_rst_clk.o(.ARM.exidx.text.RST_CLK_HSIclkPrescaler) refers to mdr32fxqi_rst_clk.o(.text.RST_CLK_HSIclkPrescaler) for [Anonymous Symbol]
    mdr32fxqi_rst_clk.o(.ARM.exidx.text.RST_CLK_RTC_HSIclkEnable) refers to mdr32fxqi_rst_clk.o(.text.RST_CLK_RTC_HSIclkEnable) for [Anonymous Symbol]
    mdr32fxqi_rst_clk.o(.ARM.exidx.text.RST_CLK_HSEclkPrescaler) refers to mdr32fxqi_rst_clk.o(.text.RST_CLK_HSEclkPrescaler) for [Anonymous Symbol]
    mdr32fxqi_rst_clk.o(.ARM.exidx.text.RST_CLK_RTC_HSEclkEnable) refers to mdr32fxqi_rst_clk.o(.text.RST_CLK_RTC_HSEclkEnable) for [Anonymous Symbol]
    mdr32fxqi_rst_clk.o(.ARM.exidx.text.RST_CLK_CPUclkSelectionC1) refers to mdr32fxqi_rst_clk.o(.text.RST_CLK_CPUclkSelectionC1) for [Anonymous Symbol]
    mdr32fxqi_rst_clk.o(.ARM.exidx.text.RST_CLK_GetClocksFreq) refers to mdr32fxqi_rst_clk.o(.text.RST_CLK_GetClocksFreq) for [Anonymous Symbol]
    __main.o(!!!main) refers to __rtentry.o(.ARM.Collect$$rtentry$$00000000) for __rt_entry
    __rtentry.o(.ARM.Collect$$rtentry$$00000000) refers (Special) to __rtentry2.o(.ARM.Collect$$rtentry$$0000000A) for __rt_entry_li
    __rtentry.o(.ARM.Collect$$rtentry$$00000000) refers (Special) to __rtentry2.o(.ARM.Collect$$rtentry$$0000000D) for __rt_entry_main
    __rtentry.o(.ARM.Collect$$rtentry$$00000000) refers (Special) to __rtentry2.o(.ARM.Collect$$rtentry$$0000000C) for __rt_entry_postli_1
    __rtentry.o(.ARM.Collect$$rtentry$$00000000) refers (Special) to __rtentry2.o(.ARM.Collect$$rtentry$$00000009) for __rt_entry_postsh_1
    __rtentry.o(.ARM.Collect$$rtentry$$00000000) refers (Special) to __rtentry2.o(.ARM.Collect$$rtentry$$00000002) for __rt_entry_presh_1
    __rtentry.o(.ARM.Collect$$rtentry$$00000000) refers (Special) to __rtentry4.o(.ARM.Collect$$rtentry$$00000004) for __rt_entry_sh
    __rtentry2.o(.ARM.Collect$$rtentry$$00000008) refers to boardinit2.o(.text) for _platform_post_stackheap_init
    __rtentry2.o(.ARM.Collect$$rtentry$$0000000A) refers to libinit.o(.ARM.Collect$$libinit$$00000000) for __rt_lib_init
    __rtentry2.o(.ARM.Collect$$rtentry$$0000000B) refers to boardinit3.o(.text) for _platform_post_lib_init
    __rtentry2.o(.ARM.Collect$$rtentry$$0000000D) refers to main.o(.text.main) for main
    __rtentry2.o(.ARM.Collect$$rtentry$$0000000D) refers to exit.o(.text) for exit
    __rtentry2.o(.ARM.exidx) refers to __rtentry2.o(.ARM.Collect$$rtentry$$00000001) for .ARM.Collect$$rtentry$$00000001
    __rtentry2.o(.ARM.exidx) refers to __rtentry2.o(.ARM.Collect$$rtentry$$00000008) for .ARM.Collect$$rtentry$$00000008
    __rtentry2.o(.ARM.exidx) refers to __rtentry2.o(.ARM.Collect$$rtentry$$0000000A) for .ARM.Collect$$rtentry$$0000000A
    __rtentry2.o(.ARM.exidx) refers to __rtentry2.o(.ARM.Collect$$rtentry$$0000000B) for .ARM.Collect$$rtentry$$0000000B
    __rtentry2.o(.ARM.exidx) refers to __rtentry2.o(.ARM.Collect$$rtentry$$0000000D) for .ARM.Collect$$rtentry$$0000000D
    __rtentry4.o(.ARM.Collect$$rtentry$$00000004) refers to sys_stackheap_outer.o(.text) for __user_setup_stackheap
    __rtentry4.o(.ARM.exidx) refers to __rtentry4.o(.ARM.Collect$$rtentry$$00000004) for .ARM.Collect$$rtentry$$00000004
    sys_stackheap_outer.o(.text) refers to libspace.o(.text) for __user_perproc_libspace
    sys_stackheap_outer.o(.text) refers to startup_mdr32f9q2i.o(.text) for __user_initial_stackheap
    exit.o(.text) refers to rtexit.o(.ARM.Collect$$rtexit$$00000000) for __rt_exit
    libinit.o(.ARM.Collect$$libinit$$00000000) refers (Special) to libinit2.o(.ARM.Collect$$libinit$$00000030) for __rt_lib_init_alloca_1
    libinit.o(.ARM.Collect$$libinit$$00000000) refers (Special) to libinit2.o(.ARM.Collect$$libinit$$0000002E) for __rt_lib_init_argv_1
    libinit.o(.ARM.Collect$$libinit$$00000000) refers (Special) to libinit2.o(.ARM.Collect$$libinit$$0000001D) for __rt_lib_init_atexit_1
    libinit.o(.ARM.Collect$$libinit$$00000000) refers (Special) to libinit2.o(.ARM.Collect$$libinit$$00000023) for __rt_lib_init_clock_1
    libinit.o(.ARM.Collect$$libinit$$00000000) refers (Special) to libinit2.o(.ARM.Collect$$libinit$$00000034) for __rt_lib_init_cpp_1
    libinit.o(.ARM.Collect$$libinit$$00000000) refers (Special) to libinit2.o(.ARM.Collect$$libinit$$00000032) for __rt_lib_init_exceptions_1
    libinit.o(.ARM.Collect$$libinit$$00000000) refers (Special) to libinit2.o(.ARM.Collect$$libinit$$00000002) for __rt_lib_init_fp_1
    libinit.o(.ARM.Collect$$libinit$$00000000) refers (Special) to libinit2.o(.ARM.Collect$$libinit$$00000021) for __rt_lib_init_fp_trap_1
    libinit.o(.ARM.Collect$$libinit$$00000000) refers (Special) to libinit2.o(.ARM.Collect$$libinit$$00000025) for __rt_lib_init_getenv_1
    libinit.o(.ARM.Collect$$libinit$$00000000) refers (Special) to libinit2.o(.ARM.Collect$$libinit$$0000000C) for __rt_lib_init_heap_1
    libinit.o(.ARM.Collect$$libinit$$00000000) refers (Special) to libinit2.o(.ARM.Collect$$libinit$$00000013) for __rt_lib_init_lc_collate_1
    libinit.o(.ARM.Collect$$libinit$$00000000) refers (Special) to libinit2.o(.ARM.Collect$$libinit$$00000015) for __rt_lib_init_lc_ctype_1
    libinit.o(.ARM.Collect$$libinit$$00000000) refers (Special) to libinit2.o(.ARM.Collect$$libinit$$00000017) for __rt_lib_init_lc_monetary_1
    libinit.o(.ARM.Collect$$libinit$$00000000) refers (Special) to libinit2.o(.ARM.Collect$$libinit$$00000019) for __rt_lib_init_lc_numeric_1
    libinit.o(.ARM.Collect$$libinit$$00000000) refers (Special) to libinit2.o(.ARM.Collect$$libinit$$0000001B) for __rt_lib_init_lc_time_1
    libinit.o(.ARM.Collect$$libinit$$00000000) refers (Special) to libinit2.o(.ARM.Collect$$libinit$$00000006) for __rt_lib_init_preinit_1
    libinit.o(.ARM.Collect$$libinit$$00000000) refers (Special) to libinit2.o(.ARM.Collect$$libinit$$00000010) for __rt_lib_init_rand_1
    libinit.o(.ARM.Collect$$libinit$$00000000) refers (Special) to libinit2.o(.ARM.Collect$$libinit$$00000004) for __rt_lib_init_relocate_pie_1
    libinit.o(.ARM.Collect$$libinit$$00000000) refers (Special) to libinit2.o(.ARM.Collect$$libinit$$00000035) for __rt_lib_init_return
    libinit.o(.ARM.Collect$$libinit$$00000000) refers (Special) to libinit2.o(.ARM.Collect$$libinit$$0000001F) for __rt_lib_init_signal_1
    libinit.o(.ARM.Collect$$libinit$$00000000) refers (Special) to libinit2.o(.ARM.Collect$$libinit$$00000027) for __rt_lib_init_stdio_1
    libinit.o(.ARM.Collect$$libinit$$00000000) refers (Special) to libinit2.o(.ARM.Collect$$libinit$$0000000E) for __rt_lib_init_user_alloc_1
    libspace.o(.text) refers to libspace.o(.bss) for __libspace_start
    rtexit.o(.ARM.Collect$$rtexit$$00000000) refers (Special) to rtexit2.o(.ARM.Collect$$rtexit$$00000004) for __rt_exit_exit
    rtexit.o(.ARM.Collect$$rtexit$$00000000) refers (Special) to rtexit2.o(.ARM.Collect$$rtexit$$00000003) for __rt_exit_ls
    rtexit.o(.ARM.Collect$$rtexit$$00000000) refers (Special) to rtexit2.o(.ARM.Collect$$rtexit$$00000002) for __rt_exit_prels_1
    rtexit.o(.ARM.exidx) refers (Special) to rtexit2.o(.ARM.Collect$$rtexit$$00000004) for __rt_exit_exit
    rtexit.o(.ARM.exidx) refers (Special) to rtexit2.o(.ARM.Collect$$rtexit$$00000003) for __rt_exit_ls
    rtexit.o(.ARM.exidx) refers (Special) to rtexit2.o(.ARM.Collect$$rtexit$$00000002) for __rt_exit_prels_1
    rtexit.o(.ARM.exidx) refers to rtexit.o(.ARM.Collect$$rtexit$$00000000) for .ARM.Collect$$rtexit$$00000000
    libinit2.o(.ARM.Collect$$libinit$$00000012) refers to libinit2.o(.ARM.Collect$$libinit$$00000011) for .ARM.Collect$$libinit$$00000011
    libinit2.o(.ARM.Collect$$libinit$$00000014) refers to libinit2.o(.ARM.Collect$$libinit$$00000011) for .ARM.Collect$$libinit$$00000011
    libinit2.o(.ARM.Collect$$libinit$$00000016) refers to libinit2.o(.ARM.Collect$$libinit$$00000011) for .ARM.Collect$$libinit$$00000011
    libinit2.o(.ARM.Collect$$libinit$$00000018) refers to libinit2.o(.ARM.Collect$$libinit$$00000011) for .ARM.Collect$$libinit$$00000011
    libinit2.o(.ARM.Collect$$libinit$$0000001A) refers to libinit2.o(.ARM.Collect$$libinit$$00000011) for .ARM.Collect$$libinit$$00000011
    libinit2.o(.ARM.Collect$$libinit$$00000028) refers to argv_veneer.o(.emb_text) for __ARM_argv_veneer
    libinit2.o(.ARM.Collect$$libinit$$00000029) refers to argv_veneer.o(.emb_text) for __ARM_argv_veneer
    rtexit2.o(.ARM.Collect$$rtexit$$00000003) refers to libshutdown.o(.ARM.Collect$$libshutdown$$00000000) for __rt_lib_shutdown
    rtexit2.o(.ARM.Collect$$rtexit$$00000004) refers to sys_exit.o(.text) for _sys_exit
    rtexit2.o(.ARM.exidx) refers to rtexit2.o(.ARM.Collect$$rtexit$$00000001) for .ARM.Collect$$rtexit$$00000001
    rtexit2.o(.ARM.exidx) refers to rtexit2.o(.ARM.Collect$$rtexit$$00000003) for .ARM.Collect$$rtexit$$00000003
    rtexit2.o(.ARM.exidx) refers to rtexit2.o(.ARM.Collect$$rtexit$$00000004) for .ARM.Collect$$rtexit$$00000004
    argv_veneer.o(.emb_text) refers to no_argv.o(.text) for __ARM_get_argv
    sys_exit.o(.text) refers (Special) to use_no_semi.o(.text) for __I$use$semihosting
    sys_exit.o(.text) refers (Special) to indicate_semi.o(.text) for __semihosting_library_function
    sys_exit_hlt.o(.text) refers (Special) to use_no_semi.o(.text) for __I$use$semihosting
    sys_exit_hlt.o(.text) refers (Special) to indicate_semi.o(.text) for __semihosting_library_function
    _get_argv_nomalloc.o(.text) refers (Special) to hrguard.o(.text) for __heap_region$guard
    _get_argv_nomalloc.o(.text) refers to defsig_rtmem_outer.o(.text) for __rt_SIGRTMEM
    _get_argv_nomalloc.o(.text) refers to sys_command.o(.text) for _sys_command_string
    libshutdown.o(.ARM.Collect$$libshutdown$$00000000) refers (Special) to libshutdown2.o(.ARM.Collect$$libshutdown$$00000002) for __rt_lib_shutdown_cpp_1
    libshutdown.o(.ARM.Collect$$libshutdown$$00000000) refers (Special) to libshutdown2.o(.ARM.Collect$$libshutdown$$00000007) for __rt_lib_shutdown_fp_trap_1
    libshutdown.o(.ARM.Collect$$libshutdown$$00000000) refers (Special) to libshutdown2.o(.ARM.Collect$$libshutdown$$0000000F) for __rt_lib_shutdown_heap_1
    libshutdown.o(.ARM.Collect$$libshutdown$$00000000) refers (Special) to libshutdown2.o(.ARM.Collect$$libshutdown$$00000010) for __rt_lib_shutdown_return
    libshutdown.o(.ARM.Collect$$libshutdown$$00000000) refers (Special) to libshutdown2.o(.ARM.Collect$$libshutdown$$0000000A) for __rt_lib_shutdown_signal_1
    libshutdown.o(.ARM.Collect$$libshutdown$$00000000) refers (Special) to libshutdown2.o(.ARM.Collect$$libshutdown$$00000004) for __rt_lib_shutdown_stdio_1
    libshutdown.o(.ARM.Collect$$libshutdown$$00000000) refers (Special) to libshutdown2.o(.ARM.Collect$$libshutdown$$0000000C) for __rt_lib_shutdown_user_alloc_1
    sys_command.o(.text) refers (Special) to use_no_semi.o(.text) for __I$use$semihosting
    sys_command.o(.text) refers (Special) to indicate_semi.o(.text) for __semihosting_library_function
    sys_command_hlt.o(.text) refers (Special) to use_no_semi.o(.text) for __I$use$semihosting
    sys_command_hlt.o(.text) refers (Special) to indicate_semi.o(.text) for __semihosting_library_function
    defsig_rtmem_outer.o(.text) refers to defsig_rtmem_inner.o(.text) for __rt_SIGRTMEM_inner
    defsig_rtmem_outer.o(.text) refers to defsig_exit.o(.text) for __sig_exit
    defsig_rtmem_formal.o(.text) refers to rt_raise.o(.text) for __rt_raise
    rt_raise.o(.text) refers to __raise.o(.text) for __raise
    rt_raise.o(.text) refers to sys_exit.o(.text) for _sys_exit
    defsig_exit.o(.text) refers to sys_exit.o(.text) for _sys_exit
    defsig_rtmem_inner.o(.text) refers to defsig_general.o(.text) for __default_signal_display
    __raise.o(.text) refers to defsig.o(CL$$defsig) for __default_signal_handler
    defsig_general.o(.text) refers to sys_wrch.o(.text) for _ttywrch
    sys_wrch.o(.text) refers (Special) to use_no_semi.o(.text) for __I$use$semihosting
    sys_wrch.o(.text) refers (Special) to indicate_semi.o(.text) for __semihosting_library_function
    sys_wrch_hlt.o(.text) refers (Special) to use_no_semi.o(.text) for __I$use$semihosting
    sys_wrch_hlt.o(.text) refers (Special) to indicate_semi.o(.text) for __semihosting_library_function
    defsig.o(CL$$defsig) refers to defsig_rtmem_inner.o(.text) for __rt_SIGRTMEM_inner
    defsig_abrt_inner.o(.text) refers to defsig_general.o(.text) for __default_signal_display
    defsig_fpe_inner.o(.text) refers to defsig_general.o(.text) for __default_signal_display
    defsig_rtred_inner.o(.text) refers to defsig_general.o(.text) for __default_signal_display
    defsig_stak_inner.o(.text) refers to defsig_general.o(.text) for __default_signal_display
    defsig_pvfn_inner.o(.text) refers to defsig_general.o(.text) for __default_signal_display
    defsig_cppl_inner.o(.text) refers to defsig_general.o(.text) for __default_signal_display
    defsig_segv_inner.o(.text) refers to defsig_general.o(.text) for __default_signal_display
    defsig_other.o(.text) refers to defsig_general.o(.text) for __default_signal_display


==============================================================================

Removing Unused input sections from the image.

    Removing main.o(.text), (0 bytes).
    Removing main.o(.ARM.exidx.text.main), (8 bytes).
    Removing main.o(.ARM.exidx.text.GpioInit), (8 bytes).
    Removing main.o(.ARM.exidx.text.ClockInit), (8 bytes).
    Removing main.o(.ARM.exidx.text.__NVIC_EnableIRQ), (8 bytes).
    Removing main.o(.ARM.exidx.text.SysTick_Handler), (8 bytes).
    Removing main.o(.ARM.use_no_argv), (4 bytes).
    Removing system_mdr32f9q2i.o(.text), (0 bytes).
    Removing system_mdr32f9q2i.o(.ARM.exidx.text.SystemCoreClockUpdate), (8 bytes).
    Removing system_mdr32f9q2i.o(.ARM.exidx.text.SystemInit), (8 bytes).
    Removing mdr32fxqi_port.o(.text), (0 bytes).
    Removing mdr32fxqi_port.o(.text.PORT_DeInit), (42 bytes).
    Removing mdr32fxqi_port.o(.ARM.exidx.text.PORT_DeInit), (8 bytes).
    Removing mdr32fxqi_port.o(.text.PORT_Init), (406 bytes).
    Removing mdr32fxqi_port.o(.ARM.exidx.text.PORT_Init), (8 bytes).
    Removing mdr32fxqi_port.o(.text.PORT_StructInit), (54 bytes).
    Removing mdr32fxqi_port.o(.ARM.exidx.text.PORT_StructInit), (8 bytes).
    Removing mdr32fxqi_port.o(.text.PORT_ReadInputDataBit), (46 bytes).
    Removing mdr32fxqi_port.o(.ARM.exidx.text.PORT_ReadInputDataBit), (8 bytes).
    Removing mdr32fxqi_port.o(.text.PORT_ReadInputData), (12 bytes).
    Removing mdr32fxqi_port.o(.ARM.exidx.text.PORT_ReadInputData), (8 bytes).
    Removing mdr32fxqi_port.o(.text.PORT_SetBits), (38 bytes).
    Removing mdr32fxqi_port.o(.ARM.exidx.text.PORT_SetBits), (8 bytes).
    Removing mdr32fxqi_port.o(.text.PORT_ResetBits), (36 bytes).
    Removing mdr32fxqi_port.o(.ARM.exidx.text.PORT_ResetBits), (8 bytes).
    Removing mdr32fxqi_port.o(.text.PORT_WriteBit), (80 bytes).
    Removing mdr32fxqi_port.o(.ARM.exidx.text.PORT_WriteBit), (8 bytes).
    Removing mdr32fxqi_port.o(.text.PORT_Write), (32 bytes).
    Removing mdr32fxqi_port.o(.ARM.exidx.text.PORT_Write), (8 bytes).
    Removing mdr32fxqi_rst_clk.o(.text), (0 bytes).
    Removing mdr32fxqi_rst_clk.o(.text.RST_CLK_DeInit), (42 bytes).
    Removing mdr32fxqi_rst_clk.o(.ARM.exidx.text.RST_CLK_DeInit), (8 bytes).
    Removing mdr32fxqi_rst_clk.o(.text.RST_CLK_WarmDeInit), (142 bytes).
    Removing mdr32fxqi_rst_clk.o(.ARM.exidx.text.RST_CLK_WarmDeInit), (8 bytes).
    Removing mdr32fxqi_rst_clk.o(.text.RST_CLK_PCLKcmd), (52 bytes).
    Removing mdr32fxqi_rst_clk.o(.ARM.exidx.text.RST_CLK_PCLKcmd), (8 bytes).
    Removing mdr32fxqi_rst_clk.o(.text.RST_CLK_HSIcmd), (24 bytes).
    Removing mdr32fxqi_rst_clk.o(.ARM.exidx.text.RST_CLK_HSIcmd), (8 bytes).
    Removing mdr32fxqi_rst_clk.o(.text.RST_CLK_HSIstatus), (100 bytes).
    Removing mdr32fxqi_rst_clk.o(.ARM.exidx.text.RST_CLK_HSIstatus), (8 bytes).
    Removing mdr32fxqi_rst_clk.o(.text.RST_CLK_CPUclkSelection), (42 bytes).
    Removing mdr32fxqi_rst_clk.o(.ARM.exidx.text.RST_CLK_CPUclkSelection), (8 bytes).
    Removing mdr32fxqi_rst_clk.o(.text.RST_CLK_HSEconfig), (80 bytes).
    Removing mdr32fxqi_rst_clk.o(.ARM.exidx.text.RST_CLK_HSEconfig), (8 bytes).
    Removing mdr32fxqi_rst_clk.o(.text.RST_CLK_HSEstatus), (100 bytes).
    Removing mdr32fxqi_rst_clk.o(.ARM.exidx.text.RST_CLK_HSEstatus), (8 bytes).
    Removing mdr32fxqi_rst_clk.o(.text.RST_CLK_GetFlagStatus), (88 bytes).
    Removing mdr32fxqi_rst_clk.o(.ARM.exidx.text.RST_CLK_GetFlagStatus), (8 bytes).
    Removing mdr32fxqi_rst_clk.o(.text.RST_CLK_LSEconfig), (86 bytes).
    Removing mdr32fxqi_rst_clk.o(.ARM.exidx.text.RST_CLK_LSEconfig), (8 bytes).
    Removing mdr32fxqi_rst_clk.o(.text.RST_CLK_LSEstatus), (100 bytes).
    Removing mdr32fxqi_rst_clk.o(.ARM.exidx.text.RST_CLK_LSEstatus), (8 bytes).
    Removing mdr32fxqi_rst_clk.o(.text.RST_CLK_HSIadjust), (42 bytes).
    Removing mdr32fxqi_rst_clk.o(.ARM.exidx.text.RST_CLK_HSIadjust), (8 bytes).
    Removing mdr32fxqi_rst_clk.o(.text.RST_CLK_LSIcmd), (24 bytes).
    Removing mdr32fxqi_rst_clk.o(.ARM.exidx.text.RST_CLK_LSIcmd), (8 bytes).
    Removing mdr32fxqi_rst_clk.o(.text.RST_CLK_LSIadjust), (42 bytes).
    Removing mdr32fxqi_rst_clk.o(.ARM.exidx.text.RST_CLK_LSIadjust), (8 bytes).
    Removing mdr32fxqi_rst_clk.o(.text.RST_CLK_LSIstatus), (100 bytes).
    Removing mdr32fxqi_rst_clk.o(.ARM.exidx.text.RST_CLK_LSIstatus), (8 bytes).
    Removing mdr32fxqi_rst_clk.o(.text.RST_CLK_CPU_PLLconfig), (104 bytes).
    Removing mdr32fxqi_rst_clk.o(.ARM.exidx.text.RST_CLK_CPU_PLLconfig), (8 bytes).
    Removing mdr32fxqi_rst_clk.o(.text.RST_CLK_CPU_PLLuse), (24 bytes).
    Removing mdr32fxqi_rst_clk.o(.ARM.exidx.text.RST_CLK_CPU_PLLuse), (8 bytes).
    Removing mdr32fxqi_rst_clk.o(.text.RST_CLK_CPU_PLLcmd), (22 bytes).
    Removing mdr32fxqi_rst_clk.o(.ARM.exidx.text.RST_CLK_CPU_PLLcmd), (8 bytes).
    Removing mdr32fxqi_rst_clk.o(.text.RST_CLK_CPU_PLLstatus), (100 bytes).
    Removing mdr32fxqi_rst_clk.o(.ARM.exidx.text.RST_CLK_CPU_PLLstatus), (8 bytes).
    Removing mdr32fxqi_rst_clk.o(.text.RST_CLK_CPUclkPrescaler), (44 bytes).
    Removing mdr32fxqi_rst_clk.o(.ARM.exidx.text.RST_CLK_CPUclkPrescaler), (8 bytes).
    Removing mdr32fxqi_rst_clk.o(.text.RST_CLK_USB_PLLconfig), (104 bytes).
    Removing mdr32fxqi_rst_clk.o(.ARM.exidx.text.RST_CLK_USB_PLLconfig), (8 bytes).
    Removing mdr32fxqi_rst_clk.o(.text.RST_CLK_USB_PLLuse), (24 bytes).
    Removing mdr32fxqi_rst_clk.o(.ARM.exidx.text.RST_CLK_USB_PLLuse), (8 bytes).
    Removing mdr32fxqi_rst_clk.o(.text.RST_CLK_USB_PLLcmd), (22 bytes).
    Removing mdr32fxqi_rst_clk.o(.ARM.exidx.text.RST_CLK_USB_PLLcmd), (8 bytes).
    Removing mdr32fxqi_rst_clk.o(.text.RST_CLK_USB_PLLstatus), (100 bytes).
    Removing mdr32fxqi_rst_clk.o(.ARM.exidx.text.RST_CLK_USB_PLLstatus), (8 bytes).
    Removing mdr32fxqi_rst_clk.o(.text.RST_CLK_USBclkPrescaler), (24 bytes).
    Removing mdr32fxqi_rst_clk.o(.ARM.exidx.text.RST_CLK_USBclkPrescaler), (8 bytes).
    Removing mdr32fxqi_rst_clk.o(.text.RST_CLK_USBclkEnable), (24 bytes).
    Removing mdr32fxqi_rst_clk.o(.ARM.exidx.text.RST_CLK_USBclkEnable), (8 bytes).
    Removing mdr32fxqi_rst_clk.o(.text.RST_CLK_ADCclkSelection), (42 bytes).
    Removing mdr32fxqi_rst_clk.o(.ARM.exidx.text.RST_CLK_ADCclkSelection), (8 bytes).
    Removing mdr32fxqi_rst_clk.o(.text.RST_CLK_ADCclkPrescaler), (44 bytes).
    Removing mdr32fxqi_rst_clk.o(.ARM.exidx.text.RST_CLK_ADCclkPrescaler), (8 bytes).
    Removing mdr32fxqi_rst_clk.o(.text.RST_CLK_ADCclkEnable), (24 bytes).
    Removing mdr32fxqi_rst_clk.o(.ARM.exidx.text.RST_CLK_ADCclkEnable), (8 bytes).
    Removing mdr32fxqi_rst_clk.o(.text.RST_CLK_HSIclkPrescaler), (44 bytes).
    Removing mdr32fxqi_rst_clk.o(.ARM.exidx.text.RST_CLK_HSIclkPrescaler), (8 bytes).
    Removing mdr32fxqi_rst_clk.o(.text.RST_CLK_RTC_HSIclkEnable), (24 bytes).
    Removing mdr32fxqi_rst_clk.o(.ARM.exidx.text.RST_CLK_RTC_HSIclkEnable), (8 bytes).
    Removing mdr32fxqi_rst_clk.o(.text.RST_CLK_HSEclkPrescaler), (42 bytes).
    Removing mdr32fxqi_rst_clk.o(.ARM.exidx.text.RST_CLK_HSEclkPrescaler), (8 bytes).
    Removing mdr32fxqi_rst_clk.o(.text.RST_CLK_RTC_HSEclkEnable), (24 bytes).
    Removing mdr32fxqi_rst_clk.o(.ARM.exidx.text.RST_CLK_RTC_HSEclkEnable), (8 bytes).
    Removing mdr32fxqi_rst_clk.o(.text.RST_CLK_CPUclkSelectionC1), (42 bytes).
    Removing mdr32fxqi_rst_clk.o(.ARM.exidx.text.RST_CLK_CPUclkSelectionC1), (8 bytes).
    Removing mdr32fxqi_rst_clk.o(.text.RST_CLK_GetClocksFreq), (714 bytes).
    Removing mdr32fxqi_rst_clk.o(.ARM.exidx.text.RST_CLK_GetClocksFreq), (8 bytes).

100 unused section(s) (total 3814 bytes) removed from the image.

==============================================================================

Image Symbol Table

    Local Symbols

    Symbol Name                              Value     Ov Type        Size  Object(Section)

    ../clib/angel/boardlib.s                 0x00000000   Number         0  boardinit1.o ABSOLUTE
    ../clib/angel/boardlib.s                 0x00000000   Number         0  boardinit2.o ABSOLUTE
    ../clib/angel/boardlib.s                 0x00000000   Number         0  boardinit3.o ABSOLUTE
    ../clib/angel/boardlib.s                 0x00000000   Number         0  boardshut.o ABSOLUTE
    ../clib/angel/handlers.s                 0x00000000   Number         0  __scatter_copy.o ABSOLUTE
    ../clib/angel/handlers.s                 0x00000000   Number         0  __scatter_zi.o ABSOLUTE
    ../clib/angel/kernel.s                   0x00000000   Number         0  __rtentry.o ABSOLUTE
    ../clib/angel/kernel.s                   0x00000000   Number         0  __rtentry2.o ABSOLUTE
    ../clib/angel/kernel.s                   0x00000000   Number         0  __rtentry4.o ABSOLUTE
    ../clib/angel/kernel.s                   0x00000000   Number         0  rtexit.o ABSOLUTE
    ../clib/angel/kernel.s                   0x00000000   Number         0  rtexit2.o ABSOLUTE
    ../clib/angel/rt.s                       0x00000000   Number         0  rt_raise.o ABSOLUTE
    ../clib/angel/scatter.s                  0x00000000   Number         0  __scatter.o ABSOLUTE
    ../clib/angel/startup.s                  0x00000000   Number         0  __main.o ABSOLUTE
    ../clib/angel/sys.s                      0x00000000   Number         0  sys_stackheap_outer.o ABSOLUTE
    ../clib/angel/sys.s                      0x00000000   Number         0  libspace.o ABSOLUTE
    ../clib/angel/sys.s                      0x00000000   Number         0  use_no_semi.o ABSOLUTE
    ../clib/angel/sys.s                      0x00000000   Number         0  indicate_semi.o ABSOLUTE
    ../clib/angel/sysapp.c                   0x00000000   Number         0  sys_exit.o ABSOLUTE
    ../clib/angel/sysapp.c                   0x00000000   Number         0  sys_exit_hlt.o ABSOLUTE
    ../clib/angel/sysapp.c                   0x00000000   Number         0  sys_command.o ABSOLUTE
    ../clib/angel/sysapp.c                   0x00000000   Number         0  sys_command_hlt.o ABSOLUTE
    ../clib/angel/sysapp.c                   0x00000000   Number         0  sys_wrch.o ABSOLUTE
    ../clib/angel/sysapp.c                   0x00000000   Number         0  sys_wrch_hlt.o ABSOLUTE
    ../clib/armsys.c                         0x00000000   Number         0  argv_veneer.o ABSOLUTE
    ../clib/armsys.c                         0x00000000   Number         0  argv_veneer.o ABSOLUTE
    ../clib/armsys.c                         0x00000000   Number         0  _get_argv_nomalloc.o ABSOLUTE
    ../clib/armsys.c                         0x00000000   Number         0  no_argv.o ABSOLUTE
    ../clib/heapalloc.c                      0x00000000   Number         0  hrguard.o ABSOLUTE
    ../clib/heapaux.c                        0x00000000   Number         0  heapauxi.o ABSOLUTE
    ../clib/libinit.s                        0x00000000   Number         0  libinit.o ABSOLUTE
    ../clib/libinit.s                        0x00000000   Number         0  libinit2.o ABSOLUTE
    ../clib/libinit.s                        0x00000000   Number         0  libshutdown.o ABSOLUTE
    ../clib/libinit.s                        0x00000000   Number         0  libshutdown2.o ABSOLUTE
    ../clib/signal.c                         0x00000000   Number         0  defsig_rtmem_outer.o ABSOLUTE
    ../clib/signal.c                         0x00000000   Number         0  defsig_rtmem_formal.o ABSOLUTE
    ../clib/signal.c                         0x00000000   Number         0  defsig_exit.o ABSOLUTE
    ../clib/signal.c                         0x00000000   Number         0  defsig_rtmem_inner.o ABSOLUTE
    ../clib/signal.c                         0x00000000   Number         0  __raise.o ABSOLUTE
    ../clib/signal.c                         0x00000000   Number         0  defsig_general.o ABSOLUTE
    ../clib/signal.c                         0x00000000   Number         0  defsig_abrt_inner.o ABSOLUTE
    ../clib/signal.c                         0x00000000   Number         0  defsig_fpe_inner.o ABSOLUTE
    ../clib/signal.c                         0x00000000   Number         0  defsig_rtred_inner.o ABSOLUTE
    ../clib/signal.c                         0x00000000   Number         0  defsig_stak_inner.o ABSOLUTE
    ../clib/signal.c                         0x00000000   Number         0  defsig_pvfn_inner.o ABSOLUTE
    ../clib/signal.c                         0x00000000   Number         0  defsig_cppl_inner.o ABSOLUTE
    ../clib/signal.c                         0x00000000   Number         0  defsig_segv_inner.o ABSOLUTE
    ../clib/signal.c                         0x00000000   Number         0  defsig_other.o ABSOLUTE
    ../clib/signal.s                         0x00000000   Number         0  defsig.o ABSOLUTE
    ../clib/stdlib.c                         0x00000000   Number         0  exit.o ABSOLUTE
    ../fplib/fpinit.s                        0x00000000   Number         0  fpinit.o ABSOLUTE
    ../fplib/fpinit_empty.s                  0x00000000   Number         0  fpinit_empty.o ABSOLUTE
    MDR32FxQI_port.c                         0x00000000   Number         0  mdr32fxqi_port.o ABSOLUTE
    MDR32FxQI_rst_clk.c                      0x00000000   Number         0  mdr32fxqi_rst_clk.o ABSOLUTE
    RTE\Device\MDR32F9Q2I\startup_MDR32F9Q2I.S 0x00000000   Number         0  startup_mdr32f9q2i.o ABSOLUTE
    dc.s                                     0x00000000   Number         0  dc.o ABSOLUTE
    main.c                                   0x00000000   Number         0  main.o ABSOLUTE
    system_MDR32F9Q2I.c                      0x00000000   Number         0  system_mdr32f9q2i.o ABSOLUTE
    RESET                                    0x08000000   Section      192  startup_mdr32f9q2i.o(RESET)
    !!!main                                  0x080000c0   Section        8  __main.o(!!!main)
    !!!scatter                               0x080000c8   Section       52  __scatter.o(!!!scatter)
    !!handler_copy                           0x080000fc   Section       26  __scatter_copy.o(!!handler_copy)
    !!handler_zi                             0x08000118   Section       28  __scatter_zi.o(!!handler_zi)
    .ARM.Collect$$libinit$$00000000          0x08000134   Section        2  libinit.o(.ARM.Collect$$libinit$$00000000)
    .ARM.Collect$$libinit$$00000002          0x08000136   Section        0  libinit2.o(.ARM.Collect$$libinit$$00000002)
    .ARM.Collect$$libinit$$00000004          0x08000136   Section        0  libinit2.o(.ARM.Collect$$libinit$$00000004)
    .ARM.Collect$$libinit$$00000006          0x08000136   Section        0  libinit2.o(.ARM.Collect$$libinit$$00000006)
    .ARM.Collect$$libinit$$0000000C          0x08000136   Section        0  libinit2.o(.ARM.Collect$$libinit$$0000000C)
    .ARM.Collect$$libinit$$0000000E          0x08000136   Section        0  libinit2.o(.ARM.Collect$$libinit$$0000000E)
    .ARM.Collect$$libinit$$00000010          0x08000136   Section        0  libinit2.o(.ARM.Collect$$libinit$$00000010)
    .ARM.Collect$$libinit$$00000013          0x08000136   Section        0  libinit2.o(.ARM.Collect$$libinit$$00000013)
    .ARM.Collect$$libinit$$00000015          0x08000136   Section        0  libinit2.o(.ARM.Collect$$libinit$$00000015)
    .ARM.Collect$$libinit$$00000017          0x08000136   Section        0  libinit2.o(.ARM.Collect$$libinit$$00000017)
    .ARM.Collect$$libinit$$00000019          0x08000136   Section        0  libinit2.o(.ARM.Collect$$libinit$$00000019)
    .ARM.Collect$$libinit$$0000001B          0x08000136   Section        0  libinit2.o(.ARM.Collect$$libinit$$0000001B)
    .ARM.Collect$$libinit$$0000001D          0x08000136   Section        0  libinit2.o(.ARM.Collect$$libinit$$0000001D)
    .ARM.Collect$$libinit$$0000001F          0x08000136   Section        0  libinit2.o(.ARM.Collect$$libinit$$0000001F)
    .ARM.Collect$$libinit$$00000021          0x08000136   Section        0  libinit2.o(.ARM.Collect$$libinit$$00000021)
    .ARM.Collect$$libinit$$00000023          0x08000136   Section        0  libinit2.o(.ARM.Collect$$libinit$$00000023)
    .ARM.Collect$$libinit$$00000025          0x08000136   Section        0  libinit2.o(.ARM.Collect$$libinit$$00000025)
    .ARM.Collect$$libinit$$00000027          0x08000136   Section        0  libinit2.o(.ARM.Collect$$libinit$$00000027)
    .ARM.Collect$$libinit$$0000002E          0x08000136   Section        0  libinit2.o(.ARM.Collect$$libinit$$0000002E)
    .ARM.Collect$$libinit$$00000030          0x08000136   Section        0  libinit2.o(.ARM.Collect$$libinit$$00000030)
    .ARM.Collect$$libinit$$00000032          0x08000136   Section        0  libinit2.o(.ARM.Collect$$libinit$$00000032)
    .ARM.Collect$$libinit$$00000034          0x08000136   Section        0  libinit2.o(.ARM.Collect$$libinit$$00000034)
    .ARM.Collect$$libinit$$00000035          0x08000136   Section        2  libinit2.o(.ARM.Collect$$libinit$$00000035)
    .ARM.Collect$$libshutdown$$00000000      0x08000138   Section        2  libshutdown.o(.ARM.Collect$$libshutdown$$00000000)
    .ARM.Collect$$libshutdown$$00000002      0x0800013a   Section        0  libshutdown2.o(.ARM.Collect$$libshutdown$$00000002)
    .ARM.Collect$$libshutdown$$00000004      0x0800013a   Section        0  libshutdown2.o(.ARM.Collect$$libshutdown$$00000004)
    .ARM.Collect$$libshutdown$$00000007      0x0800013a   Section        0  libshutdown2.o(.ARM.Collect$$libshutdown$$00000007)
    .ARM.Collect$$libshutdown$$0000000A      0x0800013a   Section        0  libshutdown2.o(.ARM.Collect$$libshutdown$$0000000A)
    .ARM.Collect$$libshutdown$$0000000C      0x0800013a   Section        0  libshutdown2.o(.ARM.Collect$$libshutdown$$0000000C)
    .ARM.Collect$$libshutdown$$0000000F      0x0800013a   Section        0  libshutdown2.o(.ARM.Collect$$libshutdown$$0000000F)
    .ARM.Collect$$libshutdown$$00000010      0x0800013a   Section        2  libshutdown2.o(.ARM.Collect$$libshutdown$$00000010)
    .ARM.Collect$$rtentry$$00000000          0x0800013c   Section        0  __rtentry.o(.ARM.Collect$$rtentry$$00000000)
    .ARM.Collect$$rtentry$$00000002          0x0800013c   Section        0  __rtentry2.o(.ARM.Collect$$rtentry$$00000002)
    .ARM.Collect$$rtentry$$00000004          0x0800013c   Section        6  __rtentry4.o(.ARM.Collect$$rtentry$$00000004)
    .ARM.Collect$$rtentry$$00000009          0x08000142   Section        0  __rtentry2.o(.ARM.Collect$$rtentry$$00000009)
    .ARM.Collect$$rtentry$$0000000A          0x08000142   Section        4  __rtentry2.o(.ARM.Collect$$rtentry$$0000000A)
    .ARM.Collect$$rtentry$$0000000C          0x08000146   Section        0  __rtentry2.o(.ARM.Collect$$rtentry$$0000000C)
    .ARM.Collect$$rtentry$$0000000D          0x08000146   Section        8  __rtentry2.o(.ARM.Collect$$rtentry$$0000000D)
    .ARM.Collect$$rtexit$$00000000           0x0800014e   Section        2  rtexit.o(.ARM.Collect$$rtexit$$00000000)
    .ARM.Collect$$rtexit$$00000002           0x08000150   Section        0  rtexit2.o(.ARM.Collect$$rtexit$$00000002)
    .ARM.Collect$$rtexit$$00000003           0x08000150   Section        4  rtexit2.o(.ARM.Collect$$rtexit$$00000003)
    .ARM.Collect$$rtexit$$00000004           0x08000154   Section        6  rtexit2.o(.ARM.Collect$$rtexit$$00000004)
    .text                                    0x0800015c   Section       64  startup_mdr32f9q2i.o(.text)
    .text                                    0x0800019c   Section        0  heapauxi.o(.text)
    .text                                    0x080001a2   Section       74  sys_stackheap_outer.o(.text)
    .text                                    0x080001ec   Section        0  exit.o(.text)
    .text                                    0x08000200   Section        8  libspace.o(.text)
    .text                                    0x08000208   Section        0  sys_exit.o(.text)
    .text                                    0x08000214   Section        2  use_no_semi.o(.text)
    .text                                    0x08000216   Section        0  indicate_semi.o(.text)
    [Anonymous Symbol]                       0x08000218   Section        0  main.o(.text.ClockInit)
    [Anonymous Symbol]                       0x0800028c   Section        0  main.o(.text.GpioInit)
    [Anonymous Symbol]                       0x0800032c   Section        0  main.o(.text.SysTick_Handler)
    [Anonymous Symbol]                       0x0800033c   Section        0  system_mdr32f9q2i.o(.text.SystemCoreClockUpdate)
    [Anonymous Symbol]                       0x0800042c   Section        0  system_mdr32f9q2i.o(.text.SystemInit)
    __NVIC_EnableIRQ                         0x08000491   Thumb Code    48  main.o(.text.__NVIC_EnableIRQ)
    [Anonymous Symbol]                       0x08000490   Section        0  main.o(.text.__NVIC_EnableIRQ)
    [Anonymous Symbol]                       0x080004c0   Section        0  main.o(.text.main)
    .bss                                     0x20000008   Section       96  libspace.o(.bss)
    sys_tick_flag                            0x20000068   Data           4  main.o(.bss.sys_tick_flag)
    [Anonymous Symbol]                       0x20000068   Section        0  main.o(.bss.sys_tick_flag)
    Heap_Mem                                 0x20000070   Data         512  startup_mdr32f9q2i.o(HEAP)
    HEAP                                     0x20000070   Section      512  startup_mdr32f9q2i.o(HEAP)
    Stack_Mem                                0x20000270   Data        1024  startup_mdr32f9q2i.o(STACK)
    STACK                                    0x20000270   Section     1024  startup_mdr32f9q2i.o(STACK)
    __initial_sp                             0x20000670   Data           0  startup_mdr32f9q2i.o(STACK)

    Global Symbols

    Symbol Name                              Value     Ov Type        Size  Object(Section)

    BuildAttributes$$THM_ISAv4$P$D$K$B$S$PE$A:L22UL41UL21$X:L11$S22US41US21$IEEE1$IW$~IW$USESV6$~STKCKD$USESV7$~SHL$OSPACE$ROPI$EBA8$UX$STANDARDLIB$REQ8$PRES8$EABIv2 0x00000000   Number         0  anon$$obj.o ABSOLUTE
    __fp_init_empty                          0x00000000   Number         0  fpinit_empty.o ABSOLUTE
    __ARM_exceptions_init                     - Undefined Weak Reference
    __alloca_initialize                       - Undefined Weak Reference
    __arm_preinit_                            - Undefined Weak Reference
    __arm_relocate_pie_                       - Undefined Weak Reference
    __cpp_initialize__aeabi_                  - Undefined Weak Reference
    __cxa_finalize                            - Undefined Weak Reference
    __rt_locale                               - Undefined Weak Reference
    __sigvec_lookup                           - Undefined Weak Reference
    _atexit_init                              - Undefined Weak Reference
    _call_atexit_fns                          - Undefined Weak Reference
    _clock_init                               - Undefined Weak Reference
    _fp_trap_init                             - Undefined Weak Reference
    _fp_trap_shutdown                         - Undefined Weak Reference
    _get_lc_collate                           - Undefined Weak Reference
    _get_lc_ctype                             - Undefined Weak Reference
    _get_lc_monetary                          - Undefined Weak Reference
    _get_lc_numeric                           - Undefined Weak Reference
    _get_lc_time                              - Undefined Weak Reference
    _getenv_init                              - Undefined Weak Reference
    _handle_redirection                       - Undefined Weak Reference
    _init_alloc                               - Undefined Weak Reference
    _init_user_alloc                          - Undefined Weak Reference
    _initio                                   - Undefined Weak Reference
    _rand_init                                - Undefined Weak Reference
    _signal_finish                            - Undefined Weak Reference
    _signal_init                              - Undefined Weak Reference
    _terminate_alloc                          - Undefined Weak Reference
    _terminate_user_alloc                     - Undefined Weak Reference
    _terminateio                              - Undefined Weak Reference
    __Vectors_Size                           0x000000c0   Number         0  startup_mdr32f9q2i.o ABSOLUTE
    __Vectors                                0x08000000   Data           4  startup_mdr32f9q2i.o(RESET)
    __Vectors_End                            0x080000c0   Data           0  startup_mdr32f9q2i.o(RESET)
    __main                                   0x080000c1   Thumb Code     8  __main.o(!!!main)
    __scatterload                            0x080000c9   Thumb Code     0  __scatter.o(!!!scatter)
    __scatterload_rt2                        0x080000c9   Thumb Code    44  __scatter.o(!!!scatter)
    __scatterload_rt2_thumb_only             0x080000c9   Thumb Code     0  __scatter.o(!!!scatter)
    __scatterload_null                       0x080000d7   Thumb Code     0  __scatter.o(!!!scatter)
    __scatterload_copy                       0x080000fd   Thumb Code    26  __scatter_copy.o(!!handler_copy)
    __scatterload_zeroinit                   0x08000119   Thumb Code    28  __scatter_zi.o(!!handler_zi)
    __rt_lib_init                            0x08000135   Thumb Code     0  libinit.o(.ARM.Collect$$libinit$$00000000)
    __rt_lib_init_alloca_1                   0x08000137   Thumb Code     0  libinit2.o(.ARM.Collect$$libinit$$00000030)
    __rt_lib_init_argv_1                     0x08000137   Thumb Code     0  libinit2.o(.ARM.Collect$$libinit$$0000002E)
    __rt_lib_init_atexit_1                   0x08000137   Thumb Code     0  libinit2.o(.ARM.Collect$$libinit$$0000001D)
    __rt_lib_init_clock_1                    0x08000137   Thumb Code     0  libinit2.o(.ARM.Collect$$libinit$$00000023)
    __rt_lib_init_cpp_1                      0x08000137   Thumb Code     0  libinit2.o(.ARM.Collect$$libinit$$00000034)
    __rt_lib_init_exceptions_1               0x08000137   Thumb Code     0  libinit2.o(.ARM.Collect$$libinit$$00000032)
    __rt_lib_init_fp_1                       0x08000137   Thumb Code     0  libinit2.o(.ARM.Collect$$libinit$$00000002)
    __rt_lib_init_fp_trap_1                  0x08000137   Thumb Code     0  libinit2.o(.ARM.Collect$$libinit$$00000021)
    __rt_lib_init_getenv_1                   0x08000137   Thumb Code     0  libinit2.o(.ARM.Collect$$libinit$$00000025)
    __rt_lib_init_heap_1                     0x08000137   Thumb Code     0  libinit2.o(.ARM.Collect$$libinit$$0000000C)
    __rt_lib_init_lc_collate_1               0x08000137   Thumb Code     0  libinit2.o(.ARM.Collect$$libinit$$00000013)
    __rt_lib_init_lc_ctype_1                 0x08000137   Thumb Code     0  libinit2.o(.ARM.Collect$$libinit$$00000015)
    __rt_lib_init_lc_monetary_1              0x08000137   Thumb Code     0  libinit2.o(.ARM.Collect$$libinit$$00000017)
    __rt_lib_init_lc_numeric_1               0x08000137   Thumb Code     0  libinit2.o(.ARM.Collect$$libinit$$00000019)
    __rt_lib_init_lc_time_1                  0x08000137   Thumb Code     0  libinit2.o(.ARM.Collect$$libinit$$0000001B)
    __rt_lib_init_preinit_1                  0x08000137   Thumb Code     0  libinit2.o(.ARM.Collect$$libinit$$00000006)
    __rt_lib_init_rand_1                     0x08000137   Thumb Code     0  libinit2.o(.ARM.Collect$$libinit$$00000010)
    __rt_lib_init_relocate_pie_1             0x08000137   Thumb Code     0  libinit2.o(.ARM.Collect$$libinit$$00000004)
    __rt_lib_init_return                     0x08000137   Thumb Code     0  libinit2.o(.ARM.Collect$$libinit$$00000035)
    __rt_lib_init_signal_1                   0x08000137   Thumb Code     0  libinit2.o(.ARM.Collect$$libinit$$0000001F)
    __rt_lib_init_stdio_1                    0x08000137   Thumb Code     0  libinit2.o(.ARM.Collect$$libinit$$00000027)
    __rt_lib_init_user_alloc_1               0x08000137   Thumb Code     0  libinit2.o(.ARM.Collect$$libinit$$0000000E)
    __rt_lib_shutdown                        0x08000139   Thumb Code     0  libshutdown.o(.ARM.Collect$$libshutdown$$00000000)
    __rt_lib_shutdown_cpp_1                  0x0800013b   Thumb Code     0  libshutdown2.o(.ARM.Collect$$libshutdown$$00000002)
    __rt_lib_shutdown_fp_trap_1              0x0800013b   Thumb Code     0  libshutdown2.o(.ARM.Collect$$libshutdown$$00000007)
    __rt_lib_shutdown_heap_1                 0x0800013b   Thumb Code     0  libshutdown2.o(.ARM.Collect$$libshutdown$$0000000F)
    __rt_lib_shutdown_return                 0x0800013b   Thumb Code     0  libshutdown2.o(.ARM.Collect$$libshutdown$$00000010)
    __rt_lib_shutdown_signal_1               0x0800013b   Thumb Code     0  libshutdown2.o(.ARM.Collect$$libshutdown$$0000000A)
    __rt_lib_shutdown_stdio_1                0x0800013b   Thumb Code     0  libshutdown2.o(.ARM.Collect$$libshutdown$$00000004)
    __rt_lib_shutdown_user_alloc_1           0x0800013b   Thumb Code     0  libshutdown2.o(.ARM.Collect$$libshutdown$$0000000C)
    __rt_entry                               0x0800013d   Thumb Code     0  __rtentry.o(.ARM.Collect$$rtentry$$00000000)
    __rt_entry_presh_1                       0x0800013d   Thumb Code     0  __rtentry2.o(.ARM.Collect$$rtentry$$00000002)
    __rt_entry_sh                            0x0800013d   Thumb Code     0  __rtentry4.o(.ARM.Collect$$rtentry$$00000004)
    __rt_entry_li                            0x08000143   Thumb Code     0  __rtentry2.o(.ARM.Collect$$rtentry$$0000000A)
    __rt_entry_postsh_1                      0x08000143   Thumb Code     0  __rtentry2.o(.ARM.Collect$$rtentry$$00000009)
    __rt_entry_main                          0x08000147   Thumb Code     0  __rtentry2.o(.ARM.Collect$$rtentry$$0000000D)
    __rt_entry_postli_1                      0x08000147   Thumb Code     0  __rtentry2.o(.ARM.Collect$$rtentry$$0000000C)
    __rt_exit                                0x0800014f   Thumb Code     0  rtexit.o(.ARM.Collect$$rtexit$$00000000)
    __rt_exit_ls                             0x08000151   Thumb Code     0  rtexit2.o(.ARM.Collect$$rtexit$$00000003)
    __rt_exit_prels_1                        0x08000151   Thumb Code     0  rtexit2.o(.ARM.Collect$$rtexit$$00000002)
    __rt_exit_exit                           0x08000155   Thumb Code     0  rtexit2.o(.ARM.Collect$$rtexit$$00000004)
    Reset_Handler                            0x0800015d   Thumb Code     8  startup_mdr32f9q2i.o(.text)
    NMI_Handler                              0x08000165   Thumb Code     2  startup_mdr32f9q2i.o(.text)
    HardFault_Handler                        0x08000167   Thumb Code     2  startup_mdr32f9q2i.o(.text)
    MemManage_Handler                        0x08000169   Thumb Code     2  startup_mdr32f9q2i.o(.text)
    BusFault_Handler                         0x0800016b   Thumb Code     2  startup_mdr32f9q2i.o(.text)
    UsageFault_Handler                       0x0800016d   Thumb Code     2  startup_mdr32f9q2i.o(.text)
    SVC_Handler                              0x0800016f   Thumb Code     2  startup_mdr32f9q2i.o(.text)
    DebugMon_Handler                         0x08000171   Thumb Code     2  startup_mdr32f9q2i.o(.text)
    PendSV_Handler                           0x08000173   Thumb Code     2  startup_mdr32f9q2i.o(.text)
    ADC_IRQHandler                           0x08000177   Thumb Code     0  startup_mdr32f9q2i.o(.text)
    BACKUP_IRQHandler                        0x08000177   Thumb Code     0  startup_mdr32f9q2i.o(.text)
    CAN1_IRQHandler                          0x08000177   Thumb Code     0  startup_mdr32f9q2i.o(.text)
    CAN2_IRQHandler                          0x08000177   Thumb Code     0  startup_mdr32f9q2i.o(.text)
    COMPARATOR_IRQHandler                    0x08000177   Thumb Code     0  startup_mdr32f9q2i.o(.text)
    DMA_IRQHandler                           0x08000177   Thumb Code     0  startup_mdr32f9q2i.o(.text)
    EXT_INT1_IRQHandler                      0x08000177   Thumb Code     0  startup_mdr32f9q2i.o(.text)
    EXT_INT2_IRQHandler                      0x08000177   Thumb Code     0  startup_mdr32f9q2i.o(.text)
    EXT_INT3_IRQHandler                      0x08000177   Thumb Code     0  startup_mdr32f9q2i.o(.text)
    EXT_INT4_IRQHandler                      0x08000177   Thumb Code     0  startup_mdr32f9q2i.o(.text)
    I2C_IRQHandler                           0x08000177   Thumb Code     0  startup_mdr32f9q2i.o(.text)
    POWER_IRQHandler                         0x08000177   Thumb Code     0  startup_mdr32f9q2i.o(.text)
    SSP1_IRQHandler                          0x08000177   Thumb Code     0  startup_mdr32f9q2i.o(.text)
    SSP2_IRQHandler                          0x08000177   Thumb Code     0  startup_mdr32f9q2i.o(.text)
    Timer1_IRQHandler                        0x08000177   Thumb Code     0  startup_mdr32f9q2i.o(.text)
    Timer2_IRQHandler                        0x08000177   Thumb Code     0  startup_mdr32f9q2i.o(.text)
    Timer3_IRQHandler                        0x08000177   Thumb Code     0  startup_mdr32f9q2i.o(.text)
    UART1_IRQHandler                         0x08000177   Thumb Code     0  startup_mdr32f9q2i.o(.text)
    UART2_IRQHandler                         0x08000177   Thumb Code     0  startup_mdr32f9q2i.o(.text)
    USB_IRQHandler                           0x08000177   Thumb Code     0  startup_mdr32f9q2i.o(.text)
    WWDG_IRQHandler                          0x08000177   Thumb Code     0  startup_mdr32f9q2i.o(.text)
    __user_initial_stackheap                 0x08000179   Thumb Code     0  startup_mdr32f9q2i.o(.text)
    __use_two_region_memory                  0x0800019d   Thumb Code     2  heapauxi.o(.text)
    __rt_heap_escrow$2region                 0x0800019f   Thumb Code     2  heapauxi.o(.text)
    __rt_heap_expand$2region                 0x080001a1   Thumb Code     2  heapauxi.o(.text)
    __user_setup_stackheap                   0x080001a3   Thumb Code    74  sys_stackheap_outer.o(.text)
    exit                                     0x080001ed   Thumb Code    18  exit.o(.text)
    __user_libspace                          0x08000201   Thumb Code     8  libspace.o(.text)
    __user_perproc_libspace                  0x08000201   Thumb Code     0  libspace.o(.text)
    __user_perthread_libspace                0x08000201   Thumb Code     0  libspace.o(.text)
    _sys_exit                                0x08000209   Thumb Code     8  sys_exit.o(.text)
    __I$use$semihosting                      0x08000215   Thumb Code     0  use_no_semi.o(.text)
    __use_no_semihosting_swi                 0x08000215   Thumb Code     2  use_no_semi.o(.text)
    __semihosting_library_function           0x08000217   Thumb Code     0  indicate_semi.o(.text)
    ClockInit                                0x08000219   Thumb Code   114  main.o(.text.ClockInit)
    GpioInit                                 0x0800028d   Thumb Code   158  main.o(.text.GpioInit)
    SysTick_Handler                          0x0800032d   Thumb Code    14  main.o(.text.SysTick_Handler)
    SystemCoreClockUpdate                    0x0800033d   Thumb Code   238  system_mdr32f9q2i.o(.text.SystemCoreClockUpdate)
    SystemInit                               0x0800042d   Thumb Code   100  system_mdr32f9q2i.o(.text.SystemInit)
    main                                     0x080004c1   Thumb Code   144  main.o(.text.main)
    Region$$Table$$Base                      0x08000550   Number         0  anon$$obj.o(Region$$Table)
    Region$$Table$$Limit                     0x08000570   Number         0  anon$$obj.o(Region$$Table)
    SystemCoreClock                          0x20000000   Data           4  system_mdr32f9q2i.o(.data.SystemCoreClock)
    __libspace_start                         0x20000008   Data          96  libspace.o(.bss)
    __temporary_stack_top$libspace           0x20000068   Data           0  libspace.o(.bss)



==============================================================================

Memory Map of the image

  Image Entry point : 0x0800015d

  Load Region LR_1 (Base: 0x08000000, Size: 0x00000574, Max: 0xffffffff, ABSOLUTE)

    Execution Region ER_RO (Exec base: 0x08000000, Load base: 0x08000000, Size: 0x00000570, Max: 0xffffffff, ABSOLUTE)

    Exec Addr    Load Addr    Size         Type   Attr      Idx    E Section Name        Object

    0x08000000   0x08000000   0x000000c0   Data   RO           22    RESET               startup_mdr32f9q2i.o
    0x080000c0   0x080000c0   0x00000008   Code   RO          147  * !!!main             c_w.l(__main.o)
    0x080000c8   0x080000c8   0x00000034   Code   RO          312    !!!scatter          c_w.l(__scatter.o)
    0x080000fc   0x080000fc   0x0000001a   Code   RO          314    !!handler_copy      c_w.l(__scatter_copy.o)
    0x08000116   0x08000116   0x00000002   PAD
    0x08000118   0x08000118   0x0000001c   Code   RO          316    !!handler_zi        c_w.l(__scatter_zi.o)
    0x08000134   0x08000134   0x00000002   Code   RO          174    .ARM.Collect$$libinit$$00000000  c_w.l(libinit.o)
    0x08000136   0x08000136   0x00000000   Code   RO          181    .ARM.Collect$$libinit$$00000002  c_w.l(libinit2.o)
    0x08000136   0x08000136   0x00000000   Code   RO          183    .ARM.Collect$$libinit$$00000004  c_w.l(libinit2.o)
    0x08000136   0x08000136   0x00000000   Code   RO          185    .ARM.Collect$$libinit$$00000006  c_w.l(libinit2.o)
    0x08000136   0x08000136   0x00000000   Code   RO          188    .ARM.Collect$$libinit$$0000000C  c_w.l(libinit2.o)
    0x08000136   0x08000136   0x00000000   Code   RO          190    .ARM.Collect$$libinit$$0000000E  c_w.l(libinit2.o)
    0x08000136   0x08000136   0x00000000   Code   RO          192    .ARM.Collect$$libinit$$00000010  c_w.l(libinit2.o)
    0x08000136   0x08000136   0x00000000   Code   RO          195    .ARM.Collect$$libinit$$00000013  c_w.l(libinit2.o)
    0x08000136   0x08000136   0x00000000   Code   RO          197    .ARM.Collect$$libinit$$00000015  c_w.l(libinit2.o)
    0x08000136   0x08000136   0x00000000   Code   RO          199    .ARM.Collect$$libinit$$00000017  c_w.l(libinit2.o)
    0x08000136   0x08000136   0x00000000   Code   RO          201    .ARM.Collect$$libinit$$00000019  c_w.l(libinit2.o)
    0x08000136   0x08000136   0x00000000   Code   RO          203    .ARM.Collect$$libinit$$0000001B  c_w.l(libinit2.o)
    0x08000136   0x08000136   0x00000000   Code   RO          205    .ARM.Collect$$libinit$$0000001D  c_w.l(libinit2.o)
    0x08000136   0x08000136   0x00000000   Code   RO          207    .ARM.Collect$$libinit$$0000001F  c_w.l(libinit2.o)
    0x08000136   0x08000136   0x00000000   Code   RO          209    .ARM.Collect$$libinit$$00000021  c_w.l(libinit2.o)
    0x08000136   0x08000136   0x00000000   Code   RO          211    .ARM.Collect$$libinit$$00000023  c_w.l(libinit2.o)
    0x08000136   0x08000136   0x00000000   Code   RO          213    .ARM.Collect$$libinit$$00000025  c_w.l(libinit2.o)
    0x08000136   0x08000136   0x00000000   Code   RO          215    .ARM.Collect$$libinit$$00000027  c_w.l(libinit2.o)
    0x08000136   0x08000136   0x00000000   Code   RO          219    .ARM.Collect$$libinit$$0000002E  c_w.l(libinit2.o)
    0x08000136   0x08000136   0x00000000   Code   RO          221    .ARM.Collect$$libinit$$00000030  c_w.l(libinit2.o)
    0x08000136   0x08000136   0x00000000   Code   RO          223    .ARM.Collect$$libinit$$00000032  c_w.l(libinit2.o)
    0x08000136   0x08000136   0x00000000   Code   RO          225    .ARM.Collect$$libinit$$00000034  c_w.l(libinit2.o)
    0x08000136   0x08000136   0x00000002   Code   RO          226    .ARM.Collect$$libinit$$00000035  c_w.l(libinit2.o)
    0x08000138   0x08000138   0x00000002   Code   RO          248    .ARM.Collect$$libshutdown$$00000000  c_w.l(libshutdown.o)
    0x0800013a   0x0800013a   0x00000000   Code   RO          263    .ARM.Collect$$libshutdown$$00000002  c_w.l(libshutdown2.o)
    0x0800013a   0x0800013a   0x00000000   Code   RO          265    .ARM.Collect$$libshutdown$$00000004  c_w.l(libshutdown2.o)
    0x0800013a   0x0800013a   0x00000000   Code   RO          268    .ARM.Collect$$libshutdown$$00000007  c_w.l(libshutdown2.o)
    0x0800013a   0x0800013a   0x00000000   Code   RO          271    .ARM.Collect$$libshutdown$$0000000A  c_w.l(libshutdown2.o)
    0x0800013a   0x0800013a   0x00000000   Code   RO          273    .ARM.Collect$$libshutdown$$0000000C  c_w.l(libshutdown2.o)
    0x0800013a   0x0800013a   0x00000000   Code   RO          276    .ARM.Collect$$libshutdown$$0000000F  c_w.l(libshutdown2.o)
    0x0800013a   0x0800013a   0x00000002   Code   RO          277    .ARM.Collect$$libshutdown$$00000010  c_w.l(libshutdown2.o)
    0x0800013c   0x0800013c   0x00000000   Code   RO          149    .ARM.Collect$$rtentry$$00000000  c_w.l(__rtentry.o)
    0x0800013c   0x0800013c   0x00000000   Code   RO          151    .ARM.Collect$$rtentry$$00000002  c_w.l(__rtentry2.o)
    0x0800013c   0x0800013c   0x00000006   Code   RO          163    .ARM.Collect$$rtentry$$00000004  c_w.l(__rtentry4.o)
    0x08000142   0x08000142   0x00000000   Code   RO          153    .ARM.Collect$$rtentry$$00000009  c_w.l(__rtentry2.o)
    0x08000142   0x08000142   0x00000004   Code   RO          154    .ARM.Collect$$rtentry$$0000000A  c_w.l(__rtentry2.o)
    0x08000146   0x08000146   0x00000000   Code   RO          156    .ARM.Collect$$rtentry$$0000000C  c_w.l(__rtentry2.o)
    0x08000146   0x08000146   0x00000008   Code   RO          157    .ARM.Collect$$rtentry$$0000000D  c_w.l(__rtentry2.o)
    0x0800014e   0x0800014e   0x00000002   Code   RO          178    .ARM.Collect$$rtexit$$00000000  c_w.l(rtexit.o)
    0x08000150   0x08000150   0x00000000   Code   RO          228    .ARM.Collect$$rtexit$$00000002  c_w.l(rtexit2.o)
    0x08000150   0x08000150   0x00000004   Code   RO          229    .ARM.Collect$$rtexit$$00000003  c_w.l(rtexit2.o)
    0x08000154   0x08000154   0x00000006   Code   RO          230    .ARM.Collect$$rtexit$$00000004  c_w.l(rtexit2.o)
    0x0800015a   0x0800015a   0x00000002   PAD
    0x0800015c   0x0800015c   0x00000040   Code   RO           23  * .text               startup_mdr32f9q2i.o
    0x0800019c   0x0800019c   0x00000006   Code   RO          145    .text               c_w.l(heapauxi.o)
    0x080001a2   0x080001a2   0x0000004a   Code   RO          165    .text               c_w.l(sys_stackheap_outer.o)
    0x080001ec   0x080001ec   0x00000012   Code   RO          167    .text               c_w.l(exit.o)
    0x080001fe   0x080001fe   0x00000002   PAD
    0x08000200   0x08000200   0x00000008   Code   RO          175    .text               c_w.l(libspace.o)
    0x08000208   0x08000208   0x0000000c   Code   RO          238    .text               c_w.l(sys_exit.o)
    0x08000214   0x08000214   0x00000002   Code   RO          253    .text               c_w.l(use_no_semi.o)
    0x08000216   0x08000216   0x00000000   Code   RO          255    .text               c_w.l(indicate_semi.o)
    0x08000216   0x08000216   0x00000002   PAD
    0x08000218   0x08000218   0x00000072   Code   RO            6    .text.ClockInit     main.o
    0x0800028a   0x0800028a   0x00000002   PAD
    0x0800028c   0x0800028c   0x0000009e   Code   RO            4    .text.GpioInit      main.o
    0x0800032a   0x0800032a   0x00000002   PAD
    0x0800032c   0x0800032c   0x0000000e   Code   RO           10    .text.SysTick_Handler  main.o
    0x0800033a   0x0800033a   0x00000002   PAD
    0x0800033c   0x0800033c   0x000000ee   Code   RO           30    .text.SystemCoreClockUpdate  system_mdr32f9q2i.o
    0x0800042a   0x0800042a   0x00000002   PAD
    0x0800042c   0x0800042c   0x00000064   Code   RO           32    .text.SystemInit    system_mdr32f9q2i.o
    0x08000490   0x08000490   0x00000030   Code   RO            8    .text.__NVIC_EnableIRQ  main.o
    0x080004c0   0x080004c0   0x00000090   Code   RO            2    .text.main          main.o
    0x08000550   0x08000550   0x00000020   Data   RO          311    Region$$Table       anon$$obj.o


    Execution Region ER_RW (Exec base: 0x20000000, Load base: 0x08000570, Size: 0x00000004, Max: 0xffffffff, ABSOLUTE)

    Exec Addr    Load Addr    Size         Type   Attr      Idx    E Section Name        Object

    0x20000000   0x08000570   0x00000004   Data   RW           34    .data.SystemCoreClock  system_mdr32f9q2i.o


    Execution Region ER_ZI (Exec base: 0x20000008, Load base: 0x08000574, Size: 0x00000668, Max: 0xffffffff, ABSOLUTE)

    Exec Addr    Load Addr    Size         Type   Attr      Idx    E Section Name        Object

    0x20000008        -       0x00000060   Zero   RW          176    .bss                c_w.l(libspace.o)
    0x20000068        -       0x00000004   Zero   RW           12    .bss.sys_tick_flag  main.o
    0x2000006c   0x08000574   0x00000004   PAD
    0x20000070        -       0x00000200   Zero   RW           21    HEAP                startup_mdr32f9q2i.o
    0x20000270        -       0x00000400   Zero   RW           20    STACK               startup_mdr32f9q2i.o


==============================================================================

Image component sizes


      Code (inc. data)   RO Data    RW Data    ZI Data      Debug   Object Name

       478          0          0          0          4       3080   main.o
        64         26        192          0       1536        824   startup_mdr32f9q2i.o
       338          0          0          4          0       1504   system_mdr32f9q2i.o

    ----------------------------------------------------------------------
       888         26        224          4       1544       5408   Object Totals
         0          0         32          0          0          0   (incl. Generated)
         8          0          0          0          4          0   (incl. Padding)

    ----------------------------------------------------------------------

      Code (inc. data)   RO Data    RW Data    ZI Data      Debug   Library Member Name

         8          0          0          0          0         68   __main.o
         0          0          0          0          0          0   __rtentry.o
        12          0          0          0          0          0   __rtentry2.o
         6          0          0          0          0          0   __rtentry4.o
        52          8          0          0          0          0   __scatter.o
        26          0          0          0          0          0   __scatter_copy.o
        28          0          0          0          0          0   __scatter_zi.o
        18          0          0          0          0         80   exit.o
         6          0          0          0          0        152   heapauxi.o
         0          0          0          0          0          0   indicate_semi.o
         2          0          0          0          0          0   libinit.o
         2          0          0          0          0          0   libinit2.o
         2          0          0          0          0          0   libshutdown.o
         2          0          0          0          0          0   libshutdown2.o
         8          4          0          0         96         68   libspace.o
         2          0          0          0          0          0   rtexit.o
        10          0          0          0          0          0   rtexit2.o
        12          4          0          0          0         68   sys_exit.o
        74          0          0          0          0         80   sys_stackheap_outer.o
         2          0          0          0          0         68   use_no_semi.o

    ----------------------------------------------------------------------
       280         16          0          0         96        584   Library Totals
         8          0          0          0          0          0   (incl. Padding)

    ----------------------------------------------------------------------

      Code (inc. data)   RO Data    RW Data    ZI Data      Debug   Library Name

       272         16          0          0         96        584   c_w.l

    ----------------------------------------------------------------------
       280         16          0          0         96        584   Library Totals

    ----------------------------------------------------------------------

==============================================================================


      Code (inc. data)   RO Data    RW Data    ZI Data      Debug   

      1168         42        224          4       1640       5864   Grand Totals
      1168         42        224          4       1640       5864   ELF Image Totals
      1168         42        224          4          0          0   ROM Totals

==============================================================================

    Total RO  Size (Code + RO Data)                 1392 (   1.36kB)
    Total RW  Size (RW Data + ZI Data)              1644 (   1.61kB)
    Total ROM Size (Code + RO Data + RW Data)       1396 (   1.36kB)

==============================================================================

