<html>
<body>
<pre>
<h1>µVision Build Log</h1>
<h2>Tool Versions:</h2>
IDE-Version: µVision V5.38.0.0
Copyright (C) 2022 ARM Ltd and ARM Germany GmbH. All rights reserved.
License Information: Ogneyar Yakovlev, LeidTogi, LIC=----
 
Tool Versions:
Toolchain:       MDK-Lite  Version: 5.37.0.0
Toolchain Path:  C:\Keil_v5\ARM\ARMCLANG\Bin
C Compiler:      ArmClang.exe V6.18
Assembler:       Armasm.exe V6.18
Linker/Locator:  ArmLink.exe V6.18
Library Manager: ArmAr.exe V6.18
Hex Converter:   FromElf.exe V6.18
CPU DLL:         SARMCM3.DLL V5.37.0.0
Dialog DLL:      DCM.DLL V1.17.5.0
Target DLL:      STLink\ST-LINKIII-KEIL_SWO.dll V3.0.9.0
Dialog DLL:      TCM.DLL V1.56.1.0
 
<h2>Project:</h2>
E:\VSCode\ArduinoProjects\Keil\MDR32\USART\usart.uvprojx
Project File Date:  08/31/2023

<h2>Output:</h2>
*** Using Compiler 'V6.18', folder: 'C:\Keil_v5\ARM\ARMCLANG\Bin'
Rebuild target 'main'
compiling main.c...
compiling retarget_uart.c...
assembling startup_MDR32F9Q2I.S...
compiling system_MDR32F9Q2I.c...
compiling MDR32FxQI_eeprom.c...
compiling MDR32FxQI_port.c...
compiling MDR32FxQI_rst_clk.c...
compiling MDR32FxQI_uart.c...
compiling MDR32FxQI_bkp.c...
linking...
Program Size: Code=10512 RO-data=964 RW-data=4 ZI-data=1808  
FromELF: creating hex file...
".\Objects\usart.axf" - 0 Error(s), 0 Warning(s).

<h2>Software Packages used:</h2>

Package Vendor: Milandr
                https://ic.milandr.ru/soft/Milandr.MDR32FxQI.1.0.pack
                Milandr.MDR32FxQI.1.0
                Milandr MDR32FxQI Series Device Support, Drivers and Examples
   * Component: Startup Version: 2.0.2i
   * Component: BKP Version: 2.0.2i
   * Component: EEPROM Version: 2.0.2i
   * Component: PORT Version: 2.0.2i
   * Component: RST_CLK Version: 2.0.2i
   * Component: UART Version: 2.0.2i

<h2>Collection of Component include folders:</h2>
  ./RTE/Device/MDR32F9Q2I
  ./RTE/_main
  C:/Users/ogney/AppData/Local/Arm/Packs/Milandr/MDR32FxQI/1.0/Libraries/CMSIS/MDR32FxQI/CoreSupport/CM3
  C:/Users/ogney/AppData/Local/Arm/Packs/Milandr/MDR32FxQI/1.0/Libraries/CMSIS/MDR32FxQI/DeviceSupport/MDR32F9Q2I/inc
  C:/Users/ogney/AppData/Local/Arm/Packs/Milandr/MDR32FxQI/1.0/Libraries/SPL/MDR32FxQI/inc

<h2>Collection of Component Files used:</h2>

   * Component: Milandr::Device:Startup:2.0.2i
      Source file:   Libraries/CMSIS/MDR32FxQI/DeviceSupport/MDR32F9Q2I/startup/system_MDR32F9Q2I.c
      Include file:  Libraries/SPL/MDR32FxQI/MDR32FxQI_config.h
      Include file:  Libraries/CMSIS/MDR32FxQI/DeviceSupport/MDR32F9Q2I/inc/MDR32F9Q2I.h
      Include file:  Libraries/SPL/MDR32FxQI/inc/IRQ_Handler_Template/MDR32F9Q2I_IT.h
      Source file:   Libraries/CMSIS/MDR32FxQI/DeviceSupport/MDR32F9Q2I/startup/arm/startup_MDR32F9Q2I.S
      Include file:  Libraries/CMSIS/MDR32FxQI/DeviceSupport/MDR32F9Q2I/startup/system_MDR32F9Q2I.h
      Include file:  Libraries/CMSIS/MDR32FxQI/CoreSupport/CM3/core_cm3.h
      Source file:   Libraries/SPL/MDR32FxQI/src/IRQ_Handler_Template/MDR32F9Q2I_IT.c

   * Component: Milandr::Drivers:BKP:2.0.2i
      Include file:  Libraries/SPL/MDR32FxQI/inc/MDR32FxQI_bkp.h
      Source file:   Libraries/SPL/MDR32FxQI/src/MDR32FxQI_bkp.c

   * Component: Milandr::Drivers:EEPROM:2.0.2i
      Source file:   Libraries/SPL/MDR32FxQI/src/MDR32FxQI_eeprom.c
      Include file:  Libraries/SPL/MDR32FxQI/inc/MDR32FxQI_eeprom.h

   * Component: Milandr::Drivers:PORT:2.0.2i
      Source file:   Libraries/SPL/MDR32FxQI/src/MDR32FxQI_port.c
      Include file:  Libraries/SPL/MDR32FxQI/inc/MDR32FxQI_port.h

   * Component: Milandr::Drivers:RST_CLK:2.0.2i
      Include file:  Libraries/SPL/MDR32FxQI/inc/MDR32FxQI_rst_clk.h
      Source file:   Libraries/SPL/MDR32FxQI/src/MDR32FxQI_rst_clk.c

   * Component: Milandr::Drivers:UART:2.0.2i
      Source file:   Libraries/SPL/MDR32FxQI/src/MDR32FxQI_uart.c
      Include file:  Libraries/SPL/MDR32FxQI/inc/MDR32FxQI_uart.h
Build Time Elapsed:  00:00:04
</pre>
</body>
</html>
