Archive member included to satisfy reference by file (symbol)

e:/program/mounriver/mounriver_studio/toolchain/risc-v embedded gcc/bin/../lib/gcc/riscv-none-embed/8.2.0/../../../../riscv-none-embed/lib/rv32imac/ilp32\libg_nano.a(lib_a-memcpy.o)
                              ./User/ch32v20x_usbotg_device.o (memcpy)
e:/program/mounriver/mounriver_studio/toolchain/risc-v embedded gcc/bin/../lib/gcc/riscv-none-embed/8.2.0/../../../../riscv-none-embed/lib/rv32imac/ilp32\libg_nano.a(lib_a-printf.o)
                              ./User/main.o (printf)
e:/program/mounriver/mounriver_studio/toolchain/risc-v embedded gcc/bin/../lib/gcc/riscv-none-embed/8.2.0/../../../../riscv-none-embed/lib/rv32imac/ilp32\libg_nano.a(lib_a-puts.o)
                              ./User/main.o (puts)
e:/program/mounriver/mounriver_studio/toolchain/risc-v embedded gcc/bin/../lib/gcc/riscv-none-embed/8.2.0/../../../../riscv-none-embed/lib/rv32imac/ilp32\libg_nano.a(lib_a-wbuf.o)
                              e:/program/mounriver/mounriver_studio/toolchain/risc-v embedded gcc/bin/../lib/gcc/riscv-none-embed/8.2.0/../../../../riscv-none-embed/lib/rv32imac/ilp32\libg_nano.a(lib_a-puts.o) (__swbuf_r)
e:/program/mounriver/mounriver_studio/toolchain/risc-v embedded gcc/bin/../lib/gcc/riscv-none-embed/8.2.0/../../../../riscv-none-embed/lib/rv32imac/ilp32\libg_nano.a(lib_a-wsetup.o)
                              e:/program/mounriver/mounriver_studio/toolchain/risc-v embedded gcc/bin/../lib/gcc/riscv-none-embed/8.2.0/../../../../riscv-none-embed/lib/rv32imac/ilp32\libg_nano.a(lib_a-puts.o) (__swsetup_r)
e:/program/mounriver/mounriver_studio/toolchain/risc-v embedded gcc/bin/../lib/gcc/riscv-none-embed/8.2.0/../../../../riscv-none-embed/lib/rv32imac/ilp32\libg_nano.a(lib_a-fflush.o)
                              e:/program/mounriver/mounriver_studio/toolchain/risc-v embedded gcc/bin/../lib/gcc/riscv-none-embed/8.2.0/../../../../riscv-none-embed/lib/rv32imac/ilp32\libg_nano.a(lib_a-wbuf.o) (_fflush_r)
e:/program/mounriver/mounriver_studio/toolchain/risc-v embedded gcc/bin/../lib/gcc/riscv-none-embed/8.2.0/../../../../riscv-none-embed/lib/rv32imac/ilp32\libg_nano.a(lib_a-findfp.o)
                              e:/program/mounriver/mounriver_studio/toolchain/risc-v embedded gcc/bin/../lib/gcc/riscv-none-embed/8.2.0/../../../../riscv-none-embed/lib/rv32imac/ilp32\libg_nano.a(lib_a-printf.o) (__sinit)
e:/program/mounriver/mounriver_studio/toolchain/risc-v embedded gcc/bin/../lib/gcc/riscv-none-embed/8.2.0/../../../../riscv-none-embed/lib/rv32imac/ilp32\libg_nano.a(lib_a-fwalk.o)
                              e:/program/mounriver/mounriver_studio/toolchain/risc-v embedded gcc/bin/../lib/gcc/riscv-none-embed/8.2.0/../../../../riscv-none-embed/lib/rv32imac/ilp32\libg_nano.a(lib_a-findfp.o) (_fwalk)
e:/program/mounriver/mounriver_studio/toolchain/risc-v embedded gcc/bin/../lib/gcc/riscv-none-embed/8.2.0/../../../../riscv-none-embed/lib/rv32imac/ilp32\libg_nano.a(lib_a-impure.o)
                              e:/program/mounriver/mounriver_studio/toolchain/risc-v embedded gcc/bin/../lib/gcc/riscv-none-embed/8.2.0/../../../../riscv-none-embed/lib/rv32imac/ilp32\libg_nano.a(lib_a-fflush.o) (_global_impure_ptr)
e:/program/mounriver/mounriver_studio/toolchain/risc-v embedded gcc/bin/../lib/gcc/riscv-none-embed/8.2.0/../../../../riscv-none-embed/lib/rv32imac/ilp32\libg_nano.a(lib_a-makebuf.o)
                              e:/program/mounriver/mounriver_studio/toolchain/risc-v embedded gcc/bin/../lib/gcc/riscv-none-embed/8.2.0/../../../../riscv-none-embed/lib/rv32imac/ilp32\libg_nano.a(lib_a-wsetup.o) (__smakebuf_r)
e:/program/mounriver/mounriver_studio/toolchain/risc-v embedded gcc/bin/../lib/gcc/riscv-none-embed/8.2.0/../../../../riscv-none-embed/lib/rv32imac/ilp32\libg_nano.a(lib_a-memset.o)
                              e:/program/mounriver/mounriver_studio/toolchain/risc-v embedded gcc/bin/../lib/gcc/riscv-none-embed/8.2.0/../../../../riscv-none-embed/lib/rv32imac/ilp32\libg_nano.a(lib_a-findfp.o) (memset)
e:/program/mounriver/mounriver_studio/toolchain/risc-v embedded gcc/bin/../lib/gcc/riscv-none-embed/8.2.0/../../../../riscv-none-embed/lib/rv32imac/ilp32\libg_nano.a(lib_a-nano-freer.o)
                              e:/program/mounriver/mounriver_studio/toolchain/risc-v embedded gcc/bin/../lib/gcc/riscv-none-embed/8.2.0/../../../../riscv-none-embed/lib/rv32imac/ilp32\libg_nano.a(lib_a-wsetup.o) (_free_r)
e:/program/mounriver/mounriver_studio/toolchain/risc-v embedded gcc/bin/../lib/gcc/riscv-none-embed/8.2.0/../../../../riscv-none-embed/lib/rv32imac/ilp32\libg_nano.a(lib_a-nano-mallocr.o)
                              e:/program/mounriver/mounriver_studio/toolchain/risc-v embedded gcc/bin/../lib/gcc/riscv-none-embed/8.2.0/../../../../riscv-none-embed/lib/rv32imac/ilp32\libg_nano.a(lib_a-findfp.o) (_malloc_r)
[...]
Memory Configuration

Name             Origin             Length             Attributes
FLASH            0x0000000000000000 0x0000000000010000 xr
RAM              0x0000000020000000 0x0000000000005000 xrw
*default*        0x0000000000000000 0xffffffffffffffff

Linker script and memory map

LOAD ./User/ch32v20x_it.o
LOAD ./User/ch32v20x_usbotg_device.o
LOAD ./User/flash.o
LOAD ./User/iap.o
LOAD ./User/main.o
LOAD ./User/system_ch32v20x.o
LOAD ./USBLIB/USB-Driver/src/usb_core.o
LOAD ./USBLIB/USB-Driver/src/usb_init.o
LOAD ./USBLIB/USB-Driver/src/usb_int.o
LOAD ./USBLIB/USB-Driver/src/usb_mem.o
LOAD ./USBLIB/USB-Driver/src/usb_regs.o
LOAD ./USBLIB/USB-Driver/src/usb_sil.o
LOAD ./Startup/startup_ch32v20x_D8W.o
LOAD ./Peripheral/src/ch32v20x_adc.o
LOAD ./Peripheral/src/ch32v20x_bkp.o
LOAD ./Peripheral/src/ch32v20x_can.o
LOAD ./Peripheral/src/ch32v20x_crc.o
LOAD ./Peripheral/src/ch32v20x_dbgmcu.o
LOAD ./Peripheral/src/ch32v20x_dma.o
LOAD ./Peripheral/src/ch32v20x_exti.o
LOAD ./Peripheral/src/ch32v20x_flash.o
LOAD ./Peripheral/src/ch32v20x_gpio.o
LOAD ./Peripheral/src/ch32v20x_i2c.o
LOAD ./Peripheral/src/ch32v20x_iwdg.o
LOAD ./Peripheral/src/ch32v20x_misc.o
LOAD ./Peripheral/src/ch32v20x_opa.o
LOAD ./Peripheral/src/ch32v20x_pwr.o
LOAD ./Peripheral/src/ch32v20x_rcc.o
LOAD ./Peripheral/src/ch32v20x_rtc.o
LOAD ./Peripheral/src/ch32v20x_spi.o
LOAD ./Peripheral/src/ch32v20x_tim.o
LOAD ./Peripheral/src/ch32v20x_usart.o
LOAD ./Peripheral/src/ch32v20x_wwdg.o
LOAD ./Debug/debug.o
LOAD ./Core/core_riscv.o
LOAD ./CONFIG/hw_config.o
LOAD ./CONFIG/usb_desc.o
LOAD ./CONFIG/usb_endp.o
LOAD ./CONFIG/usb_istr.o
LOAD ./CONFIG/usb_prop.o
LOAD ./CONFIG/usb_pwr.o
LOAD e:/program/mounriver/mounriver_studio/toolchain/risc-v embedded gcc/bin/../lib/gcc/riscv-none-embed/8.2.0/rv32imac/ilp32\libgcc.a
LOAD e:/program/mounriver/mounriver_studio/toolchain/risc-v embedded gcc/bin/../lib/gcc/riscv-none-embed/8.2.0/../../../../riscv-none-embed/lib/rv32imac/ilp32\libg_nano.a
LOAD e:/program/mounriver/mounriver_studio/toolchain/risc-v embedded gcc/bin/../lib/gcc/riscv-none-embed/8.2.0/../../../../riscv-none-embed/lib/rv32imac/ilp32\libc_nano.a
LOAD e:/program/mounriver/mounriver_studio/toolchain/risc-v embedded gcc/bin/../lib/gcc/riscv-none-embed/8.2.0/rv32imac/ilp32\libgcc.a
START GROUP
LOAD e:/program/mounriver/mounriver_studio/toolchain/risc-v embedded gcc/bin/../lib/gcc/riscv-none-embed/8.2.0/rv32imac/ilp32\libgcc.a
LOAD e:/program/mounriver/mounriver_studio/toolchain/risc-v embedded gcc/bin/../lib/gcc/riscv-none-embed/8.2.0/../../../../riscv-none-embed/lib/rv32imac/ilp32\libc_nano.a
LOAD e:/program/mounriver/mounriver_studio/toolchain/risc-v embedded gcc/bin/../lib/gcc/riscv-none-embed/8.2.0/../../../../riscv-none-embed/lib/rv32imac/ilp32\libnosys.a
END GROUP
START GROUP
LOAD e:/program/mounriver/mounriver_studio/toolchain/risc-v embedded gcc/bin/../lib/gcc/riscv-none-embed/8.2.0/rv32imac/ilp32\libgcc.a
LOAD e:/program/mounriver/mounriver_studio/toolchain/risc-v embedded gcc/bin/../lib/gcc/riscv-none-embed/8.2.0/../../../../riscv-none-embed/lib/rv32imac/ilp32\libc_nano.a
LOAD e:/program/mounriver/mounriver_studio/toolchain/risc-v embedded gcc/bin/../lib/gcc/riscv-none-embed/8.2.0/../../../../riscv-none-embed/lib/rv32imac/ilp32\libnosys.a
END GROUP
                0x0000000000000800                __stack_size = 0x800
                [!provide]                        PROVIDE (_stack_size = __stack_size)

.init           0x0000000000000000       0x38
                0x0000000000000000                _sinit = .
                0x0000000000000000                . = ALIGN (0x4)
 *(SORT_NONE(.init))
 .init          0x0000000000000000       0x38 ./Startup/startup_ch32v20x_D8W.o
                0x0000000000000000                _start
                0x0000000000000038                . = ALIGN (0x4)
                0x0000000000000038                _einit = .

.vector         0x0000000000000038      0x148
 *(.vector)
 .vector        0x0000000000000038      0x118 ./Startup/startup_ch32v20x_D8W.o
                0x0000000000000180                . = ALIGN (0x40)
 *fill*         0x0000000000000150       0x30 

.text           0x0000000000000180     0x4190
                0x0000000000000180                . = ALIGN (0x4)
 *(.text)
 .text          0x0000000000000180       0xa8 e:/program/mounriver/mounriver_studio/toolchain/risc-v embedded gcc/bin/../lib/gcc/riscv-none-embed/8.2.0/../../../../riscv-none-embed/lib/rv32imac/ilp32\libg_nano.a(lib_a-memset.o)
                0x0000000000000180                memset
 *(.text.*)
 .text.NMI_Handler
                0x0000000000000228        0x4 ./User/ch32v20x_it.o
                0x0000000000000228                NMI_Handler
 .text.HardFault_Handler
                0x000000000000022c        0x2 ./User/ch32v20x_it.o
                0x000000000000022c                HardFault_Handler
 .text.SW_Handler
                0x000000000000022e        0x6 ./User/ch32v20x_it.o
                0x000000000000022e                SW_Handler
 .text.USBDeviceInit
                0x0000000000000234       0x6c ./User/ch32v20x_usbotg_device.o
                0x0000000000000234                USBDeviceInit
 .text.USBOTG_RCC_Init
                0x00000000000002a0       0x16 ./User/ch32v20x_usbotg_device.o
                0x00000000000002a0                USBOTG_RCC_Init
 .text.USBOTG_Init
                0x00000000000002b6       0x36 ./User/ch32v20x_usbotg_device.o
                0x00000000000002b6                USBOTG_Init
 .text.DevEP2_IN_Deal
                0x00000000000002ec       0x16 ./User/ch32v20x_usbotg_device.o
                0x00000000000002ec                DevEP2_IN_Deal
 .text.DevEP2_OUT_Deal
                0x0000000000000302       0x46 ./User/ch32v20x_usbotg_device.o
                0x0000000000000302                DevEP2_OUT_Deal
 .text.USBHD_IRQHandler
                0x0000000000000348      0x4ce ./User/ch32v20x_usbotg_device.o
                0x0000000000000348                USBHD_IRQHandler
 .text.CH32_IAP_Program
                0x0000000000000816        0x4 ./User/flash.o
                0x0000000000000816                CH32_IAP_Program
 .text.RecData_Deal
                0x000000000000081a      0x1a0 ./User/iap.o
                0x000000000000081a                RecData_Deal
 .text.EP2_IN_Tx_Deal
                0x00000000000009ba       0x2c ./User/iap.o
                0x00000000000009ba                EP2_IN_Tx_Deal
 .text.EP2_RecData_Deal
                0x00000000000009e6       0x4a ./User/iap.o
                0x00000000000009e6                EP2_RecData_Deal
 .text.USART3_CFG
                0x0000000000000a30       0x92 ./User/iap.o
                0x0000000000000a30                USART3_CFG
 .text.UART3_SendData
                0x0000000000000ac2       0x34 ./User/iap.o
                0x0000000000000ac2                UART3_SendData
 .text.Uart3_Rx
                0x0000000000000af6       0x32 ./User/iap.o
                0x0000000000000af6                Uart3_Rx
 .text.UART_Rx_Deal
                0x0000000000000b28       0xba ./User/iap.o
                0x0000000000000b28                UART_Rx_Deal
 .text.IAP_2_APP
                0x0000000000000be2       0x5a ./User/main.o
                0x0000000000000be2                IAP_2_APP
 .text.startup.main
                0x0000000000000c3c       0x7e ./User/main.o
                0x0000000000000c3c                main
 .text.SystemInit
                0x0000000000000cba       0xea ./User/system_ch32v20x.o
                0x0000000000000cba                SystemInit
 .text.Standard_GetConfiguration
                0x0000000000000da4       0x2a ./USBLIB/USB-Driver/src/usb_core.o
                0x0000000000000da4                Standard_GetConfiguration
 .text.Standard_GetInterface
                0x0000000000000dce       0x2a ./USBLIB/USB-Driver/src/usb_core.o
                0x0000000000000dce                Standard_GetInterface
 .text.Standard_GetStatus
                0x0000000000000df8       0xa4 ./USBLIB/USB-Driver/src/usb_core.o
                0x0000000000000df8                Standard_GetStatus
 .text.DataStageIn
                0x0000000000000e9c       0xd8 ./USBLIB/USB-Driver/src/usb_core.o
 .text.Standard_SetConfiguration
                0x0000000000000f74       0x38 ./USBLIB/USB-Driver/src/usb_core.o
                0x0000000000000f74                Standard_SetConfiguration
 .text.Standard_SetInterface
                0x0000000000000fac       0x5e ./USBLIB/USB-Driver/src/usb_core.o
                0x0000000000000fac                Standard_SetInterface
 .text.Standard_ClearFeature
                0x000000000000100a      0x134 ./USBLIB/USB-Driver/src/usb_core.o
                0x000000000000100a                Standard_ClearFeature
 .text.Standard_SetEndPointFeature
                0x000000000000113e       0xc4 ./USBLIB/USB-Driver/src/usb_core.o
                0x000000000000113e                Standard_SetEndPointFeature
 .text.Standard_SetDeviceFeature
                0x0000000000001202       0x24 ./USBLIB/USB-Driver/src/usb_core.o
                0x0000000000001202                Standard_SetDeviceFeature
 .text.Standard_GetDescriptorData
                0x0000000000001226       0x1e ./USBLIB/USB-Driver/src/usb_core.o
                0x0000000000001226                Standard_GetDescriptorData
 .text.Post0_Process
                0x0000000000001244       0x38 ./USBLIB/USB-Driver/src/usb_core.o
                0x0000000000001244                Post0_Process
 .text.Setup0_Process
                0x000000000000127c      0x34c ./USBLIB/USB-Driver/src/usb_core.o
                0x000000000000127c                Setup0_Process
 .text.Out0_Process
                0x00000000000015c8       0xf8 ./USBLIB/USB-Driver/src/usb_core.o
                0x00000000000015c8                Out0_Process
 .text.SetDeviceAddress
                0x00000000000016c0       0x4a ./USBLIB/USB-Driver/src/usb_core.o
                0x00000000000016c0                SetDeviceAddress
 .text.In0_Process
                0x000000000000170a       0x6c ./USBLIB/USB-Driver/src/usb_core.o
                0x000000000000170a                In0_Process
 .text.NOP_Process
                0x0000000000001776        0x2 ./USBLIB/USB-Driver/src/usb_core.o
                0x0000000000001776                NOP_Process
 .text.USB_Init
                0x0000000000001778       0x2c ./USBLIB/USB-Driver/src/usb_init.o
                0x0000000000001778                USB_Init
 .text.CTR_LP   0x00000000000017a4      0x3ea ./USBLIB/USB-Driver/src/usb_int.o
                0x00000000000017a4                CTR_LP
 .text.UserToPMABufferCopy
                0x0000000000001b8e       0x28 ./USBLIB/USB-Driver/src/usb_mem.o
                0x0000000000001b8e                UserToPMABufferCopy
 .text.PMAToUserBufferCopy
                0x0000000000001bb6       0x1e ./USBLIB/USB-Driver/src/usb_mem.o
                0x0000000000001bb6                PMAToUserBufferCopy
 .text.SetBTABLE
                0x0000000000001bd4       0x10 ./USBLIB/USB-Driver/src/usb_regs.o
                0x0000000000001bd4                SetBTABLE
 .text.SetEPType
                0x0000000000001be4       0x20 ./USBLIB/USB-Driver/src/usb_regs.o
                0x0000000000001be4                SetEPType
 .text.SetEPTxStatus
                0x0000000000001c04       0x48 ./USBLIB/USB-Driver/src/usb_regs.o
                0x0000000000001c04                SetEPTxStatus
 .text.SetEPRxStatus
                0x0000000000001c4c       0x56 ./USBLIB/USB-Driver/src/usb_regs.o
                0x0000000000001c4c                SetEPRxStatus
 .text.SetEPTxValid
                0x0000000000001ca2       0x40 ./USBLIB/USB-Driver/src/usb_regs.o
                0x0000000000001ca2                SetEPTxValid
 .text.SetEPRxValid
                0x0000000000001ce2       0x42 ./USBLIB/USB-Driver/src/usb_regs.o
                0x0000000000001ce2                SetEPRxValid
 .text.ClearEP_KIND
                0x0000000000001d24       0x26 ./USBLIB/USB-Driver/src/usb_regs.o
                0x0000000000001d24                ClearEP_KIND
 .text.Clear_Status_Out
                0x0000000000001d4a        0x2 ./USBLIB/USB-Driver/src/usb_regs.o
                0x0000000000001d4a                Clear_Status_Out
 .text.ClearDTOG_RX
                0x0000000000001d4c       0x34 ./USBLIB/USB-Driver/src/usb_regs.o
                0x0000000000001d4c                ClearDTOG_RX
 .text.ClearDTOG_TX
                0x0000000000001d80       0x30 ./USBLIB/USB-Driver/src/usb_regs.o
                0x0000000000001d80                ClearDTOG_TX
 .text.SetEPTxAddr
                0x0000000000001db0       0x20 ./USBLIB/USB-Driver/src/usb_regs.o
                0x0000000000001db0                SetEPTxAddr
 .text.SetEPRxAddr
                0x0000000000001dd0       0x22 ./USBLIB/USB-Driver/src/usb_regs.o
                0x0000000000001dd0                SetEPRxAddr
 .text.GetEPTxAddr
                0x0000000000001df2       0x1e ./USBLIB/USB-Driver/src/usb_regs.o
                0x0000000000001df2                GetEPTxAddr
 .text.GetEPRxAddr
                0x0000000000001e10       0x20 ./USBLIB/USB-Driver/src/usb_regs.o
                0x0000000000001e10                GetEPRxAddr
 .text.SetEPTxCount
                0x0000000000001e30       0x1e ./USBLIB/USB-Driver/src/usb_regs.o
                0x0000000000001e30                SetEPTxCount
 .text.SetEPRxCount
                0x0000000000001e4e       0x82 ./USBLIB/USB-Driver/src/usb_regs.o
                0x0000000000001e4e                SetEPRxCount
 .text.GetEPRxCount
                0x0000000000001ed0       0x22 ./USBLIB/USB-Driver/src/usb_regs.o
                0x0000000000001ed0                GetEPRxCount
 .text.ByteSwap
                0x0000000000001ef2        0xe ./USBLIB/USB-Driver/src/usb_regs.o
                0x0000000000001ef2                ByteSwap
 .text.USB_SIL_Init
                0x0000000000001f00       0x20 ./USBLIB/USB-Driver/src/usb_sil.o
                0x0000000000001f00                USB_SIL_Init
 .text.USB_SIL_Read
                0x0000000000001f20       0x30 ./USBLIB/USB-Driver/src/usb_sil.o
                0x0000000000001f20                USB_SIL_Read
 .text.vector_handler
                0x0000000000001f50       0x7a ./Startup/startup_ch32v20x_D8W.o
                0x0000000000001f54                Ecall_M_Mode_Handler
                0x0000000000001f56                Ecall_U_Mode_Handler
                0x0000000000001f58                Break_Point_Handler
                0x0000000000001f5a                SysTick_Handler
                0x0000000000001f5e                WWDG_IRQHandler
                0x0000000000001f60                PVD_IRQHandler
                0x0000000000001f62                TAMPER_IRQHandler
                0x0000000000001f64                RTC_IRQHandler
                0x0000000000001f66                FLASH_IRQHandler
                0x0000000000001f68                RCC_IRQHandler
                0x0000000000001f6a                EXTI0_IRQHandler
                0x0000000000001f6c                EXTI1_IRQHandler
                0x0000000000001f6e                EXTI2_IRQHandler
                0x0000000000001f70                EXTI3_IRQHandler
                0x0000000000001f72                EXTI4_IRQHandler
                0x0000000000001f74                DMA1_Channel1_IRQHandler
                0x0000000000001f76                DMA1_Channel2_IRQHandler
                0x0000000000001f78                DMA1_Channel3_IRQHandler
                0x0000000000001f7a                DMA1_Channel4_IRQHandler
                0x0000000000001f7c                DMA1_Channel5_IRQHandler
                0x0000000000001f7e                DMA1_Channel6_IRQHandler
                0x0000000000001f80                DMA1_Channel7_IRQHandler
                0x0000000000001f82                ADC1_2_IRQHandler
                0x0000000000001f84                USB_HP_CAN1_TX_IRQHandler
                0x0000000000001f88                CAN1_RX1_IRQHandler
                0x0000000000001f8a                CAN1_SCE_IRQHandler
                0x0000000000001f8c                EXTI9_5_IRQHandler
                0x0000000000001f8e                TIM1_BRK_IRQHandler
                0x0000000000001f90                TIM1_UP_IRQHandler
                0x0000000000001f92                TIM1_TRG_COM_IRQHandler
                0x0000000000001f94                TIM1_CC_IRQHandler
                0x0000000000001f96                TIM2_IRQHandler
                0x0000000000001f98                TIM3_IRQHandler
                0x0000000000001f9a                TIM4_IRQHandler
                0x0000000000001f9c                I2C1_EV_IRQHandler
                0x0000000000001f9e                I2C1_ER_IRQHandler
                0x0000000000001fa0                I2C2_EV_IRQHandler
                0x0000000000001fa2                I2C2_ER_IRQHandler
                0x0000000000001fa4                SPI1_IRQHandler
                0x0000000000001fa6                SPI2_IRQHandler
                0x0000000000001fa8                USART1_IRQHandler
                0x0000000000001faa                USART2_IRQHandler
                0x0000000000001fac                USART3_IRQHandler
                0x0000000000001fae                EXTI15_10_IRQHandler
                0x0000000000001fb0                RTCAlarm_IRQHandler
                0x0000000000001fb6                USBHDWakeUp_IRQHandler
                0x0000000000001fb8                ETH_IRQHandler
                0x0000000000001fba                ETHWakeUp_IRQHandler
                0x0000000000001fbc                BB_IRQHandler
                0x0000000000001fbe                LLE_IRQHandler
                0x0000000000001fc0                TIM5_IRQHandler
                0x0000000000001fc2                UART4_IRQHandler
                0x0000000000001fc4                DMA1_Channel8_IRQHandler
                0x0000000000001fc6                OSC32KCal_IRQHandler
                0x0000000000001fc8                OSCWakeUp_IRQHandler
 .text.handle_reset
                0x0000000000001fca       0x86 ./Startup/startup_ch32v20x_D8W.o
                0x0000000000001fca                handle_reset
 .text.EXTI_Init
                0x0000000000002050       0x6a ./Peripheral/src/ch32v20x_exti.o
                0x0000000000002050                EXTI_Init
 .text.EXTI_ClearITPendingBit
                0x00000000000020ba        0xa ./Peripheral/src/ch32v20x_exti.o
                0x00000000000020ba                EXTI_ClearITPendingBit
 .text.FLASH_Unlock_Fast
                0x00000000000020c4       0x1e ./Peripheral/src/ch32v20x_flash.o
                0x00000000000020c4                FLASH_Unlock_Fast
 .text.FLASH_ErasePage_Fast
                0x00000000000020e2       0x2e ./Peripheral/src/ch32v20x_flash.o
                0x00000000000020e2                FLASH_ErasePage_Fast
 .text.FLASH_ProgramPage_Fast
                0x0000000000002110       0x64 ./Peripheral/src/ch32v20x_flash.o
                0x0000000000002110                FLASH_ProgramPage_Fast
 .text.GPIO_Init
                0x0000000000002174       0xf8 ./Peripheral/src/ch32v20x_gpio.o
                0x0000000000002174                GPIO_Init
 .text.NVIC_Init
                0x000000000000226c       0xb8 ./Peripheral/src/ch32v20x_misc.o
                0x000000000000226c                NVIC_Init
 .text.RCC_USBCLKConfig
                0x0000000000002324       0x1a ./Peripheral/src/ch32v20x_rcc.o
                0x0000000000002324                RCC_USBCLKConfig
 .text.RCC_GetClocksFreq
                0x000000000000233e       0xc6 ./Peripheral/src/ch32v20x_rcc.o
                0x000000000000233e                RCC_GetClocksFreq
 .text.RCC_AHBPeriphClockCmd
                0x0000000000002404       0x1e ./Peripheral/src/ch32v20x_rcc.o
                0x0000000000002404                RCC_AHBPeriphClockCmd
 .text.RCC_APB2PeriphClockCmd
                0x0000000000002422       0x1e ./Peripheral/src/ch32v20x_rcc.o
                0x0000000000002422                RCC_APB2PeriphClockCmd
 .text.RCC_APB1PeriphClockCmd
                0x0000000000002440       0x1e ./Peripheral/src/ch32v20x_rcc.o
                0x0000000000002440                RCC_APB1PeriphClockCmd
 .text.USART_Init
                0x000000000000245e       0xd8 ./Peripheral/src/ch32v20x_usart.o
                0x000000000000245e                USART_Init
 .text.USART_Cmd
                0x0000000000002536       0x1c ./Peripheral/src/ch32v20x_usart.o
                0x0000000000002536                USART_Cmd
 .text.USART_SendData
                0x0000000000002552        0xa ./Peripheral/src/ch32v20x_usart.o
                0x0000000000002552                USART_SendData
 .text.USART_ReceiveData
                0x000000000000255c        0xa ./Peripheral/src/ch32v20x_usart.o
                0x000000000000255c                USART_ReceiveData
 .text.USART_GetFlagStatus
                0x0000000000002566        0xc ./Peripheral/src/ch32v20x_usart.o
                0x0000000000002566                USART_GetFlagStatus
 .text.Delay_Init
                0x0000000000002572       0x26 ./Debug/debug.o
                0x0000000000002572                Delay_Init
 .text.Delay_Us
                0x0000000000002598       0x36 ./Debug/debug.o
                0x0000000000002598                Delay_Us
 .text.Delay_Ms
                0x00000000000025ce       0x36 ./Debug/debug.o
                0x00000000000025ce                Delay_Ms
 .text.USART_Printf_Init
                0x0000000000002604       0x58 ./Debug/debug.o
                0x0000000000002604                USART_Printf_Init
 .text._write   0x000000000000265c       0x4c ./Debug/debug.o
                0x000000000000265c                _write
 .text._sbrk    0x00000000000026a8       0x26 ./Debug/debug.o
                0x00000000000026a8                _sbrk
 .text.USBWakeUp_IRQHandler
                0x00000000000026ce        0xc ./CONFIG/hw_config.o
                0x00000000000026ce                USBWakeUp_IRQHandler
 .text.USB_LP_CAN1_RX0_IRQHandler
                0x00000000000026da        0x6 ./CONFIG/hw_config.o
                0x00000000000026da                USB_LP_CAN1_RX0_IRQHandler
 .text.Set_USBConfig
                0x00000000000026e0       0x14 ./CONFIG/hw_config.o
                0x00000000000026e0                Set_USBConfig
 .text.Enter_LowPowerMode
                0x00000000000026f4        0x8 ./CONFIG/hw_config.o
                0x00000000000026f4                Enter_LowPowerMode
 .text.Leave_LowPowerMode
                0x00000000000026fc       0x12 ./CONFIG/hw_config.o
                0x00000000000026fc                Leave_LowPowerMode
 .text.USB_Interrupts_Config
                0x000000000000270e       0x4e ./CONFIG/hw_config.o
                0x000000000000270e                USB_Interrupts_Config
 .text.USB_Port_Set
                0x000000000000275c       0xba ./CONFIG/hw_config.o
                0x000000000000275c                USB_Port_Set
 .text.EP2_IN_Callback
                0x0000000000002816        0xe ./CONFIG/usb_endp.o
                0x0000000000002816                EP2_IN_Callback
 .text.EP2_OUT_Callback
                0x0000000000002824        0x8 ./CONFIG/usb_endp.o
                0x0000000000002824                EP2_OUT_Callback
 .text.SOF_Callback
                0x000000000000282c       0x20 ./CONFIG/usb_endp.o
                0x000000000000282c                SOF_Callback
 .text.USB_Istr
                0x000000000000284c      0x228 ./CONFIG/usb_istr.o
                0x000000000000284c                USB_Istr
 .text.USBD_SetConfiguration
                0x0000000000002a74        0xe ./CONFIG/usb_prop.o
                0x0000000000002a74                USBD_SetConfiguration
 .text.USBD_SetDeviceAddress
                0x0000000000002a82        0x8 ./CONFIG/usb_prop.o
                0x0000000000002a82                USBD_SetDeviceAddress
 .text.USBD_Status_In
                0x0000000000002a8a        0x2 ./CONFIG/usb_prop.o
                0x0000000000002a8a                USBD_Status_In
 .text.USBD_Get_Interface_Setting
                0x0000000000002a8c       0x10 ./CONFIG/usb_prop.o
                0x0000000000002a8c                USBD_Get_Interface_Setting
 .text.USBD_Data_Setup
                0x0000000000002a9c        0x4 ./CONFIG/usb_prop.o
                0x0000000000002a9c                USBD_Data_Setup
 .text.USBD_init
                0x0000000000002aa0       0x48 ./CONFIG/usb_prop.o
                0x0000000000002aa0                USBD_init
 .text.USBD_Reset
                0x0000000000002ae8      0x15e ./CONFIG/usb_prop.o
                0x0000000000002ae8                USBD_Reset
 .text.USBD_GetDeviceDescriptor
                0x0000000000002c46        0x8 ./CONFIG/usb_prop.o
                0x0000000000002c46                USBD_GetDeviceDescriptor
 .text.USBD_GetConfigDescriptor
                0x0000000000002c4e        0x8 ./CONFIG/usb_prop.o
                0x0000000000002c4e                USBD_GetConfigDescriptor
 .text.USBD_GetStringDescriptor
                0x0000000000002c56       0x22 ./CONFIG/usb_prop.o
                0x0000000000002c56                USBD_GetStringDescriptor
 .text.USBD_NoData_Setup
                0x0000000000002c78        0x4 ./CONFIG/usb_prop.o
                0x0000000000002c78                USBD_NoData_Setup
 .text.USBD_Status_Out
                0x0000000000002c7c        0x2 ./CONFIG/usb_prop.o
                0x0000000000002c7c                USBD_Status_Out
 .text.PowerOn  0x0000000000002c7e       0x2a ./CONFIG/usb_pwr.o
                0x0000000000002c7e                PowerOn
 .text.Suspend  0x0000000000002ca8       0xb2 ./CONFIG/usb_pwr.o
                0x0000000000002ca8                Suspend
 .text.Resume_Init
                0x0000000000002d5a       0x32 ./CONFIG/usb_pwr.o
                0x0000000000002d5a                Resume_Init
 .text.Resume   0x0000000000002d8c       0xe4 ./CONFIG/usb_pwr.o
                0x0000000000002d8c                Resume
 .text.memcpy   0x0000000000002e70       0xb6 e:/program/mounriver/mounriver_studio/toolchain/risc-v embedded gcc/bin/../lib/gcc/riscv-none-embed/8.2.0/../../../../riscv-none-embed/lib/rv32imac/ilp32\libg_nano.a(lib_a-memcpy.o)
                0x0000000000002e70                memcpy
 .text.printf   0x0000000000002f26       0x40 e:/program/mounriver/mounriver_studio/toolchain/risc-v embedded gcc/bin/../lib/gcc/riscv-none-embed/8.2.0/../../../../riscv-none-embed/lib/rv32imac/ilp32\libg_nano.a(lib_a-printf.o)
                0x0000000000002f26                iprintf
                0x0000000000002f26                printf
 .text._puts_r  0x0000000000002f66       0xda e:/program/mounriver/mounriver_studio/toolchain/risc-v embedded gcc/bin/../lib/gcc/riscv-none-embed/8.2.0/../../../../riscv-none-embed/lib/rv32imac/ilp32\libg_nano.a(lib_a-puts.o)
                0x0000000000002f66                _puts_r
 .text.puts     0x0000000000003040        0xa e:/program/mounriver/mounriver_studio/toolchain/risc-v embedded gcc/bin/../lib/gcc/riscv-none-embed/8.2.0/../../../../riscv-none-embed/lib/rv32imac/ilp32\libg_nano.a(lib_a-puts.o)
                0x0000000000003040                puts
 .text.__swbuf_r
                0x000000000000304a       0xc0 e:/program/mounriver/mounriver_studio/toolchain/risc-v embedded gcc/bin/../lib/gcc/riscv-none-embed/8.2.0/../../../../riscv-none-embed/lib/rv32imac/ilp32\libg_nano.a(lib_a-wbuf.o)
                0x000000000000304a                __swbuf_r
 .text.__swsetup_r
                0x000000000000310a      0x10c e:/program/mounriver/mounriver_studio/toolchain/risc-v embedded gcc/bin/../lib/gcc/riscv-none-embed/8.2.0/../../../../riscv-none-embed/lib/rv32imac/ilp32\libg_nano.a(lib_a-wsetup.o)
                0x000000000000310a                __swsetup_r
 .text.__sflush_r
                0x0000000000003216      0x13c e:/program/mounriver/mounriver_studio/toolchain/risc-v embedded gcc/bin/../lib/gcc/riscv-none-embed/8.2.0/../../../../riscv-none-embed/lib/rv32imac/ilp32\libg_nano.a(lib_a-fflush.o)
                0x0000000000003216                __sflush_r
 .text._fflush_r
                0x0000000000003352       0x64 e:/program/mounriver/mounriver_studio/toolchain/risc-v embedded gcc/bin/../lib/gcc/riscv-none-embed/8.2.0/../../../../riscv-none-embed/lib/rv32imac/ilp32\libg_nano.a(lib_a-fflush.o)
                0x0000000000003352                _fflush_r
 .text.std      0x00000000000033b6       0x6a e:/program/mounriver/mounriver_studio/toolchain/risc-v embedded gcc/bin/../lib/gcc/riscv-none-embed/8.2.0/../../../../riscv-none-embed/lib/rv32imac/ilp32\libg_nano.a(lib_a-findfp.o)
 .text._cleanup_r
                0x0000000000003420        0xa e:/program/mounriver/mounriver_studio/toolchain/risc-v embedded gcc/bin/../lib/gcc/riscv-none-embed/8.2.0/../../../../riscv-none-embed/lib/rv32imac/ilp32\libg_nano.a(lib_a-findfp.o)
                0x0000000000003420                _cleanup_r
 .text.__sfmoreglue
                0x000000000000342a       0x46 e:/program/mounriver/mounriver_studio/toolchain/risc-v embedded gcc/bin/../lib/gcc/riscv-none-embed/8.2.0/../../../../riscv-none-embed/lib/rv32imac/ilp32\libg_nano.a(lib_a-findfp.o)
                0x000000000000342a                __sfmoreglue
 .text.__sinit  0x0000000000003470       0x66 e:/program/mounriver/mounriver_studio/toolchain/risc-v embedded gcc/bin/../lib/gcc/riscv-none-embed/8.2.0/../../../../riscv-none-embed/lib/rv32imac/ilp32\libg_nano.a(lib_a-findfp.o)
                0x0000000000003470                __sinit
 .text.__sfp    0x00000000000034d6       0x9c e:/program/mounriver/mounriver_studio/toolchain/risc-v embedded gcc/bin/../lib/gcc/riscv-none-embed/8.2.0/../../../../riscv-none-embed/lib/rv32imac/ilp32\libg_nano.a(lib_a-findfp.o)
                0x00000000000034d6                __sfp
 .text._fwalk_reent
                0x0000000000003572       0x6c e:/program/mounriver/mounriver_studio/toolchain/risc-v embedded gcc/bin/../lib/gcc/riscv-none-embed/8.2.0/../../../../riscv-none-embed/lib/rv32imac/ilp32\libg_nano.a(lib_a-fwalk.o)
                0x0000000000003572                _fwalk_reent
 .text.__swhatbuf_r
                0x00000000000035de       0x5a e:/program/mounriver/mounriver_studio/toolchain/risc-v embedded gcc/bin/../lib/gcc/riscv-none-embed/8.2.0/../../../../riscv-none-embed/lib/rv32imac/ilp32\libg_nano.a(lib_a-makebuf.o)
                0x00000000000035de                __swhatbuf_r
 .text.__smakebuf_r
                0x0000000000003638       0x9e e:/program/mounriver/mounriver_studio/toolchain/risc-v embedded gcc/bin/../lib/gcc/riscv-none-embed/8.2.0/../../../../riscv-none-embed/lib/rv32imac/ilp32\libg_nano.a(lib_a-makebuf.o)
                0x0000000000003638                __smakebuf_r
 .text._free_r  0x00000000000036d6       0xa8 e:/program/mounriver/mounriver_studio/toolchain/risc-v embedded gcc/bin/../lib/gcc/riscv-none-embed/8.2.0/../../../../riscv-none-embed/lib/rv32imac/ilp32\libg_nano.a(lib_a-nano-freer.o)
                0x00000000000036d6                _free_r
 .text._malloc_r
                0x000000000000377e       0xd4 e:/program/mounriver/mounriver_studio/toolchain/risc-v embedded gcc/bin/../lib/gcc/riscv-none-embed/8.2.0/../../../../riscv-none-embed/lib/rv32imac/ilp32\libg_nano.a(lib_a-nano-mallocr.o)
                0x000000000000377e                _malloc_r
 .text.__sfputc_r
                0x0000000000003852       0x2a e:/program/mounriver/mounriver_studio/toolchain/risc-v embedded gcc/bin/../lib/gcc/riscv-none-embed/8.2.0/../../../../riscv-none-embed/lib/rv32imac/ilp32\libg_nano.a(lib_a-nano-vfprintf.o)
 .text.__sfputs_r
                0x000000000000387c       0x42 e:/program/mounriver/mounriver_studio/toolchain/risc-v embedded gcc/bin/../lib/gcc/riscv-none-embed/8.2.0/../../../../riscv-none-embed/lib/rv32imac/ilp32\libg_nano.a(lib_a-nano-vfprintf.o)
                0x000000000000387c                __sfputs_r
 .text._vfprintf_r
                0x00000000000038be      0x29a e:/program/mounriver/mounriver_studio/toolchain/risc-v embedded gcc/bin/../lib/gcc/riscv-none-embed/8.2.0/../../../../riscv-none-embed/lib/rv32imac/ilp32\libg_nano.a(lib_a-nano-vfprintf.o)
                0x00000000000038be                _vfprintf_r
                0x00000000000038be                _vfiprintf_r
 .text._printf_common
                0x0000000000003b58      0x10c e:/program/mounriver/mounriver_studio/toolchain/risc-v embedded gcc/bin/../lib/gcc/riscv-none-embed/8.2.0/../../../../riscv-none-embed/lib/rv32imac/ilp32\libg_nano.a(lib_a-nano-vfprintf_i.o)
                0x0000000000003b58                _printf_common
 .text._printf_i
                0x0000000000003c64      0x2aa e:/program/mounriver/mounriver_studio/toolchain/risc-v embedded gcc/bin/../lib/gcc/riscv-none-embed/8.2.0/../../../../riscv-none-embed/lib/rv32imac/ilp32\libg_nano.a(lib_a-nano-vfprintf_i.o)
                0x0000000000003c64                _printf_i
 .text._sbrk_r  0x0000000000003f0e       0x2a e:/program/mounriver/mounriver_studio/toolchain/risc-v embedded gcc/bin/../lib/gcc/riscv-none-embed/8.2.0/../../../../riscv-none-embed/lib/rv32imac/ilp32\libg_nano.a(lib_a-sbrkr.o)
                0x0000000000003f0e                _sbrk_r
 .text.__sread  0x0000000000003f38       0x30 e:/program/mounriver/mounriver_studio/toolchain/risc-v embedded gcc/bin/../lib/gcc/riscv-none-embed/8.2.0/../../../../riscv-none-embed/lib/rv32imac/ilp32\libg_nano.a(lib_a-stdio.o)
                0x0000000000003f38                __sread
 .text.__swrite
                0x0000000000003f68       0x4e e:/program/mounriver/mounriver_studio/toolchain/risc-v embedded gcc/bin/../lib/gcc/riscv-none-embed/8.2.0/../../../../riscv-none-embed/lib/rv32imac/ilp32\libg_nano.a(lib_a-stdio.o)
                0x0000000000003f68                __swrite
 .text.__sseek  0x0000000000003fb6       0x36 e:/program/mounriver/mounriver_studio/toolchain/risc-v embedded gcc/bin/../lib/gcc/riscv-none-embed/8.2.0/../../../../riscv-none-embed/lib/rv32imac/ilp32\libg_nano.a(lib_a-stdio.o)
                0x0000000000003fb6                __sseek
 .text.__sclose
                0x0000000000003fec        0x6 e:/program/mounriver/mounriver_studio/toolchain/risc-v embedded gcc/bin/../lib/gcc/riscv-none-embed/8.2.0/../../../../riscv-none-embed/lib/rv32imac/ilp32\libg_nano.a(lib_a-stdio.o)
                0x0000000000003fec                __sclose
 .text._write_r
                0x0000000000003ff2       0x2e e:/program/mounriver/mounriver_studio/toolchain/risc-v embedded gcc/bin/../lib/gcc/riscv-none-embed/8.2.0/../../../../riscv-none-embed/lib/rv32imac/ilp32\libg_nano.a(lib_a-writer.o)
                0x0000000000003ff2                _write_r
 .text._close_r
                0x0000000000004020       0x28 e:/program/mounriver/mounriver_studio/toolchain/risc-v embedded gcc/bin/../lib/gcc/riscv-none-embed/8.2.0/../../../../riscv-none-embed/lib/rv32imac/ilp32\libg_nano.a(lib_a-closer.o)
                0x0000000000004020                _close_r
 .text._fstat_r
                0x0000000000004048       0x2a e:/program/mounriver/mounriver_studio/toolchain/risc-v embedded gcc/bin/../lib/gcc/riscv-none-embed/8.2.0/../../../../riscv-none-embed/lib/rv32imac/ilp32\libg_nano.a(lib_a-fstatr.o)
                0x0000000000004048                _fstat_r
 .text._isatty_r
                0x0000000000004072       0x28 e:/program/mounriver/mounriver_studio/toolchain/risc-v embedded gcc/bin/../lib/gcc/riscv-none-embed/8.2.0/../../../../riscv-none-embed/lib/rv32imac/ilp32\libg_nano.a(lib_a-isattyr.o)
                0x0000000000004072                _isatty_r
 .text._lseek_r
                0x000000000000409a       0x2c e:/program/mounriver/mounriver_studio/toolchain/risc-v embedded gcc/bin/../lib/gcc/riscv-none-embed/8.2.0/../../../../riscv-none-embed/lib/rv32imac/ilp32\libg_nano.a(lib_a-lseekr.o)
                0x000000000000409a                _lseek_r
 .text.memchr   0x00000000000040c6       0x1a e:/program/mounriver/mounriver_studio/toolchain/risc-v embedded gcc/bin/../lib/gcc/riscv-none-embed/8.2.0/../../../../riscv-none-embed/lib/rv32imac/ilp32\libg_nano.a(lib_a-memchr.o)
                0x00000000000040c6                memchr
 .text.__malloc_lock
                0x00000000000040e0        0x2 e:/program/mounriver/mounriver_studio/toolchain/risc-v embedded gcc/bin/../lib/gcc/riscv-none-embed/8.2.0/../../../../riscv-none-embed/lib/rv32imac/ilp32\libg_nano.a(lib_a-mlock.o)
                0x00000000000040e0                __malloc_lock
 .text.__malloc_unlock
                0x00000000000040e2        0x2 e:/program/mounriver/mounriver_studio/toolchain/risc-v embedded gcc/bin/../lib/gcc/riscv-none-embed/8.2.0/../../../../riscv-none-embed/lib/rv32imac/ilp32\libg_nano.a(lib_a-mlock.o)
                0x00000000000040e2                __malloc_unlock
 .text._read_r  0x00000000000040e4       0x2c e:/program/mounriver/mounriver_studio/toolchain/risc-v embedded gcc/bin/../lib/gcc/riscv-none-embed/8.2.0/../../../../riscv-none-embed/lib/rv32imac/ilp32\libg_nano.a(lib_a-readr.o)
                0x00000000000040e4                _read_r
 .text._close   0x0000000000004110        0xc e:/program/mounriver/mounriver_studio/toolchain/risc-v embedded gcc/bin/../lib/gcc/riscv-none-embed/8.2.0/../../../../riscv-none-embed/lib/rv32imac/ilp32\libnosys.a(close.o)
                0x0000000000004110                _close
 .text._fstat   0x000000000000411c        0xc e:/program/mounriver/mounriver_studio/toolchain/risc-v embedded gcc/bin/../lib/gcc/riscv-none-embed/8.2.0/../../../../riscv-none-embed/lib/rv32imac/ilp32\libnosys.a(fstat.o)
                0x000000000000411c                _fstat
 .text._isatty  0x0000000000004128        0xc e:/program/mounriver/mounriver_studio/toolchain/risc-v embedded gcc/bin/../lib/gcc/riscv-none-embed/8.2.0/../../../../riscv-none-embed/lib/rv32imac/ilp32\libnosys.a(isatty.o)
                0x0000000000004128                _isatty
 .text._lseek   0x0000000000004134        0xc e:/program/mounriver/mounriver_studio/toolchain/risc-v embedded gcc/bin/../lib/gcc/riscv-none-embed/8.2.0/../../../../riscv-none-embed/lib/rv32imac/ilp32\libnosys.a(lseek.o)
                0x0000000000004134                _lseek
 .text._read    0x0000000000004140        0xc e:/program/mounriver/mounriver_studio/toolchain/risc-v embedded gcc/bin/../lib/gcc/riscv-none-embed/8.2.0/../../../../riscv-none-embed/lib/rv32imac/ilp32\libnosys.a(read.o)
                0x0000000000004140                _read
 *(.rodata)
 *(.rodata*)
 *fill*         0x000000000000414c        0x0 
 .rodata.USBHD_IRQHandler
                0x000000000000414c       0x30 ./User/ch32v20x_usbotg_device.o
 .rodata.MyCfgDescrHD
                0x000000000000417c       0x20 ./User/ch32v20x_usbotg_device.o
                0x000000000000417c                MyCfgDescrHD
 .rodata.MyDevDescrHD
                0x000000000000419c       0x12 ./User/ch32v20x_usbotg_device.o
                0x000000000000419c                MyDevDescrHD
 *fill*         0x00000000000041ae        0x2 
 .rodata.IAP_2_APP.str1.4
                0x00000000000041b0        0xa ./User/main.o
 *fill*         0x00000000000041ba        0x2 
 .rodata.main.str1.4
                0x00000000000041bc        0xf ./User/main.o
 *fill*         0x00000000000041cb        0x1 
 .rodata.USBD_ConfigDescriptor
                0x00000000000041cc       0x20 ./CONFIG/usb_desc.o
                0x00000000000041cc                USBD_ConfigDescriptor
 .rodata.USBD_DeviceDescriptor
                0x00000000000041ec       0x12 ./CONFIG/usb_desc.o
                0x00000000000041ec                USBD_DeviceDescriptor
 *fill*         0x00000000000041fe        0x2 
 .rodata.USBD_StringProduct
                0x0000000000004200       0x32 ./CONFIG/usb_desc.o
                0x0000000000004200                USBD_StringProduct
 *fill*         0x0000000000004232        0x2 
 .rodata.USBD_StringVendor
                0x0000000000004234       0x26 ./CONFIG/usb_desc.o
                0x0000000000004234                USBD_StringVendor
 *fill*         0x000000000000425a        0x2 
 .rodata.Resume
                0x000000000000425c       0x18 ./CONFIG/usb_pwr.o
 .rodata.__sf_fake_stderr
                0x0000000000004274       0x20 e:/program/mounriver/mounriver_studio/toolchain/risc-v embedded gcc/bin/../lib/gcc/riscv-none-embed/8.2.0/../../../../riscv-none-embed/lib/rv32imac/ilp32\libg_nano.a(lib_a-findfp.o)
                0x0000000000004274                __sf_fake_stderr
 .rodata.__sf_fake_stdin
                0x0000000000004294       0x20 e:/program/mounriver/mounriver_studio/toolchain/risc-v embedded gcc/bin/../lib/gcc/riscv-none-embed/8.2.0/../../../../riscv-none-embed/lib/rv32imac/ilp32\libg_nano.a(lib_a-findfp.o)
                0x0000000000004294                __sf_fake_stdin
 .rodata.__sf_fake_stdout
                0x00000000000042b4       0x20 e:/program/mounriver/mounriver_studio/toolchain/risc-v embedded gcc/bin/../lib/gcc/riscv-none-embed/8.2.0/../../../../riscv-none-embed/lib/rv32imac/ilp32\libg_nano.a(lib_a-findfp.o)
                0x00000000000042b4                __sf_fake_stdout
 .rodata._vfprintf_r.str1.4
                0x00000000000042d4       0x13 e:/program/mounriver/mounriver_studio/toolchain/risc-v embedded gcc/bin/../lib/gcc/riscv-none-embed/8.2.0/../../../../riscv-none-embed/lib/rv32imac/ilp32\libg_nano.a(lib_a-nano-vfprintf.o)
 *fill*         0x00000000000042e7        0x1 
 .rodata._printf_i.str1.4
                0x00000000000042e8       0x28 e:/program/mounriver/mounriver_studio/toolchain/risc-v embedded gcc/bin/../lib/gcc/riscv-none-embed/8.2.0/../../../../riscv-none-embed/lib/rv32imac/ilp32\libg_nano.a(lib_a-nano-vfprintf_i.o)
                                         0x25 (size before relaxing)
 *(.gnu.linkonce.t.*)
                0x0000000000004310                . = ALIGN (0x4)

.rela.dyn       0x0000000000004310        0x0
 .rela.text.USBDeviceInit
                0x0000000000004310        0x0 ./User/ch32v20x_it.o
 .rela.text.USBOTG_Init
                0x0000000000004310        0x0 ./User/ch32v20x_it.o
 .rela.text.DevEP2_OUT_Deal
                0x0000000000004310        0x0 ./User/ch32v20x_it.o
 .rela.text.USBHD_IRQHandler
                0x0000000000004310        0x0 ./User/ch32v20x_it.o
 .rela.text.RecData_Deal
                0x0000000000004310        0x0 ./User/ch32v20x_it.o
 .rela.text.EP2_IN_Tx_Deal
                0x0000000000004310        0x0 ./User/ch32v20x_it.o
 .rela.text.EP2_RecData_Deal
                0x0000000000004310        0x0 ./User/ch32v20x_it.o
 .rela.text.UART_Rx_Deal
                0x0000000000004310        0x0 ./User/ch32v20x_it.o
 .rela.text.Standard_GetConfiguration
                0x0000000000004310        0x0 ./User/ch32v20x_it.o
 .rela.text.Standard_GetInterface
                0x0000000000004310        0x0 ./User/ch32v20x_it.o
 .rela.text.Standard_GetStatus
                0x0000000000004310        0x0 ./User/ch32v20x_it.o
 .rela.text.DataStageIn
                0x0000000000004310        0x0 ./User/ch32v20x_it.o
 .rela.text.Standard_SetConfiguration
                0x0000000000004310        0x0 ./User/ch32v20x_it.o
 .rela.text.Standard_SetInterface
                0x0000000000004310        0x0 ./User/ch32v20x_it.o
 .rela.text.Standard_ClearFeature
                0x0000000000004310        0x0 ./User/ch32v20x_it.o
 .rela.text.Standard_SetEndPointFeature
                0x0000000000004310        0x0 ./User/ch32v20x_it.o
 .rela.text.Standard_SetDeviceFeature
                0x0000000000004310        0x0 ./User/ch32v20x_it.o
 .rela.text.Standard_GetDescriptorData
                0x0000000000004310        0x0 ./User/ch32v20x_it.o
 .rela.text.Post0_Process
                0x0000000000004310        0x0 ./User/ch32v20x_it.o
 .rela.text.Setup0_Process
                0x0000000000004310        0x0 ./User/ch32v20x_it.o
 .rela.text.Out0_Process
                0x0000000000004310        0x0 ./User/ch32v20x_it.o
 .rela.text.In0_Process
                0x0000000000004310        0x0 ./User/ch32v20x_it.o
 .rela.text.USB_Init
                0x0000000000004310        0x0 ./User/ch32v20x_it.o
 .rela.text.CTR_LP
                0x0000000000004310        0x0 ./User/ch32v20x_it.o
 .rela.text.SetEPRxCount
                0x0000000000004310        0x0 ./User/ch32v20x_it.o
 .rela.text.USB_SIL_Init
                0x0000000000004310        0x0 ./User/ch32v20x_it.o
 .rela.init     0x0000000000004310        0x0 ./User/ch32v20x_it.o
 .rela.vector   0x0000000000004310        0x0 ./User/ch32v20x_it.o
 .rela.text.handle_reset
                0x0000000000004310        0x0 ./User/ch32v20x_it.o
 .rela.text._sbrk
                0x0000000000004310        0x0 ./User/ch32v20x_it.o
 .rela.sdata.curbrk.4579
                0x0000000000004310        0x0 ./User/ch32v20x_it.o
 .rela.text.Leave_LowPowerMode
                0x0000000000004310        0x0 ./User/ch32v20x_it.o
 .rela.text.USB_Istr
                0x0000000000004310        0x0 ./User/ch32v20x_it.o
 .rela.text.USBD_SetConfiguration
                0x0000000000004310        0x0 ./User/ch32v20x_it.o
 .rela.text.USBD_init
                0x0000000000004310        0x0 ./User/ch32v20x_it.o
 .rela.text.USBD_Reset
                0x0000000000004310        0x0 ./User/ch32v20x_it.o
 .rela.text.USBD_GetStringDescriptor
                0x0000000000004310        0x0 ./User/ch32v20x_it.o
 .rela.text.PowerOn
                0x0000000000004310        0x0 ./User/ch32v20x_it.o
 .rela.text.Suspend
                0x0000000000004310        0x0 ./User/ch32v20x_it.o
 .rela.text.Resume
                0x0000000000004310        0x0 ./User/ch32v20x_it.o
 .rela.text._vfprintf_r
                0x0000000000004310        0x0 ./User/ch32v20x_it.o
 .rela.text._sbrk_r
                0x0000000000004310        0x0 ./User/ch32v20x_it.o
 .rela.text._write_r
                0x0000000000004310        0x0 ./User/ch32v20x_it.o
 .rela.text._close_r
                0x0000000000004310        0x0 ./User/ch32v20x_it.o
 .rela.text._fstat_r
                0x0000000000004310        0x0 ./User/ch32v20x_it.o
 .rela.text._isatty_r
                0x0000000000004310        0x0 ./User/ch32v20x_it.o
 .rela.text._lseek_r
                0x0000000000004310        0x0 ./User/ch32v20x_it.o
 .rela.text._read_r
                0x0000000000004310        0x0 ./User/ch32v20x_it.o
 .rela.text._close
                0x0000000000004310        0x0 ./User/ch32v20x_it.o
 .rela.text._fstat
                0x0000000000004310        0x0 ./User/ch32v20x_it.o
 .rela.text._isatty
                0x0000000000004310        0x0 ./User/ch32v20x_it.o
 .rela.text._lseek
                0x0000000000004310        0x0 ./User/ch32v20x_it.o
 .rela.text._read
                0x0000000000004310        0x0 ./User/ch32v20x_it.o

.fini           0x0000000000004310        0x0
 *(SORT_NONE(.fini))
                0x0000000000004310                . = ALIGN (0x4)
                [!provide]                        PROVIDE (_etext = .)
                [!provide]                        PROVIDE (_eitcm = .)

.preinit_array  0x0000000000004310        0x0
                [!provide]                        PROVIDE (__preinit_array_start = .)
 *(.preinit_array)
                [!provide]                        PROVIDE (__preinit_array_end = .)

.init_array     0x0000000000004310        0x0
                [!provide]                        PROVIDE (__init_array_start = .)
 *(SORT_BY_INIT_PRIORITY(.init_array.*) SORT_BY_INIT_PRIORITY(.ctors.*))
 *(.init_array EXCLUDE_FILE(*crtend?.o *crtend.o *crtbegin?.o *crtbegin.o) .ctors)
                [!provide]                        PROVIDE (__init_array_end = .)

.fini_array     0x0000000000004310        0x0
                [!provide]                        PROVIDE (__fini_array_start = .)
 *(SORT_BY_INIT_PRIORITY(.fini_array.*) SORT_BY_INIT_PRIORITY(.dtors.*))
 *(.fini_array EXCLUDE_FILE(*crtend?.o *crtend.o *crtbegin?.o *crtbegin.o) .dtors)
                [!provide]                        PROVIDE (__fini_array_end = .)

.ctors
 *crtbegin.o(.ctors)
 *crtbegin?.o(.ctors)
 *(EXCLUDE_FILE(*crtend?.o *crtend.o) .ctors)
 *(SORT_BY_NAME(.ctors.*))
 *(.ctors)

.dtors
 *crtbegin.o(.dtors)
 *crtbegin?.o(.dtors)
 *(EXCLUDE_FILE(*crtend?.o *crtend.o) .dtors)
 *(SORT_BY_NAME(.dtors.*))
 *(.dtors)

.dalign         0x0000000020000000        0x0 load address 0x0000000000004310
                0x0000000020000000                . = ALIGN (0x4)
                0x0000000020000000                PROVIDE (_data_vma = .)

.dlalign        0x0000000000004310        0x0
                0x0000000000004310                . = ALIGN (0x4)
                0x0000000000004310                PROVIDE (_data_lma = .)

.data           0x0000000020000000      0x170 load address 0x0000000000004310
 *(.gnu.linkonce.r.*)
 *(.data .data.*)
 .data.APBAHBPrescTable
                0x0000000020000000       0x10 ./Peripheral/src/ch32v20x_rcc.o
 .data.USBD_StringSerial
                0x0000000020000010       0x1a ./CONFIG/usb_desc.o
                0x0000000020000010                USBD_StringSerial
 *fill*         0x000000002000002a        0x2 
 .data.pEpInt_IN
                0x000000002000002c       0x1c ./CONFIG/usb_istr.o
                0x000000002000002c                pEpInt_IN
 .data.pEpInt_OUT
                0x0000000020000048       0x1c ./CONFIG/usb_istr.o
                0x0000000020000048                pEpInt_OUT
 .data.Device_Property
                0x0000000020000064       0x30 ./CONFIG/usb_prop.o
                0x0000000020000064                Device_Property
 .data.String_Descriptor
                0x0000000020000094       0x20 ./CONFIG/usb_prop.o
                0x0000000020000094                String_Descriptor
 .data.User_Standard_Requests
                0x00000000200000b4       0x24 ./CONFIG/usb_prop.o
                0x00000000200000b4                User_Standard_Requests
 .data.impure_data
                0x00000000200000d8       0x60 e:/program/mounriver/mounriver_studio/toolchain/risc-v embedded gcc/bin/../lib/gcc/riscv-none-embed/8.2.0/../../../../riscv-none-embed/lib/rv32imac/ilp32\libg_nano.a(lib_a-impure.o)
 *(.gnu.linkonce.d.*)
                0x0000000020000138                . = ALIGN (0x8)
                0x0000000020000938                PROVIDE (__global_pointer$ = (. + 0x800))
 *(.sdata .sdata.*)
 .sdata.Program_addr
                0x0000000020000138        0x4 ./User/iap.o
                0x0000000020000138                Program_addr
 .sdata.Verity_addr
                0x000000002000013c        0x4 ./User/iap.o
                0x000000002000013c                Verity_addr
 .sdata.SystemCoreClock
                0x0000000020000140        0x4 ./User/system_ch32v20x.o
                0x0000000020000140                SystemCoreClock
 .sdata.ADCPrescTable
                0x0000000020000144        0x4 ./Peripheral/src/ch32v20x_rcc.o
 .sdata.curbrk.4579
                0x0000000020000148        0x4 ./Debug/debug.o
 .sdata.Config_Descriptor
                0x000000002000014c        0x8 ./CONFIG/usb_prop.o
                0x000000002000014c                Config_Descriptor
 .sdata.Device_Descriptor
                0x0000000020000154        0x8 ./CONFIG/usb_prop.o
                0x0000000020000154                Device_Descriptor
 .sdata.Device_Table
                0x000000002000015c        0x2 ./CONFIG/usb_prop.o
                0x000000002000015c                Device_Table
 *fill*         0x000000002000015e        0x2 
 .sdata.fSuspendEnabled
                0x0000000020000160        0x4 ./CONFIG/usb_pwr.o
                0x0000000020000160                fSuspendEnabled
 .sdata._impure_ptr
                0x0000000020000164        0x4 e:/program/mounriver/mounriver_studio/toolchain/risc-v embedded gcc/bin/../lib/gcc/riscv-none-embed/8.2.0/../../../../riscv-none-embed/lib/rv32imac/ilp32\libg_nano.a(lib_a-impure.o)
                0x0000000020000164                _impure_ptr
 *(.sdata2.*)
 .sdata2.USBD_StringLangID
                0x0000000020000168        0x4 ./CONFIG/usb_desc.o
                0x0000000020000168                USBD_StringLangID
 .sdata2._global_impure_ptr
                0x000000002000016c        0x4 e:/program/mounriver/mounriver_studio/toolchain/risc-v embedded gcc/bin/../lib/gcc/riscv-none-embed/8.2.0/../../../../riscv-none-embed/lib/rv32imac/ilp32\libg_nano.a(lib_a-impure.o)
                0x000000002000016c                _global_impure_ptr
 *(.gnu.linkonce.s.*)
                0x0000000020000170                . = ALIGN (0x8)
 *(.srodata.cst16)
 *(.srodata.cst8)
 *(.srodata.cst4)
 *(.srodata.cst2)
 *(.srodata .srodata.*)
                0x0000000020000170                . = ALIGN (0x4)
                0x0000000020000170                PROVIDE (_edata = .)

.bss            0x0000000020000170      0x350 load address 0x0000000000004480
                0x0000000020000170                . = ALIGN (0x4)
                0x0000000020000170                PROVIDE (_sbss = .)
 *(.sbss*)
 .sbss.USBHD_Dev_SetupReqLen
                0x0000000020000170        0x2 ./User/ch32v20x_usbotg_device.o
                0x0000000020000170                USBHD_Dev_SetupReqLen
 *fill*         0x0000000020000172        0x2 
 .sbss.CodeLen  0x0000000020000174        0x4 ./User/iap.o
                0x0000000020000174                CodeLen
 .sbss.End_Flag
                0x0000000020000178        0x1 ./User/iap.o
                0x0000000020000178                End_Flag
 .sbss.Verity_Star_flag
                0x0000000020000179        0x1 ./User/iap.o
                0x0000000020000179                Verity_Star_flag
 *fill*         0x000000002000017a        0x2 
 .sbss.Data_Mul_MaxPacketSize
                0x000000002000017c        0x4 ./USBLIB/USB-Driver/src/usb_core.o
                0x000000002000017c                Data_Mul_MaxPacketSize
 .sbss.MCU_Version
                0x0000000020000180        0x1 ./Peripheral/src/ch32v20x_gpio.o
                0x0000000020000180                MCU_Version
 *fill*         0x0000000020000181        0x3 
 .sbss.NVIC_Priority_Group
                0x0000000020000184        0x4 ./Peripheral/src/ch32v20x_misc.o
                0x0000000020000184                NVIC_Priority_Group
 .sbss.p_ms     0x0000000020000188        0x2 ./Debug/debug.o
 .sbss.p_us     0x000000002000018a        0x1 ./Debug/debug.o
 .sbss.EP2_IN_Flag
                0x000000002000018b        0x1 ./CONFIG/usb_endp.o
                0x000000002000018b                EP2_IN_Flag
 .sbss.EP2_OUT_Flag
                0x000000002000018c        0x1 ./CONFIG/usb_endp.o
                0x000000002000018c                EP2_OUT_Flag
 *fill*         0x000000002000018d        0x1 
 .sbss.EP2_Rx_Cnt
                0x000000002000018e        0x2 ./CONFIG/usb_endp.o
                0x000000002000018e                EP2_Rx_Cnt
 .sbss.EP2_Tx_Cnt
                0x0000000020000190        0x2 ./CONFIG/usb_endp.o
                0x0000000020000190                EP2_Tx_Cnt
 *fill*         0x0000000020000192        0x2 
 .sbss.FrameCount.4989
                0x0000000020000194        0x4 ./CONFIG/usb_endp.o
 .sbss.bIntPackSOF
                0x0000000020000198        0x1 ./CONFIG/usb_istr.o
                0x0000000020000198                bIntPackSOF
 *fill*         0x0000000020000199        0x3 
 .sbss.esof_counter
                0x000000002000019c        0x4 ./CONFIG/usb_istr.o
                0x000000002000019c                esof_counter
 .sbss.wCNTR    0x00000000200001a0        0x4 ./CONFIG/usb_istr.o
                0x00000000200001a0                wCNTR
 .sbss.bDeviceState
                0x00000000200001a4        0x4 ./CONFIG/usb_pwr.o
                0x00000000200001a4                bDeviceState
 .sbss.remotewakeupon
                0x00000000200001a8        0x4 ./CONFIG/usb_pwr.o
                0x00000000200001a8                remotewakeupon
 .sbss.__malloc_free_list
                0x00000000200001ac        0x4 e:/program/mounriver/mounriver_studio/toolchain/risc-v embedded gcc/bin/../lib/gcc/riscv-none-embed/8.2.0/../../../../riscv-none-embed/lib/rv32imac/ilp32\libg_nano.a(lib_a-nano-mallocr.o)
                0x00000000200001ac                __malloc_free_list
 .sbss.__malloc_sbrk_start
                0x00000000200001b0        0x4 e:/program/mounriver/mounriver_studio/toolchain/risc-v embedded gcc/bin/../lib/gcc/riscv-none-embed/8.2.0/../../../../riscv-none-embed/lib/rv32imac/ilp32\libg_nano.a(lib_a-nano-mallocr.o)
                0x00000000200001b0                __malloc_sbrk_start
 *(.gnu.linkonce.sb.*)
 *(.bss*)
 *(.gnu.linkonce.b.*)
 *(COMMON*)
 COMMON         0x00000000200001b4       0xd4 ./User/ch32v20x_usbotg_device.o
                0x00000000200001b4                EP2_Tx_Buffer
                0x00000000200001b6                DevConfig
                0x00000000200001b8                EP2_DatabufHD
                0x0000000020000238                SetupReqLen
                0x000000002000023a                SetupReqCode
                0x000000002000023c                pDescr
                0x0000000020000240                pEP2_RAM_Addr
                0x0000000020000244                pEP0_RAM_Addr
                0x0000000020000248                EP0_DatabufHD
 COMMON         0x0000000020000288      0x1cc ./User/iap.o
                0x0000000020000288                Fast_Program_Buf
                0x0000000020000410                jump2app
                0x0000000020000414                EP2_Rx_Buffer
 COMMON         0x0000000020000454        0x2 ./USBLIB/USB-Driver/src/usb_core.o
                0x0000000020000454                StatusInfo
 *fill*         0x0000000020000456        0x2 
 COMMON         0x0000000020000458       0x32 ./USBLIB/USB-Driver/src/usb_init.o
                0x0000000020000458                SaveState
                0x000000002000045c                pProperty
                0x0000000020000460                EPindex
                0x0000000020000464                Device_Info
                0x0000000020000480                pUser_Standard_Requests
                0x0000000020000484                pInformation
                0x0000000020000488                wInterrupt_Mask
 COMMON         0x000000002000048a        0x4 ./USBLIB/USB-Driver/src/usb_int.o
                0x000000002000048a                SaveRState
                0x000000002000048c                SaveTState
 COMMON         0x000000002000048e        0x4 ./CONFIG/usb_istr.o
                0x000000002000048e                Ep0RxBlks
                0x0000000020000490                wIstr
 *fill*         0x0000000020000492        0x2 
 COMMON         0x0000000020000494       0x28 ./CONFIG/usb_pwr.o
                0x0000000020000494                ResumeS
                0x000000002000049c                EP
 COMMON         0x00000000200004bc        0x4 e:/program/mounriver/mounriver_studio/toolchain/risc-v embedded gcc/bin/../lib/gcc/riscv-none-embed/8.2.0/../../../../riscv-none-embed/lib/rv32imac/ilp32\libg_nano.a(lib_a-reent.o)
                0x00000000200004bc                errno
                0x00000000200004c0                . = ALIGN (0x4)
                0x00000000200004c0                PROVIDE (_ebss = .)
                0x00000000200004c0                PROVIDE (_end = _ebss)
                [!provide]                        PROVIDE (end = .)

.stack          0x0000000020004800      0x800
                0x0000000020004800                PROVIDE (_heap_end = .)
                0x0000000020004800                . = ALIGN (0x4)
                [!provide]                        PROVIDE (_susrstack = .)
                0x0000000020005000                . = (. + __stack_size)
 *fill*         0x0000000020004800      0x800 
                0x0000000020005000                PROVIDE (_eusrstack = .)
OUTPUT(CH32V20x_IAP.elf elf32-littleriscv)

.debug_info     0x0000000000000000    0x1ad09
 .debug_info    0x0000000000000000      0x974 ./User/ch32v20x_it.o
 .debug_info    0x0000000000000974     0x14c5 ./User/ch32v20x_usbotg_device.o
 .debug_info    0x0000000000001e39      0x9cd ./User/flash.o
 .debug_info    0x0000000000002806     0x17a3 ./User/iap.o
 .debug_info    0x0000000000003fa9     0x1b86 ./User/main.o
 .debug_info    0x0000000000005b2f      0xb89 ./User/system_ch32v20x.o
 .debug_info    0x00000000000066b8     0x1802 ./USBLIB/USB-Driver/src/usb_core.o
 .debug_info    0x0000000000007eba      0xde5 ./USBLIB/USB-Driver/src/usb_init.o
 .debug_info    0x0000000000008c9f      0xef1 ./USBLIB/USB-Driver/src/usb_int.o
 .debug_info    0x0000000000009b90      0xe81 ./USBLIB/USB-Driver/src/usb_mem.o
 .debug_info    0x000000000000aa11     0x19df ./USBLIB/USB-Driver/src/usb_regs.o
 .debug_info    0x000000000000c3f0      0xeeb ./USBLIB/USB-Driver/src/usb_sil.o
 .debug_info    0x000000000000d2db       0x22 ./Startup/startup_ch32v20x_D8W.o
 .debug_info    0x000000000000d2fd      0xc0d ./Peripheral/src/ch32v20x_exti.o
 .debug_info    0x000000000000df0a     0x13c0 ./Peripheral/src/ch32v20x_flash.o
 .debug_info    0x000000000000f2ca     0x10d9 ./Peripheral/src/ch32v20x_gpio.o
 .debug_info    0x00000000000103a3      0xe7c ./Peripheral/src/ch32v20x_misc.o
 .debug_info    0x000000000001121f     0x125c ./Peripheral/src/ch32v20x_rcc.o
 .debug_info    0x000000000001247b     0x13b4 ./Peripheral/src/ch32v20x_usart.o
 .debug_info    0x000000000001382f      0xf1b ./Debug/debug.o
 .debug_info    0x000000000001474a     0x139b ./CONFIG/hw_config.o
 .debug_info    0x0000000000015ae5      0xf6a ./CONFIG/usb_desc.o
 .debug_info    0x0000000000016a4f      0xfce ./CONFIG/usb_endp.o
 .debug_info    0x0000000000017a1d      0xf50 ./CONFIG/usb_istr.o
 .debug_info    0x000000000001896d     0x13bb ./CONFIG/usb_prop.o
 .debug_info    0x0000000000019d28      0xfe1 ./CONFIG/usb_pwr.o

.debug_abbrev   0x0000000000000000     0x4c1a
 .debug_abbrev  0x0000000000000000      0x1cf ./User/ch32v20x_it.o
 .debug_abbrev  0x00000000000001cf      0x3a3 ./User/ch32v20x_usbotg_device.o
 .debug_abbrev  0x0000000000000572      0x231 ./User/flash.o
 .debug_abbrev  0x00000000000007a3      0x3f4 ./User/iap.o
 .debug_abbrev  0x0000000000000b97      0x33f ./User/main.o
 .debug_abbrev  0x0000000000000ed6      0x2c0 ./User/system_ch32v20x.o
 .debug_abbrev  0x0000000000001196      0x561 ./USBLIB/USB-Driver/src/usb_core.o
 .debug_abbrev  0x00000000000016f7      0x220 ./USBLIB/USB-Driver/src/usb_init.o
 .debug_abbrev  0x0000000000001917      0x279 ./USBLIB/USB-Driver/src/usb_int.o
 .debug_abbrev  0x0000000000001b90      0x25a ./USBLIB/USB-Driver/src/usb_mem.o
 .debug_abbrev  0x0000000000001dea      0x3b2 ./USBLIB/USB-Driver/src/usb_regs.o
 .debug_abbrev  0x000000000000219c      0x2a0 ./USBLIB/USB-Driver/src/usb_sil.o
 .debug_abbrev  0x000000000000243c       0x12 ./Startup/startup_ch32v20x_D8W.o
 .debug_abbrev  0x000000000000244e      0x2da ./Peripheral/src/ch32v20x_exti.o
 .debug_abbrev  0x0000000000002728      0x42c ./Peripheral/src/ch32v20x_flash.o
 .debug_abbrev  0x0000000000002b54      0x34b ./Peripheral/src/ch32v20x_gpio.o
 .debug_abbrev  0x0000000000002e9f      0x2fb ./Peripheral/src/ch32v20x_misc.o
 .debug_abbrev  0x000000000000319a      0x351 ./Peripheral/src/ch32v20x_rcc.o
 .debug_abbrev  0x00000000000034eb      0x325 ./Peripheral/src/ch32v20x_usart.o
 .debug_abbrev  0x0000000000003810      0x2e6 ./Debug/debug.o
 .debug_abbrev  0x0000000000003af6      0x2d5 ./CONFIG/hw_config.o
 .debug_abbrev  0x0000000000003dcb      0x214 ./CONFIG/usb_desc.o
 .debug_abbrev  0x0000000000003fdf      0x2a3 ./CONFIG/usb_endp.o
 .debug_abbrev  0x0000000000004282      0x2bf ./CONFIG/usb_istr.o
 .debug_abbrev  0x0000000000004541      0x3d1 ./CONFIG/usb_prop.o
 .debug_abbrev  0x0000000000004912      0x308 ./CONFIG/usb_pwr.o

.debug_aranges  0x0000000000000000      0xa50
 .debug_aranges
                0x0000000000000000       0x30 ./User/ch32v20x_it.o
 .debug_aranges
                0x0000000000000030       0x48 ./User/ch32v20x_usbotg_device.o
 .debug_aranges
                0x0000000000000078       0x20 ./User/flash.o
 .debug_aranges
                0x0000000000000098       0x68 ./User/iap.o
 .debug_aranges
                0x0000000000000100       0x28 ./User/main.o
 .debug_aranges
                0x0000000000000128       0x28 ./User/system_ch32v20x.o
 .debug_aranges
                0x0000000000000150       0x98 ./USBLIB/USB-Driver/src/usb_core.o
 .debug_aranges
                0x00000000000001e8       0x20 ./USBLIB/USB-Driver/src/usb_init.o
 .debug_aranges
                0x0000000000000208       0x28 ./USBLIB/USB-Driver/src/usb_int.o
 .debug_aranges
                0x0000000000000230       0x28 ./USBLIB/USB-Driver/src/usb_mem.o
 .debug_aranges
                0x0000000000000258      0x1a0 ./USBLIB/USB-Driver/src/usb_regs.o
 .debug_aranges
                0x00000000000003f8       0x30 ./USBLIB/USB-Driver/src/usb_sil.o
 .debug_aranges
                0x0000000000000428       0x30 ./Startup/startup_ch32v20x_D8W.o
 .debug_aranges
                0x0000000000000458       0x50 ./Peripheral/src/ch32v20x_exti.o
 .debug_aranges
                0x00000000000004a8      0x100 ./Peripheral/src/ch32v20x_flash.o
 .debug_aranges
                0x00000000000005a8       0xa8 ./Peripheral/src/ch32v20x_gpio.o
 .debug_aranges
                0x0000000000000650       0x28 ./Peripheral/src/ch32v20x_misc.o
 .debug_aranges
                0x0000000000000678      0x128 ./Peripheral/src/ch32v20x_rcc.o
 .debug_aranges
                0x00000000000007a0      0x100 ./Peripheral/src/ch32v20x_usart.o
 .debug_aranges
                0x00000000000008a0       0x48 ./Debug/debug.o
 .debug_aranges
                0x00000000000008e8       0x50 ./CONFIG/hw_config.o
 .debug_aranges
                0x0000000000000938       0x18 ./CONFIG/usb_desc.o
 .debug_aranges
                0x0000000000000950       0x30 ./CONFIG/usb_endp.o
 .debug_aranges
                0x0000000000000980       0x20 ./CONFIG/usb_istr.o
 .debug_aranges
                0x00000000000009a0       0x70 ./CONFIG/usb_prop.o
 .debug_aranges
                0x0000000000000a10       0x40 ./CONFIG/usb_pwr.o

.debug_ranges   0x0000000000000000      0xbf0
 .debug_ranges  0x0000000000000000       0x20 ./User/ch32v20x_it.o
 .debug_ranges  0x0000000000000020       0x50 ./User/ch32v20x_usbotg_device.o
 .debug_ranges  0x0000000000000070       0x10 ./User/flash.o
 .debug_ranges  0x0000000000000080       0x58 ./User/iap.o
 .debug_ranges  0x00000000000000d8       0x30 ./User/main.o
 .debug_ranges  0x0000000000000108       0x38 ./User/system_ch32v20x.o
 .debug_ranges  0x0000000000000140      0x158 ./USBLIB/USB-Driver/src/usb_core.o
 .debug_ranges  0x0000000000000298       0x10 ./USBLIB/USB-Driver/src/usb_init.o
 .debug_ranges  0x00000000000002a8       0x60 ./USBLIB/USB-Driver/src/usb_int.o
 .debug_ranges  0x0000000000000308       0x18 ./USBLIB/USB-Driver/src/usb_mem.o
 .debug_ranges  0x0000000000000320      0x338 ./USBLIB/USB-Driver/src/usb_regs.o
 .debug_ranges  0x0000000000000658       0x20 ./USBLIB/USB-Driver/src/usb_sil.o
 .debug_ranges  0x0000000000000678       0x28 ./Startup/startup_ch32v20x_D8W.o
 .debug_ranges  0x00000000000006a0       0x40 ./Peripheral/src/ch32v20x_exti.o
 .debug_ranges  0x00000000000006e0       0xf0 ./Peripheral/src/ch32v20x_flash.o
 .debug_ranges  0x00000000000007d0       0x98 ./Peripheral/src/ch32v20x_gpio.o
 .debug_ranges  0x0000000000000868       0x48 ./Peripheral/src/ch32v20x_misc.o
 .debug_ranges  0x00000000000008b0      0x118 ./Peripheral/src/ch32v20x_rcc.o
 .debug_ranges  0x00000000000009c8       0xf0 ./Peripheral/src/ch32v20x_usart.o
 .debug_ranges  0x0000000000000ab8       0x38 ./Debug/debug.o
 .debug_ranges  0x0000000000000af0       0x40 ./CONFIG/hw_config.o
 .debug_ranges  0x0000000000000b30       0x20 ./CONFIG/usb_endp.o
 .debug_ranges  0x0000000000000b50       0x10 ./CONFIG/usb_istr.o
 .debug_ranges  0x0000000000000b60       0x60 ./CONFIG/usb_prop.o
 .debug_ranges  0x0000000000000bc0       0x30 ./CONFIG/usb_pwr.o

.debug_line     0x0000000000000000    0x105f9
 .debug_line    0x0000000000000000      0x2a3 ./User/ch32v20x_it.o
 .debug_line    0x00000000000002a3     0x116c ./User/ch32v20x_usbotg_device.o
 .debug_line    0x000000000000140f      0x309 ./User/flash.o
 .debug_line    0x0000000000001718     0x1031 ./User/iap.o
 .debug_line    0x0000000000002749      0x72c ./User/main.o
 .debug_line    0x0000000000002e75      0x715 ./User/system_ch32v20x.o
 .debug_line    0x000000000000358a     0x1bc3 ./USBLIB/USB-Driver/src/usb_core.o
 .debug_line    0x000000000000514d      0x341 ./USBLIB/USB-Driver/src/usb_init.o
 .debug_line    0x000000000000548e      0x9b3 ./USBLIB/USB-Driver/src/usb_int.o
 .debug_line    0x0000000000005e41      0x46a ./USBLIB/USB-Driver/src/usb_mem.o
 .debug_line    0x00000000000062ab     0x11df ./USBLIB/USB-Driver/src/usb_regs.o
 .debug_line    0x000000000000748a      0x3f8 ./USBLIB/USB-Driver/src/usb_sil.o
 .debug_line    0x0000000000007882      0x2cf ./Startup/startup_ch32v20x_D8W.o
 .debug_line    0x0000000000007b51      0x683 ./Peripheral/src/ch32v20x_exti.o
 .debug_line    0x00000000000081d4     0x1dc9 ./Peripheral/src/ch32v20x_flash.o
 .debug_line    0x0000000000009f9d     0x1113 ./Peripheral/src/ch32v20x_gpio.o
 .debug_line    0x000000000000b0b0      0x57e ./Peripheral/src/ch32v20x_misc.o
 .debug_line    0x000000000000b62e     0x121c ./Peripheral/src/ch32v20x_rcc.o
 .debug_line    0x000000000000c84a     0x109b ./Peripheral/src/ch32v20x_usart.o
 .debug_line    0x000000000000d8e5      0x7bd ./Debug/debug.o
 .debug_line    0x000000000000e0a2      0x7af ./CONFIG/hw_config.o
 .debug_line    0x000000000000e851      0x35a ./CONFIG/usb_desc.o
 .debug_line    0x000000000000ebab      0x425 ./CONFIG/usb_endp.o
 .debug_line    0x000000000000efd0      0x717 ./CONFIG/usb_istr.o
 .debug_line    0x000000000000f6e7      0x6af ./CONFIG/usb_prop.o
 .debug_line    0x000000000000fd96      0x863 ./CONFIG/usb_pwr.o

.debug_str      0x0000000000000000     0x393a
 .debug_str     0x0000000000000000      0x56e ./User/ch32v20x_it.o
                                        0x5dc (size before relaxing)
 .debug_str     0x000000000000056e      0x851 ./User/ch32v20x_usbotg_device.o
                                        0xe3b (size before relaxing)
 .debug_str     0x0000000000000dbf       0x43 ./User/flash.o
                                        0x5e0 (size before relaxing)
 .debug_str     0x0000000000000e02      0x759 ./User/iap.o
                                        0xf1b (size before relaxing)
 .debug_str     0x000000000000155b      0x26e ./User/main.o
                                       0x1354 (size before relaxing)
 .debug_str     0x00000000000017c9      0x10b ./User/system_ch32v20x.o
                                        0x6e7 (size before relaxing)
 .debug_str     0x00000000000018d4      0x4ed ./USBLIB/USB-Driver/src/usb_core.o
                                        0xf8a (size before relaxing)
 .debug_str     0x0000000000001dc1       0x24 ./USBLIB/USB-Driver/src/usb_init.o
                                        0x9f7 (size before relaxing)
 .debug_str     0x0000000000001de5       0x63 ./USBLIB/USB-Driver/src/usb_int.o
                                        0xa55 (size before relaxing)
 .debug_str     0x0000000000001e48       0x53 ./USBLIB/USB-Driver/src/usb_mem.o
                                        0xa45 (size before relaxing)
 .debug_str     0x0000000000001e9b      0x369 ./USBLIB/USB-Driver/src/usb_regs.o
                                        0xdcd (size before relaxing)
 .debug_str     0x0000000000002204       0x6c ./USBLIB/USB-Driver/src/usb_sil.o
                                        0xa9d (size before relaxing)
 .debug_str     0x0000000000002270       0x73 ./Startup/startup_ch32v20x_D8W.o
                                         0xd5 (size before relaxing)
 .debug_str     0x00000000000022e3      0x227 ./Peripheral/src/ch32v20x_exti.o
                                        0x7ed (size before relaxing)
 .debug_str     0x000000000000250a      0x46c ./Peripheral/src/ch32v20x_flash.o
                                        0xaf5 (size before relaxing)
 .debug_str     0x0000000000002976      0x28a ./Peripheral/src/ch32v20x_gpio.o
                                        0x9dd (size before relaxing)
 .debug_str     0x0000000000002c00      0x163 ./Peripheral/src/ch32v20x_misc.o
                                        0xae5 (size before relaxing)
 .debug_str     0x0000000000002d63      0x3cc ./Peripheral/src/ch32v20x_rcc.o
                                        0xb1c (size before relaxing)
 .debug_str     0x000000000000312f      0x384 ./Peripheral/src/ch32v20x_usart.o
                                        0xb77 (size before relaxing)
 .debug_str     0x00000000000034b3       0x9e ./Debug/debug.o
                                        0x95f (size before relaxing)
 .debug_str     0x0000000000003551       0xf6 ./CONFIG/hw_config.o
                                       0x1098 (size before relaxing)
 .debug_str     0x0000000000003647       0x15 ./CONFIG/usb_desc.o
                                        0xb07 (size before relaxing)
 .debug_str     0x000000000000365c       0x4e ./CONFIG/usb_endp.o
                                        0xb5d (size before relaxing)
 .debug_str     0x00000000000036aa       0xb8 ./CONFIG/usb_istr.o
                                        0xae1 (size before relaxing)
 .debug_str     0x0000000000003762      0x181 ./CONFIG/usb_prop.o
                                        0xd55 (size before relaxing)
 .debug_str     0x00000000000038e3       0x57 ./CONFIG/usb_pwr.o
                                        0xb6c (size before relaxing)

.comment        0x0000000000000000       0x33
 .comment       0x0000000000000000       0x33 ./User/ch32v20x_it.o
                                         0x34 (size before relaxing)
 .comment       0x0000000000000033       0x34 ./User/ch32v20x_usbotg_device.o
 .comment       0x0000000000000033       0x34 ./User/flash.o
 .comment       0x0000000000000033       0x34 ./User/iap.o
 .comment       0x0000000000000033       0x34 ./User/main.o
 .comment       0x0000000000000033       0x34 ./User/system_ch32v20x.o
 .comment       0x0000000000000033       0x34 ./USBLIB/USB-Driver/src/usb_core.o
 .comment       0x0000000000000033       0x34 ./USBLIB/USB-Driver/src/usb_init.o
 .comment       0x0000000000000033       0x34 ./USBLIB/USB-Driver/src/usb_int.o
 .comment       0x0000000000000033       0x34 ./USBLIB/USB-Driver/src/usb_mem.o
 .comment       0x0000000000000033       0x34 ./USBLIB/USB-Driver/src/usb_regs.o
 .comment       0x0000000000000033       0x34 ./USBLIB/USB-Driver/src/usb_sil.o
 .comment       0x0000000000000033       0x34 ./Peripheral/src/ch32v20x_exti.o
 .comment       0x0000000000000033       0x34 ./Peripheral/src/ch32v20x_flash.o
 .comment       0x0000000000000033       0x34 ./Peripheral/src/ch32v20x_gpio.o
 .comment       0x0000000000000033       0x34 ./Peripheral/src/ch32v20x_misc.o
 .comment       0x0000000000000033       0x34 ./Peripheral/src/ch32v20x_rcc.o
 .comment       0x0000000000000033       0x34 ./Peripheral/src/ch32v20x_usart.o
 .comment       0x0000000000000033       0x34 ./Debug/debug.o
 .comment       0x0000000000000033       0x34 ./CONFIG/hw_config.o
 .comment       0x0000000000000033       0x34 ./CONFIG/usb_desc.o
 .comment       0x0000000000000033       0x34 ./CONFIG/usb_endp.o
 .comment       0x0000000000000033       0x34 ./CONFIG/usb_istr.o
 .comment       0x0000000000000033       0x34 ./CONFIG/usb_prop.o
 .comment       0x0000000000000033       0x34 ./CONFIG/usb_pwr.o

.debug_frame    0x0000000000000000     0x2084
 .debug_frame   0x0000000000000000       0x40 ./User/ch32v20x_it.o
 .debug_frame   0x0000000000000040       0xd0 ./User/ch32v20x_usbotg_device.o
 .debug_frame   0x0000000000000110       0x20 ./User/flash.o
 .debug_frame   0x0000000000000130      0x19c ./User/iap.o
 .debug_frame   0x00000000000002cc       0x48 ./User/main.o
 .debug_frame   0x0000000000000314       0x3c ./User/system_ch32v20x.o
 .debug_frame   0x0000000000000350      0x238 ./USBLIB/USB-Driver/src/usb_core.o
 .debug_frame   0x0000000000000588       0x20 ./USBLIB/USB-Driver/src/usb_init.o
 .debug_frame   0x00000000000005a8       0x80 ./USBLIB/USB-Driver/src/usb_int.o
 .debug_frame   0x0000000000000628       0x30 ./USBLIB/USB-Driver/src/usb_mem.o
 .debug_frame   0x0000000000000658      0x3c0 ./USBLIB/USB-Driver/src/usb_regs.o
 .debug_frame   0x0000000000000a18       0x70 ./USBLIB/USB-Driver/src/usb_sil.o
 .debug_frame   0x0000000000000a88       0x90 ./Peripheral/src/ch32v20x_exti.o
 .debug_frame   0x0000000000000b18      0x2fc ./Peripheral/src/ch32v20x_flash.o
 .debug_frame   0x0000000000000e14      0x150 ./Peripheral/src/ch32v20x_gpio.o
 .debug_frame   0x0000000000000f64       0x30 ./Peripheral/src/ch32v20x_misc.o
 .debug_frame   0x0000000000000f94      0x240 ./Peripheral/src/ch32v20x_rcc.o
 .debug_frame   0x00000000000011d4      0x210 ./Peripheral/src/ch32v20x_usart.o
 .debug_frame   0x00000000000013e4       0xa4 ./Debug/debug.o
 .debug_frame   0x0000000000001488       0xb4 ./CONFIG/hw_config.o
 .debug_frame   0x000000000000153c       0x40 ./CONFIG/usb_endp.o
 .debug_frame   0x000000000000157c       0x44 ./CONFIG/usb_istr.o
 .debug_frame   0x00000000000015c0      0x10c ./CONFIG/usb_prop.o
 .debug_frame   0x00000000000016cc       0x84 ./CONFIG/usb_pwr.o
 .debug_frame   0x0000000000001750       0x20 e:/program/mounriver/mounriver_studio/toolchain/risc-v embedded gcc/bin/../lib/gcc/riscv-none-embed/8.2.0/../../../../riscv-none-embed/lib/rv32imac/ilp32\libg_nano.a(lib_a-memcpy.o)
 .debug_frame   0x0000000000001770       0x54 e:/program/mounriver/mounriver_studio/toolchain/risc-v embedded gcc/bin/../lib/gcc/riscv-none-embed/8.2.0/../../../../riscv-none-embed/lib/rv32imac/ilp32\libg_nano.a(lib_a-printf.o)
 .debug_frame   0x00000000000017c4       0x54 e:/program/mounriver/mounriver_studio/toolchain/risc-v embedded gcc/bin/../lib/gcc/riscv-none-embed/8.2.0/../../../../riscv-none-embed/lib/rv32imac/ilp32\libg_nano.a(lib_a-puts.o)
 .debug_frame   0x0000000000001818       0x50 e:/program/mounriver/mounriver_studio/toolchain/risc-v embedded gcc/bin/../lib/gcc/riscv-none-embed/8.2.0/../../../../riscv-none-embed/lib/rv32imac/ilp32\libg_nano.a(lib_a-wbuf.o)
 .debug_frame   0x0000000000001868       0x3c e:/program/mounriver/mounriver_studio/toolchain/risc-v embedded gcc/bin/../lib/gcc/riscv-none-embed/8.2.0/../../../../riscv-none-embed/lib/rv32imac/ilp32\libg_nano.a(lib_a-wsetup.o)
 .debug_frame   0x00000000000018a4       0x7c e:/program/mounriver/mounriver_studio/toolchain/risc-v embedded gcc/bin/../lib/gcc/riscv-none-embed/8.2.0/../../../../riscv-none-embed/lib/rv32imac/ilp32\libg_nano.a(lib_a-fflush.o)
 .debug_frame   0x0000000000001920      0x148 e:/program/mounriver/mounriver_studio/toolchain/risc-v embedded gcc/bin/../lib/gcc/riscv-none-embed/8.2.0/../../../../riscv-none-embed/lib/rv32imac/ilp32\libg_nano.a(lib_a-findfp.o)
 .debug_frame   0x0000000000001a68       0x88 e:/program/mounriver/mounriver_studio/toolchain/risc-v embedded gcc/bin/../lib/gcc/riscv-none-embed/8.2.0/../../../../riscv-none-embed/lib/rv32imac/ilp32\libg_nano.a(lib_a-fwalk.o)
 .debug_frame   0x0000000000001af0       0x64 e:/program/mounriver/mounriver_studio/toolchain/risc-v embedded gcc/bin/../lib/gcc/riscv-none-embed/8.2.0/../../../../riscv-none-embed/lib/rv32imac/ilp32\libg_nano.a(lib_a-makebuf.o)
 .debug_frame   0x0000000000001b54       0x40 e:/program/mounriver/mounriver_studio/toolchain/risc-v embedded gcc/bin/../lib/gcc/riscv-none-embed/8.2.0/../../../../riscv-none-embed/lib/rv32imac/ilp32\libg_nano.a(lib_a-nano-freer.o)
 .debug_frame   0x0000000000001b94       0x40 e:/program/mounriver/mounriver_studio/toolchain/risc-v embedded gcc/bin/../lib/gcc/riscv-none-embed/8.2.0/../../../../riscv-none-embed/lib/rv32imac/ilp32\libg_nano.a(lib_a-nano-mallocr.o)
 .debug_frame   0x0000000000001bd4       0xd0 e:/program/mounriver/mounriver_studio/toolchain/risc-v embedded gcc/bin/../lib/gcc/riscv-none-embed/8.2.0/../../../../riscv-none-embed/lib/rv32imac/ilp32\libg_nano.a(lib_a-nano-vfprintf.o)
 .debug_frame   0x0000000000001ca4       0x8c e:/program/mounriver/mounriver_studio/toolchain/risc-v embedded gcc/bin/../lib/gcc/riscv-none-embed/8.2.0/../../../../riscv-none-embed/lib/rv32imac/ilp32\libg_nano.a(lib_a-nano-vfprintf_i.o)
 .debug_frame   0x0000000000001d30       0x30 e:/program/mounriver/mounriver_studio/toolchain/risc-v embedded gcc/bin/../lib/gcc/riscv-none-embed/8.2.0/../../../../riscv-none-embed/lib/rv32imac/ilp32\libg_nano.a(lib_a-sbrkr.o)
 .debug_frame   0x0000000000001d60       0xa4 e:/program/mounriver/mounriver_studio/toolchain/risc-v embedded gcc/bin/../lib/gcc/riscv-none-embed/8.2.0/../../../../riscv-none-embed/lib/rv32imac/ilp32\libg_nano.a(lib_a-stdio.o)
 .debug_frame   0x0000000000001e04       0x30 e:/program/mounriver/mounriver_studio/toolchain/risc-v embedded gcc/bin/../lib/gcc/riscv-none-embed/8.2.0/../../../../riscv-none-embed/lib/rv32imac/ilp32\libg_nano.a(lib_a-writer.o)
 .debug_frame   0x0000000000001e34       0x30 e:/program/mounriver/mounriver_studio/toolchain/risc-v embedded gcc/bin/../lib/gcc/riscv-none-embed/8.2.0/../../../../riscv-none-embed/lib/rv32imac/ilp32\libg_nano.a(lib_a-closer.o)
 .debug_frame   0x0000000000001e64       0x30 e:/program/mounriver/mounriver_studio/toolchain/risc-v embedded gcc/bin/../lib/gcc/riscv-none-embed/8.2.0/../../../../riscv-none-embed/lib/rv32imac/ilp32\libg_nano.a(lib_a-fstatr.o)
 .debug_frame   0x0000000000001e94       0x30 e:/program/mounriver/mounriver_studio/toolchain/risc-v embedded gcc/bin/../lib/gcc/riscv-none-embed/8.2.0/../../../../riscv-none-embed/lib/rv32imac/ilp32\libg_nano.a(lib_a-isattyr.o)
 .debug_frame   0x0000000000001ec4       0x30 e:/program/mounriver/mounriver_studio/toolchain/risc-v embedded gcc/bin/../lib/gcc/riscv-none-embed/8.2.0/../../../../riscv-none-embed/lib/rv32imac/ilp32\libg_nano.a(lib_a-lseekr.o)
 .debug_frame   0x0000000000001ef4       0x20 e:/program/mounriver/mounriver_studio/toolchain/risc-v embedded gcc/bin/../lib/gcc/riscv-none-embed/8.2.0/../../../../riscv-none-embed/lib/rv32imac/ilp32\libg_nano.a(lib_a-memchr.o)
 .debug_frame   0x0000000000001f14       0x30 e:/program/mounriver/mounriver_studio/toolchain/risc-v embedded gcc/bin/../lib/gcc/riscv-none-embed/8.2.0/../../../../riscv-none-embed/lib/rv32imac/ilp32\libg_nano.a(lib_a-mlock.o)
 .debug_frame   0x0000000000001f44       0x30 e:/program/mounriver/mounriver_studio/toolchain/risc-v embedded gcc/bin/../lib/gcc/riscv-none-embed/8.2.0/../../../../riscv-none-embed/lib/rv32imac/ilp32\libg_nano.a(lib_a-readr.o)
 .debug_frame   0x0000000000001f74       0x70 e:/program/mounriver/mounriver_studio/toolchain/risc-v embedded gcc/bin/../lib/gcc/riscv-none-embed/8.2.0/../../../../riscv-none-embed/lib/rv32imac/ilp32\libg_nano.a(lib_a-reent.o)
 .debug_frame   0x0000000000001fe4       0x20 e:/program/mounriver/mounriver_studio/toolchain/risc-v embedded gcc/bin/../lib/gcc/riscv-none-embed/8.2.0/../../../../riscv-none-embed/lib/rv32imac/ilp32\libnosys.a(close.o)
 .debug_frame   0x0000000000002004       0x20 e:/program/mounriver/mounriver_studio/toolchain/risc-v embedded gcc/bin/../lib/gcc/riscv-none-embed/8.2.0/../../../../riscv-none-embed/lib/rv32imac/ilp32\libnosys.a(fstat.o)
 .debug_frame   0x0000000000002024       0x20 e:/program/mounriver/mounriver_studio/toolchain/risc-v embedded gcc/bin/../lib/gcc/riscv-none-embed/8.2.0/../../../../riscv-none-embed/lib/rv32imac/ilp32\libnosys.a(isatty.o)
 .debug_frame   0x0000000000002044       0x20 e:/program/mounriver/mounriver_studio/toolchain/risc-v embedded gcc/bin/../lib/gcc/riscv-none-embed/8.2.0/../../../../riscv-none-embed/lib/rv32imac/ilp32\libnosys.a(lseek.o)
 .debug_frame   0x0000000000002064       0x20 e:/program/mounriver/mounriver_studio/toolchain/risc-v embedded gcc/bin/../lib/gcc/riscv-none-embed/8.2.0/../../../../riscv-none-embed/lib/rv32imac/ilp32\libnosys.a(read.o)

.debug_loc      0x0000000000000000     0x4525
 .debug_loc     0x0000000000000000      0x184 ./User/ch32v20x_usbotg_device.o
 .debug_loc     0x0000000000000184       0x42 ./User/flash.o
 .debug_loc     0x00000000000001c6      0x2c1 ./User/iap.o
 .debug_loc     0x0000000000000487       0x28 ./User/main.o
 .debug_loc     0x00000000000004af       0xac ./User/system_ch32v20x.o
 .debug_loc     0x000000000000055b      0xa19 ./USBLIB/USB-Driver/src/usb_core.o
 .debug_loc     0x0000000000000f74      0x115 ./USBLIB/USB-Driver/src/usb_int.o
 .debug_loc     0x0000000000001089      0x1dc ./USBLIB/USB-Driver/src/usb_mem.o
 .debug_loc     0x0000000000001265      0xb6f ./USBLIB/USB-Driver/src/usb_regs.o
 .debug_loc     0x0000000000001dd4       0xe0 ./USBLIB/USB-Driver/src/usb_sil.o
 .debug_loc     0x0000000000001eb4      0x181 ./Peripheral/src/ch32v20x_exti.o
 .debug_loc     0x0000000000002035      0x837 ./Peripheral/src/ch32v20x_flash.o
 .debug_loc     0x000000000000286c      0x805 ./Peripheral/src/ch32v20x_gpio.o
 .debug_loc     0x0000000000003071       0xce ./Peripheral/src/ch32v20x_misc.o
 .debug_loc     0x000000000000313f      0x797 ./Peripheral/src/ch32v20x_rcc.o
 .debug_loc     0x00000000000038d6      0x794 ./Peripheral/src/ch32v20x_usart.o
 .debug_loc     0x000000000000406a      0x1a8 ./Debug/debug.o
 .debug_loc     0x0000000000004212       0x6e ./CONFIG/hw_config.o
 .debug_loc     0x0000000000004280       0x42 ./CONFIG/usb_istr.o
 .debug_loc     0x00000000000042c2      0x12a ./CONFIG/usb_prop.o
 .debug_loc     0x00000000000043ec      0x139 ./CONFIG/usb_pwr.o

.stab           0x0000000000000000       0x84
 .stab          0x0000000000000000       0x24 e:/program/mounriver/mounriver_studio/toolchain/risc-v embedded gcc/bin/../lib/gcc/riscv-none-embed/8.2.0/../../../../riscv-none-embed/lib/rv32imac/ilp32\libnosys.a(close.o)
 .stab          0x0000000000000024       0x18 e:/program/mounriver/mounriver_studio/toolchain/risc-v embedded gcc/bin/../lib/gcc/riscv-none-embed/8.2.0/../../../../riscv-none-embed/lib/rv32imac/ilp32\libnosys.a(fstat.o)
                                         0x24 (size before relaxing)
 .stab          0x000000000000003c       0x18 e:/program/mounriver/mounriver_studio/toolchain/risc-v embedded gcc/bin/../lib/gcc/riscv-none-embed/8.2.0/../../../../riscv-none-embed/lib/rv32imac/ilp32\libnosys.a(isatty.o)
                                         0x24 (size before relaxing)
 .stab          0x0000000000000054       0x18 e:/program/mounriver/mounriver_studio/toolchain/risc-v embedded gcc/bin/../lib/gcc/riscv-none-embed/8.2.0/../../../../riscv-none-embed/lib/rv32imac/ilp32\libnosys.a(lseek.o)
                                         0x24 (size before relaxing)
 .stab          0x000000000000006c       0x18 e:/program/mounriver/mounriver_studio/toolchain/risc-v embedded gcc/bin/../lib/gcc/riscv-none-embed/8.2.0/../../../../riscv-none-embed/lib/rv32imac/ilp32\libnosys.a(read.o)
                                         0x24 (size before relaxing)

.stabstr        0x0000000000000000      0x117
 .stabstr       0x0000000000000000      0x117 e:/program/mounriver/mounriver_studio/toolchain/risc-v embedded gcc/bin/../lib/gcc/riscv-none-embed/8.2.0/../../../../riscv-none-embed/lib/rv32imac/ilp32\libnosys.a(close.o)
