Archive member included to satisfy reference by file (symbol)

E:\VSCode\ArduinoProjects\Datasheets\CH32\CH32V307\CH32V307_EVT\Examples\ETH\NetLib\libwchnet.a(eth_api.o)
                              ./NetLib/eth_driver.o (WCHNET_PeriodicHandle)
E:\VSCode\ArduinoProjects\Datasheets\CH32\CH32V307\CH32V307_EVT\Examples\ETH\NetLib\libwchnet.a(ipcheck.o)
                              E:\VSCode\ArduinoProjects\Datasheets\CH32\CH32V307\CH32V307_EVT\Examples\ETH\NetLib\libwchnet.a(eth_api.o) (IPCheckParaInit)
E:\VSCode\ArduinoProjects\Datasheets\CH32\CH32V307\CH32V307_EVT\Examples\ETH\NetLib\libwchnet.a(net_dhcp.o)
                              E:\VSCode\ArduinoProjects\Datasheets\CH32\CH32V307\CH32V307_EVT\Examples\ETH\NetLib\libwchnet.a(eth_api.o) (DHCPCtrl)
E:\VSCode\ArduinoProjects\Datasheets\CH32\CH32V307\CH32V307_EVT\Examples\ETH\NetLib\libwchnet.a(net_dns.o)
                              E:\VSCode\ArduinoProjects\Datasheets\CH32\CH32V307\CH32V307_EVT\Examples\ETH\NetLib\libwchnet.a(eth_api.o) (DNSInf)
E:\VSCode\ArduinoProjects\Datasheets\CH32\CH32V307\CH32V307_EVT\Examples\ETH\NetLib\libwchnet.a(socket.o)
                              E:\VSCode\ArduinoProjects\Datasheets\CH32\CH32V307\CH32V307_EVT\Examples\ETH\NetLib\libwchnet.a(net_dhcp.o) (ErrorEncode)
E:\VSCode\ArduinoProjects\Datasheets\CH32\CH32V307\CH32V307_EVT\Examples\ETH\NetLib\libwchnet.a(etharp.o)
                              E:\VSCode\ArduinoProjects\Datasheets\CH32\CH32V307\CH32V307_EVT\Examples\ETH\NetLib\libwchnet.a(eth_api.o) (etharp_tmr)
E:\VSCode\ArduinoProjects\Datasheets\CH32\CH32V307\CH32V307_EVT\Examples\ETH\NetLib\libwchnet.a(ethernetif.o)
                              E:\VSCode\ArduinoProjects\Datasheets\CH32\CH32V307\CH32V307_EVT\Examples\ETH\NetLib\libwchnet.a(eth_api.o) (ethernetif_input)
E:\VSCode\ArduinoProjects\Datasheets\CH32\CH32V307\CH32V307_EVT\Examples\ETH\NetLib\libwchnet.a(inet.o)
                              E:\VSCode\ArduinoProjects\Datasheets\CH32\CH32V307\CH32V307_EVT\Examples\ETH\NetLib\libwchnet.a(socket.o) (inet_ntoa)
E:\VSCode\ArduinoProjects\Datasheets\CH32\CH32V307\CH32V307_EVT\Examples\ETH\NetLib\libwchnet.a(ip.o)
                              E:\VSCode\ArduinoProjects\Datasheets\CH32\CH32V307\CH32V307_EVT\Examples\ETH\NetLib\libwchnet.a(etharp.o) (ip_input)
E:\VSCode\ArduinoProjects\Datasheets\CH32\CH32V307\CH32V307_EVT\Examples\ETH\NetLib\libwchnet.a(ip_addr.o)
                              E:\VSCode\ArduinoProjects\Datasheets\CH32\CH32V307\CH32V307_EVT\Examples\ETH\NetLib\libwchnet.a(socket.o) (ip_addr_isbroadcast)
E:\VSCode\ArduinoProjects\Datasheets\CH32\CH32V307\CH32V307_EVT\Examples\ETH\NetLib\libwchnet.a(ip_frag.o)
                              E:\VSCode\ArduinoProjects\Datasheets\CH32\CH32V307\CH32V307_EVT\Examples\ETH\NetLib\libwchnet.a(eth_api.o) (ip_reass_tmr)
E:\VSCode\ArduinoProjects\Datasheets\CH32\CH32V307\CH32V307_EVT\Examples\ETH\NetLib\libwchnet.a(dhcp.o)
                              E:\VSCode\ArduinoProjects\Datasheets\CH32\CH32V307\CH32V307_EVT\Examples\ETH\NetLib\libwchnet.a(net_dhcp.o) (dhcp_arp_reply)
E:\VSCode\ArduinoProjects\Datasheets\CH32\CH32V307\CH32V307_EVT\Examples\ETH\NetLib\libwchnet.a(dns.o)
                              E:\VSCode\ArduinoProjects\Datasheets\CH32\CH32V307\CH32V307_EVT\Examples\ETH\NetLib\libwchnet.a(dhcp.o) (dns_setserver)
E:\VSCode\ArduinoProjects\Datasheets\CH32\CH32V307\CH32V307_EVT\Examples\ETH\NetLib\libwchnet.a(init.o)
                              E:\VSCode\ArduinoProjects\Datasheets\CH32\CH32V307\CH32V307_EVT\Examples\ETH\NetLib\libwchnet.a(ethernetif.o) (lwip_init)
E:\VSCode\ArduinoProjects\Datasheets\CH32\CH32V307\CH32V307_EVT\Examples\ETH\NetLib\libwchnet.a(mem.o)
                              E:\VSCode\ArduinoProjects\Datasheets\CH32\CH32V307\CH32V307_EVT\Examples\ETH\NetLib\libwchnet.a(init.o) (mem_init)
E:\VSCode\ArduinoProjects\Datasheets\CH32\CH32V307\CH32V307_EVT\Examples\ETH\NetLib\libwchnet.a(memp.o)
                              E:\VSCode\ArduinoProjects\Datasheets\CH32\CH32V307\CH32V307_EVT\Examples\ETH\NetLib\libwchnet.a(init.o) (memp_init)
E:\VSCode\ArduinoProjects\Datasheets\CH32\CH32V307\CH32V307_EVT\Examples\ETH\NetLib\libwchnet.a(netif.o)
                              E:\VSCode\ArduinoProjects\Datasheets\CH32\CH32V307\CH32V307_EVT\Examples\ETH\NetLib\libwchnet.a(dhcp.o) (netif_set_ipaddr)
E:\VSCode\ArduinoProjects\Datasheets\CH32\CH32V307\CH32V307_EVT\Examples\ETH\NetLib\libwchnet.a(pbuf.o)
                              E:\VSCode\ArduinoProjects\Datasheets\CH32\CH32V307\CH32V307_EVT\Examples\ETH\NetLib\libwchnet.a(socket.o) (pbuf_header)
E:\VSCode\ArduinoProjects\Datasheets\CH32\CH32V307\CH32V307_EVT\Examples\ETH\NetLib\libwchnet.a(raw.o)
                              E:\VSCode\ArduinoProjects\Datasheets\CH32\CH32V307\CH32V307_EVT\Examples\ETH\NetLib\libwchnet.a(ip.o) (raw_input)
E:\VSCode\ArduinoProjects\Datasheets\CH32\CH32V307\CH32V307_EVT\Examples\ETH\NetLib\libwchnet.a(tcp.o)
[...]
Memory Configuration

Name             Origin             Length             Attributes
FLASH            0x0000000000000000 0x0000000000040000 xr
RAM              0x0000000020000000 0x0000000000010000 xrw
*default*        0x0000000000000000 0xffffffffffffffff

Linker script and memory map

LOAD ./User/ch32v30x_it.o
LOAD ./User/main.o
LOAD ./User/system_ch32v30x.o
LOAD ./Startup/startup_ch32v30x_D8C.o
LOAD ./Peripheral/src/ch32v30x_adc.o
LOAD ./Peripheral/src/ch32v30x_bkp.o
LOAD ./Peripheral/src/ch32v30x_can.o
LOAD ./Peripheral/src/ch32v30x_crc.o
LOAD ./Peripheral/src/ch32v30x_dac.o
LOAD ./Peripheral/src/ch32v30x_dbgmcu.o
LOAD ./Peripheral/src/ch32v30x_dma.o
LOAD ./Peripheral/src/ch32v30x_dvp.o
LOAD ./Peripheral/src/ch32v30x_eth.o
LOAD ./Peripheral/src/ch32v30x_exti.o
LOAD ./Peripheral/src/ch32v30x_flash.o
LOAD ./Peripheral/src/ch32v30x_fsmc.o
LOAD ./Peripheral/src/ch32v30x_gpio.o
LOAD ./Peripheral/src/ch32v30x_i2c.o
LOAD ./Peripheral/src/ch32v30x_iwdg.o
LOAD ./Peripheral/src/ch32v30x_misc.o
LOAD ./Peripheral/src/ch32v30x_opa.o
LOAD ./Peripheral/src/ch32v30x_pwr.o
LOAD ./Peripheral/src/ch32v30x_rcc.o
LOAD ./Peripheral/src/ch32v30x_rng.o
LOAD ./Peripheral/src/ch32v30x_rtc.o
LOAD ./Peripheral/src/ch32v30x_sdio.o
LOAD ./Peripheral/src/ch32v30x_spi.o
LOAD ./Peripheral/src/ch32v30x_tim.o
LOAD ./Peripheral/src/ch32v30x_usart.o
LOAD ./Peripheral/src/ch32v30x_wwdg.o
LOAD ./NetLib/eth_driver.o
LOAD ./HTTP/HTTPS.o
LOAD ./Debug/debug.o
LOAD ./Core/core_riscv.o
LOAD e:/program/mounriver/mounriver_studio/toolchain/risc-v embedded gcc/bin/../lib/gcc/riscv-none-embed/8.2.0/../../../../riscv-none-embed/lib/rv32imacxw/ilp32\libm.a
LOAD E:\VSCode\ArduinoProjects\Datasheets\CH32\CH32V307\CH32V307_EVT\Examples\ETH\NetLib\libwchnet.a
LOAD e:/program/mounriver/mounriver_studio/toolchain/risc-v embedded gcc/bin/../lib/gcc/riscv-none-embed/8.2.0/../../../../riscv-none-embed/lib/rv32imacxw/ilp32\libprintf.a
LOAD e:/program/mounriver/mounriver_studio/toolchain/risc-v embedded gcc/bin/../lib/gcc/riscv-none-embed/8.2.0/rv32imacxw/ilp32\libgcc.a
LOAD e:/program/mounriver/mounriver_studio/toolchain/risc-v embedded gcc/bin/../lib/gcc/riscv-none-embed/8.2.0/../../../../riscv-none-embed/lib/rv32imacxw/ilp32\libg_nano.a
LOAD e:/program/mounriver/mounriver_studio/toolchain/risc-v embedded gcc/bin/../lib/gcc/riscv-none-embed/8.2.0/../../../../riscv-none-embed/lib/rv32imacxw/ilp32\libc_nano.a
LOAD e:/program/mounriver/mounriver_studio/toolchain/risc-v embedded gcc/bin/../lib/gcc/riscv-none-embed/8.2.0/rv32imacxw/ilp32\libgcc.a
START GROUP
LOAD e:/program/mounriver/mounriver_studio/toolchain/risc-v embedded gcc/bin/../lib/gcc/riscv-none-embed/8.2.0/rv32imacxw/ilp32\libgcc.a
LOAD e:/program/mounriver/mounriver_studio/toolchain/risc-v embedded gcc/bin/../lib/gcc/riscv-none-embed/8.2.0/../../../../riscv-none-embed/lib/rv32imacxw/ilp32\libc_nano.a
LOAD e:/program/mounriver/mounriver_studio/toolchain/risc-v embedded gcc/bin/../lib/gcc/riscv-none-embed/8.2.0/../../../../riscv-none-embed/lib/rv32imacxw/ilp32\libnosys.a
END GROUP
START GROUP
LOAD e:/program/mounriver/mounriver_studio/toolchain/risc-v embedded gcc/bin/../lib/gcc/riscv-none-embed/8.2.0/rv32imacxw/ilp32\libgcc.a
LOAD e:/program/mounriver/mounriver_studio/toolchain/risc-v embedded gcc/bin/../lib/gcc/riscv-none-embed/8.2.0/../../../../riscv-none-embed/lib/rv32imacxw/ilp32\libc_nano.a
LOAD e:/program/mounriver/mounriver_studio/toolchain/risc-v embedded gcc/bin/../lib/gcc/riscv-none-embed/8.2.0/../../../../riscv-none-embed/lib/rv32imacxw/ilp32\libnosys.a
END GROUP
                0x0000000000000800                __stack_size = 0x800
                [!provide]                        PROVIDE (_stack_size = __stack_size)

.init           0x0000000000000000       0x38
                0x0000000000000000                _sinit = .
                0x0000000000000000                . = ALIGN (0x4)
 *(SORT_NONE(.init))
 .init          0x0000000000000000       0x38 ./Startup/startup_ch32v30x_D8C.o
                0x0000000000000000                _start
                0x0000000000000038                . = ALIGN (0x4)
                0x0000000000000038                _einit = .

.vector         0x0000000000000038      0x1c8
 *(.vector)
 .vector        0x0000000000000038      0x1a0 ./Startup/startup_ch32v30x_D8C.o
                0x0000000000000200                . = ALIGN (0x40)
 *fill*         0x00000000000001d8       0x28 

.text           0x0000000000000200    0x11fd8
                0x0000000000000200                . = ALIGN (0x4)
 *(.text)
 .text          0x0000000000000200       0x60 e:/program/mounriver/mounriver_studio/toolchain/risc-v embedded gcc/bin/../lib/gcc/riscv-none-embed/8.2.0/rv32imacxw/ilp32\libgcc.a(save-restore.o)
                0x0000000000000200                __riscv_save_12
                0x0000000000000208                __riscv_save_9
                0x0000000000000208                __riscv_save_11
                0x0000000000000208                __riscv_save_10
                0x0000000000000208                __riscv_save_8
                0x0000000000000216                __riscv_save_4
                0x0000000000000216                __riscv_save_6
                0x0000000000000216                __riscv_save_5
                0x0000000000000216                __riscv_save_7
                0x0000000000000230                __riscv_save_3
                0x0000000000000230                __riscv_save_2
                0x0000000000000230                __riscv_save_1
                0x0000000000000230                __riscv_save_0
                0x000000000000023c                __riscv_restore_12
                0x0000000000000240                __riscv_restore_11
                0x0000000000000240                __riscv_restore_9
                0x0000000000000240                __riscv_restore_10
                0x0000000000000240                __riscv_restore_8
                0x000000000000024a                __riscv_restore_5
                0x000000000000024a                __riscv_restore_7
                0x000000000000024a                __riscv_restore_6
                0x000000000000024a                __riscv_restore_4
                0x0000000000000254                __riscv_restore_3
                0x0000000000000254                __riscv_restore_0
                0x0000000000000254                __riscv_restore_2
                0x0000000000000254                __riscv_restore_1
 .text          0x0000000000000260       0xa8 e:/program/mounriver/mounriver_studio/toolchain/risc-v embedded gcc/bin/../lib/gcc/riscv-none-embed/8.2.0/../../../../riscv-none-embed/lib/rv32imacxw/ilp32\libg_nano.a(lib_a-memset.o)
                0x0000000000000260                memset
 .text          0x0000000000000308      0x11a e:/program/mounriver/mounriver_studio/toolchain/risc-v embedded gcc/bin/../lib/gcc/riscv-none-embed/8.2.0/../../../../riscv-none-embed/lib/rv32imacxw/ilp32\libg_nano.a(lib_a-strcmp.o)
                0x0000000000000308                strcmp
 *(.text.*)
 .text.NMI_Handler
                0x0000000000000422        0x4 ./User/ch32v30x_it.o
                0x0000000000000422                NMI_Handler
 .text.HardFault_Handler
                0x0000000000000426       0x44 ./User/ch32v30x_it.o
                0x0000000000000426                HardFault_Handler
 .text.EXTI9_5_IRQHandler
                0x000000000000046a       0x50 ./User/ch32v30x_it.o
                0x000000000000046a                EXTI9_5_IRQHandler
 .text.ETH_IRQHandler
                0x00000000000004ba        0x8 ./User/ch32v30x_it.o
                0x00000000000004ba                ETH_IRQHandler
 .text.TIM2_IRQHandler
                0x00000000000004c2       0x14 ./User/ch32v30x_it.o
                0x00000000000004c2                TIM2_IRQHandler
 .text.mStopIfError
                0x00000000000004d6       0x18 ./User/main.o
                0x00000000000004d6                mStopIfError
 .text.TIM2_Init
                0x00000000000004ee       0x72 ./User/main.o
                0x00000000000004ee                TIM2_Init
 .text.WCHNET_CreateTcpSocketListen
                0x0000000000000560       0x48 ./User/main.o
                0x0000000000000560                WCHNET_CreateTcpSocketListen
 .text.WCHNET_CreateCfgSocket
                0x00000000000005a8       0xa8 ./User/main.o
                0x00000000000005a8                WCHNET_CreateCfgSocket
 .text.WCHNET_RestoreDefaults
                0x0000000000000650       0x60 ./User/main.o
                0x0000000000000650                WCHNET_RestoreDefaults
 .text.WCHNET_HandleSockInt
                0x00000000000006b0       0xac ./User/main.o
                0x00000000000006b0                WCHNET_HandleSockInt
 .text.WCHNET_HandleGlobalInt
                0x000000000000075c       0x6e ./User/main.o
                0x000000000000075c                WCHNET_HandleGlobalInt
 .text.GPIOInit
                0x00000000000007ca       0x32 ./User/main.o
                0x00000000000007ca                GPIOInit
 .text.startup.main
                0x00000000000007fc      0x234 ./User/main.o
                0x00000000000007fc                main
 .text.SystemInit
                0x0000000000000a30       0xfa ./User/system_ch32v30x.o
                0x0000000000000a30                SystemInit
 .text.SystemCoreClockUpdate
                0x0000000000000b2a       0xbe ./User/system_ch32v30x.o
                0x0000000000000b2a                SystemCoreClockUpdate
 .text.vector_handler
                0x0000000000000be8       0xbe ./Startup/startup_ch32v30x_D8C.o
                0x0000000000000bec                Ecall_M_Mode_Handler
                0x0000000000000bee                Ecall_U_Mode_Handler
                0x0000000000000bf0                Break_Point_Handler
                0x0000000000000bf2                SysTick_Handler
                0x0000000000000bf4                SW_Handler
                0x0000000000000bf6                WWDG_IRQHandler
                0x0000000000000bf8                PVD_IRQHandler
                0x0000000000000bfa                TAMPER_IRQHandler
                0x0000000000000bfc                RTC_IRQHandler
                0x0000000000000bfe                FLASH_IRQHandler
                0x0000000000000c00                RCC_IRQHandler
                0x0000000000000c02                EXTI0_IRQHandler
                0x0000000000000c04                EXTI1_IRQHandler
                0x0000000000000c06                EXTI2_IRQHandler
                0x0000000000000c08                EXTI3_IRQHandler
                0x0000000000000c0a                EXTI4_IRQHandler
                0x0000000000000c0c                DMA1_Channel1_IRQHandler
                0x0000000000000c0e                DMA1_Channel2_IRQHandler
                0x0000000000000c10                DMA1_Channel3_IRQHandler
                0x0000000000000c12                DMA1_Channel4_IRQHandler
                0x0000000000000c14                DMA1_Channel5_IRQHandler
                0x0000000000000c16                DMA1_Channel6_IRQHandler
                0x0000000000000c18                DMA1_Channel7_IRQHandler
                0x0000000000000c1a                ADC1_2_IRQHandler
                0x0000000000000c1c                USB_HP_CAN1_TX_IRQHandler
                0x0000000000000c1e                USB_LP_CAN1_RX0_IRQHandler
                0x0000000000000c20                CAN1_RX1_IRQHandler
                0x0000000000000c22                CAN1_SCE_IRQHandler
                0x0000000000000c26                TIM1_BRK_IRQHandler
                0x0000000000000c28                TIM1_UP_IRQHandler
                0x0000000000000c2a                TIM1_TRG_COM_IRQHandler
                0x0000000000000c2c                TIM1_CC_IRQHandler
                0x0000000000000c30                TIM3_IRQHandler
                0x0000000000000c32                TIM4_IRQHandler
                0x0000000000000c34                I2C1_EV_IRQHandler
                0x0000000000000c36                I2C1_ER_IRQHandler
                0x0000000000000c38                I2C2_EV_IRQHandler
                0x0000000000000c3a                I2C2_ER_IRQHandler
                0x0000000000000c3c                SPI1_IRQHandler
                0x0000000000000c3e                SPI2_IRQHandler
                0x0000000000000c40                USART1_IRQHandler
                0x0000000000000c42                USART2_IRQHandler
                0x0000000000000c44                USART3_IRQHandler
                0x0000000000000c46                EXTI15_10_IRQHandler
                0x0000000000000c48                RTCAlarm_IRQHandler
                0x0000000000000c4a                USBWakeUp_IRQHandler
                0x0000000000000c4c                TIM8_BRK_IRQHandler
                0x0000000000000c4e                TIM8_UP_IRQHandler
                0x0000000000000c50                TIM8_TRG_COM_IRQHandler
                0x0000000000000c52                TIM8_CC_IRQHandler
                0x0000000000000c54                RNG_IRQHandler
                0x0000000000000c56                FSMC_IRQHandler
                0x0000000000000c58                SDIO_IRQHandler
                0x0000000000000c5a                TIM5_IRQHandler
                0x0000000000000c5c                SPI3_IRQHandler
                0x0000000000000c5e                UART4_IRQHandler
                0x0000000000000c60                UART5_IRQHandler
                0x0000000000000c62                TIM6_IRQHandler
                0x0000000000000c64                TIM7_IRQHandler
                0x0000000000000c66                DMA2_Channel1_IRQHandler
                0x0000000000000c68                DMA2_Channel2_IRQHandler
                0x0000000000000c6a                DMA2_Channel3_IRQHandler
                0x0000000000000c6c                DMA2_Channel4_IRQHandler
                0x0000000000000c6e                DMA2_Channel5_IRQHandler
                0x0000000000000c72                ETH_WKUP_IRQHandler
                0x0000000000000c74                CAN2_TX_IRQHandler
                0x0000000000000c76                CAN2_RX0_IRQHandler
                0x0000000000000c78                CAN2_RX1_IRQHandler
                0x0000000000000c7a                CAN2_SCE_IRQHandler
                0x0000000000000c7c                OTG_FS_IRQHandler
                0x0000000000000c7e                USBHSWakeup_IRQHandler
                0x0000000000000c80                USBHS_IRQHandler
                0x0000000000000c82                DVP_IRQHandler
                0x0000000000000c84                UART6_IRQHandler
                0x0000000000000c86                UART7_IRQHandler
                0x0000000000000c88                UART8_IRQHandler
                0x0000000000000c8a                TIM9_BRK_IRQHandler
                0x0000000000000c8c                TIM9_UP_IRQHandler
                0x0000000000000c8e                TIM9_TRG_COM_IRQHandler
                0x0000000000000c90                TIM9_CC_IRQHandler
                0x0000000000000c92                TIM10_BRK_IRQHandler
                0x0000000000000c94                TIM10_UP_IRQHandler
                0x0000000000000c96                TIM10_TRG_COM_IRQHandler
                0x0000000000000c98                TIM10_CC_IRQHandler
                0x0000000000000c9a                DMA2_Channel6_IRQHandler
                0x0000000000000c9c                DMA2_Channel7_IRQHandler
                0x0000000000000c9e                DMA2_Channel8_IRQHandler
                0x0000000000000ca0                DMA2_Channel9_IRQHandler
                0x0000000000000ca2                DMA2_Channel10_IRQHandler
                0x0000000000000ca4                DMA2_Channel11_IRQHandler
 .text.handle_reset
                0x0000000000000ca6       0x8e ./Startup/startup_ch32v30x_D8C.o
                0x0000000000000ca6                handle_reset
 .text.DBGMCU_GetCHIPID
                0x0000000000000d34        0xa ./Peripheral/src/ch32v30x_dbgmcu.o
                0x0000000000000d34                DBGMCU_GetCHIPID
 .text.ETH_DeInit
                0x0000000000000d3e       0x14 ./Peripheral/src/ch32v30x_eth.o
                0x0000000000000d3e                ETH_DeInit
 .text.ETH_StructInit
                0x0000000000000d52       0xd8 ./Peripheral/src/ch32v30x_eth.o
                0x0000000000000d52                ETH_StructInit
 .text.ETH_ReadPHYRegister
                0x0000000000000e2a       0x58 ./Peripheral/src/ch32v30x_eth.o
                0x0000000000000e2a                ETH_ReadPHYRegister
 .text.ETH_WritePHYRegister
                0x0000000000000e82       0x52 ./Peripheral/src/ch32v30x_eth.o
                0x0000000000000e82                ETH_WritePHYRegister
 .text.ETH_DMATxDescChainInit
                0x0000000000000ed4       0x42 ./Peripheral/src/ch32v30x_eth.o
                0x0000000000000ed4                ETH_DMATxDescChainInit
 .text.ETH_DMARxDescChainInit
                0x0000000000000f16       0x4c ./Peripheral/src/ch32v30x_eth.o
                0x0000000000000f16                ETH_DMARxDescChainInit
 .text.ETH_SoftwareReset
                0x0000000000000f62        0xe ./Peripheral/src/ch32v30x_eth.o
                0x0000000000000f62                ETH_SoftwareReset
 .text.ETH_DMAClearITPendingBit
                0x0000000000000f70        0x8 ./Peripheral/src/ch32v30x_eth.o
                0x0000000000000f70                ETH_DMAClearITPendingBit
 .text.ETH_FlushTransmitFIFO
                0x0000000000000f78       0x10 ./Peripheral/src/ch32v30x_eth.o
                0x0000000000000f78                ETH_FlushTransmitFIFO
 .text.ETH_Start
                0x0000000000000f88       0x32 ./Peripheral/src/ch32v30x_eth.o
                0x0000000000000f88                ETH_Start
 .text.ETH_DMAITConfig
                0x0000000000000fba       0x1e ./Peripheral/src/ch32v30x_eth.o
                0x0000000000000fba                ETH_DMAITConfig
 .text.EXTI_ClearITPendingBit
                0x0000000000000fd8        0xa ./Peripheral/src/ch32v30x_exti.o
                0x0000000000000fd8                EXTI_ClearITPendingBit
 .text.FLASH_Unlock
                0x0000000000000fe2       0x1a ./Peripheral/src/ch32v30x_flash.o
                0x0000000000000fe2                FLASH_Unlock
 .text.FLASH_Lock
                0x0000000000000ffc        0xe ./Peripheral/src/ch32v30x_flash.o
                0x0000000000000ffc                FLASH_Lock
 .text.FLASH_GetBank1Status
                0x000000000000100a       0x18 ./Peripheral/src/ch32v30x_flash.o
                0x000000000000100a                FLASH_GetBank1Status
 .text.FLASH_WaitForLastOperation
                0x0000000000001022       0x20 ./Peripheral/src/ch32v30x_flash.o
                0x0000000000001022                FLASH_WaitForLastOperation
 .text.FLASH_ProgramWord
                0x0000000000001042       0x4e ./Peripheral/src/ch32v30x_flash.o
                0x0000000000001042                FLASH_ProgramWord
 .text.FLASH_Unlock_Fast
                0x0000000000001090       0x1e ./Peripheral/src/ch32v30x_flash.o
                0x0000000000001090                FLASH_Unlock_Fast
 .text.FLASH_Lock_Fast
                0x00000000000010ae        0xe ./Peripheral/src/ch32v30x_flash.o
                0x00000000000010ae                FLASH_Lock_Fast
 .text.FLASH_ErasePage_Fast
                0x00000000000010bc       0x2e ./Peripheral/src/ch32v30x_flash.o
                0x00000000000010bc                FLASH_ErasePage_Fast
 .text.GPIO_Init
                0x00000000000010ea       0xc0 ./Peripheral/src/ch32v30x_gpio.o
                0x00000000000010ea                GPIO_Init
 .text.GPIO_ReadInputDataBit
                0x00000000000011aa        0xa ./Peripheral/src/ch32v30x_gpio.o
                0x00000000000011aa                GPIO_ReadInputDataBit
 .text.GPIO_SetBits
                0x00000000000011b4        0x4 ./Peripheral/src/ch32v30x_gpio.o
                0x00000000000011b4                GPIO_SetBits
 .text.GPIO_ResetBits
                0x00000000000011b8        0x4 ./Peripheral/src/ch32v30x_gpio.o
                0x00000000000011b8                GPIO_ResetBits
 .text.RCC_GetClocksFreq
                0x00000000000011bc      0x176 ./Peripheral/src/ch32v30x_rcc.o
                0x00000000000011bc                RCC_GetClocksFreq
 .text.RCC_AHBPeriphClockCmd
                0x0000000000001332       0x1e ./Peripheral/src/ch32v30x_rcc.o
                0x0000000000001332                RCC_AHBPeriphClockCmd
 .text.RCC_APB2PeriphClockCmd
                0x0000000000001350       0x1e ./Peripheral/src/ch32v30x_rcc.o
                0x0000000000001350                RCC_APB2PeriphClockCmd
 .text.RCC_APB1PeriphClockCmd
                0x000000000000136e       0x1e ./Peripheral/src/ch32v30x_rcc.o
                0x000000000000136e                RCC_APB1PeriphClockCmd
 .text.RCC_GetFlagStatus
                0x000000000000138c       0x2e ./Peripheral/src/ch32v30x_rcc.o
                0x000000000000138c                RCC_GetFlagStatus
 .text.RCC_PREDIV2Config
                0x00000000000013ba       0x10 ./Peripheral/src/ch32v30x_rcc.o
                0x00000000000013ba                RCC_PREDIV2Config
 .text.RCC_PLL3Config
                0x00000000000013ca       0x12 ./Peripheral/src/ch32v30x_rcc.o
                0x00000000000013ca                RCC_PLL3Config
 .text.RCC_PLL3Cmd
                0x00000000000013dc       0x24 ./Peripheral/src/ch32v30x_rcc.o
                0x00000000000013dc                RCC_PLL3Cmd
 .text.RCC_AHBPeriphResetCmd
                0x0000000000001400       0x1e ./Peripheral/src/ch32v30x_rcc.o
                0x0000000000001400                RCC_AHBPeriphResetCmd
 .text.TIM_TimeBaseInit
                0x000000000000141e       0xaa ./Peripheral/src/ch32v30x_tim.o
                0x000000000000141e                TIM_TimeBaseInit
 .text.TIM_Cmd  0x00000000000014c8       0x18 ./Peripheral/src/ch32v30x_tim.o
                0x00000000000014c8                TIM_Cmd
 .text.TIM_ITConfig
                0x00000000000014e0       0x12 ./Peripheral/src/ch32v30x_tim.o
                0x00000000000014e0                TIM_ITConfig
 .text.TIM_ClearITPendingBit
                0x00000000000014f2        0xc ./Peripheral/src/ch32v30x_tim.o
                0x00000000000014f2                TIM_ClearITPendingBit
 .text.USART_Init
                0x00000000000014fe       0xba ./Peripheral/src/ch32v30x_usart.o
                0x00000000000014fe                USART_Init
 .text.USART_Cmd
                0x00000000000015b8       0x16 ./Peripheral/src/ch32v30x_usart.o
                0x00000000000015b8                USART_Cmd
 .text.USART_SendData
                0x00000000000015ce        0x8 ./Peripheral/src/ch32v30x_usart.o
                0x00000000000015ce                USART_SendData
 .text.USART_GetFlagStatus
                0x00000000000015d6        0xa ./Peripheral/src/ch32v30x_usart.o
                0x00000000000015d6                USART_GetFlagStatus
 .text.ETH_TxPktChainMode
                0x00000000000015e0       0x4a ./NetLib/eth_driver.o
                0x00000000000015e0                ETH_TxPktChainMode
 .text.ETH_LedDataSet
                0x000000000000162a       0x1e ./NetLib/eth_driver.o
                0x000000000000162a                ETH_LedDataSet
 .text.ETH_LedLinkSet
                0x0000000000001648       0x1e ./NetLib/eth_driver.o
                0x0000000000001648                ETH_LedLinkSet
 .text.WCHNET_GetMacAddr
                0x0000000000001666       0x20 ./NetLib/eth_driver.o
                0x0000000000001666                WCHNET_GetMacAddr
 .text.WCHNET_TimeIsr
                0x0000000000001686        0xc ./NetLib/eth_driver.o
                0x0000000000001686                WCHNET_TimeIsr
 .text.WCHNET_LinkProcess
                0x0000000000001692      0x1a8 ./NetLib/eth_driver.o
                0x0000000000001692                WCHNET_LinkProcess
 .text.WCHNET_HandlePhyNegotiation
                0x000000000000183a       0x2c ./NetLib/eth_driver.o
                0x000000000000183a                WCHNET_HandlePhyNegotiation
 .text.WCHNET_MainTask
                0x0000000000001866       0x12 ./NetLib/eth_driver.o
                0x0000000000001866                WCHNET_MainTask
 .text.ETH_LedConfiguration
                0x0000000000001878       0x44 ./NetLib/eth_driver.o
                0x0000000000001878                ETH_LedConfiguration
 .text.ETH_SetClock
                0x00000000000018bc       0x2a ./NetLib/eth_driver.o
                0x00000000000018bc                ETH_SetClock
 .text.ETH_PHYLink
                0x00000000000018e6      0x10c ./NetLib/eth_driver.o
                0x00000000000018e6                ETH_PHYLink
 .text.ETH_RegInit
                0x00000000000019f2      0x11a ./NetLib/eth_driver.o
                0x00000000000019f2                ETH_RegInit
 .text.ETH_Configuration
                0x0000000000001b0c       0xc4 ./NetLib/eth_driver.o
                0x0000000000001b0c                ETH_Configuration
 .text.WCHNET_ETHIsr
                0x0000000000001bd0       0x7e ./NetLib/eth_driver.o
                0x0000000000001bd0                WCHNET_ETHIsr
 .text.ETH_Init
                0x0000000000001c4e       0x60 ./NetLib/eth_driver.o
                0x0000000000001c4e                ETH_Init
 .text.ETH_LibInit
                0x0000000000001cae       0x82 ./NetLib/eth_driver.o
                0x0000000000001cae                ETH_LibInit
 .text.ParseHttpRequest
                0x0000000000001d30       0x7c ./HTTP/HTTPS.o
                0x0000000000001d30                ParseHttpRequest
 .text.GetURLName
                0x0000000000001dac       0x42 ./HTTP/HTTPS.o
                0x0000000000001dac                GetURLName
 .text.ParseURLType
                0x0000000000001dee       0x6c ./HTTP/HTTPS.o
                0x0000000000001dee                ParseURLType
 .text.MakeHttpResponse
                0x0000000000001e5a       0x4e ./HTTP/HTTPS.o
                0x0000000000001e5a                MakeHttpResponse
 .text.DataLocate
                0x0000000000001ea8       0x1c ./HTTP/HTTPS.o
                0x0000000000001ea8                DataLocate
 .text.Para_DataLocate
                0x0000000000001ec4       0x1a ./HTTP/HTTPS.o
                0x0000000000001ec4                Para_DataLocate
 .text.Refresh_Html
                0x0000000000001ede       0xbc ./HTTP/HTTPS.o
                0x0000000000001ede                Refresh_Html
 .text.copy_flash
                0x0000000000001f9a       0x28 ./HTTP/HTTPS.o
                0x0000000000001f9a                copy_flash
 .text.WEB_ERASE
                0x0000000000001fc2       0x2a ./HTTP/HTTPS.o
                0x0000000000001fc2                WEB_ERASE
 .text.WEB_WRITE
                0x0000000000001fec       0x40 ./HTTP/HTTPS.o
                0x0000000000001fec                WEB_WRITE
 .text.Refresh_Basic
                0x000000000000202c      0x206 ./HTTP/HTTPS.o
                0x000000000000202c                Refresh_Basic
 .text.Refresh_Port
                0x0000000000002232      0x208 ./HTTP/HTTPS.o
                0x0000000000002232                Refresh_Port
 .text.Refresh_Login
                0x000000000000243a       0xaa ./HTTP/HTTPS.o
                0x000000000000243a                Refresh_Login
 .text.WEB_READ
                0x00000000000024e4       0x18 ./HTTP/HTTPS.o
                0x00000000000024e4                WEB_READ
 .text.Init_Para_Tab
                0x00000000000024fc      0x23a ./HTTP/HTTPS.o
                0x00000000000024fc                Init_Para_Tab
 .text.Web_Server
                0x0000000000002736      0x380 ./HTTP/HTTPS.o
                0x0000000000002736                Web_Server
 .text.Delay_Init
                0x0000000000002ab6       0x2a ./Debug/debug.o
                0x0000000000002ab6                Delay_Init
 .text.Delay_Us
                0x0000000000002ae0       0x36 ./Debug/debug.o
                0x0000000000002ae0                Delay_Us
 .text.Delay_Ms
                0x0000000000002b16       0x36 ./Debug/debug.o
                0x0000000000002b16                Delay_Ms
 .text.USART_Printf_Init
                0x0000000000002b4c       0x5a ./Debug/debug.o
                0x0000000000002b4c                USART_Printf_Init
 .text._write   0x0000000000002ba6       0x3e ./Debug/debug.o
                0x0000000000002ba6                _write
 .text._sbrk    0x0000000000002be4       0x2a ./Debug/debug.o
                0x0000000000002be4                _sbrk
 .text.__get_MEPC
                0x0000000000002c0e        0x6 ./Core/core_riscv.o
                0x0000000000002c0e                __get_MEPC
 .text.__get_MCAUSE
                0x0000000000002c14        0x6 ./Core/core_riscv.o
                0x0000000000002c14                __get_MCAUSE
 .text.__get_MTVAL
                0x0000000000002c1a        0x6 ./Core/core_riscv.o
                0x0000000000002c1a                __get_MTVAL
 .text.WCHNET_PeriodicHandle
                0x0000000000002c20      0x19a E:\VSCode\ArduinoProjects\Datasheets\CH32\CH32V307\CH32V307_EVT\Examples\ETH\NetLib\libwchnet.a(eth_api.o)
                0x0000000000002c20                WCHNET_PeriodicHandle
 .text.WCHNET_NetInput
                0x0000000000002dba       0x20 E:\VSCode\ArduinoProjects\Datasheets\CH32\CH32V307\CH32V307_EVT\Examples\ETH\NetLib\libwchnet.a(eth_api.o)
                0x0000000000002dba                WCHNET_NetInput
 .text.WCHNET_PhyStatus
                0x0000000000002dda       0x4e E:\VSCode\ArduinoProjects\Datasheets\CH32\CH32V307\CH32V307_EVT\Examples\ETH\NetLib\libwchnet.a(eth_api.o)
                0x0000000000002dda                WCHNET_PhyStatus
 .text.WCHNET_Rx
                0x0000000000002e28       0x66 E:\VSCode\ArduinoProjects\Datasheets\CH32\CH32V307\CH32V307_EVT\Examples\ETH\NetLib\libwchnet.a(eth_api.o)
                0x0000000000002e28                WCHNET_Rx
 .text.setRxBuffAddr
                0x0000000000002e8e       0x12 E:\VSCode\ArduinoProjects\Datasheets\CH32\CH32V307\CH32V307_EVT\Examples\ETH\NetLib\libwchnet.a(eth_api.o)
                0x0000000000002e8e                setRxBuffAddr
 .text.WCHNET_Tx
                0x0000000000002ea0       0x32 E:\VSCode\ArduinoProjects\Datasheets\CH32\CH32V307\CH32V307_EVT\Examples\ETH\NetLib\libwchnet.a(eth_api.o)
                0x0000000000002ea0                WCHNET_Tx
 .text.getTxBuffAddr
                0x0000000000002ed2       0x4c E:\VSCode\ArduinoProjects\Datasheets\CH32\CH32V307\CH32V307_EVT\Examples\ETH\NetLib\libwchnet.a(eth_api.o)
                0x0000000000002ed2                getTxBuffAddr
 .text.IPCheckParaInit
                0x0000000000002f1e       0x1e E:\VSCode\ArduinoProjects\Datasheets\CH32\CH32V307\CH32V307_EVT\Examples\ETH\NetLib\libwchnet.a(ipcheck.o)
                0x0000000000002f1e                IPCheckParaInit
 .text.SelIPARPSend
                0x0000000000002f3c       0x38 E:\VSCode\ArduinoProjects\Datasheets\CH32\CH32V307\CH32V307_EVT\Examples\ETH\NetLib\libwchnet.a(ipcheck.o)
                0x0000000000002f3c                SelIPARPSend
 .text.IPCheckTmr
                0x0000000000002f74       0x42 E:\VSCode\ArduinoProjects\Datasheets\CH32\CH32V307\CH32V307_EVT\Examples\ETH\NetLib\libwchnet.a(ipcheck.o)
                0x0000000000002f74                IPCheckTmr
 .text.IPConflictHandle
                0x0000000000002fb6       0x2e E:\VSCode\ArduinoProjects\Datasheets\CH32\CH32V307\CH32V307_EVT\Examples\ETH\NetLib\libwchnet.a(ipcheck.o)
                0x0000000000002fb6                IPConflictHandle
 .text.NET_TCPError
                0x0000000000002fe4        0x2 E:\VSCode\ArduinoProjects\Datasheets\CH32\CH32V307\CH32V307_EVT\Examples\ETH\NetLib\libwchnet.a(socket.o)
                0x0000000000002fe4                NET_TCPError
 .text.LwipTCPSendCallBack
                0x0000000000002fe6       0x3e E:\VSCode\ArduinoProjects\Datasheets\CH32\CH32V307\CH32V307_EVT\Examples\ETH\NetLib\libwchnet.a(socket.o)
                0x0000000000002fe6                LwipTCPSendCallBack
 .text.LwipTCPPollCallBack
                0x0000000000003024        0x4 E:\VSCode\ArduinoProjects\Datasheets\CH32\CH32V307\CH32V307_EVT\Examples\ETH\NetLib\libwchnet.a(socket.o)
                0x0000000000003024                LwipTCPPollCallBack
 .text.SocketIPRAWReceive
                0x0000000000003028       0xc0 E:\VSCode\ArduinoProjects\Datasheets\CH32\CH32V307\CH32V307_EVT\Examples\ETH\NetLib\libwchnet.a(socket.o)
                0x0000000000003028                SocketIPRAWReceive
 .text.SocketUdpReceive
                0x00000000000030e8       0xd6 E:\VSCode\ArduinoProjects\Datasheets\CH32\CH32V307\CH32V307_EVT\Examples\ETH\NetLib\libwchnet.a(socket.o)
                0x00000000000030e8                SocketUdpReceive
 .text.WCHSocketTCPReceive
                0x00000000000031be       0xd2 E:\VSCode\ArduinoProjects\Datasheets\CH32\CH32V307\CH32V307_EVT\Examples\ETH\NetLib\libwchnet.a(socket.o)
                0x00000000000031be                WCHSocketTCPReceive
 .text.LwipTcpConnectedCallBack
                0x0000000000003290       0x42 E:\VSCode\ArduinoProjects\Datasheets\CH32\CH32V307\CH32V307_EVT\Examples\ETH\NetLib\libwchnet.a(socket.o)
                0x0000000000003290                LwipTcpConnectedCallBack
 .text.WCHTCPServerAccept
                0x00000000000032d2       0xc6 E:\VSCode\ArduinoProjects\Datasheets\CH32\CH32V307\CH32V307_EVT\Examples\ETH\NetLib\libwchnet.a(socket.o)
                0x00000000000032d2                WCHTCPServerAccept
 .text.ErrorEncode
                0x0000000000003398       0x1a E:\VSCode\ArduinoProjects\Datasheets\CH32\CH32V307\CH32V307_EVT\Examples\ETH\NetLib\libwchnet.a(socket.o)
                0x0000000000003398                ErrorEncode
 .text.WCHSocketInit
                0x00000000000033b2       0x4c E:\VSCode\ArduinoProjects\Datasheets\CH32\CH32V307\CH32V307_EVT\Examples\ETH\NetLib\libwchnet.a(socket.o)
                0x00000000000033b2                WCHSocketInit
 .text.WCHNET_Init
                0x00000000000033fe       0xac E:\VSCode\ArduinoProjects\Datasheets\CH32\CH32V307\CH32V307_EVT\Examples\ETH\NetLib\libwchnet.a(socket.o)
                0x00000000000033fe                WCHNET_Init
 .text.WCHNET_ConfigLIB
                0x00000000000034aa      0x120 E:\VSCode\ArduinoProjects\Datasheets\CH32\CH32V307\CH32V307_EVT\Examples\ETH\NetLib\libwchnet.a(socket.o)
                0x00000000000034aa                WCHNET_ConfigLIB
 .text.WCHNET_GetVer
                0x00000000000035ca        0x4 E:\VSCode\ArduinoProjects\Datasheets\CH32\CH32V307\CH32V307_EVT\Examples\ETH\NetLib\libwchnet.a(socket.o)
                0x00000000000035ca                WCHNET_GetVer
 .text.WCHFindCorrectTCBPcb
                0x00000000000035ce       0x5e E:\VSCode\ArduinoProjects\Datasheets\CH32\CH32V307\CH32V307_EVT\Examples\ETH\NetLib\libwchnet.a(socket.o)
                0x00000000000035ce                WCHFindCorrectTCBPcb
 .text.WCHNET_SocketCreat
                0x000000000000362c      0x1d2 E:\VSCode\ArduinoProjects\Datasheets\CH32\CH32V307\CH32V307_EVT\Examples\ETH\NetLib\libwchnet.a(socket.o)
                0x000000000000362c                WCHNET_SocketCreat
 .text.tcp_recved_socket
                0x00000000000037fe       0x36 E:\VSCode\ArduinoProjects\Datasheets\CH32\CH32V307\CH32V307_EVT\Examples\ETH\NetLib\libwchnet.a(socket.o)
                0x00000000000037fe                tcp_recved_socket
 .text.WCHNET_ModifyRecvBuf
                0x0000000000003834       0x52 E:\VSCode\ArduinoProjects\Datasheets\CH32\CH32V307\CH32V307_EVT\Examples\ETH\NetLib\libwchnet.a(socket.o)
                0x0000000000003834                WCHNET_ModifyRecvBuf
 .text.WCHNET_SocketRecv
                0x0000000000003886       0xf4 E:\VSCode\ArduinoProjects\Datasheets\CH32\CH32V307\CH32V307_EVT\Examples\ETH\NetLib\libwchnet.a(socket.o)
                0x0000000000003886                WCHNET_SocketRecv
 .text.WCHNET_SocketRecvLen
                0x000000000000397a       0x26 E:\VSCode\ArduinoProjects\Datasheets\CH32\CH32V307\CH32V307_EVT\Examples\ETH\NetLib\libwchnet.a(socket.o)
                0x000000000000397a                WCHNET_SocketRecvLen
 .text.SocketIPRawSend
                0x00000000000039a0       0xbe E:\VSCode\ArduinoProjects\Datasheets\CH32\CH32V307\CH32V307_EVT\Examples\ETH\NetLib\libwchnet.a(socket.o)
                0x00000000000039a0                SocketIPRawSend
 .text.SocketUdpSend
                0x0000000000003a5e       0xbe E:\VSCode\ArduinoProjects\Datasheets\CH32\CH32V307\CH32V307_EVT\Examples\ETH\NetLib\libwchnet.a(socket.o)
                0x0000000000003a5e                SocketUdpSend
 .text.SocketTcpSend
                0x0000000000003b1c      0x100 E:\VSCode\ArduinoProjects\Datasheets\CH32\CH32V307\CH32V307_EVT\Examples\ETH\NetLib\libwchnet.a(socket.o)
                0x0000000000003b1c                SocketTcpSend
 .text.WCHNET_SocketSend
                0x0000000000003c1c       0x56 E:\VSCode\ArduinoProjects\Datasheets\CH32\CH32V307\CH32V307_EVT\Examples\ETH\NetLib\libwchnet.a(socket.o)
                0x0000000000003c1c                WCHNET_SocketSend
 .text.WCHScokedIntHandle
                0x0000000000003c72       0x52 E:\VSCode\ArduinoProjects\Datasheets\CH32\CH32V307\CH32V307_EVT\Examples\ETH\NetLib\libwchnet.a(socket.o)
                0x0000000000003c72                WCHScokedIntHandle
 .text.LwipRemoveTcpPcb
                0x0000000000003cc4       0xa6 E:\VSCode\ArduinoProjects\Datasheets\CH32\CH32V307\CH32V307_EVT\Examples\ETH\NetLib\libwchnet.a(socket.o)
                0x0000000000003cc4                LwipRemoveTcpPcb
 .text.WCHNET_QueryGlobalInt
                0x0000000000003d6a       0x3e E:\VSCode\ArduinoProjects\Datasheets\CH32\CH32V307\CH32V307_EVT\Examples\ETH\NetLib\libwchnet.a(socket.o)
                0x0000000000003d6a                WCHNET_QueryGlobalInt
 .text.WCHNET_GetGlobalInt
                0x0000000000003da8       0x14 E:\VSCode\ArduinoProjects\Datasheets\CH32\CH32V307\CH32V307_EVT\Examples\ETH\NetLib\libwchnet.a(socket.o)
                0x0000000000003da8                WCHNET_GetGlobalInt
 .text.WCHNET_GetSocketInt
                0x0000000000003dbc       0x2a E:\VSCode\ArduinoProjects\Datasheets\CH32\CH32V307\CH32V307_EVT\Examples\ETH\NetLib\libwchnet.a(socket.o)
                0x0000000000003dbc                WCHNET_GetSocketInt
 .text.WCHNET_GetPHYStatus
                0x0000000000003de6        0xa E:\VSCode\ArduinoProjects\Datasheets\CH32\CH32V307\CH32V307_EVT\Examples\ETH\NetLib\libwchnet.a(socket.o)
                0x0000000000003de6                WCHNET_GetPHYStatus
 .text.WCHNET_SocketConnect
                0x0000000000003df0       0x6c E:\VSCode\ArduinoProjects\Datasheets\CH32\CH32V307\CH32V307_EVT\Examples\ETH\NetLib\libwchnet.a(socket.o)
                0x0000000000003df0                WCHNET_SocketConnect
 .text.WCHNET_SocketListen
                0x0000000000003e5c       0x6e E:\VSCode\ArduinoProjects\Datasheets\CH32\CH32V307\CH32V307_EVT\Examples\ETH\NetLib\libwchnet.a(socket.o)
                0x0000000000003e5c                WCHNET_SocketListen
 .text.CloseUpdConnect
                0x0000000000003eca       0x38 E:\VSCode\ArduinoProjects\Datasheets\CH32\CH32V307\CH32V307_EVT\Examples\ETH\NetLib\libwchnet.a(socket.o)
                0x0000000000003eca                CloseUpdConnect
 .text.CloseIPRAWConnect
                0x0000000000003f02       0x38 E:\VSCode\ArduinoProjects\Datasheets\CH32\CH32V307\CH32V307_EVT\Examples\ETH\NetLib\libwchnet.a(socket.o)
                0x0000000000003f02                CloseIPRAWConnect
 .text.CloseTcpPCB
                0x0000000000003f3a       0x7c E:\VSCode\ArduinoProjects\Datasheets\CH32\CH32V307\CH32V307_EVT\Examples\ETH\NetLib\libwchnet.a(socket.o)
                0x0000000000003f3a                CloseTcpPCB
 .text.WCHNET_SocketClose
                0x0000000000003fb6       0x60 E:\VSCode\ArduinoProjects\Datasheets\CH32\CH32V307\CH32V307_EVT\Examples\ETH\NetLib\libwchnet.a(socket.o)
                0x0000000000003fb6                WCHNET_SocketClose
 .text.QueryPingEnable
                0x0000000000004016        0xe E:\VSCode\ArduinoProjects\Datasheets\CH32\CH32V307\CH32V307_EVT\Examples\ETH\NetLib\libwchnet.a(socket.o)
                0x0000000000004016                QueryPingEnable
 .text.LwipUnreachPort
                0x0000000000004024       0x1a E:\VSCode\ArduinoProjects\Datasheets\CH32\CH32V307\CH32V307_EVT\Examples\ETH\NetLib\libwchnet.a(socket.o)
                0x0000000000004024                LwipUnreachPort
 .text.LwipArpCheck
                0x000000000000403e        0xc E:\VSCode\ArduinoProjects\Datasheets\CH32\CH32V307\CH32V307_EVT\Examples\ETH\NetLib\libwchnet.a(socket.o)
                0x000000000000403e                LwipArpCheck
 .text.find_entry
                0x000000000000404a      0x17e E:\VSCode\ArduinoProjects\Datasheets\CH32\CH32V307\CH32V307_EVT\Examples\ETH\NetLib\libwchnet.a(etharp.o)
 .text.update_arp_entry
                0x00000000000041c8       0xae E:\VSCode\ArduinoProjects\Datasheets\CH32\CH32V307\CH32V307_EVT\Examples\ETH\NetLib\libwchnet.a(etharp.o)
 .text.etharp_tmr
                0x0000000000004276       0x4e E:\VSCode\ArduinoProjects\Datasheets\CH32\CH32V307\CH32V307_EVT\Examples\ETH\NetLib\libwchnet.a(etharp.o)
                0x0000000000004276                etharp_tmr
 .text.etharp_ip_input
                0x00000000000042c4       0x5a E:\VSCode\ArduinoProjects\Datasheets\CH32\CH32V307\CH32V307_EVT\Examples\ETH\NetLib\libwchnet.a(etharp.o)
                0x00000000000042c4                etharp_ip_input
 .text.etharp_arp_input
                0x000000000000431e      0x168 E:\VSCode\ArduinoProjects\Datasheets\CH32\CH32V307\CH32V307_EVT\Examples\ETH\NetLib\libwchnet.a(etharp.o)
                0x000000000000431e                etharp_arp_input
 .text.etharp_request
                0x0000000000004486       0xce E:\VSCode\ArduinoProjects\Datasheets\CH32\CH32V307\CH32V307_EVT\Examples\ETH\NetLib\libwchnet.a(etharp.o)
                0x0000000000004486                etharp_request
 .text.etharp_query
                0x0000000000004554       0xe2 E:\VSCode\ArduinoProjects\Datasheets\CH32\CH32V307\CH32V307_EVT\Examples\ETH\NetLib\libwchnet.a(etharp.o)
                0x0000000000004554                etharp_query
 .text.etharp_output
                0x0000000000004636      0x134 E:\VSCode\ArduinoProjects\Datasheets\CH32\CH32V307\CH32V307_EVT\Examples\ETH\NetLib\libwchnet.a(etharp.o)
                0x0000000000004636                etharp_output
 .text.ethernet_input
                0x000000000000476a       0x86 E:\VSCode\ArduinoProjects\Datasheets\CH32\CH32V307\CH32V307_EVT\Examples\ETH\NetLib\libwchnet.a(etharp.o)
                0x000000000000476a                ethernet_input
 .text.ethernetif_init
                0x00000000000047f0       0x64 E:\VSCode\ArduinoProjects\Datasheets\CH32\CH32V307\CH32V307_EVT\Examples\ETH\NetLib\libwchnet.a(ethernetif.o)
                0x00000000000047f0                ethernetif_init
 .text.low_level_output
                0x0000000000004854       0x52 E:\VSCode\ArduinoProjects\Datasheets\CH32\CH32V307\CH32V307_EVT\Examples\ETH\NetLib\libwchnet.a(ethernetif.o)
 .text.ethernetif_input
                0x00000000000048a6       0x70 E:\VSCode\ArduinoProjects\Datasheets\CH32\CH32V307\CH32V307_EVT\Examples\ETH\NetLib\libwchnet.a(ethernetif.o)
                0x00000000000048a6                ethernetif_input
 .text.wch_ethernetif_init
                0x0000000000004916       0x76 E:\VSCode\ArduinoProjects\Datasheets\CH32\CH32V307\CH32V307_EVT\Examples\ETH\NetLib\libwchnet.a(ethernetif.o)
                0x0000000000004916                wch_ethernetif_init
 .text.htons    0x000000000000498c        0xe E:\VSCode\ArduinoProjects\Datasheets\CH32\CH32V307\CH32V307_EVT\Examples\ETH\NetLib\libwchnet.a(inet.o)
                0x000000000000498c                htons
 .text.ntohs    0x000000000000499a        0xe E:\VSCode\ArduinoProjects\Datasheets\CH32\CH32V307\CH32V307_EVT\Examples\ETH\NetLib\libwchnet.a(inet.o)
                0x000000000000499a                ntohs
 .text.htonl    0x00000000000049a8       0x24 E:\VSCode\ArduinoProjects\Datasheets\CH32\CH32V307\CH32V307_EVT\Examples\ETH\NetLib\libwchnet.a(inet.o)
                0x00000000000049a8                htonl
 .text.ntohl    0x00000000000049cc        0xc E:\VSCode\ArduinoProjects\Datasheets\CH32\CH32V307\CH32V307_EVT\Examples\ETH\NetLib\libwchnet.a(inet.o)
                0x00000000000049cc                ntohl
 .text.ip_route
                0x00000000000049d8       0x4c E:\VSCode\ArduinoProjects\Datasheets\CH32\CH32V307\CH32V307_EVT\Examples\ETH\NetLib\libwchnet.a(ip.o)
                0x00000000000049d8                ip_route
 .text.ip_input
                0x0000000000004a24      0x29a E:\VSCode\ArduinoProjects\Datasheets\CH32\CH32V307\CH32V307_EVT\Examples\ETH\NetLib\libwchnet.a(ip.o)
                0x0000000000004a24                ip_input
 .text.ip_output_if
                0x0000000000004cbe      0x15a E:\VSCode\ArduinoProjects\Datasheets\CH32\CH32V307\CH32V307_EVT\Examples\ETH\NetLib\libwchnet.a(ip.o)
                0x0000000000004cbe                ip_output_if
 .text.ip_output
                0x0000000000004e18       0x36 E:\VSCode\ArduinoProjects\Datasheets\CH32\CH32V307\CH32V307_EVT\Examples\ETH\NetLib\libwchnet.a(ip.o)
                0x0000000000004e18                ip_output
 .text.ip_addr_isbroadcast
                0x0000000000004e4e       0x4a E:\VSCode\ArduinoProjects\Datasheets\CH32\CH32V307\CH32V307_EVT\Examples\ETH\NetLib\libwchnet.a(ip_addr.o)
                0x0000000000004e4e                ip_addr_isbroadcast
 .text.ip_reass_tmr
                0x0000000000004e98       0xe6 E:\VSCode\ArduinoProjects\Datasheets\CH32\CH32V307\CH32V307_EVT\Examples\ETH\NetLib\libwchnet.a(ip_frag.o)
                0x0000000000004e98                ip_reass_tmr
 .text.ip_reass
                0x0000000000004f7e      0x3dc E:\VSCode\ArduinoProjects\Datasheets\CH32\CH32V307\CH32V307_EVT\Examples\ETH\NetLib\libwchnet.a(ip_frag.o)
                0x0000000000004f7e                ip_reass
 .text.ip_frag  0x000000000000535a      0x17e E:\VSCode\ArduinoProjects\Datasheets\CH32\CH32V307\CH32V307_EVT\Examples\ETH\NetLib\libwchnet.a(ip_frag.o)
                0x000000000000535a                ip_frag
 .text.dhcp_set_state
                0x00000000000054d8        0xe E:\VSCode\ArduinoProjects\Datasheets\CH32\CH32V307\CH32V307_EVT\Examples\ETH\NetLib\libwchnet.a(dhcp.o)
 .text.dhcp_option
                0x00000000000054e6       0x20 E:\VSCode\ArduinoProjects\Datasheets\CH32\CH32V307\CH32V307_EVT\Examples\ETH\NetLib\libwchnet.a(dhcp.o)
 .text.dhcp_option_byte
                0x0000000000005506       0x12 E:\VSCode\ArduinoProjects\Datasheets\CH32\CH32V307\CH32V307_EVT\Examples\ETH\NetLib\libwchnet.a(dhcp.o)
 .text.dhcp_option_long
                0x0000000000005518       0x48 E:\VSCode\ArduinoProjects\Datasheets\CH32\CH32V307\CH32V307_EVT\Examples\ETH\NetLib\libwchnet.a(dhcp.o)
 .text.dhcp_option_trailer
                0x0000000000005560       0x34 E:\VSCode\ArduinoProjects\Datasheets\CH32\CH32V307\CH32V307_EVT\Examples\ETH\NetLib\libwchnet.a(dhcp.o)
 .text.dhcp_create_request
                0x0000000000005594      0x17e E:\VSCode\ArduinoProjects\Datasheets\CH32\CH32V307\CH32V307_EVT\Examples\ETH\NetLib\libwchnet.a(dhcp.o)
 .text.dhcp_delete_request
                0x0000000000005712       0x1e E:\VSCode\ArduinoProjects\Datasheets\CH32\CH32V307\CH32V307_EVT\Examples\ETH\NetLib\libwchnet.a(dhcp.o)
 .text.dhcp_arp_reply
                0x0000000000005730      0x182 E:\VSCode\ArduinoProjects\Datasheets\CH32\CH32V307\CH32V307_EVT\Examples\ETH\NetLib\libwchnet.a(dhcp.o)
                0x0000000000005730                dhcp_arp_reply
 .text.lwip_init
                0x00000000000058b2       0x18 E:\VSCode\ArduinoProjects\Datasheets\CH32\CH32V307\CH32V307_EVT\Examples\ETH\NetLib\libwchnet.a(init.o)
                0x00000000000058b2                lwip_init
 .text.mem_init
                0x00000000000058ca       0x3e E:\VSCode\ArduinoProjects\Datasheets\CH32\CH32V307\CH32V307_EVT\Examples\ETH\NetLib\libwchnet.a(mem.o)
                0x00000000000058ca                mem_init
 .text.mem_free
                0x0000000000005908       0x84 E:\VSCode\ArduinoProjects\Datasheets\CH32\CH32V307\CH32V307_EVT\Examples\ETH\NetLib\libwchnet.a(mem.o)
                0x0000000000005908                mem_free
 .text.mem_realloc
                0x000000000000598c       0xca E:\VSCode\ArduinoProjects\Datasheets\CH32\CH32V307\CH32V307_EVT\Examples\ETH\NetLib\libwchnet.a(mem.o)
                0x000000000000598c                mem_realloc
 .text.mem_malloc
                0x0000000000005a56       0xd0 E:\VSCode\ArduinoProjects\Datasheets\CH32\CH32V307\CH32V307_EVT\Examples\ETH\NetLib\libwchnet.a(mem.o)
                0x0000000000005a56                mem_malloc
 .text.memp_init
                0x0000000000005b26       0x50 E:\VSCode\ArduinoProjects\Datasheets\CH32\CH32V307\CH32V307_EVT\Examples\ETH\NetLib\libwchnet.a(memp.o)
                0x0000000000005b26                memp_init
 .text.memp_malloc
                0x0000000000005b76       0x20 E:\VSCode\ArduinoProjects\Datasheets\CH32\CH32V307\CH32V307_EVT\Examples\ETH\NetLib\libwchnet.a(memp.o)
                0x0000000000005b76                memp_malloc
 .text.memp_free
                0x0000000000005b96       0x18 E:\VSCode\ArduinoProjects\Datasheets\CH32\CH32V307\CH32V307_EVT\Examples\ETH\NetLib\libwchnet.a(memp.o)
                0x0000000000005b96                memp_free
 .text.netif_set_ipaddr
                0x0000000000005bae       0x96 E:\VSCode\ArduinoProjects\Datasheets\CH32\CH32V307\CH32V307_EVT\Examples\ETH\NetLib\libwchnet.a(netif.o)
                0x0000000000005bae                netif_set_ipaddr
 .text.netif_set_addr
                0x0000000000005c44       0x4e E:\VSCode\ArduinoProjects\Datasheets\CH32\CH32V307\CH32V307_EVT\Examples\ETH\NetLib\libwchnet.a(netif.o)
                0x0000000000005c44                netif_set_addr
 .text.netif_add
                0x0000000000005c92       0x5a E:\VSCode\ArduinoProjects\Datasheets\CH32\CH32V307\CH32V307_EVT\Examples\ETH\NetLib\libwchnet.a(netif.o)
                0x0000000000005c92                netif_add
 .text.netif_set_default
                0x0000000000005cec        0x6 E:\VSCode\ArduinoProjects\Datasheets\CH32\CH32V307\CH32V307_EVT\Examples\ETH\NetLib\libwchnet.a(netif.o)
                0x0000000000005cec                netif_set_default
 .text.netif_is_up
                0x0000000000005cf2        0x8 E:\VSCode\ArduinoProjects\Datasheets\CH32\CH32V307\CH32V307_EVT\Examples\ETH\NetLib\libwchnet.a(netif.o)
                0x0000000000005cf2                netif_is_up
 .text.pbuf_header
                0x0000000000005cfa       0x6e E:\VSCode\ArduinoProjects\Datasheets\CH32\CH32V307\CH32V307_EVT\Examples\ETH\NetLib\libwchnet.a(pbuf.o)
                0x0000000000005cfa                pbuf_header
 .text.pbuf_free
                0x0000000000005d68       0x4e E:\VSCode\ArduinoProjects\Datasheets\CH32\CH32V307\CH32V307_EVT\Examples\ETH\NetLib\libwchnet.a(pbuf.o)
                0x0000000000005d68                pbuf_free
 .text.pbuf_alloc
                0x0000000000005db6      0x140 E:\VSCode\ArduinoProjects\Datasheets\CH32\CH32V307\CH32V307_EVT\Examples\ETH\NetLib\libwchnet.a(pbuf.o)
                0x0000000000005db6                pbuf_alloc
 .text.pbuf_realloc
                0x0000000000005ef6       0x58 E:\VSCode\ArduinoProjects\Datasheets\CH32\CH32V307\CH32V307_EVT\Examples\ETH\NetLib\libwchnet.a(pbuf.o)
                0x0000000000005ef6                pbuf_realloc
 .text.pbuf_clen
                0x0000000000005f4e       0x12 E:\VSCode\ArduinoProjects\Datasheets\CH32\CH32V307\CH32V307_EVT\Examples\ETH\NetLib\libwchnet.a(pbuf.o)
                0x0000000000005f4e                pbuf_clen
 .text.pbuf_ref
                0x0000000000005f60        0xa E:\VSCode\ArduinoProjects\Datasheets\CH32\CH32V307\CH32V307_EVT\Examples\ETH\NetLib\libwchnet.a(pbuf.o)
                0x0000000000005f60                pbuf_ref
 .text.pbuf_cat
                0x0000000000005f6a       0x1c E:\VSCode\ArduinoProjects\Datasheets\CH32\CH32V307\CH32V307_EVT\Examples\ETH\NetLib\libwchnet.a(pbuf.o)
                0x0000000000005f6a                pbuf_cat
 .text.pbuf_chain
                0x0000000000005f86       0x14 E:\VSCode\ArduinoProjects\Datasheets\CH32\CH32V307\CH32V307_EVT\Examples\ETH\NetLib\libwchnet.a(pbuf.o)
                0x0000000000005f86                pbuf_chain
 .text.pbuf_copy
                0x0000000000005f9a       0x9c E:\VSCode\ArduinoProjects\Datasheets\CH32\CH32V307\CH32V307_EVT\Examples\ETH\NetLib\libwchnet.a(pbuf.o)
                0x0000000000005f9a                pbuf_copy
 .text.raw_input
                0x0000000000006036       0x68 E:\VSCode\ArduinoProjects\Datasheets\CH32\CH32V307\CH32V307_EVT\Examples\ETH\NetLib\libwchnet.a(raw.o)
                0x0000000000006036                raw_input
 .text.raw_bind
                0x000000000000609e       0x1e E:\VSCode\ArduinoProjects\Datasheets\CH32\CH32V307\CH32V307_EVT\Examples\ETH\NetLib\libwchnet.a(raw.o)
                0x000000000000609e                raw_bind
 .text.raw_connect
                0x00000000000060bc       0x1e E:\VSCode\ArduinoProjects\Datasheets\CH32\CH32V307\CH32V307_EVT\Examples\ETH\NetLib\libwchnet.a(raw.o)
                0x00000000000060bc                raw_connect
 .text.raw_recv
                0x00000000000060da        0x6 E:\VSCode\ArduinoProjects\Datasheets\CH32\CH32V307\CH32V307_EVT\Examples\ETH\NetLib\libwchnet.a(raw.o)
                0x00000000000060da                raw_recv
 .text.raw_sendto
                0x00000000000060e0       0x7e E:\VSCode\ArduinoProjects\Datasheets\CH32\CH32V307\CH32V307_EVT\Examples\ETH\NetLib\libwchnet.a(raw.o)
                0x00000000000060e0                raw_sendto
 .text.raw_send
                0x000000000000615e       0x10 E:\VSCode\ArduinoProjects\Datasheets\CH32\CH32V307\CH32V307_EVT\Examples\ETH\NetLib\libwchnet.a(raw.o)
                0x000000000000615e                raw_send
 .text.raw_remove
                0x000000000000616e       0x30 E:\VSCode\ArduinoProjects\Datasheets\CH32\CH32V307\CH32V307_EVT\Examples\ETH\NetLib\libwchnet.a(raw.o)
                0x000000000000616e                raw_remove
 .text.raw_new  0x000000000000619e       0x30 E:\VSCode\ArduinoProjects\Datasheets\CH32\CH32V307\CH32V307_EVT\Examples\ETH\NetLib\libwchnet.a(raw.o)
                0x000000000000619e                raw_new
 .text.tcp_accept_null
                0x00000000000061ce        0x4 E:\VSCode\ArduinoProjects\Datasheets\CH32\CH32V307\CH32V307_EVT\Examples\ETH\NetLib\libwchnet.a(tcp.o)
 .text.tcp_new_port
                0x00000000000061d2       0x5c E:\VSCode\ArduinoProjects\Datasheets\CH32\CH32V307\CH32V307_EVT\Examples\ETH\NetLib\libwchnet.a(tcp.o)
 .text.tcp_bind
                0x000000000000622e      0x116 E:\VSCode\ArduinoProjects\Datasheets\CH32\CH32V307\CH32V307_EVT\Examples\ETH\NetLib\libwchnet.a(tcp.o)
                0x000000000000622e                tcp_bind
 .text.tcp_listen_with_backlog
                0x0000000000006344       0x9a E:\VSCode\ArduinoProjects\Datasheets\CH32\CH32V307\CH32V307_EVT\Examples\ETH\NetLib\libwchnet.a(tcp.o)
                0x0000000000006344                tcp_listen_with_backlog
 .text.tcp_update_rcv_ann_wnd
                0x00000000000063de       0x48 E:\VSCode\ArduinoProjects\Datasheets\CH32\CH32V307\CH32V307_EVT\Examples\ETH\NetLib\libwchnet.a(tcp.o)
                0x00000000000063de                tcp_update_rcv_ann_wnd
 .text.tcp_recved
                0x0000000000006426       0x3c E:\VSCode\ArduinoProjects\Datasheets\CH32\CH32V307\CH32V307_EVT\Examples\ETH\NetLib\libwchnet.a(tcp.o)
                0x0000000000006426                tcp_recved
 .text.tcp_seg_free
                0x0000000000006462       0x2a E:\VSCode\ArduinoProjects\Datasheets\CH32\CH32V307\CH32V307_EVT\Examples\ETH\NetLib\libwchnet.a(tcp.o)
                0x0000000000006462                tcp_seg_free
 .text.tcp_segs_free
                0x000000000000648c       0x1e E:\VSCode\ArduinoProjects\Datasheets\CH32\CH32V307\CH32V307_EVT\Examples\ETH\NetLib\libwchnet.a(tcp.o)
                0x000000000000648c                tcp_segs_free
 .text.tcp_seg_copy
                0x00000000000064aa       0x28 E:\VSCode\ArduinoProjects\Datasheets\CH32\CH32V307\CH32V307_EVT\Examples\ETH\NetLib\libwchnet.a(tcp.o)
                0x00000000000064aa                tcp_seg_copy
 .text.tcp_arg  0x00000000000064d2        0x4 E:\VSCode\ArduinoProjects\Datasheets\CH32\CH32V307\CH32V307_EVT\Examples\ETH\NetLib\libwchnet.a(tcp.o)
                0x00000000000064d2                tcp_arg
 .text.tcp_recv
                0x00000000000064d6        0x6 E:\VSCode\ArduinoProjects\Datasheets\CH32\CH32V307\CH32V307_EVT\Examples\ETH\NetLib\libwchnet.a(tcp.o)
                0x00000000000064d6                tcp_recv
 .text.tcp_sent
                0x00000000000064dc        0x6 E:\VSCode\ArduinoProjects\Datasheets\CH32\CH32V307\CH32V307_EVT\Examples\ETH\NetLib\libwchnet.a(tcp.o)
                0x00000000000064dc                tcp_sent
 .text.tcp_err  0x00000000000064e2        0x6 E:\VSCode\ArduinoProjects\Datasheets\CH32\CH32V307\CH32V307_EVT\Examples\ETH\NetLib\libwchnet.a(tcp.o)
                0x00000000000064e2                tcp_err
 .text.tcp_accept
                0x00000000000064e8        0x4 E:\VSCode\ArduinoProjects\Datasheets\CH32\CH32V307\CH32V307_EVT\Examples\ETH\NetLib\libwchnet.a(tcp.o)
                0x00000000000064e8                tcp_accept
 .text.tcp_poll
                0x00000000000064ec        0xa E:\VSCode\ArduinoProjects\Datasheets\CH32\CH32V307\CH32V307_EVT\Examples\ETH\NetLib\libwchnet.a(tcp.o)
                0x00000000000064ec                tcp_poll
 .text.tcp_pcb_purge
                0x00000000000064f6       0x4e E:\VSCode\ArduinoProjects\Datasheets\CH32\CH32V307\CH32V307_EVT\Examples\ETH\NetLib\libwchnet.a(tcp.o)
                0x00000000000064f6                tcp_pcb_purge
 .text.tcp_slowtmr
                0x0000000000006544      0x29e E:\VSCode\ArduinoProjects\Datasheets\CH32\CH32V307\CH32V307_EVT\Examples\ETH\NetLib\libwchnet.a(tcp.o)
                0x0000000000006544                tcp_slowtmr
 .text.tcp_pcb_remove
                0x00000000000067e2       0x72 E:\VSCode\ArduinoProjects\Datasheets\CH32\CH32V307\CH32V307_EVT\Examples\ETH\NetLib\libwchnet.a(tcp.o)
                0x00000000000067e2                tcp_pcb_remove
 .text.tcp_close
                0x0000000000006854       0xb2 E:\VSCode\ArduinoProjects\Datasheets\CH32\CH32V307\CH32V307_EVT\Examples\ETH\NetLib\libwchnet.a(tcp.o)
                0x0000000000006854                tcp_close
 .text.tcp_recv_null
                0x0000000000006906       0x30 E:\VSCode\ArduinoProjects\Datasheets\CH32\CH32V307\CH32V307_EVT\Examples\ETH\NetLib\libwchnet.a(tcp.o)
                0x0000000000006906                tcp_recv_null
 .text.tcp_fasttmr
                0x0000000000006936       0x62 E:\VSCode\ArduinoProjects\Datasheets\CH32\CH32V307\CH32V307_EVT\Examples\ETH\NetLib\libwchnet.a(tcp.o)
                0x0000000000006936                tcp_fasttmr
 .text.tcp_tmr  0x0000000000006998       0x22 E:\VSCode\ArduinoProjects\Datasheets\CH32\CH32V307\CH32V307_EVT\Examples\ETH\NetLib\libwchnet.a(tcp.o)
                0x0000000000006998                tcp_tmr
 .text.tcp_abandon
                0x00000000000069ba       0x9a E:\VSCode\ArduinoProjects\Datasheets\CH32\CH32V307\CH32V307_EVT\Examples\ETH\NetLib\libwchnet.a(tcp.o)
                0x00000000000069ba                tcp_abandon
 .text.tcp_next_iss
                0x0000000000006a54       0x10 E:\VSCode\ArduinoProjects\Datasheets\CH32\CH32V307\CH32V307_EVT\Examples\ETH\NetLib\libwchnet.a(tcp.o)
                0x0000000000006a54                tcp_next_iss
 .text.tcp_alloc
                0x0000000000006a64      0x134 E:\VSCode\ArduinoProjects\Datasheets\CH32\CH32V307\CH32V307_EVT\Examples\ETH\NetLib\libwchnet.a(tcp.o)
                0x0000000000006a64                tcp_alloc
 .text.tcp_new  0x0000000000006b98       0x10 E:\VSCode\ArduinoProjects\Datasheets\CH32\CH32V307\CH32V307_EVT\Examples\ETH\NetLib\libwchnet.a(tcp.o)
                0x0000000000006b98                tcp_new
 .text.tcp_eff_send_mss
                0x0000000000006ba8       0x2e E:\VSCode\ArduinoProjects\Datasheets\CH32\CH32V307\CH32V307_EVT\Examples\ETH\NetLib\libwchnet.a(tcp.o)
                0x0000000000006ba8                tcp_eff_send_mss
 .text.tcp_connect
                0x0000000000006bd6       0xe8 E:\VSCode\ArduinoProjects\Datasheets\CH32\CH32V307\CH32V307_EVT\Examples\ETH\NetLib\libwchnet.a(tcp.o)
                0x0000000000006bd6                tcp_connect
 .text.RemoveTimeWaiTCP
                0x0000000000006cbe       0x32 E:\VSCode\ArduinoProjects\Datasheets\CH32\CH32V307\CH32V307_EVT\Examples\ETH\NetLib\libwchnet.a(tcp.o)
                0x0000000000006cbe                RemoveTimeWaiTCP
 .text.tcp_oos_insert_segment
                0x0000000000006cf0       0xce E:\VSCode\ArduinoProjects\Datasheets\CH32\CH32V307\CH32V307_EVT\Examples\ETH\NetLib\libwchnet.a(tcp_in.o)
 .text.tcp_receive
                0x0000000000006dbe      0x8f0 E:\VSCode\ArduinoProjects\Datasheets\CH32\CH32V307\CH32V307_EVT\Examples\ETH\NetLib\libwchnet.a(tcp_in.o)
 .text.tcp_parseopt.isra.0
                0x00000000000076ae       0xa6 E:\VSCode\ArduinoProjects\Datasheets\CH32\CH32V307\CH32V307_EVT\Examples\ETH\NetLib\libwchnet.a(tcp_in.o)
 .text.tcp_input
                0x0000000000007754      0x9d4 E:\VSCode\ArduinoProjects\Datasheets\CH32\CH32V307\CH32V307_EVT\Examples\ETH\NetLib\libwchnet.a(tcp_in.o)
                0x0000000000007754                tcp_input
 .text.tcp_output_set_header.isra.0.constprop.1
                0x0000000000008128       0xd4 E:\VSCode\ArduinoProjects\Datasheets\CH32\CH32V307\CH32V307_EVT\Examples\ETH\NetLib\libwchnet.a(tcp_out.o)
 .text.tcp_enqueue
                0x00000000000081fc      0x448 E:\VSCode\ArduinoProjects\Datasheets\CH32\CH32V307\CH32V307_EVT\Examples\ETH\NetLib\libwchnet.a(tcp_out.o)
                0x00000000000081fc                tcp_enqueue
 .text.tcp_send_ctrl
                0x0000000000008644       0x16 E:\VSCode\ArduinoProjects\Datasheets\CH32\CH32V307\CH32V307_EVT\Examples\ETH\NetLib\libwchnet.a(tcp_out.o)
                0x0000000000008644                tcp_send_ctrl
 .text.tcp_write
                0x000000000000865a       0x30 E:\VSCode\ArduinoProjects\Datasheets\CH32\CH32V307\CH32V307_EVT\Examples\ETH\NetLib\libwchnet.a(tcp_out.o)
                0x000000000000865a                tcp_write
 .text.tcp_send_empty_ack
                0x000000000000868a       0x74 E:\VSCode\ArduinoProjects\Datasheets\CH32\CH32V307\CH32V307_EVT\Examples\ETH\NetLib\libwchnet.a(tcp_out.o)
                0x000000000000868a                tcp_send_empty_ack
 .text.tcp_output
                0x00000000000086fe      0x374 E:\VSCode\ArduinoProjects\Datasheets\CH32\CH32V307\CH32V307_EVT\Examples\ETH\NetLib\libwchnet.a(tcp_out.o)
                0x00000000000086fe                tcp_output
 .text.tcp_rst  0x0000000000008a72      0x108 E:\VSCode\ArduinoProjects\Datasheets\CH32\CH32V307\CH32V307_EVT\Examples\ETH\NetLib\libwchnet.a(tcp_out.o)
                0x0000000000008a72                tcp_rst
 .text.tcp_rexmit_rto
                0x0000000000008b7a       0x36 E:\VSCode\ArduinoProjects\Datasheets\CH32\CH32V307\CH32V307_EVT\Examples\ETH\NetLib\libwchnet.a(tcp_out.o)
                0x0000000000008b7a                tcp_rexmit_rto
 .text.tcp_rexmit
                0x0000000000008bb0       0x7c E:\VSCode\ArduinoProjects\Datasheets\CH32\CH32V307\CH32V307_EVT\Examples\ETH\NetLib\libwchnet.a(tcp_out.o)
                0x0000000000008bb0                tcp_rexmit
 .text.tcp_rexmit_fast
                0x0000000000008c2c       0x62 E:\VSCode\ArduinoProjects\Datasheets\CH32\CH32V307\CH32V307_EVT\Examples\ETH\NetLib\libwchnet.a(tcp_out.o)
                0x0000000000008c2c                tcp_rexmit_fast
 .text.tcp_keepalive
                0x0000000000008c8e       0x5e E:\VSCode\ArduinoProjects\Datasheets\CH32\CH32V307\CH32V307_EVT\Examples\ETH\NetLib\libwchnet.a(tcp_out.o)
                0x0000000000008c8e                tcp_keepalive
 .text.tcp_zero_window_probe
                0x0000000000008cec       0xd2 E:\VSCode\ArduinoProjects\Datasheets\CH32\CH32V307\CH32V307_EVT\Examples\ETH\NetLib\libwchnet.a(tcp_out.o)
                0x0000000000008cec                tcp_zero_window_probe
 .text.udp_input
                0x0000000000008dbe      0x238 E:\VSCode\ArduinoProjects\Datasheets\CH32\CH32V307\CH32V307_EVT\Examples\ETH\NetLib\libwchnet.a(udp.o)
                0x0000000000008dbe                udp_input
 .text.udp_bind
                0x0000000000008ff6       0x9a E:\VSCode\ArduinoProjects\Datasheets\CH32\CH32V307\CH32V307_EVT\Examples\ETH\NetLib\libwchnet.a(udp.o)
                0x0000000000008ff6                udp_bind
 .text.udp_sendto_if
                0x0000000000009090       0xd6 E:\VSCode\ArduinoProjects\Datasheets\CH32\CH32V307\CH32V307_EVT\Examples\ETH\NetLib\libwchnet.a(udp.o)
                0x0000000000009090                udp_sendto_if
 .text.udp_sendto
                0x0000000000009166       0x2e E:\VSCode\ArduinoProjects\Datasheets\CH32\CH32V307\CH32V307_EVT\Examples\ETH\NetLib\libwchnet.a(udp.o)
                0x0000000000009166                udp_sendto
 .text.udp_send
                0x0000000000009194       0x12 E:\VSCode\ArduinoProjects\Datasheets\CH32\CH32V307\CH32V307_EVT\Examples\ETH\NetLib\libwchnet.a(udp.o)
                0x0000000000009194                udp_send
 .text.udp_connect
                0x00000000000091a6       0x7e E:\VSCode\ArduinoProjects\Datasheets\CH32\CH32V307\CH32V307_EVT\Examples\ETH\NetLib\libwchnet.a(udp.o)
                0x00000000000091a6                udp_connect
 .text.udp_recv
                0x0000000000009224        0x6 E:\VSCode\ArduinoProjects\Datasheets\CH32\CH32V307\CH32V307_EVT\Examples\ETH\NetLib\libwchnet.a(udp.o)
                0x0000000000009224                udp_recv
 .text.udp_remove
                0x000000000000922a       0x30 E:\VSCode\ArduinoProjects\Datasheets\CH32\CH32V307\CH32V307_EVT\Examples\ETH\NetLib\libwchnet.a(udp.o)
                0x000000000000922a                udp_remove
 .text.udp_new  0x000000000000925a       0x24 E:\VSCode\ArduinoProjects\Datasheets\CH32\CH32V307\CH32V307_EVT\Examples\ETH\NetLib\libwchnet.a(udp.o)
                0x000000000000925a                udp_new
 .text.icmp_send_response.isra.0
                0x000000000000927e       0x76 E:\VSCode\ArduinoProjects\Datasheets\CH32\CH32V307\CH32V307_EVT\Examples\ETH\NetLib\libwchnet.a(icmp.o)
 .text.icmp_input
                0x00000000000092f4      0x250 E:\VSCode\ArduinoProjects\Datasheets\CH32\CH32V307\CH32V307_EVT\Examples\ETH\NetLib\libwchnet.a(icmp.o)
                0x00000000000092f4                icmp_input
 .text.icmp_dest_unreach
                0x0000000000009544       0x14 E:\VSCode\ArduinoProjects\Datasheets\CH32\CH32V307\CH32V307_EVT\Examples\ETH\NetLib\libwchnet.a(icmp.o)
                0x0000000000009544                icmp_dest_unreach
 .text.icmp_time_exceeded
                0x0000000000009558       0x14 E:\VSCode\ArduinoProjects\Datasheets\CH32\CH32V307\CH32V307_EVT\Examples\ETH\NetLib\libwchnet.a(icmp.o)
                0x0000000000009558                icmp_time_exceeded
 .text.lwip_standard_chksum
                0x000000000000956c       0x7e E:\VSCode\ArduinoProjects\Datasheets\CH32\CH32V307\CH32V307_EVT\Examples\ETH\NetLib\libwchnet.a(inet_chksum.o)
 .text.inet_chksum_pseudo
                0x00000000000095ea       0xf8 E:\VSCode\ArduinoProjects\Datasheets\CH32\CH32V307\CH32V307_EVT\Examples\ETH\NetLib\libwchnet.a(inet_chksum.o)
                0x00000000000095ea                inet_chksum_pseudo
 .text.inet_chksum
                0x00000000000096e2       0x14 E:\VSCode\ArduinoProjects\Datasheets\CH32\CH32V307\CH32V307_EVT\Examples\ETH\NetLib\libwchnet.a(inet_chksum.o)
                0x00000000000096e2                inet_chksum
 .text.inet_chksum_pbuf
                0x00000000000096f6       0x6a E:\VSCode\ArduinoProjects\Datasheets\CH32\CH32V307\CH32V307_EVT\Examples\ETH\NetLib\libwchnet.a(inet_chksum.o)
                0x00000000000096f6                inet_chksum_pbuf
 .text.printchar
                0x0000000000009760       0x4a e:/program/mounriver/mounriver_studio/toolchain/risc-v embedded gcc/bin/../lib/gcc/riscv-none-embed/8.2.0/../../../../riscv-none-embed/lib/rv32imacxw/ilp32\libprintf.a(wchprintf.o)
                0x0000000000009760                printchar
 .text.prints   0x00000000000097aa       0xe0 e:/program/mounriver/mounriver_studio/toolchain/risc-v embedded gcc/bin/../lib/gcc/riscv-none-embed/8.2.0/../../../../riscv-none-embed/lib/rv32imacxw/ilp32\libprintf.a(wchprintf.o)
                0x00000000000097aa                prints
 .text.printInt
                0x000000000000988a       0xf2 e:/program/mounriver/mounriver_studio/toolchain/risc-v embedded gcc/bin/../lib/gcc/riscv-none-embed/8.2.0/../../../../riscv-none-embed/lib/rv32imacxw/ilp32\libprintf.a(wchprintf.o)
                0x000000000000988a                printInt
 .text.printLongLongInt
                0x000000000000997c        0x4 e:/program/mounriver/mounriver_studio/toolchain/risc-v embedded gcc/bin/../lib/gcc/riscv-none-embed/8.2.0/../../../../riscv-none-embed/lib/rv32imacxw/ilp32\libprintf.a(wchprintf.o)
                0x000000000000997c                printLongLongInt
 .text.printDouble
                0x0000000000009980        0x4 e:/program/mounriver/mounriver_studio/toolchain/risc-v embedded gcc/bin/../lib/gcc/riscv-none-embed/8.2.0/../../../../riscv-none-embed/lib/rv32imacxw/ilp32\libprintf.a(wchprintf.o)
                0x0000000000009980                printDouble
 .text.print    0x0000000000009984      0x320 e:/program/mounriver/mounriver_studio/toolchain/risc-v embedded gcc/bin/../lib/gcc/riscv-none-embed/8.2.0/../../../../riscv-none-embed/lib/rv32imacxw/ilp32\libprintf.a(wchprintf.o)
                0x0000000000009984                print
 .text.printf   0x0000000000009ca4       0x24 e:/program/mounriver/mounriver_studio/toolchain/risc-v embedded gcc/bin/../lib/gcc/riscv-none-embed/8.2.0/../../../../riscv-none-embed/lib/rv32imacxw/ilp32\libprintf.a(wchprintf.o)
                0x0000000000009ca4                printf
 .text.sprintf  0x0000000000009cc8       0x28 e:/program/mounriver/mounriver_studio/toolchain/risc-v embedded gcc/bin/../lib/gcc/riscv-none-embed/8.2.0/../../../../riscv-none-embed/lib/rv32imacxw/ilp32\libprintf.a(wchprintf.o)
                0x0000000000009cc8                sprintf
 .text.puts     0x0000000000009cf0       0x4a e:/program/mounriver/mounriver_studio/toolchain/risc-v embedded gcc/bin/../lib/gcc/riscv-none-embed/8.2.0/../../../../riscv-none-embed/lib/rv32imacxw/ilp32\libprintf.a(wchprintf.o)
                0x0000000000009cf0                puts
 .text.putchar  0x0000000000009d3a       0x18 e:/program/mounriver/mounriver_studio/toolchain/risc-v embedded gcc/bin/../lib/gcc/riscv-none-embed/8.2.0/../../../../riscv-none-embed/lib/rv32imacxw/ilp32\libprintf.a(wchprintf.o)
                0x0000000000009d3a                putchar
 .text.atoi     0x0000000000009d52        0x6 e:/program/mounriver/mounriver_studio/toolchain/risc-v embedded gcc/bin/../lib/gcc/riscv-none-embed/8.2.0/../../../../riscv-none-embed/lib/rv32imacxw/ilp32\libg_nano.a(lib_a-atoi.o)
                0x0000000000009d52                atoi
 .text.memcpy   0x0000000000009d58       0xb2 e:/program/mounriver/mounriver_studio/toolchain/risc-v embedded gcc/bin/../lib/gcc/riscv-none-embed/8.2.0/../../../../riscv-none-embed/lib/rv32imacxw/ilp32\libg_nano.a(lib_a-memcpy.o)
                0x0000000000009d58                memcpy
 .text.strcpy   0x0000000000009e0a       0x10 e:/program/mounriver/mounriver_studio/toolchain/risc-v embedded gcc/bin/../lib/gcc/riscv-none-embed/8.2.0/../../../../riscv-none-embed/lib/rv32imacxw/ilp32\libg_nano.a(lib_a-strcpy.o)
                0x0000000000009e0a                strcpy
 .text.strlen   0x0000000000009e1a       0x12 e:/program/mounriver/mounriver_studio/toolchain/risc-v embedded gcc/bin/../lib/gcc/riscv-none-embed/8.2.0/../../../../riscv-none-embed/lib/rv32imacxw/ilp32\libg_nano.a(lib_a-strlen.o)
                0x0000000000009e1a                strlen
 .text.strstr   0x0000000000009e2c       0x34 e:/program/mounriver/mounriver_studio/toolchain/risc-v embedded gcc/bin/../lib/gcc/riscv-none-embed/8.2.0/../../../../riscv-none-embed/lib/rv32imacxw/ilp32\libg_nano.a(lib_a-strstr.o)
                0x0000000000009e2c                strstr
 .text.strtok   0x0000000000009e60       0x7c e:/program/mounriver/mounriver_studio/toolchain/risc-v embedded gcc/bin/../lib/gcc/riscv-none-embed/8.2.0/../../../../riscv-none-embed/lib/rv32imacxw/ilp32\libg_nano.a(lib_a-strtok.o)
                0x0000000000009e60                strtok
 .text.__strtok_r
                0x0000000000009edc       0x5c e:/program/mounriver/mounriver_studio/toolchain/risc-v embedded gcc/bin/../lib/gcc/riscv-none-embed/8.2.0/../../../../riscv-none-embed/lib/rv32imacxw/ilp32\libg_nano.a(lib_a-strtok_r.o)
                0x0000000000009edc                __strtok_r
 .text._strtol_l.isra.0
                0x0000000000009f38      0x138 e:/program/mounriver/mounriver_studio/toolchain/risc-v embedded gcc/bin/../lib/gcc/riscv-none-embed/8.2.0/../../../../riscv-none-embed/lib/rv32imacxw/ilp32\libg_nano.a(lib_a-strtol.o)
 .text.strtol   0x000000000000a070       0x1e e:/program/mounriver/mounriver_studio/toolchain/risc-v embedded gcc/bin/../lib/gcc/riscv-none-embed/8.2.0/../../../../riscv-none-embed/lib/rv32imacxw/ilp32\libg_nano.a(lib_a-strtol.o)
                0x000000000000a070                strtol
 .text.__locale_ctype_ptr_l
                0x000000000000a08e        0x6 e:/program/mounriver/mounriver_studio/toolchain/risc-v embedded gcc/bin/../lib/gcc/riscv-none-embed/8.2.0/../../../../riscv-none-embed/lib/rv32imacxw/ilp32\libg_nano.a(lib_a-locale.o)
                0x000000000000a08e                __locale_ctype_ptr_l
 .text.malloc   0x000000000000a094        0xa e:/program/mounriver/mounriver_studio/toolchain/risc-v embedded gcc/bin/../lib/gcc/riscv-none-embed/8.2.0/../../../../riscv-none-embed/lib/rv32imacxw/ilp32\libg_nano.a(lib_a-malloc.o)
                0x000000000000a094                malloc
 .text.__ascii_mbtowc
                0x000000000000a09e       0x32 e:/program/mounriver/mounriver_studio/toolchain/risc-v embedded gcc/bin/../lib/gcc/riscv-none-embed/8.2.0/../../../../riscv-none-embed/lib/rv32imacxw/ilp32\libg_nano.a(lib_a-mbtowc_r.o)
                0x000000000000a09e                __ascii_mbtowc
 .text._malloc_r
                0x000000000000a0d0       0xce e:/program/mounriver/mounriver_studio/toolchain/risc-v embedded gcc/bin/../lib/gcc/riscv-none-embed/8.2.0/../../../../riscv-none-embed/lib/rv32imacxw/ilp32\libg_nano.a(lib_a-nano-mallocr.o)
                0x000000000000a0d0                _malloc_r
 .text._sbrk_r  0x000000000000a19e       0x32 e:/program/mounriver/mounriver_studio/toolchain/risc-v embedded gcc/bin/../lib/gcc/riscv-none-embed/8.2.0/../../../../riscv-none-embed/lib/rv32imacxw/ilp32\libg_nano.a(lib_a-sbrkr.o)
                0x000000000000a19e                _sbrk_r
 .text.__ascii_wctomb
                0x000000000000a1d0       0x1e e:/program/mounriver/mounriver_studio/toolchain/risc-v embedded gcc/bin/../lib/gcc/riscv-none-embed/8.2.0/../../../../riscv-none-embed/lib/rv32imacxw/ilp32\libg_nano.a(lib_a-wctomb_r.o)
                0x000000000000a1d0                __ascii_wctomb
 .text.__malloc_lock
                0x000000000000a1ee        0x2 e:/program/mounriver/mounriver_studio/toolchain/risc-v embedded gcc/bin/../lib/gcc/riscv-none-embed/8.2.0/../../../../riscv-none-embed/lib/rv32imacxw/ilp32\libg_nano.a(lib_a-mlock.o)
                0x000000000000a1ee                __malloc_lock
 .text.__malloc_unlock
                0x000000000000a1f0        0x2 e:/program/mounriver/mounriver_studio/toolchain/risc-v embedded gcc/bin/../lib/gcc/riscv-none-embed/8.2.0/../../../../riscv-none-embed/lib/rv32imacxw/ilp32\libg_nano.a(lib_a-mlock.o)
                0x000000000000a1f0                __malloc_unlock
 *(.rodata)
 *(.rodata*)
 *fill*         0x000000000000a1f2        0x2 
 .rodata.HardFault_Handler.str1.4
                0x000000000000a1f4       0x42 ./User/ch32v30x_it.o
 *fill*         0x000000000000a236        0x2 
 .rodata.WCHNET_CreateCfgSocket.str1.4
                0x000000000000a238       0x39 ./User/main.o
 *fill*         0x000000000000a271        0x3 
 .rodata.WCHNET_CreateTcpSocketListen.str1.4
                0x000000000000a274       0x17 ./User/main.o
 *fill*         0x000000000000a28b        0x1 
 .rodata.WCHNET_HandleGlobalInt.str1.4
                0x000000000000a28c       0x3e ./User/main.o
 *fill*         0x000000000000a2ca        0x2 
 .rodata.WCHNET_HandleSockInt.str1.4
                0x000000000000a2cc       0x5d ./User/main.o
 *fill*         0x000000000000a329        0x3 
 .rodata.mStopIfError.str1.4
                0x000000000000a32c        0xe ./User/main.o
 *fill*         0x000000000000a33a        0x2 
 .rodata.main.str1.4
                0x000000000000a33c       0x7c ./User/main.o
 .rodata.MemNum
                0x000000000000a3b8       0x10 ./NetLib/eth_driver.o
                0x000000000000a3b8                MemNum
 .rodata.MemSize
                0x000000000000a3c8       0x10 ./NetLib/eth_driver.o
                0x000000000000a3c8                MemSize
 .rodata.GetURLName.str1.4
                0x000000000000a3d8        0x2 ./HTTP/HTTPS.o
 *fill*         0x000000000000a3da        0x2 
 .rodata.Html_about
                0x000000000000a3dc      0xa66 ./HTTP/HTTPS.o
                0x000000000000a3dc                Html_about
 *fill*         0x000000000000ae42        0x2 
 .rodata.Html_basic
                0x000000000000ae44      0x46a ./HTTP/HTTPS.o
                0x000000000000ae44                Html_basic
 *fill*         0x000000000000b2ae        0x2 
 .rodata.Html_login
                0x000000000000b2b0      0x64c ./HTTP/HTTPS.o
                0x000000000000b2b0                Html_login
 .rodata.Html_logo
                0x000000000000b8fc      0x5e1 ./HTTP/HTTPS.o
                0x000000000000b8fc                Html_logo
 *fill*         0x000000000000bedd        0x3 
 .rodata.Html_main
                0x000000000000bee0      0xc27 ./HTTP/HTTPS.o
                0x000000000000bee0                Html_main
 *fill*         0x000000000000cb07        0x1 
 .rodata.Html_png1
                0x000000000000cb08      0xca3 ./HTTP/HTTPS.o
                0x000000000000cb08                Html_png1
 *fill*         0x000000000000d7ab        0x1 
 .rodata.Html_png2
                0x000000000000d7ac      0x866 ./HTTP/HTTPS.o
                0x000000000000d7ac                Html_png2
 *fill*         0x000000000000e012        0x2 
 .rodata.Html_png3
                0x000000000000e014      0x99a ./HTTP/HTTPS.o
                0x000000000000e014                Html_png3
 *fill*         0x000000000000e9ae        0x2 
 .rodata.Html_png4
                0x000000000000e9b0     0x10ce ./HTTP/HTTPS.o
                0x000000000000e9b0                Html_png4
 *fill*         0x000000000000fa7e        0x2 
 .rodata.Html_port
                0x000000000000fa80      0x522 ./HTTP/HTTPS.o
                0x000000000000fa80                Html_port
 *fill*         0x000000000000ffa2        0x2 
 .rodata.Html_style
                0x000000000000ffa4      0x6bc ./HTTP/HTTPS.o
                0x000000000000ffa4                Html_style
 .rodata.Html_success
                0x0000000000010660      0x1cc ./HTTP/HTTPS.o
                0x0000000000010660                Html_success
 .rodata.Html_user
                0x000000000001082c      0x35d ./HTTP/HTTPS.o
                0x000000000001082c                Html_user
 *fill*         0x0000000000010b89        0x3 
 .rodata.Html_weixin
                0x0000000000010b8c     0x1240 ./HTTP/HTTPS.o
                0x0000000000010b8c                Html_weixin
 .rodata.Init_Para_Tab.str1.4
                0x0000000000011dcc       0xa3 ./HTTP/HTTPS.o
 *fill*         0x0000000000011e6f        0x1 
 .rodata.MakeHttpResponse.str1.4
                0x0000000000011e70       0xb9 ./HTTP/HTTPS.o
 *fill*         0x0000000000011f29        0x3 
 .rodata.ParseHttpRequest.str1.4
                0x0000000000011f2c       0x19 ./HTTP/HTTPS.o
 *fill*         0x0000000000011f45        0x3 
 .rodata.ParseURLType.str1.4
                0x0000000000011f48       0x1d ./HTTP/HTTPS.o
 *fill*         0x0000000000011f65        0x3 
 .rodata.Refresh_Basic.str1.4
                0x0000000000011f68       0x24 ./HTTP/HTTPS.o
 .rodata.Refresh_Login.str1.4
                0x0000000000011f8c       0x10 ./HTTP/HTTPS.o
 .rodata.Refresh_Port.str1.4
                0x0000000000011f9c       0x44 ./HTTP/HTTPS.o
 .rodata.Web_Server.str1.4
                0x0000000000011fe0       0x7e ./HTTP/HTTPS.o
 *fill*         0x000000000001205e        0x2 
 .rodata.ErrTable
                0x0000000000012060       0x10 E:\VSCode\ArduinoProjects\Datasheets\CH32\CH32V307\CH32V307_EVT\Examples\ETH\NetLib\libwchnet.a(socket.o)
                0x0000000000012060                ErrTable
 .rodata.tcp_close
                0x0000000000012070       0x20 E:\VSCode\ArduinoProjects\Datasheets\CH32\CH32V307\CH32V307_EVT\Examples\ETH\NetLib\libwchnet.a(tcp.o)
 .rodata.tcp_backoff
                0x0000000000012090        0xd E:\VSCode\ArduinoProjects\Datasheets\CH32\CH32V307\CH32V307_EVT\Examples\ETH\NetLib\libwchnet.a(tcp.o)
                0x0000000000012090                tcp_backoff
 *fill*         0x000000000001209d        0x3 
 .rodata.tcp_input
                0x00000000000120a0       0x20 E:\VSCode\ArduinoProjects\Datasheets\CH32\CH32V307\CH32V307_EVT\Examples\ETH\NetLib\libwchnet.a(tcp_in.o)
 .rodata.print.str1.4
                0x00000000000120c0        0x7 e:/program/mounriver/mounriver_studio/toolchain/risc-v embedded gcc/bin/../lib/gcc/riscv-none-embed/8.2.0/../../../../riscv-none-embed/lib/rv32imacxw/ilp32\libprintf.a(wchprintf.o)
 *fill*         0x00000000000120c7        0x1 
 .rodata._setlocale_r.str1.4
                0x00000000000120c8        0xc e:/program/mounriver/mounriver_studio/toolchain/risc-v embedded gcc/bin/../lib/gcc/riscv-none-embed/8.2.0/../../../../riscv-none-embed/lib/rv32imacxw/ilp32\libg_nano.a(lib_a-locale.o)
                                          0xd (size before relaxing)
 .rodata.str1.4
                0x00000000000120d4        0x2 e:/program/mounriver/mounriver_studio/toolchain/risc-v embedded gcc/bin/../lib/gcc/riscv-none-embed/8.2.0/../../../../riscv-none-embed/lib/rv32imacxw/ilp32\libg_nano.a(lib_a-locale.o)
 .rodata._ctype_
                0x00000000000120d4      0x101 e:/program/mounriver/mounriver_studio/toolchain/risc-v embedded gcc/bin/../lib/gcc/riscv-none-embed/8.2.0/../../../../riscv-none-embed/lib/rv32imacxw/ilp32\libg_nano.a(lib_a-ctype_.o)
                0x00000000000120d4                _ctype_
 *(.gnu.linkonce.t.*)
                0x00000000000121d8                . = ALIGN (0x4)
 *fill*         0x00000000000121d5        0x3 

.rela.dyn       0x00000000000121d8        0x0
 .rela.text.HardFault_Handler
                0x00000000000121d8        0x0 ./User/ch32v30x_it.o
 .rela.text.mStopIfError
                0x00000000000121d8        0x0 ./User/ch32v30x_it.o
 .rela.text.WCHNET_CreateTcpSocketListen
                0x00000000000121d8        0x0 ./User/ch32v30x_it.o
 .rela.text.WCHNET_CreateCfgSocket
                0x00000000000121d8        0x0 ./User/ch32v30x_it.o
 .rela.text.WCHNET_HandleSockInt
                0x00000000000121d8        0x0 ./User/ch32v30x_it.o
 .rela.text.startup.main
                0x00000000000121d8        0x0 ./User/ch32v30x_it.o
 .rela.init     0x00000000000121d8        0x0 ./User/ch32v30x_it.o
 .rela.vector   0x00000000000121d8        0x0 ./User/ch32v30x_it.o
 .rela.text.handle_reset
                0x00000000000121d8        0x0 ./User/ch32v30x_it.o
 .rela.text.Refresh_Port
                0x00000000000121d8        0x0 ./User/ch32v30x_it.o
 .rela.text.Init_Para_Tab
                0x00000000000121d8        0x0 ./User/ch32v30x_it.o
 .rela.text._sbrk
                0x00000000000121d8        0x0 ./User/ch32v30x_it.o
 .rela.sdata.curbrk.5535
                0x00000000000121d8        0x0 ./User/ch32v30x_it.o
 .rela.text.prints
                0x00000000000121d8        0x0 ./User/ch32v30x_it.o
 .rela.text.printInt
                0x00000000000121d8        0x0 ./User/ch32v30x_it.o
 .rela.text.print
                0x00000000000121d8        0x0 ./User/ch32v30x_it.o
 .rela.text.printf
                0x00000000000121d8        0x0 ./User/ch32v30x_it.o
 .rela.text.sprintf
                0x00000000000121d8        0x0 ./User/ch32v30x_it.o
 .rela.data.impure_data
                0x00000000000121d8        0x0 ./User/ch32v30x_it.o
 .rela.text._sbrk_r
                0x00000000000121d8        0x0 ./User/ch32v30x_it.o

.fini           0x00000000000121d8        0x0
 *(SORT_NONE(.fini))
                0x00000000000121d8                . = ALIGN (0x4)
                [!provide]                        PROVIDE (_etext = .)
                [!provide]                        PROVIDE (_eitcm = .)

.preinit_array  0x00000000000121d8        0x0
                [!provide]                        PROVIDE (__preinit_array_start = .)
 *(.preinit_array)
                [!provide]                        PROVIDE (__preinit_array_end = .)

.init_array     0x00000000000121d8        0x0
                [!provide]                        PROVIDE (__init_array_start = .)
 *(SORT_BY_INIT_PRIORITY(.init_array.*) SORT_BY_INIT_PRIORITY(.ctors.*))
 *(.init_array EXCLUDE_FILE(*crtend?.o *crtend.o *crtbegin?.o *crtbegin.o) .ctors)
                [!provide]                        PROVIDE (__init_array_end = .)

.fini_array     0x00000000000121d8        0x0
                [!provide]                        PROVIDE (__fini_array_start = .)
 *(SORT_BY_INIT_PRIORITY(.fini_array.*) SORT_BY_INIT_PRIORITY(.dtors.*))
 *(.fini_array EXCLUDE_FILE(*crtend?.o *crtend.o *crtbegin?.o *crtbegin.o) .dtors)
                [!provide]                        PROVIDE (__fini_array_end = .)

.ctors
 *crtbegin.o(.ctors)
 *crtbegin?.o(.ctors)
 *(EXCLUDE_FILE(*crtend?.o *crtend.o) .ctors)
 *(SORT_BY_NAME(.ctors.*))
 *(.ctors)

.dtors
 *crtbegin.o(.dtors)
 *crtbegin?.o(.dtors)
 *(EXCLUDE_FILE(*crtend?.o *crtend.o) .dtors)
 *(SORT_BY_NAME(.dtors.*))
 *(.dtors)

.dalign         0x0000000020000000        0x0 load address 0x00000000000121d8
                0x0000000020000000                . = ALIGN (0x4)
                0x0000000020000000                PROVIDE (_data_vma = .)

.dlalign        0x00000000000121d8        0x0
                0x00000000000121d8                . = ALIGN (0x4)
                0x00000000000121d8                PROVIDE (_data_lma = .)

.data           0x0000000020000000      0x2c0 load address 0x00000000000121d8
 *(.gnu.linkonce.r.*)
 *(.data .data.*)
 .data.AHBPrescTable
                0x0000000020000000       0x10 ./User/system_ch32v30x.o
                0x0000000020000000                AHBPrescTable
 .data.APBAHBPrescTable
                0x0000000020000010       0x10 ./Peripheral/src/ch32v30x_rcc.o
 .data.Basic_Default
                0x0000000020000020       0x28 ./HTTP/HTTPS.o
                0x0000000020000020                Basic_Default
 .data.Login_Default
                0x0000000020000048       0x28 ./HTTP/HTTPS.o
                0x0000000020000048                Login_Default
 .data.Port_Default
                0x0000000020000070       0x28 ./HTTP/HTTPS.o
                0x0000000020000070                Port_Default
 .data.impure_data
                0x0000000020000098       0x60 e:/program/mounriver/mounriver_studio/toolchain/risc-v embedded gcc/bin/../lib/gcc/riscv-none-embed/8.2.0/../../../../riscv-none-embed/lib/rv32imacxw/ilp32\libg_nano.a(lib_a-impure.o)
 .data.__global_locale
                0x00000000200000f8      0x16c e:/program/mounriver/mounriver_studio/toolchain/risc-v embedded gcc/bin/../lib/gcc/riscv-none-embed/8.2.0/../../../../riscv-none-embed/lib/rv32imacxw/ilp32\libg_nano.a(lib_a-locale.o)
                0x00000000200000f8                __global_locale
 *(.gnu.linkonce.d.*)
                0x0000000020000268                . = ALIGN (0x8)
 *fill*         0x0000000020000264        0x4 
                0x0000000020000a68                PROVIDE (__global_pointer$ = (. + 0x800))
 *(.sdata .sdata.*)
 .sdata.SystemCoreClock
                0x0000000020000268        0x4 ./User/system_ch32v30x.o
                0x0000000020000268                SystemCoreClock
 .sdata.ADCPrescTable
                0x000000002000026c        0x4 ./Peripheral/src/ch32v30x_rcc.o
 .sdata.phyPN   0x0000000020000270        0x1 ./NetLib/eth_driver.o
                0x0000000020000270                phyPN
 *fill*         0x0000000020000271        0x3 
 .sdata.Basic_CfgBuf
                0x0000000020000274        0x4 ./HTTP/HTTPS.o
                0x0000000020000274                Basic_CfgBuf
 .sdata.Login_CfgBuf
                0x0000000020000278        0x4 ./HTTP/HTTPS.o
                0x0000000020000278                Login_CfgBuf
 .sdata.Port_CfgBuf
                0x000000002000027c        0x4 ./HTTP/HTTPS.o
                0x000000002000027c                Port_CfgBuf
 .sdata.curbrk.5535
                0x0000000020000280        0x4 ./Debug/debug.o
 .sdata.arp_table
                0x0000000020000284        0x4 E:\VSCode\ArduinoProjects\Datasheets\CH32\CH32V307\CH32V307_EVT\Examples\ETH\NetLib\libwchnet.a(etharp.o)
                0x0000000020000284                arp_table
 .sdata.xid.3253
                0x0000000020000288        0x4 E:\VSCode\ArduinoProjects\Datasheets\CH32\CH32V307\CH32V307_EVT\Examples\ETH\NetLib\libwchnet.a(dhcp.o)
 .sdata.memp_num
                0x000000002000028c        0x4 E:\VSCode\ArduinoProjects\Datasheets\CH32\CH32V307\CH32V307_EVT\Examples\ETH\NetLib\libwchnet.a(memp.o)
                0x000000002000028c                memp_num
 .sdata.memp_sizes
                0x0000000020000290        0x4 E:\VSCode\ArduinoProjects\Datasheets\CH32\CH32V307\CH32V307_EVT\Examples\ETH\NetLib\libwchnet.a(memp.o)
                0x0000000020000290                memp_sizes
 .sdata.iss.3173
                0x0000000020000294        0x4 E:\VSCode\ArduinoProjects\Datasheets\CH32\CH32V307\CH32V307_EVT\Examples\ETH\NetLib\libwchnet.a(tcp.o)
 .sdata.port.3015
                0x0000000020000298        0x2 E:\VSCode\ArduinoProjects\Datasheets\CH32\CH32V307\CH32V307_EVT\Examples\ETH\NetLib\libwchnet.a(tcp.o)
 *fill*         0x000000002000029a        0x2 
 .sdata._impure_ptr
                0x000000002000029c        0x4 e:/program/mounriver/mounriver_studio/toolchain/risc-v embedded gcc/bin/../lib/gcc/riscv-none-embed/8.2.0/../../../../riscv-none-embed/lib/rv32imacxw/ilp32\libg_nano.a(lib_a-impure.o)
                0x000000002000029c                _impure_ptr
 *(.sdata2.*)
 .sdata2.ethbroadcast
                0x00000000200002a0        0x6 E:\VSCode\ArduinoProjects\Datasheets\CH32\CH32V307\CH32V307_EVT\Examples\ETH\NetLib\libwchnet.a(etharp.o)
                0x00000000200002a0                ethbroadcast
 *fill*         0x00000000200002a6        0x2 
 .sdata2.ethzero
                0x00000000200002a8        0x6 E:\VSCode\ArduinoProjects\Datasheets\CH32\CH32V307\CH32V307_EVT\Examples\ETH\NetLib\libwchnet.a(etharp.o)
                0x00000000200002a8                ethzero
 *fill*         0x00000000200002ae        0x2 
 .sdata2.ip_addr_any
                0x00000000200002b0        0x4 E:\VSCode\ArduinoProjects\Datasheets\CH32\CH32V307\CH32V307_EVT\Examples\ETH\NetLib\libwchnet.a(ip_addr.o)
                0x00000000200002b0                ip_addr_any
 .sdata2.ip_addr_broadcast
                0x00000000200002b4        0x4 E:\VSCode\ArduinoProjects\Datasheets\CH32\CH32V307\CH32V307_EVT\Examples\ETH\NetLib\libwchnet.a(ip_addr.o)
                0x00000000200002b4                ip_addr_broadcast
 .sdata2.tcp_persist_backoff
                0x00000000200002b8        0x7 E:\VSCode\ArduinoProjects\Datasheets\CH32\CH32V307\CH32V307_EVT\Examples\ETH\NetLib\libwchnet.a(tcp.o)
                0x00000000200002b8                tcp_persist_backoff
 *(.gnu.linkonce.s.*)
                0x00000000200002c0                . = ALIGN (0x8)
 *fill*         0x00000000200002bf        0x1 
 *(.srodata.cst16)
 *(.srodata.cst8)
 *(.srodata.cst4)
 *(.srodata.cst2)
 *(.srodata .srodata.*)
                0x00000000200002c0                . = ALIGN (0x4)
                0x00000000200002c0                PROVIDE (_edata = .)
