Component: Arm Compiler for Embedded 6.18 Tool: armlink [5e4cc100]

==============================================================================

Section Cross References

    apm32f10x_int.o(.ARM.exidx.text.NMI_Handler) refers to apm32f10x_int.o(.text.NMI_Handler) for [Anonymous Symbol]
    apm32f10x_int.o(.ARM.exidx.text.HardFault_Handler) refers to apm32f10x_int.o(.text.HardFault_Handler) for [Anonymous Symbol]
    apm32f10x_int.o(.ARM.exidx.text.MemManage_Handler) refers to apm32f10x_int.o(.text.MemManage_Handler) for [Anonymous Symbol]
    apm32f10x_int.o(.ARM.exidx.text.BusFault_Handler) refers to apm32f10x_int.o(.text.BusFault_Handler) for [Anonymous Symbol]
    apm32f10x_int.o(.ARM.exidx.text.UsageFault_Handler) refers to apm32f10x_int.o(.text.UsageFault_Handler) for [Anonymous Symbol]
    apm32f10x_int.o(.ARM.exidx.text.SVC_Handler) refers to apm32f10x_int.o(.text.SVC_Handler) for [Anonymous Symbol]
    apm32f10x_int.o(.ARM.exidx.text.DebugMon_Handler) refers to apm32f10x_int.o(.text.DebugMon_Handler) for [Anonymous Symbol]
    apm32f10x_int.o(.ARM.exidx.text.PendSV_Handler) refers to apm32f10x_int.o(.text.PendSV_Handler) for [Anonymous Symbol]
    apm32f10x_int.o(.text.SysTick_Handler) refers to systick.o(.text.delay_decrement) for delay_decrement
    apm32f10x_int.o(.ARM.exidx.text.SysTick_Handler) refers to apm32f10x_int.o(.text.SysTick_Handler) for [Anonymous Symbol]
    main.o(.text.main) refers to systick.o(.text.systick_config) for systick_config
    main.o(.text.main) refers to board.o(.text.board_led_init) for board_led_init
    main.o(.text.main) refers to board.o(.text.board_button_init) for board_button_init
    main.o(.text.main) refers to board.o(.text.board_usart_init) for board_usart_init
    main.o(.text.main) refers to printf1.o(i.__0printf$1) for __2printf
    main.o(.text.main) refers to board.o(.text.board_button_state_get) for board_button_state_get
    main.o(.text.main) refers to board.o(.text.board_led_off) for board_led_off
    main.o(.text.main) refers to systick.o(.text.delay) for delay
    main.o(.text.main) refers to board.o(.text.board_led_toggle) for board_led_toggle
    main.o(.text.main) refers to puts.o(i.puts) for puts
    main.o(.text.main) refers to system_apm32f10x.o(.data.SystemCoreClock) for SystemCoreClock
    main.o(.ARM.exidx.text.main) refers to main.o(.text.main) for [Anonymous Symbol]
    board.o(.text.board_usart_init) refers to apm32f10x_rcm.o(.text.RCM_EnableAPB2PeriphClock) for RCM_EnableAPB2PeriphClock
    board.o(.text.board_usart_init) refers to apm32f10x_gpio.o(.text.GPIO_Config) for GPIO_Config
    board.o(.text.board_usart_init) refers to apm32f10x_usart.o(.text.USART_Config) for USART_Config
    board.o(.text.board_usart_init) refers to apm32f10x_usart.o(.text.USART_Enable) for USART_Enable
    board.o(.ARM.exidx.text.board_usart_init) refers to board.o(.text.board_usart_init) for [Anonymous Symbol]
    board.o(.text.fputc) refers to apm32f10x_usart.o(.text.USART_TxData) for USART_TxData
    board.o(.text.fputc) refers to apm32f10x_usart.o(.text.USART_ReadStatusFlag) for USART_ReadStatusFlag
    board.o(.ARM.exidx.text.fputc) refers to board.o(.text.fputc) for [Anonymous Symbol]
    board.o(.text.board_led_init) refers to apm32f10x_rcm.o(.text.RCM_EnableAPB2PeriphClock) for RCM_EnableAPB2PeriphClock
    board.o(.text.board_led_init) refers to apm32f10x_gpio.o(.text.GPIO_Config) for GPIO_Config
    board.o(.ARM.exidx.text.board_led_init) refers to board.o(.text.board_led_init) for [Anonymous Symbol]
    board.o(.text.board_led_on) refers to apm32f10x_gpio.o(.text.GPIO_WriteBitValue) for GPIO_WriteBitValue
    board.o(.ARM.exidx.text.board_led_on) refers to board.o(.text.board_led_on) for [Anonymous Symbol]
    board.o(.text.board_led_off) refers to apm32f10x_gpio.o(.text.GPIO_WriteBitValue) for GPIO_WriteBitValue
    board.o(.ARM.exidx.text.board_led_off) refers to board.o(.text.board_led_off) for [Anonymous Symbol]
    board.o(.ARM.exidx.text.board_led_toggle) refers to board.o(.text.board_led_toggle) for [Anonymous Symbol]
    board.o(.text.board_button_init) refers to apm32f10x_rcm.o(.text.RCM_EnableAPB2PeriphClock) for RCM_EnableAPB2PeriphClock
    board.o(.text.board_button_init) refers to apm32f10x_gpio.o(.text.GPIO_Config) for GPIO_Config
    board.o(.ARM.exidx.text.board_button_init) refers to board.o(.text.board_button_init) for [Anonymous Symbol]
    board.o(.text.board_button_state_get) refers to apm32f10x_gpio.o(.text.GPIO_ReadInputBit) for GPIO_ReadInputBit
    board.o(.ARM.exidx.text.board_button_state_get) refers to board.o(.text.board_button_state_get) for [Anonymous Symbol]
    systick.o(.text.systick_config) refers to system_apm32f10x.o(.data.SystemCoreClock) for SystemCoreClock
    systick.o(.ARM.exidx.text.systick_config) refers to systick.o(.text.systick_config) for [Anonymous Symbol]
    systick.o(.text.delay) refers to systick.o(.bss._tick) for _tick
[...]
    Removing apm32f10x_rcm.o(.text.RCM_EnableCSS), (16 bytes).
    Removing apm32f10x_rcm.o(.ARM.exidx.text.RCM_EnableCSS), (8 bytes).
    Removing apm32f10x_rcm.o(.text.RCM_DisableCSS), (16 bytes).
    Removing apm32f10x_rcm.o(.ARM.exidx.text.RCM_DisableCSS), (8 bytes).
    Removing apm32f10x_rcm.o(.text.RCM_ConfigMCO), (24 bytes).
    Removing apm32f10x_rcm.o(.ARM.exidx.text.RCM_ConfigMCO), (8 bytes).
    Removing apm32f10x_rcm.o(.text.RCM_ConfigSYSCLK), (16 bytes).
    Removing apm32f10x_rcm.o(.ARM.exidx.text.RCM_ConfigSYSCLK), (8 bytes).
    Removing apm32f10x_rcm.o(.text.RCM_ReadSYSCLKSource), (16 bytes).
    Removing apm32f10x_rcm.o(.ARM.exidx.text.RCM_ReadSYSCLKSource), (8 bytes).
    Removing apm32f10x_rcm.o(.text.RCM_ConfigAHB), (24 bytes).
    Removing apm32f10x_rcm.o(.ARM.exidx.text.RCM_ConfigAHB), (8 bytes).
    Removing apm32f10x_rcm.o(.text.RCM_ConfigAPB1), (20 bytes).
    Removing apm32f10x_rcm.o(.ARM.exidx.text.RCM_ConfigAPB1), (8 bytes).
    Removing apm32f10x_rcm.o(.text.RCM_ConfigAPB2), (24 bytes).
    Removing apm32f10x_rcm.o(.ARM.exidx.text.RCM_ConfigAPB2), (8 bytes).
    Removing apm32f10x_rcm.o(.text.RCM_ConfigUSBCLK), (24 bytes).
    Removing apm32f10x_rcm.o(.ARM.exidx.text.RCM_ConfigUSBCLK), (8 bytes).
    Removing apm32f10x_rcm.o(.text.RCM_ConfigFPUCLK), (24 bytes).
    Removing apm32f10x_rcm.o(.ARM.exidx.text.RCM_ConfigFPUCLK), (8 bytes).
    Removing apm32f10x_rcm.o(.text.RCM_ConfigADCCLK), (24 bytes).
    Removing apm32f10x_rcm.o(.ARM.exidx.text.RCM_ConfigADCCLK), (8 bytes).
    Removing apm32f10x_rcm.o(.text.RCM_ConfigRTCCLK), (20 bytes).
    Removing apm32f10x_rcm.o(.ARM.exidx.text.RCM_ConfigRTCCLK), (8 bytes).
    Removing apm32f10x_rcm.o(.text.RCM_EnableRTCCLK), (16 bytes).
    Removing apm32f10x_rcm.o(.ARM.exidx.text.RCM_EnableRTCCLK), (8 bytes).
    Removing apm32f10x_rcm.o(.text.RCM_DisableRTCCLK), (16 bytes).
    Removing apm32f10x_rcm.o(.ARM.exidx.text.RCM_DisableRTCCLK), (8 bytes).
    Removing apm32f10x_rcm.o(.ARM.exidx.text.RCM_ReadSYSCLKFreq), (8 bytes).
    Removing apm32f10x_rcm.o(.ARM.exidx.text.RCM_ReadHCLKFreq), (8 bytes).
    Removing apm32f10x_rcm.o(.ARM.exidx.text.RCM_ReadPCLKFreq), (8 bytes).
    Removing apm32f10x_rcm.o(.text.RCM_ReadADCCLKFreq), (40 bytes).
    Removing apm32f10x_rcm.o(.ARM.exidx.text.RCM_ReadADCCLKFreq), (8 bytes).
    Removing apm32f10x_rcm.o(.text.RCM_EnableAHBPeriphClock), (12 bytes).
    Removing apm32f10x_rcm.o(.ARM.exidx.text.RCM_EnableAHBPeriphClock), (8 bytes).
    Removing apm32f10x_rcm.o(.text.RCM_DisableAHBPeriphClock), (12 bytes).
    Removing apm32f10x_rcm.o(.ARM.exidx.text.RCM_DisableAHBPeriphClock), (8 bytes).
    Removing apm32f10x_rcm.o(.ARM.exidx.text.RCM_EnableAPB2PeriphClock), (8 bytes).
    Removing apm32f10x_rcm.o(.text.RCM_DisableAPB2PeriphClock), (12 bytes).
    Removing apm32f10x_rcm.o(.ARM.exidx.text.RCM_DisableAPB2PeriphClock), (8 bytes).
    Removing apm32f10x_rcm.o(.text.RCM_EnableAPB1PeriphClock), (12 bytes).
    Removing apm32f10x_rcm.o(.ARM.exidx.text.RCM_EnableAPB1PeriphClock), (8 bytes).
    Removing apm32f10x_rcm.o(.text.RCM_DisableAPB1PeriphClock), (12 bytes).
    Removing apm32f10x_rcm.o(.ARM.exidx.text.RCM_DisableAPB1PeriphClock), (8 bytes).
    Removing apm32f10x_rcm.o(.text.RCM_EnableAPB2PeriphReset), (12 bytes).
    Removing apm32f10x_rcm.o(.ARM.exidx.text.RCM_EnableAPB2PeriphReset), (8 bytes).
    Removing apm32f10x_rcm.o(.text.RCM_DisableAPB2PeriphReset), (12 bytes).
    Removing apm32f10x_rcm.o(.ARM.exidx.text.RCM_DisableAPB2PeriphReset), (8 bytes).
    Removing apm32f10x_rcm.o(.text.RCM_EnableAPB1PeriphReset), (12 bytes).
    Removing apm32f10x_rcm.o(.ARM.exidx.text.RCM_EnableAPB1PeriphReset), (8 bytes).
    Removing apm32f10x_rcm.o(.text.RCM_DisableAPB1PeriphReset), (12 bytes).
    Removing apm32f10x_rcm.o(.ARM.exidx.text.RCM_DisableAPB1PeriphReset), (8 bytes).
    Removing apm32f10x_rcm.o(.text.RCM_EnableBackupReset), (16 bytes).
    Removing apm32f10x_rcm.o(.ARM.exidx.text.RCM_EnableBackupReset), (8 bytes).
    Removing apm32f10x_rcm.o(.text.RCM_DisableBackupReset), (16 bytes).
    Removing apm32f10x_rcm.o(.ARM.exidx.text.RCM_DisableBackupReset), (8 bytes).
    Removing apm32f10x_rcm.o(.text.RCM_EnableInterrupt), (12 bytes).
    Removing apm32f10x_rcm.o(.ARM.exidx.text.RCM_EnableInterrupt), (8 bytes).
    Removing apm32f10x_rcm.o(.text.RCM_DisableInterrupt), (16 bytes).
    Removing apm32f10x_rcm.o(.ARM.exidx.text.RCM_DisableInterrupt), (8 bytes).
    Removing apm32f10x_rcm.o(.text.RCM_ReadStatusFlag), (44 bytes).
    Removing apm32f10x_rcm.o(.ARM.exidx.text.RCM_ReadStatusFlag), (8 bytes).
    Removing apm32f10x_rcm.o(.text.RCM_ClearStatusFlag), (12 bytes).
    Removing apm32f10x_rcm.o(.ARM.exidx.text.RCM_ClearStatusFlag), (8 bytes).
    Removing apm32f10x_rcm.o(.text.RCM_ReadIntFlag), (16 bytes).
    Removing apm32f10x_rcm.o(.ARM.exidx.text.RCM_ReadIntFlag), (8 bytes).
    Removing apm32f10x_rcm.o(.text.RCM_ClearIntFlag), (16 bytes).
    Removing apm32f10x_rcm.o(.ARM.exidx.text.RCM_ClearIntFlag), (8 bytes).
    Removing apm32f10x_rcm.o(.text.OUTLINED_FUNCTION_0), (10 bytes).
    Removing apm32f10x_rcm.o(.ARM.exidx.text.OUTLINED_FUNCTION_0), (8 bytes).
    Removing apm32f10x_rcm.o(.ARM.exidx.text.OUTLINED_FUNCTION_1), (8 bytes).
    Removing apm32f10x_rcm.o(.text.OUTLINED_FUNCTION_2), (8 bytes).
    Removing apm32f10x_rcm.o(.ARM.exidx.text.OUTLINED_FUNCTION_2), (8 bytes).
    Removing apm32f10x_rcm.o(.text.OUTLINED_FUNCTION_3), (10 bytes).
    Removing apm32f10x_rcm.o(.ARM.exidx.text.OUTLINED_FUNCTION_3), (8 bytes).
    Removing apm32f10x_rcm.o(.text.OUTLINED_FUNCTION_4), (10 bytes).
    Removing apm32f10x_rcm.o(.ARM.exidx.text.OUTLINED_FUNCTION_4), (8 bytes).
    Removing apm32f10x_rcm.o(.text.OUTLINED_FUNCTION_5), (10 bytes).
    Removing apm32f10x_rcm.o(.ARM.exidx.text.OUTLINED_FUNCTION_5), (8 bytes).
    Removing apm32f10x_rtc.o(.text), (0 bytes).
    Removing apm32f10x_rtc.o(.text.RTC_EnableConfigMode), (16 bytes).
    Removing apm32f10x_rtc.o(.ARM.exidx.text.RTC_EnableConfigMode), (8 bytes).
    Removing apm32f10x_rtc.o(.text.RTC_DisableConfigMode), (16 bytes).
    Removing apm32f10x_rtc.o(.ARM.exidx.text.RTC_DisableConfigMode), (8 bytes).
    Removing apm32f10x_rtc.o(.text.RTC_ReadCounter), (20 bytes).
    Removing apm32f10x_rtc.o(.ARM.exidx.text.RTC_ReadCounter), (8 bytes).
    Removing apm32f10x_rtc.o(.text.RTC_ConfigCounter), (40 bytes).
    Removing apm32f10x_rtc.o(.ARM.exidx.text.RTC_ConfigCounter), (8 bytes).
    Removing apm32f10x_rtc.o(.text.RTC_ConfigPrescaler), (36 bytes).
    Removing apm32f10x_rtc.o(.ARM.exidx.text.RTC_ConfigPrescaler), (8 bytes).
    Removing apm32f10x_rtc.o(.text.RTC_ConfigAlarm), (40 bytes).
    Removing apm32f10x_rtc.o(.ARM.exidx.text.RTC_ConfigAlarm), (8 bytes).
    Removing apm32f10x_rtc.o(.text.RTC_ReadDivider), (20 bytes).
    Removing apm32f10x_rtc.o(.ARM.exidx.text.RTC_ReadDivider), (8 bytes).
    Removing apm32f10x_rtc.o(.text.RTC_WaitForLastTask), (16 bytes).
    Removing apm32f10x_rtc.o(.ARM.exidx.text.RTC_WaitForLastTask), (8 bytes).
    Removing apm32f10x_rtc.o(.text.RTC_WaitForSynchor), (24 bytes).
    Removing apm32f10x_rtc.o(.ARM.exidx.text.RTC_WaitForSynchor), (8 bytes).
    Removing apm32f10x_rtc.o(.text.RTC_EnableInterrupt), (16 bytes).
    Removing apm32f10x_rtc.o(.ARM.exidx.text.RTC_EnableInterrupt), (8 bytes).
    Removing apm32f10x_rtc.o(.text.RTC_DisableInterrupt), (12 bytes).
    Removing apm32f10x_rtc.o(.ARM.exidx.text.RTC_DisableInterrupt), (8 bytes).
    Removing apm32f10x_rtc.o(.text.RTC_ReadStatusFlag), (16 bytes).
    Removing apm32f10x_rtc.o(.ARM.exidx.text.RTC_ReadStatusFlag), (8 bytes).
    Removing apm32f10x_rtc.o(.text.RTC_ClearStatusFlag), (12 bytes).
    Removing apm32f10x_rtc.o(.ARM.exidx.text.RTC_ClearStatusFlag), (8 bytes).
    Removing apm32f10x_rtc.o(.text.RTC_ReadIntFlag), (16 bytes).
    Removing apm32f10x_rtc.o(.ARM.exidx.text.RTC_ReadIntFlag), (8 bytes).
    Removing apm32f10x_rtc.o(.text.RTC_ClearIntFlag), (12 bytes).
    Removing apm32f10x_rtc.o(.ARM.exidx.text.RTC_ClearIntFlag), (8 bytes).
    Removing apm32f10x_rtc.o(.text.OUTLINED_FUNCTION_0), (10 bytes).
    Removing apm32f10x_rtc.o(.ARM.exidx.text.OUTLINED_FUNCTION_0), (8 bytes).
    Removing apm32f10x_rtc.o(.text.OUTLINED_FUNCTION_1), (10 bytes).
    Removing apm32f10x_rtc.o(.ARM.exidx.text.OUTLINED_FUNCTION_1), (8 bytes).
    Removing apm32f10x_sci2c.o(.text), (0 bytes).
    Removing apm32f10x_sci2c.o(.text.SCI2C_Reset), (52 bytes).
    Removing apm32f10x_sci2c.o(.ARM.exidx.text.SCI2C_Reset), (8 bytes).
    Removing apm32f10x_sci2c.o(.text.SCI2C_Config), (144 bytes).
    Removing apm32f10x_sci2c.o(.ARM.exidx.text.SCI2C_Config), (8 bytes).
    Removing apm32f10x_sci2c.o(.text.SCI2C_ConfigStructInit), (28 bytes).
    Removing apm32f10x_sci2c.o(.ARM.exidx.text.SCI2C_ConfigStructInit), (8 bytes).
    Removing apm32f10x_sci2c.o(.text.SCI2C_ReadStatusFlag), (20 bytes).
    Removing apm32f10x_sci2c.o(.ARM.exidx.text.SCI2C_ReadStatusFlag), (8 bytes).
    Removing apm32f10x_sci2c.o(.text.SCI2C_ReadIntFlag), (10 bytes).
    Removing apm32f10x_sci2c.o(.ARM.exidx.text.SCI2C_ReadIntFlag), (8 bytes).
    Removing apm32f10x_sci2c.o(.text.SCI2C_ClearIntFlag), (108 bytes).
    Removing apm32f10x_sci2c.o(.ARM.exidx.text.SCI2C_ClearIntFlag), (8 bytes).
    Removing apm32f10x_sci2c.o(.text.SCI2C_ReadRawIntFlag), (10 bytes).
    Removing apm32f10x_sci2c.o(.ARM.exidx.text.SCI2C_ReadRawIntFlag), (8 bytes).
    Removing apm32f10x_sci2c.o(.text.SCI2C_EnableInterrupt), (8 bytes).
    Removing apm32f10x_sci2c.o(.ARM.exidx.text.SCI2C_EnableInterrupt), (8 bytes).
    Removing apm32f10x_sci2c.o(.text.SCI2C_DisableInterrupt), (10 bytes).
    Removing apm32f10x_sci2c.o(.ARM.exidx.text.SCI2C_DisableInterrupt), (8 bytes).
    Removing apm32f10x_sci2c.o(.text.SCI2C_EnableStopDetectMasterActivity), (10 bytes).
    Removing apm32f10x_sci2c.o(.ARM.exidx.text.SCI2C_EnableStopDetectMasterActivity), (8 bytes).
    Removing apm32f10x_sci2c.o(.text.SCI2C_DisableStopDetectMasterActivity), (10 bytes).
    Removing apm32f10x_sci2c.o(.ARM.exidx.text.SCI2C_DisableStopDetectMasterActivity), (8 bytes).
    Removing apm32f10x_sci2c.o(.text.SCI2C_EnableStopDetectAddressed), (10 bytes).
    Removing apm32f10x_sci2c.o(.ARM.exidx.text.SCI2C_EnableStopDetectAddressed), (8 bytes).
    Removing apm32f10x_sci2c.o(.text.SCI2C_DisableStopDetectAddressed), (10 bytes).
    Removing apm32f10x_sci2c.o(.ARM.exidx.text.SCI2C_DisableStopDetectAddressed), (8 bytes).
    Removing apm32f10x_sci2c.o(.text.SCI2C_EnableRestart), (10 bytes).
    Removing apm32f10x_sci2c.o(.ARM.exidx.text.SCI2C_EnableRestart), (8 bytes).
    Removing apm32f10x_sci2c.o(.text.SCI2C_DisableRestart), (10 bytes).
    Removing apm32f10x_sci2c.o(.ARM.exidx.text.SCI2C_DisableRestart), (8 bytes).
    Removing apm32f10x_sci2c.o(.text.SCI2C_ConfigSpeed), (18 bytes).
    Removing apm32f10x_sci2c.o(.ARM.exidx.text.SCI2C_ConfigSpeed), (8 bytes).
    Removing apm32f10x_sci2c.o(.text.SCI2C_ConfigMasterAddr), (26 bytes).
    Removing apm32f10x_sci2c.o(.ARM.exidx.text.SCI2C_ConfigMasterAddr), (8 bytes).
    Removing apm32f10x_sci2c.o(.text.SCI2C_ConfigSlaveAddr), (20 bytes).
    Removing apm32f10x_sci2c.o(.ARM.exidx.text.SCI2C_ConfigSlaveAddr), (8 bytes).
    Removing apm32f10x_sci2c.o(.text.SCI2C_EnableMasterMode), (10 bytes).
    Removing apm32f10x_sci2c.o(.ARM.exidx.text.SCI2C_EnableMasterMode), (8 bytes).
    Removing apm32f10x_sci2c.o(.text.SCI2C_DisableMasterMode), (10 bytes).
    Removing apm32f10x_sci2c.o(.ARM.exidx.text.SCI2C_DisableMasterMode), (8 bytes).
    Removing apm32f10x_sci2c.o(.text.SCI2C_EnableSlaveMode), (10 bytes).
    Removing apm32f10x_sci2c.o(.ARM.exidx.text.SCI2C_EnableSlaveMode), (8 bytes).
    Removing apm32f10x_sci2c.o(.text.SCI2C_DisableSlaveMode), (10 bytes).
    Removing apm32f10x_sci2c.o(.ARM.exidx.text.SCI2C_DisableSlaveMode), (8 bytes).
    Removing apm32f10x_sci2c.o(.text.SCI2C_ConfigMasterCode), (4 bytes).
    Removing apm32f10x_sci2c.o(.ARM.exidx.text.SCI2C_ConfigMasterCode), (8 bytes).
    Removing apm32f10x_sci2c.o(.text.SCI2C_ConfigDataDir), (6 bytes).
    Removing apm32f10x_sci2c.o(.ARM.exidx.text.SCI2C_ConfigDataDir), (8 bytes).
    Removing apm32f10x_sci2c.o(.text.SCI2C_TxData), (12 bytes).
    Removing apm32f10x_sci2c.o(.ARM.exidx.text.SCI2C_TxData), (8 bytes).
    Removing apm32f10x_sci2c.o(.text.SCI2C_RxData), (6 bytes).
    Removing apm32f10x_sci2c.o(.ARM.exidx.text.SCI2C_RxData), (8 bytes).
    Removing apm32f10x_sci2c.o(.text.SCI2C_ConfigDataRegister), (12 bytes).
    Removing apm32f10x_sci2c.o(.ARM.exidx.text.SCI2C_ConfigDataRegister), (8 bytes).
    Removing apm32f10x_sci2c.o(.text.SCI2C_ReadRxFifoDataCnt), (6 bytes).
    Removing apm32f10x_sci2c.o(.ARM.exidx.text.SCI2C_ReadRxFifoDataCnt), (8 bytes).
    Removing apm32f10x_sci2c.o(.text.SCI2C_ReadTxFifoDataCnt), (6 bytes).
    Removing apm32f10x_sci2c.o(.ARM.exidx.text.SCI2C_ReadTxFifoDataCnt), (8 bytes).
    Removing apm32f10x_sci2c.o(.text.SCI2C_ConfigRxFifoThreshold), (4 bytes).
    Removing apm32f10x_sci2c.o(.ARM.exidx.text.SCI2C_ConfigRxFifoThreshold), (8 bytes).
    Removing apm32f10x_sci2c.o(.text.SCI2C_ConfigTxFifoThreshold), (4 bytes).
    Removing apm32f10x_sci2c.o(.ARM.exidx.text.SCI2C_ConfigTxFifoThreshold), (8 bytes).
    Removing apm32f10x_sci2c.o(.text.SCI2C_Enable), (10 bytes).
    Removing apm32f10x_sci2c.o(.ARM.exidx.text.SCI2C_Enable), (8 bytes).
    Removing apm32f10x_sci2c.o(.text.SCI2C_Disable), (10 bytes).
    Removing apm32f10x_sci2c.o(.ARM.exidx.text.SCI2C_Disable), (8 bytes).
    Removing apm32f10x_sci2c.o(.text.SCI2C_Abort), (10 bytes).
    Removing apm32f10x_sci2c.o(.ARM.exidx.text.SCI2C_Abort), (8 bytes).
    Removing apm32f10x_sci2c.o(.text.SCI2C_BlockTxCmd), (18 bytes).
    Removing apm32f10x_sci2c.o(.ARM.exidx.text.SCI2C_BlockTxCmd), (8 bytes).
    Removing apm32f10x_sci2c.o(.text.SCI2C_ConfigClkPeriod), (32 bytes).
    Removing apm32f10x_sci2c.o(.ARM.exidx.text.SCI2C_ConfigClkPeriod), (8 bytes).
    Removing apm32f10x_sci2c.o(.text.SCI2C_ConfigSDAHoldTime), (28 bytes).
    Removing apm32f10x_sci2c.o(.ARM.exidx.text.SCI2C_ConfigSDAHoldTime), (8 bytes).
    Removing apm32f10x_sci2c.o(.text.SCI2C_ConfigSDADelayTime), (6 bytes).
    Removing apm32f10x_sci2c.o(.ARM.exidx.text.SCI2C_ConfigSDADelayTime), (8 bytes).
    Removing apm32f10x_sci2c.o(.text.SCI2C_GernalCallAck), (6 bytes).
    Removing apm32f10x_sci2c.o(.ARM.exidx.text.SCI2C_GernalCallAck), (8 bytes).
    Removing apm32f10x_sci2c.o(.text.SCI2C_SlaveDataNackOnly), (6 bytes).
    Removing apm32f10x_sci2c.o(.ARM.exidx.text.SCI2C_SlaveDataNackOnly), (8 bytes).
    Removing apm32f10x_sci2c.o(.text.SCI2C_ReadTxAbortSource), (6 bytes).
    Removing apm32f10x_sci2c.o(.ARM.exidx.text.SCI2C_ReadTxAbortSource), (8 bytes).
    Removing apm32f10x_sci2c.o(.text.SCI2C_EnableDMA), (12 bytes).
    Removing apm32f10x_sci2c.o(.ARM.exidx.text.SCI2C_EnableDMA), (8 bytes).
    Removing apm32f10x_sci2c.o(.text.SCI2C_DisableDMA), (14 bytes).
    Removing apm32f10x_sci2c.o(.ARM.exidx.text.SCI2C_DisableDMA), (8 bytes).
    Removing apm32f10x_sci2c.o(.text.SCI2C_ConfigDMATxDataLevel), (6 bytes).
    Removing apm32f10x_sci2c.o(.ARM.exidx.text.SCI2C_ConfigDMATxDataLevel), (8 bytes).
    Removing apm32f10x_sci2c.o(.text.SCI2C_ConfigDMARxDataLevel), (6 bytes).
    Removing apm32f10x_sci2c.o(.ARM.exidx.text.SCI2C_ConfigDMARxDataLevel), (8 bytes).
    Removing apm32f10x_sci2c.o(.text.SCI2C_ConfigSpikeSuppressionLimit), (12 bytes).
    Removing apm32f10x_sci2c.o(.ARM.exidx.text.SCI2C_ConfigSpikeSuppressionLimit), (8 bytes).
    Removing apm32f10x_sdio.o(.text), (0 bytes).
    Removing apm32f10x_sdio.o(.text.SDIO_Reset), (36 bytes).
    Removing apm32f10x_sdio.o(.ARM.exidx.text.SDIO_Reset), (8 bytes).
    Removing apm32f10x_sdio.o(.text.SDIO_Config), (44 bytes).
    Removing apm32f10x_sdio.o(.ARM.exidx.text.SDIO_Config), (8 bytes).
    Removing apm32f10x_sdio.o(.text.SDIO_ConfigStructInit), (12 bytes).
    Removing apm32f10x_sdio.o(.ARM.exidx.text.SDIO_ConfigStructInit), (8 bytes).
    Removing apm32f10x_sdio.o(.text.SDIO_EnableClock), (12 bytes).
    Removing apm32f10x_sdio.o(.ARM.exidx.text.SDIO_EnableClock), (8 bytes).
    Removing apm32f10x_sdio.o(.text.SDIO_DisableClock), (12 bytes).
    Removing apm32f10x_sdio.o(.ARM.exidx.text.SDIO_DisableClock), (8 bytes).
    Removing apm32f10x_sdio.o(.text.SDIO_ConfigPowerState), (24 bytes).
    Removing apm32f10x_sdio.o(.ARM.exidx.text.SDIO_ConfigPowerState), (8 bytes).
    Removing apm32f10x_sdio.o(.text.SDIO_ReadPowerState), (16 bytes).
    Removing apm32f10x_sdio.o(.ARM.exidx.text.SDIO_ReadPowerState), (8 bytes).
    Removing apm32f10x_sdio.o(.text.SDIO_EnableDMA), (12 bytes).
    Removing apm32f10x_sdio.o(.ARM.exidx.text.SDIO_EnableDMA), (8 bytes).
    Removing apm32f10x_sdio.o(.text.SDIO_DisableDMA), (12 bytes).
    Removing apm32f10x_sdio.o(.ARM.exidx.text.SDIO_DisableDMA), (8 bytes).
    Removing apm32f10x_sdio.o(.text.SDIO_TxCommand), (40 bytes).
    Removing apm32f10x_sdio.o(.ARM.exidx.text.SDIO_TxCommand), (8 bytes).
    Removing apm32f10x_sdio.o(.text.SDIO_TxCommandStructInit), (14 bytes).
    Removing apm32f10x_sdio.o(.ARM.exidx.text.SDIO_TxCommandStructInit), (8 bytes).
    Removing apm32f10x_sdio.o(.text.SDIO_ReadCommandResponse), (12 bytes).
    Removing apm32f10x_sdio.o(.ARM.exidx.text.SDIO_ReadCommandResponse), (8 bytes).
    Removing apm32f10x_sdio.o(.text.SDIO_ReadResponse), (24 bytes).
    Removing apm32f10x_sdio.o(.ARM.exidx.text.SDIO_ReadResponse), (8 bytes).
    Removing apm32f10x_sdio.o(.text.SDIO_ConfigData), (44 bytes).
    Removing apm32f10x_sdio.o(.ARM.exidx.text.SDIO_ConfigData), (8 bytes).
    Removing apm32f10x_sdio.o(.text.SDIO_ConfigDataStructInit), (14 bytes).
    Removing apm32f10x_sdio.o(.ARM.exidx.text.SDIO_ConfigDataStructInit), (8 bytes).
    Removing apm32f10x_sdio.o(.text.SDIO_ReadDataCounter), (12 bytes).
    Removing apm32f10x_sdio.o(.ARM.exidx.text.SDIO_ReadDataCounter), (8 bytes).
    Removing apm32f10x_sdio.o(.text.SDIO_WriteData), (12 bytes).
    Removing apm32f10x_sdio.o(.ARM.exidx.text.SDIO_WriteData), (8 bytes).
    Removing apm32f10x_sdio.o(.text.SDIO_ReadData), (12 bytes).
    Removing apm32f10x_sdio.o(.ARM.exidx.text.SDIO_ReadData), (8 bytes).
    Removing apm32f10x_sdio.o(.text.SDIO_ReadFIFOCount), (12 bytes).
    Removing apm32f10x_sdio.o(.ARM.exidx.text.SDIO_ReadFIFOCount), (8 bytes).
    Removing apm32f10x_sdio.o(.text.SDIO_EnableStartReadWait), (12 bytes).
    Removing apm32f10x_sdio.o(.ARM.exidx.text.SDIO_EnableStartReadWait), (8 bytes).
    Removing apm32f10x_sdio.o(.text.SDIO_DisableStopReadWait), (12 bytes).
    Removing apm32f10x_sdio.o(.ARM.exidx.text.SDIO_DisableStopReadWait), (8 bytes).
    Removing apm32f10x_sdio.o(.text.SDIO_EnableStopReadWait), (12 bytes).
    Removing apm32f10x_sdio.o(.ARM.exidx.text.SDIO_EnableStopReadWait), (8 bytes).
    Removing apm32f10x_sdio.o(.text.SDIO_DisableStartReadWait), (12 bytes).
    Removing apm32f10x_sdio.o(.ARM.exidx.text.SDIO_DisableStartReadWait), (8 bytes).
    Removing apm32f10x_sdio.o(.text.SDIO_ConfigSDIOReadWaitMode), (12 bytes).
    Removing apm32f10x_sdio.o(.ARM.exidx.text.SDIO_ConfigSDIOReadWaitMode), (8 bytes).
    Removing apm32f10x_sdio.o(.text.SDIO_EnableSDIO), (12 bytes).
    Removing apm32f10x_sdio.o(.ARM.exidx.text.SDIO_EnableSDIO), (8 bytes).
    Removing apm32f10x_sdio.o(.text.SDIO_DisableSDIO), (12 bytes).
    Removing apm32f10x_sdio.o(.ARM.exidx.text.SDIO_DisableSDIO), (8 bytes).
    Removing apm32f10x_sdio.o(.text.SDIO_EnableTxSDIOSuspend), (12 bytes).
    Removing apm32f10x_sdio.o(.ARM.exidx.text.SDIO_EnableTxSDIOSuspend), (8 bytes).
    Removing apm32f10x_sdio.o(.text.SDIO_DisableTxSDIOSuspend), (12 bytes).
    Removing apm32f10x_sdio.o(.ARM.exidx.text.SDIO_DisableTxSDIOSuspend), (8 bytes).
    Removing apm32f10x_sdio.o(.text.SDIO_EnableCommandCompletion), (12 bytes).
    Removing apm32f10x_sdio.o(.ARM.exidx.text.SDIO_EnableCommandCompletion), (8 bytes).
    Removing apm32f10x_sdio.o(.text.SDIO_DisableCommandCompletion), (12 bytes).
    Removing apm32f10x_sdio.o(.ARM.exidx.text.SDIO_DisableCommandCompletion), (8 bytes).
    Removing apm32f10x_sdio.o(.text.SDIO_EnableCEATAInterrupt), (12 bytes).
    Removing apm32f10x_sdio.o(.ARM.exidx.text.SDIO_EnableCEATAInterrupt), (8 bytes).
    Removing apm32f10x_sdio.o(.text.SDIO_DisableCEATAInterrupt), (12 bytes).
    Removing apm32f10x_sdio.o(.ARM.exidx.text.SDIO_DisableCEATAInterrupt), (8 bytes).
    Removing apm32f10x_sdio.o(.text.SDIO_EnableTxCEATA), (12 bytes).
    Removing apm32f10x_sdio.o(.ARM.exidx.text.SDIO_EnableTxCEATA), (8 bytes).
    Removing apm32f10x_sdio.o(.text.SDIO_DisableTxCEATA), (12 bytes).
    Removing apm32f10x_sdio.o(.ARM.exidx.text.SDIO_DisableTxCEATA), (8 bytes).
    Removing apm32f10x_sdio.o(.text.SDIO_EnableInterrupt), (16 bytes).
    Removing apm32f10x_sdio.o(.ARM.exidx.text.SDIO_EnableInterrupt), (8 bytes).
    Removing apm32f10x_sdio.o(.text.SDIO_DisableInterrupt), (16 bytes).
    Removing apm32f10x_sdio.o(.ARM.exidx.text.SDIO_DisableInterrupt), (8 bytes).
    Removing apm32f10x_sdio.o(.text.SDIO_ReadStatusFlag), (16 bytes).
    Removing apm32f10x_sdio.o(.ARM.exidx.text.SDIO_ReadStatusFlag), (8 bytes).
    Removing apm32f10x_sdio.o(.text.SDIO_ClearStatusFlag), (12 bytes).
    Removing apm32f10x_sdio.o(.ARM.exidx.text.SDIO_ClearStatusFlag), (8 bytes).
    Removing apm32f10x_sdio.o(.text.SDIO_ReadIntFlag), (28 bytes).
    Removing apm32f10x_sdio.o(.ARM.exidx.text.SDIO_ReadIntFlag), (8 bytes).
    Removing apm32f10x_sdio.o(.text.SDIO_ClearIntFlag), (12 bytes).
    Removing apm32f10x_sdio.o(.ARM.exidx.text.SDIO_ClearIntFlag), (8 bytes).
    Removing apm32f10x_sdio.o(.text.OUTLINED_FUNCTION_0), (6 bytes).
    Removing apm32f10x_sdio.o(.ARM.exidx.text.OUTLINED_FUNCTION_0), (8 bytes).
    Removing apm32f10x_sdio.o(.text.OUTLINED_FUNCTION_1), (6 bytes).
    Removing apm32f10x_sdio.o(.ARM.exidx.text.OUTLINED_FUNCTION_1), (8 bytes).
    Removing apm32f10x_spi.o(.text), (0 bytes).
    Removing apm32f10x_spi.o(.text.SPI_I2S_Reset), (88 bytes).
    Removing apm32f10x_spi.o(.ARM.exidx.text.SPI_I2S_Reset), (8 bytes).
    Removing apm32f10x_spi.o(.text.SPI_Config), (54 bytes).
    Removing apm32f10x_spi.o(.ARM.exidx.text.SPI_Config), (8 bytes).
    Removing apm32f10x_spi.o(.text.I2S_Config), (170 bytes).
    Removing apm32f10x_spi.o(.ARM.exidx.text.I2S_Config), (8 bytes).
    Removing apm32f10x_spi.o(.text.SPI_ConfigStructInit), (18 bytes).
    Removing apm32f10x_spi.o(.ARM.exidx.text.SPI_ConfigStructInit), (8 bytes).
    Removing apm32f10x_spi.o(.text.I2S_ConfigStructInit), (14 bytes).
    Removing apm32f10x_spi.o(.ARM.exidx.text.I2S_ConfigStructInit), (8 bytes).
    Removing apm32f10x_spi.o(.text.SPI_Enable), (10 bytes).
    Removing apm32f10x_spi.o(.ARM.exidx.text.SPI_Enable), (8 bytes).
    Removing apm32f10x_spi.o(.text.SPI_Disable), (10 bytes).
    Removing apm32f10x_spi.o(.ARM.exidx.text.SPI_Disable), (8 bytes).
    Removing apm32f10x_spi.o(.text.I2S_Enable), (10 bytes).
    Removing apm32f10x_spi.o(.ARM.exidx.text.I2S_Enable), (8 bytes).
    Removing apm32f10x_spi.o(.text.I2S_Disable), (10 bytes).
    Removing apm32f10x_spi.o(.ARM.exidx.text.I2S_Disable), (8 bytes).
    Removing apm32f10x_spi.o(.text.SPI_I2S_EnableDMA), (14 bytes).
    Removing apm32f10x_spi.o(.ARM.exidx.text.SPI_I2S_EnableDMA), (8 bytes).
    Removing apm32f10x_spi.o(.text.SPI_I2S_DisableDMA), (20 bytes).
    Removing apm32f10x_spi.o(.ARM.exidx.text.SPI_I2S_DisableDMA), (8 bytes).
    Removing apm32f10x_spi.o(.text.SPI_I2S_TxData), (4 bytes).
    Removing apm32f10x_spi.o(.ARM.exidx.text.SPI_I2S_TxData), (8 bytes).
    Removing apm32f10x_spi.o(.text.SPI_I2S_RxData), (6 bytes).
    Removing apm32f10x_spi.o(.ARM.exidx.text.SPI_I2S_RxData), (8 bytes).
    Removing apm32f10x_spi.o(.text.SPI_SetSoftwareNSS), (10 bytes).
    Removing apm32f10x_spi.o(.ARM.exidx.text.SPI_SetSoftwareNSS), (8 bytes).
    Removing apm32f10x_spi.o(.text.SPI_ResetSoftwareNSS), (10 bytes).
    Removing apm32f10x_spi.o(.ARM.exidx.text.SPI_ResetSoftwareNSS), (8 bytes).
    Removing apm32f10x_spi.o(.text.SPI_EnableSSOutput), (10 bytes).
    Removing apm32f10x_spi.o(.ARM.exidx.text.SPI_EnableSSOutput), (8 bytes).
    Removing apm32f10x_spi.o(.text.SPI_DisableSSOutput), (10 bytes).
    Removing apm32f10x_spi.o(.ARM.exidx.text.SPI_DisableSSOutput), (8 bytes).
    Removing apm32f10x_spi.o(.text.SPI_ConfigDataSize), (16 bytes).
    Removing apm32f10x_spi.o(.ARM.exidx.text.SPI_ConfigDataSize), (8 bytes).
    Removing apm32f10x_spi.o(.text.SPI_TxCRC), (10 bytes).
    Removing apm32f10x_spi.o(.ARM.exidx.text.SPI_TxCRC), (8 bytes).
    Removing apm32f10x_spi.o(.text.SPI_EnableCRC), (10 bytes).
    Removing apm32f10x_spi.o(.ARM.exidx.text.SPI_EnableCRC), (8 bytes).
    Removing apm32f10x_spi.o(.text.SPI_DisableCRC), (10 bytes).
    Removing apm32f10x_spi.o(.ARM.exidx.text.SPI_DisableCRC), (8 bytes).
    Removing apm32f10x_spi.o(.text.SPI_ReadTxCRC), (6 bytes).
    Removing apm32f10x_spi.o(.ARM.exidx.text.SPI_ReadTxCRC), (8 bytes).
    Removing apm32f10x_spi.o(.text.SPI_ReadRxCRC), (6 bytes).
    Removing apm32f10x_spi.o(.ARM.exidx.text.SPI_ReadRxCRC), (8 bytes).
    Removing apm32f10x_spi.o(.text.SPI_ReadCRCPolynomial), (6 bytes).
    Removing apm32f10x_spi.o(.ARM.exidx.text.SPI_ReadCRCPolynomial), (8 bytes).
    Removing apm32f10x_spi.o(.text.SPI_ConfigBiDirectionalLine), (22 bytes).
    Removing apm32f10x_spi.o(.ARM.exidx.text.SPI_ConfigBiDirectionalLine), (8 bytes).
    Removing apm32f10x_spi.o(.text.SPI_I2S_EnableInterrupt), (10 bytes).
    Removing apm32f10x_spi.o(.ARM.exidx.text.SPI_I2S_EnableInterrupt), (8 bytes).
    Removing apm32f10x_spi.o(.text.SPI_I2S_DisableInterrupt), (10 bytes).
    Removing apm32f10x_spi.o(.ARM.exidx.text.SPI_I2S_DisableInterrupt), (8 bytes).
    Removing apm32f10x_spi.o(.text.SPI_I2S_ReadStatusFlag), (10 bytes).
    Removing apm32f10x_spi.o(.ARM.exidx.text.SPI_I2S_ReadStatusFlag), (8 bytes).
    Removing apm32f10x_spi.o(.text.SPI_I2S_ClearStatusFlag), (4 bytes).
    Removing apm32f10x_spi.o(.ARM.exidx.text.SPI_I2S_ClearStatusFlag), (8 bytes).
    Removing apm32f10x_spi.o(.text.SPI_I2S_ReadIntFlag), (24 bytes).
    Removing apm32f10x_spi.o(.ARM.exidx.text.SPI_I2S_ReadIntFlag), (8 bytes).
    Removing apm32f10x_spi.o(.text.SPI_I2S_ClearIntFlag), (4 bytes).
    Removing apm32f10x_spi.o(.ARM.exidx.text.SPI_I2S_ClearIntFlag), (8 bytes).
    Removing apm32f10x_spi.o(.text.OUTLINED_FUNCTION_0), (10 bytes).
    Removing apm32f10x_spi.o(.ARM.exidx.text.OUTLINED_FUNCTION_0), (8 bytes).
    Removing apm32f10x_tmr.o(.text), (0 bytes).
    Removing apm32f10x_tmr.o(.text.TMR_Reset), (180 bytes).
    Removing apm32f10x_tmr.o(.ARM.exidx.text.TMR_Reset), (8 bytes).
    Removing apm32f10x_tmr.o(.text.TMR_ConfigTimeBase), (156 bytes).
    Removing apm32f10x_tmr.o(.ARM.exidx.text.TMR_ConfigTimeBase), (8 bytes).
    Removing apm32f10x_tmr.o(.text.TMR_ConfigOC1), (144 bytes).
    Removing apm32f10x_tmr.o(.ARM.exidx.text.TMR_ConfigOC1), (8 bytes).
    Removing apm32f10x_tmr.o(.text.TMR_ConfigOC2), (192 bytes).
    Removing apm32f10x_tmr.o(.ARM.exidx.text.TMR_ConfigOC2), (8 bytes).
    Removing apm32f10x_tmr.o(.text.TMR_ConfigOC3), (208 bytes).
    Removing apm32f10x_tmr.o(.ARM.exidx.text.TMR_ConfigOC3), (8 bytes).
    Removing apm32f10x_tmr.o(.text.TMR_ConfigOC4), (140 bytes).
    Removing apm32f10x_tmr.o(.ARM.exidx.text.TMR_ConfigOC4), (8 bytes).
    Removing apm32f10x_tmr.o(.text.TMR_ConfigIC), (324 bytes).
    Removing apm32f10x_tmr.o(.ARM.exidx.text.TMR_ConfigIC), (8 bytes).
    Removing apm32f10x_tmr.o(.text.TI1Config), (148 bytes).
    Removing apm32f10x_tmr.o(.ARM.exidx.text.TI1Config), (8 bytes).
    Removing apm32f10x_tmr.o(.text.TMR_ConfigIC1Prescal), (26 bytes).
    Removing apm32f10x_tmr.o(.ARM.exidx.text.TMR_ConfigIC1Prescal), (8 bytes).
    Removing apm32f10x_tmr.o(.text.TI2Config), (156 bytes).
    Removing apm32f10x_tmr.o(.ARM.exidx.text.TI2Config), (8 bytes).
    Removing apm32f10x_tmr.o(.text.TMR_ConfigIC2Prescal), (26 bytes).
    Removing apm32f10x_tmr.o(.ARM.exidx.text.TMR_ConfigIC2Prescal), (8 bytes).
    Removing apm32f10x_tmr.o(.text.TMR_ConfigIC3Prescal), (26 bytes).
    Removing apm32f10x_tmr.o(.ARM.exidx.text.TMR_ConfigIC3Prescal), (8 bytes).
    Removing apm32f10x_tmr.o(.text.TMR_ConfigIC4Prescal), (26 bytes).
    Removing apm32f10x_tmr.o(.ARM.exidx.text.TMR_ConfigIC4Prescal), (8 bytes).
    Removing apm32f10x_tmr.o(.text.TMR_ConfigBDT), (44 bytes).
    Removing apm32f10x_tmr.o(.ARM.exidx.text.TMR_ConfigBDT), (8 bytes).
    Removing apm32f10x_tmr.o(.text.TMR_ConfigTimeBaseStructInit), (16 bytes).
    Removing apm32f10x_tmr.o(.ARM.exidx.text.TMR_ConfigTimeBaseStructInit), (8 bytes).
    Removing apm32f10x_tmr.o(.text.TMR_ConfigOCStructInit), (12 bytes).
    Removing apm32f10x_tmr.o(.ARM.exidx.text.TMR_ConfigOCStructInit), (8 bytes).
    Removing apm32f10x_tmr.o(.text.TMR_ConfigICStructInit), (12 bytes).
    Removing apm32f10x_tmr.o(.ARM.exidx.text.TMR_ConfigICStructInit), (8 bytes).
    Removing apm32f10x_tmr.o(.text.TMR_ConfigBDTStructInit), (12 bytes).
    Removing apm32f10x_tmr.o(.ARM.exidx.text.TMR_ConfigBDTStructInit), (8 bytes).
    Removing apm32f10x_tmr.o(.text.TMR_Enable), (10 bytes).
    Removing apm32f10x_tmr.o(.ARM.exidx.text.TMR_Enable), (8 bytes).
    Removing apm32f10x_tmr.o(.text.TMR_Disable), (10 bytes).
    Removing apm32f10x_tmr.o(.ARM.exidx.text.TMR_Disable), (8 bytes).
    Removing apm32f10x_tmr.o(.text.TMR_ConfigPWM), (108 bytes).
    Removing apm32f10x_tmr.o(.ARM.exidx.text.TMR_ConfigPWM), (8 bytes).
    Removing apm32f10x_tmr.o(.text.TMR_EnablePWMOutputs), (10 bytes).
    Removing apm32f10x_tmr.o(.ARM.exidx.text.TMR_EnablePWMOutputs), (8 bytes).
    Removing apm32f10x_tmr.o(.text.TMR_DisablePWMOutputs), (10 bytes).
    Removing apm32f10x_tmr.o(.ARM.exidx.text.TMR_DisablePWMOutputs), (8 bytes).
    Removing apm32f10x_tmr.o(.text.TMR_ConfigDMA), (6 bytes).
    Removing apm32f10x_tmr.o(.ARM.exidx.text.TMR_ConfigDMA), (8 bytes).
    Removing apm32f10x_tmr.o(.text.TMR_EnableDMASoure), (8 bytes).
    Removing apm32f10x_tmr.o(.ARM.exidx.text.TMR_EnableDMASoure), (8 bytes).
    Removing apm32f10x_tmr.o(.text.TMR_DisableDMASoure), (4 bytes).
    Removing apm32f10x_tmr.o(.ARM.exidx.text.TMR_DisableDMASoure), (8 bytes).
    Removing apm32f10x_tmr.o(.text.TMR_ConfigInternalClock), (10 bytes).
    Removing apm32f10x_tmr.o(.ARM.exidx.text.TMR_ConfigInternalClock), (8 bytes).
    Removing apm32f10x_tmr.o(.text.TMR_ConfigIntTrigExternalClock), (14 bytes).
    Removing apm32f10x_tmr.o(.ARM.exidx.text.TMR_ConfigIntTrigExternalClock), (8 bytes).
    Removing apm32f10x_tmr.o(.text.TMR_SelectInputTrigger), (26 bytes).
    Removing apm32f10x_tmr.o(.ARM.exidx.text.TMR_SelectInputTrigger), (8 bytes).
    Removing apm32f10x_tmr.o(.text.TMR_ConfigTrigExternalClock), (42 bytes).
    Removing apm32f10x_tmr.o(.ARM.exidx.text.TMR_ConfigTrigExternalClock), (8 bytes).
    Removing apm32f10x_tmr.o(.text.TMR_ConfigETRClockMode1), (30 bytes).
    Removing apm32f10x_tmr.o(.ARM.exidx.text.TMR_ConfigETRClockMode1), (8 bytes).
    Removing apm32f10x_tmr.o(.text.TMR_ConfigETR), (58 bytes).
    Removing apm32f10x_tmr.o(.ARM.exidx.text.TMR_ConfigETR), (8 bytes).
    Removing apm32f10x_tmr.o(.text.TMR_ConfigETRClockMode2), (18 bytes).
    Removing apm32f10x_tmr.o(.ARM.exidx.text.TMR_ConfigETRClockMode2), (8 bytes).
    Removing apm32f10x_tmr.o(.text.TMR_ConfigPrescaler), (12 bytes).
    Removing apm32f10x_tmr.o(.ARM.exidx.text.TMR_ConfigPrescaler), (8 bytes).
    Removing apm32f10x_tmr.o(.text.TMR_ConfigCounterMode), (24 bytes).
    Removing apm32f10x_tmr.o(.ARM.exidx.text.TMR_ConfigCounterMode), (8 bytes).
    Removing apm32f10x_tmr.o(.text.TMR_ConfigEncodeInterface), (80 bytes).
    Removing apm32f10x_tmr.o(.ARM.exidx.text.TMR_ConfigEncodeInterface), (8 bytes).
    Removing apm32f10x_tmr.o(.text.TMR_ConfigForcedOC1), (26 bytes).
    Removing apm32f10x_tmr.o(.ARM.exidx.text.TMR_ConfigForcedOC1), (8 bytes).
    Removing apm32f10x_tmr.o(.text.TMR_ConfigForcedOC2), (26 bytes).
    Removing apm32f10x_tmr.o(.ARM.exidx.text.TMR_ConfigForcedOC2), (8 bytes).
    Removing apm32f10x_tmr.o(.text.TMR_ConfigForcedOC3), (26 bytes).
    Removing apm32f10x_tmr.o(.ARM.exidx.text.TMR_ConfigForcedOC3), (8 bytes).
    Removing apm32f10x_tmr.o(.text.TMR_ConfigForcedOC4), (26 bytes).
    Removing apm32f10x_tmr.o(.ARM.exidx.text.TMR_ConfigForcedOC4), (8 bytes).
    Removing apm32f10x_tmr.o(.text.TMR_EnableAutoReload), (10 bytes).
    Removing apm32f10x_tmr.o(.ARM.exidx.text.TMR_EnableAutoReload), (8 bytes).
    Removing apm32f10x_tmr.o(.text.TMR_DisableAutoReload), (10 bytes).
    Removing apm32f10x_tmr.o(.ARM.exidx.text.TMR_DisableAutoReload), (8 bytes).
    Removing apm32f10x_tmr.o(.text.TMR_EnableSelectCOM), (10 bytes).
    Removing apm32f10x_tmr.o(.ARM.exidx.text.TMR_EnableSelectCOM), (8 bytes).
    Removing apm32f10x_tmr.o(.text.TMR_DisableSelectCOM), (10 bytes).
    Removing apm32f10x_tmr.o(.ARM.exidx.text.TMR_DisableSelectCOM), (8 bytes).
    Removing apm32f10x_tmr.o(.text.TMR_EnableCCDMA), (10 bytes).
    Removing apm32f10x_tmr.o(.ARM.exidx.text.TMR_EnableCCDMA), (8 bytes).
    Removing apm32f10x_tmr.o(.text.TMR_DisableCCDMA), (10 bytes).
    Removing apm32f10x_tmr.o(.ARM.exidx.text.TMR_DisableCCDMA), (8 bytes).
    Removing apm32f10x_tmr.o(.text.TMR_EnableCCPreload), (10 bytes).
    Removing apm32f10x_tmr.o(.ARM.exidx.text.TMR_EnableCCPreload), (8 bytes).
    Removing apm32f10x_tmr.o(.text.TMR_DisableCCPreload), (10 bytes).
    Removing apm32f10x_tmr.o(.ARM.exidx.text.TMR_DisableCCPreload), (8 bytes).
    Removing apm32f10x_tmr.o(.text.TMR_ConfigOC1Preload), (14 bytes).
    Removing apm32f10x_tmr.o(.ARM.exidx.text.TMR_ConfigOC1Preload), (8 bytes).
    Removing apm32f10x_tmr.o(.text.TMR_ConfigOC2Preload), (18 bytes).
    Removing apm32f10x_tmr.o(.ARM.exidx.text.TMR_ConfigOC2Preload), (8 bytes).
    Removing apm32f10x_tmr.o(.text.TMR_ConfigOC3Preload), (14 bytes).
    Removing apm32f10x_tmr.o(.ARM.exidx.text.TMR_ConfigOC3Preload), (8 bytes).
    Removing apm32f10x_tmr.o(.text.TMR_ConfigOC4Preload), (18 bytes).
    Removing apm32f10x_tmr.o(.ARM.exidx.text.TMR_ConfigOC4Preload), (8 bytes).
    Removing apm32f10x_tmr.o(.text.TMR_ConfigOC1Fast), (18 bytes).
    Removing apm32f10x_tmr.o(.ARM.exidx.text.TMR_ConfigOC1Fast), (8 bytes).
    Removing apm32f10x_tmr.o(.text.TMR_ConfigOC2Fast), (18 bytes).
    Removing apm32f10x_tmr.o(.ARM.exidx.text.TMR_ConfigOC2Fast), (8 bytes).
    Removing apm32f10x_tmr.o(.text.TMR_ConfigOC3Fast), (18 bytes).
    Removing apm32f10x_tmr.o(.ARM.exidx.text.TMR_ConfigOC3Fast), (8 bytes).
    Removing apm32f10x_tmr.o(.text.TMR_ConfigOC4Fast), (18 bytes).
    Removing apm32f10x_tmr.o(.ARM.exidx.text.TMR_ConfigOC4Fast), (8 bytes).
    Removing apm32f10x_tmr.o(.text.TMR_ClearOC1Ref), (18 bytes).
    Removing apm32f10x_tmr.o(.ARM.exidx.text.TMR_ClearOC1Ref), (8 bytes).
    Removing apm32f10x_tmr.o(.text.TMR_ClearOC2Ref), (18 bytes).
    Removing apm32f10x_tmr.o(.ARM.exidx.text.TMR_ClearOC2Ref), (8 bytes).
    Removing apm32f10x_tmr.o(.text.TMR_ClearOC3Ref), (18 bytes).
    Removing apm32f10x_tmr.o(.ARM.exidx.text.TMR_ClearOC3Ref), (8 bytes).
    Removing apm32f10x_tmr.o(.text.TMR_ClearOC4Ref), (18 bytes).
    Removing apm32f10x_tmr.o(.ARM.exidx.text.TMR_ClearOC4Ref), (8 bytes).
    Removing apm32f10x_tmr.o(.text.TMR_ConfigOC1Polarity), (18 bytes).
    Removing apm32f10x_tmr.o(.ARM.exidx.text.TMR_ConfigOC1Polarity), (8 bytes).
    Removing apm32f10x_tmr.o(.text.TMR_ConfigOC1NPolarity), (14 bytes).
    Removing apm32f10x_tmr.o(.ARM.exidx.text.TMR_ConfigOC1NPolarity), (8 bytes).
    Removing apm32f10x_tmr.o(.text.TMR_ConfigOC2Polarity), (18 bytes).
    Removing apm32f10x_tmr.o(.ARM.exidx.text.TMR_ConfigOC2Polarity), (8 bytes).
    Removing apm32f10x_tmr.o(.text.TMR_ConfigOC2NPolarity), (18 bytes).
    Removing apm32f10x_tmr.o(.ARM.exidx.text.TMR_ConfigOC2NPolarity), (8 bytes).
    Removing apm32f10x_tmr.o(.text.TMR_ConfigOC3Polarity), (18 bytes).
    Removing apm32f10x_tmr.o(.ARM.exidx.text.TMR_ConfigOC3Polarity), (8 bytes).
    Removing apm32f10x_tmr.o(.text.TMR_ConfigOC3NPolarity), (18 bytes).
    Removing apm32f10x_tmr.o(.ARM.exidx.text.TMR_ConfigOC3NPolarity), (8 bytes).
    Removing apm32f10x_tmr.o(.text.TMR_ConfigOC4Polarity), (18 bytes).
    Removing apm32f10x_tmr.o(.ARM.exidx.text.TMR_ConfigOC4Polarity), (8 bytes).
    Removing apm32f10x_tmr.o(.text.TMR_EnableCCxChannel), (6 bytes).
    Removing apm32f10x_tmr.o(.ARM.exidx.text.TMR_EnableCCxChannel), (8 bytes).
    Removing apm32f10x_tmr.o(.text.TMR_DisableCCxChannel), (8 bytes).
    Removing apm32f10x_tmr.o(.ARM.exidx.text.TMR_DisableCCxChannel), (8 bytes).
    Removing apm32f10x_tmr.o(.text.TMR_EnableCCxNChannel), (6 bytes).
    Removing apm32f10x_tmr.o(.ARM.exidx.text.TMR_EnableCCxNChannel), (8 bytes).
    Removing apm32f10x_tmr.o(.text.TMR_DisableCCxNChannel), (8 bytes).
    Removing apm32f10x_tmr.o(.ARM.exidx.text.TMR_DisableCCxNChannel), (8 bytes).
    Removing apm32f10x_tmr.o(.text.TMR_SelectOCxMode), (94 bytes).
    Removing apm32f10x_tmr.o(.ARM.exidx.text.TMR_SelectOCxMode), (8 bytes).
    Removing apm32f10x_tmr.o(.text.TMR_EnableUpdate), (10 bytes).
    Removing apm32f10x_tmr.o(.ARM.exidx.text.TMR_EnableUpdate), (8 bytes).
    Removing apm32f10x_tmr.o(.text.TMR_DisableUpdate), (10 bytes).
    Removing apm32f10x_tmr.o(.ARM.exidx.text.TMR_DisableUpdate), (8 bytes).
    Removing apm32f10x_tmr.o(.text.TMR_ConfigUpdateRequest), (16 bytes).
    Removing apm32f10x_tmr.o(.ARM.exidx.text.TMR_ConfigUpdateRequest), (8 bytes).
    Removing apm32f10x_tmr.o(.text.TMR_EnableHallSensor), (10 bytes).
    Removing apm32f10x_tmr.o(.ARM.exidx.text.TMR_EnableHallSensor), (8 bytes).
    Removing apm32f10x_tmr.o(.text.TMR_DisableHallSensor), (10 bytes).
    Removing apm32f10x_tmr.o(.ARM.exidx.text.TMR_DisableHallSensor), (8 bytes).
    Removing apm32f10x_tmr.o(.text.TMR_ConfigSinglePulseMode), (14 bytes).
    Removing apm32f10x_tmr.o(.ARM.exidx.text.TMR_ConfigSinglePulseMode), (8 bytes).
    Removing apm32f10x_tmr.o(.text.TMR_SelectOutputTrigger), (18 bytes).
    Removing apm32f10x_tmr.o(.ARM.exidx.text.TMR_SelectOutputTrigger), (8 bytes).
    Removing apm32f10x_tmr.o(.text.TMR_SelectSlaveMode), (10 bytes).
    Removing apm32f10x_tmr.o(.ARM.exidx.text.TMR_SelectSlaveMode), (8 bytes).
    Removing apm32f10x_tmr.o(.text.TMR_EnableMasterSlaveMode), (10 bytes).
    Removing apm32f10x_tmr.o(.ARM.exidx.text.TMR_EnableMasterSlaveMode), (8 bytes).
    Removing apm32f10x_tmr.o(.text.TMR_DisableMasterSlaveMode), (10 bytes).
    Removing apm32f10x_tmr.o(.ARM.exidx.text.TMR_DisableMasterSlaveMode), (8 bytes).
    Removing apm32f10x_tmr.o(.text.TMR_ConfigCounter), (4 bytes).
    Removing apm32f10x_tmr.o(.ARM.exidx.text.TMR_ConfigCounter), (8 bytes).
    Removing apm32f10x_tmr.o(.text.TMR_ConfigAutoreload), (4 bytes).
    Removing apm32f10x_tmr.o(.ARM.exidx.text.TMR_ConfigAutoreload), (8 bytes).
    Removing apm32f10x_tmr.o(.text.TMR_ConfigCompare1), (4 bytes).
    Removing apm32f10x_tmr.o(.ARM.exidx.text.TMR_ConfigCompare1), (8 bytes).
    Removing apm32f10x_tmr.o(.text.TMR_ConfigCompare2), (4 bytes).
    Removing apm32f10x_tmr.o(.ARM.exidx.text.TMR_ConfigCompare2), (8 bytes).
    Removing apm32f10x_tmr.o(.text.TMR_ConfigCompare3), (4 bytes).
    Removing apm32f10x_tmr.o(.ARM.exidx.text.TMR_ConfigCompare3), (8 bytes).
    Removing apm32f10x_tmr.o(.text.TMR_ConfigCompare4), (4 bytes).
    Removing apm32f10x_tmr.o(.ARM.exidx.text.TMR_ConfigCompare4), (8 bytes).
    Removing apm32f10x_tmr.o(.text.TMR_ConfigClockDivision), (18 bytes).
    Removing apm32f10x_tmr.o(.ARM.exidx.text.TMR_ConfigClockDivision), (8 bytes).
    Removing apm32f10x_tmr.o(.text.TMR_ReadCaputer1), (6 bytes).
    Removing apm32f10x_tmr.o(.ARM.exidx.text.TMR_ReadCaputer1), (8 bytes).
    Removing apm32f10x_tmr.o(.text.TMR_ReadCaputer2), (6 bytes).
    Removing apm32f10x_tmr.o(.ARM.exidx.text.TMR_ReadCaputer2), (8 bytes).
    Removing apm32f10x_tmr.o(.text.TMR_ReadCaputer3), (6 bytes).
    Removing apm32f10x_tmr.o(.ARM.exidx.text.TMR_ReadCaputer3), (8 bytes).
    Removing apm32f10x_tmr.o(.text.TMR_ReadCaputer4), (6 bytes).
    Removing apm32f10x_tmr.o(.ARM.exidx.text.TMR_ReadCaputer4), (8 bytes).
    Removing apm32f10x_tmr.o(.text.TMR_ReadCounter), (6 bytes).
    Removing apm32f10x_tmr.o(.ARM.exidx.text.TMR_ReadCounter), (8 bytes).
    Removing apm32f10x_tmr.o(.text.TMR_ReadPrescaler), (6 bytes).
    Removing apm32f10x_tmr.o(.ARM.exidx.text.TMR_ReadPrescaler), (8 bytes).
    Removing apm32f10x_tmr.o(.text.TMR_EnableInterrupt), (8 bytes).
    Removing apm32f10x_tmr.o(.ARM.exidx.text.TMR_EnableInterrupt), (8 bytes).
    Removing apm32f10x_tmr.o(.text.TMR_DisableInterrupt), (4 bytes).
    Removing apm32f10x_tmr.o(.ARM.exidx.text.TMR_DisableInterrupt), (8 bytes).
    Removing apm32f10x_tmr.o(.text.TMR_GenerateEvent), (4 bytes).
    Removing apm32f10x_tmr.o(.ARM.exidx.text.TMR_GenerateEvent), (8 bytes).
    Removing apm32f10x_tmr.o(.text.TMR_ReadStatusFlag), (10 bytes).
    Removing apm32f10x_tmr.o(.ARM.exidx.text.TMR_ReadStatusFlag), (8 bytes).
    Removing apm32f10x_tmr.o(.text.TMR_ClearStatusFlag), (6 bytes).
    Removing apm32f10x_tmr.o(.ARM.exidx.text.TMR_ClearStatusFlag), (8 bytes).
    Removing apm32f10x_tmr.o(.text.TMR_ReadIntFlag), (20 bytes).
    Removing apm32f10x_tmr.o(.ARM.exidx.text.TMR_ReadIntFlag), (8 bytes).
    Removing apm32f10x_tmr.o(.text.TMR_ClearIntFlag), (6 bytes).
    Removing apm32f10x_tmr.o(.ARM.exidx.text.TMR_ClearIntFlag), (8 bytes).
    Removing apm32f10x_tmr.o(.text.OUTLINED_FUNCTION_0), (12 bytes).
    Removing apm32f10x_tmr.o(.ARM.exidx.text.OUTLINED_FUNCTION_0), (8 bytes).
    Removing apm32f10x_tmr.o(.text.OUTLINED_FUNCTION_1), (10 bytes).
    Removing apm32f10x_tmr.o(.ARM.exidx.text.OUTLINED_FUNCTION_1), (8 bytes).
    Removing apm32f10x_tmr.o(.text.OUTLINED_FUNCTION_2), (14 bytes).
    Removing apm32f10x_tmr.o(.ARM.exidx.text.OUTLINED_FUNCTION_2), (8 bytes).
    Removing apm32f10x_tmr.o(.text.OUTLINED_FUNCTION_3), (10 bytes).
    Removing apm32f10x_tmr.o(.ARM.exidx.text.OUTLINED_FUNCTION_3), (8 bytes).
    Removing apm32f10x_usart.o(.text), (0 bytes).
    Removing apm32f10x_usart.o(.text.USART_Reset), (136 bytes).
    Removing apm32f10x_usart.o(.ARM.exidx.text.USART_Reset), (8 bytes).
    Removing apm32f10x_usart.o(.ARM.exidx.text.USART_Config), (8 bytes).
    Removing apm32f10x_usart.o(.text.USART_ConfigStructInit), (20 bytes).
    Removing apm32f10x_usart.o(.ARM.exidx.text.USART_ConfigStructInit), (8 bytes).
    Removing apm32f10x_usart.o(.text.USART_ConfigClock), (74 bytes).
    Removing apm32f10x_usart.o(.ARM.exidx.text.USART_ConfigClock), (8 bytes).
    Removing apm32f10x_usart.o(.text.USART_ConfigClockStructInit), (6 bytes).
    Removing apm32f10x_usart.o(.ARM.exidx.text.USART_ConfigClockStructInit), (8 bytes).
    Removing apm32f10x_usart.o(.ARM.exidx.text.USART_Enable), (8 bytes).
    Removing apm32f10x_usart.o(.text.USART_Disable), (10 bytes).
    Removing apm32f10x_usart.o(.ARM.exidx.text.USART_Disable), (8 bytes).
    Removing apm32f10x_usart.o(.text.USART_EnableDMA), (8 bytes).
    Removing apm32f10x_usart.o(.ARM.exidx.text.USART_EnableDMA), (8 bytes).
    Removing apm32f10x_usart.o(.text.USART_DisableDMA), (10 bytes).
    Removing apm32f10x_usart.o(.ARM.exidx.text.USART_DisableDMA), (8 bytes).
    Removing apm32f10x_usart.o(.text.USART_Address), (10 bytes).
    Removing apm32f10x_usart.o(.ARM.exidx.text.USART_Address), (8 bytes).
    Removing apm32f10x_usart.o(.text.USART_ConfigWakeUp), (18 bytes).
    Removing apm32f10x_usart.o(.ARM.exidx.text.USART_ConfigWakeUp), (8 bytes).
    Removing apm32f10x_usart.o(.text.USART_EnableMuteMode), (10 bytes).
    Removing apm32f10x_usart.o(.ARM.exidx.text.USART_EnableMuteMode), (8 bytes).
    Removing apm32f10x_usart.o(.text.USART_DisableMuteMode), (10 bytes).
    Removing apm32f10x_usart.o(.ARM.exidx.text.USART_DisableMuteMode), (8 bytes).
    Removing apm32f10x_usart.o(.text.USART_ConfigLINBreakDetectLength), (18 bytes).
    Removing apm32f10x_usart.o(.ARM.exidx.text.USART_ConfigLINBreakDetectLength), (8 bytes).
    Removing apm32f10x_usart.o(.text.USART_EnableLIN), (10 bytes).
    Removing apm32f10x_usart.o(.ARM.exidx.text.USART_EnableLIN), (8 bytes).
    Removing apm32f10x_usart.o(.text.USART_DisableLIN), (10 bytes).
    Removing apm32f10x_usart.o(.ARM.exidx.text.USART_DisableLIN), (8 bytes).
    Removing apm32f10x_usart.o(.text.USART_EnableTx), (10 bytes).
    Removing apm32f10x_usart.o(.ARM.exidx.text.USART_EnableTx), (8 bytes).
    Removing apm32f10x_usart.o(.text.USART_DisableTx), (10 bytes).
    Removing apm32f10x_usart.o(.ARM.exidx.text.USART_DisableTx), (8 bytes).
    Removing apm32f10x_usart.o(.text.USART_EnableRx), (10 bytes).
    Removing apm32f10x_usart.o(.ARM.exidx.text.USART_EnableRx), (8 bytes).
    Removing apm32f10x_usart.o(.text.USART_DisableRx), (10 bytes).
    Removing apm32f10x_usart.o(.ARM.exidx.text.USART_DisableRx), (8 bytes).
    Removing apm32f10x_usart.o(.ARM.exidx.text.USART_TxData), (8 bytes).
    Removing apm32f10x_usart.o(.text.USART_RxData), (8 bytes).
    Removing apm32f10x_usart.o(.ARM.exidx.text.USART_RxData), (8 bytes).
    Removing apm32f10x_usart.o(.text.USART_TxBreak), (10 bytes).
    Removing apm32f10x_usart.o(.ARM.exidx.text.USART_TxBreak), (8 bytes).
    Removing apm32f10x_usart.o(.text.USART_ConfigGuardTime), (14 bytes).
    Removing apm32f10x_usart.o(.ARM.exidx.text.USART_ConfigGuardTime), (8 bytes).
    Removing apm32f10x_usart.o(.text.USART_ConfigPrescaler), (12 bytes).
    Removing apm32f10x_usart.o(.ARM.exidx.text.USART_ConfigPrescaler), (8 bytes).
    Removing apm32f10x_usart.o(.text.USART_EnableSmartCard), (10 bytes).
    Removing apm32f10x_usart.o(.ARM.exidx.text.USART_EnableSmartCard), (8 bytes).
    Removing apm32f10x_usart.o(.text.USART_DisableSmartCard), (10 bytes).
    Removing apm32f10x_usart.o(.ARM.exidx.text.USART_DisableSmartCard), (8 bytes).
    Removing apm32f10x_usart.o(.text.USART_EnableSmartCardNACK), (10 bytes).
    Removing apm32f10x_usart.o(.ARM.exidx.text.USART_EnableSmartCardNACK), (8 bytes).
    Removing apm32f10x_usart.o(.text.USART_DisableSmartCardNACK), (10 bytes).
    Removing apm32f10x_usart.o(.ARM.exidx.text.USART_DisableSmartCardNACK), (8 bytes).
    Removing apm32f10x_usart.o(.text.USART_EnableHalfDuplex), (10 bytes).
    Removing apm32f10x_usart.o(.ARM.exidx.text.USART_EnableHalfDuplex), (8 bytes).
    Removing apm32f10x_usart.o(.text.USART_DisableHalfDuplex), (10 bytes).
    Removing apm32f10x_usart.o(.ARM.exidx.text.USART_DisableHalfDuplex), (8 bytes).
    Removing apm32f10x_usart.o(.text.USART_ConfigIrDA), (18 bytes).
    Removing apm32f10x_usart.o(.ARM.exidx.text.USART_ConfigIrDA), (8 bytes).
    Removing apm32f10x_usart.o(.text.USART_EnableIrDA), (10 bytes).
    Removing apm32f10x_usart.o(.ARM.exidx.text.USART_EnableIrDA), (8 bytes).
    Removing apm32f10x_usart.o(.text.USART_DisableIrDA), (10 bytes).
    Removing apm32f10x_usart.o(.ARM.exidx.text.USART_DisableIrDA), (8 bytes).
    Removing apm32f10x_usart.o(.text.USART_EnableInterrupt), (34 bytes).
    Removing apm32f10x_usart.o(.ARM.exidx.text.USART_EnableInterrupt), (8 bytes).
    Removing apm32f10x_usart.o(.text.USART_DisableInterrupt), (44 bytes).
    Removing apm32f10x_usart.o(.ARM.exidx.text.USART_DisableInterrupt), (8 bytes).
    Removing apm32f10x_usart.o(.ARM.exidx.text.USART_ReadStatusFlag), (8 bytes).
    Removing apm32f10x_usart.o(.text.USART_ClearStatusFlag), (4 bytes).
    Removing apm32f10x_usart.o(.ARM.exidx.text.USART_ClearStatusFlag), (8 bytes).
    Removing apm32f10x_usart.o(.text.USART_ReadIntFlag), (44 bytes).
    Removing apm32f10x_usart.o(.ARM.exidx.text.USART_ReadIntFlag), (8 bytes).
    Removing apm32f10x_usart.o(.text.USART_ClearIntFlag), (12 bytes).
    Removing apm32f10x_usart.o(.ARM.exidx.text.USART_ClearIntFlag), (8 bytes).
    Removing apm32f10x_usart.o(.text.OUTLINED_FUNCTION_0), (10 bytes).
    Removing apm32f10x_usart.o(.ARM.exidx.text.OUTLINED_FUNCTION_0), (8 bytes).
    Removing apm32f10x_wwdt.o(.text), (0 bytes).
    Removing apm32f10x_wwdt.o(.text.WWDT_Reset), (22 bytes).
    Removing apm32f10x_wwdt.o(.ARM.exidx.text.WWDT_Reset), (8 bytes).
    Removing apm32f10x_wwdt.o(.text.WWDT_ConfigTimebase), (32 bytes).
    Removing apm32f10x_wwdt.o(.ARM.exidx.text.WWDT_ConfigTimebase), (8 bytes).
    Removing apm32f10x_wwdt.o(.text.WWDT_ConfigWindowData), (36 bytes).
    Removing apm32f10x_wwdt.o(.ARM.exidx.text.WWDT_ConfigWindowData), (8 bytes).
    Removing apm32f10x_wwdt.o(.text.WWDT_ConfigCounter), (16 bytes).
    Removing apm32f10x_wwdt.o(.ARM.exidx.text.WWDT_ConfigCounter), (8 bytes).
    Removing apm32f10x_wwdt.o(.text.WWDT_EnableEWI), (16 bytes).
    Removing apm32f10x_wwdt.o(.ARM.exidx.text.WWDT_EnableEWI), (8 bytes).
    Removing apm32f10x_wwdt.o(.text.WWDT_Enable), (16 bytes).
    Removing apm32f10x_wwdt.o(.ARM.exidx.text.WWDT_Enable), (8 bytes).
    Removing apm32f10x_wwdt.o(.text.WWDT_ReadFlag), (12 bytes).
    Removing apm32f10x_wwdt.o(.ARM.exidx.text.WWDT_ReadFlag), (8 bytes).
    Removing apm32f10x_wwdt.o(.text.WWDT_ClearFlag), (16 bytes).
    Removing apm32f10x_wwdt.o(.ARM.exidx.text.WWDT_ClearFlag), (8 bytes).
    Removing startup_apm32f10x_md.o(HEAP), (512 bytes).
    Removing system_apm32f10x.o(.text), (0 bytes).
    Removing system_apm32f10x.o(.ARM.exidx.text.SystemInit), (8 bytes).
    Removing system_apm32f10x.o(.text.SystemCoreClockUpdate), (104 bytes).
    Removing system_apm32f10x.o(.ARM.exidx.text.SystemCoreClockUpdate), (8 bytes).
    Removing dadd.o(.text), (334 bytes).
    Removing dmul.o(.text), (228 bytes).
    Removing ddiv.o(.text), (222 bytes).
    Removing dfixul.o(.text), (48 bytes).
    Removing cdrcmple.o(.text), (48 bytes).
    Removing depilogue.o(.text), (186 bytes).

1342 unused section(s) (total 23520 bytes) removed from the image.

==============================================================================

Image Symbol Table

    Local Symbols

    Symbol Name                              Value     Ov Type        Size  Object(Section)

    ../clib/division.s                       0x00000000   Number         0  aeabi_sdiv.o ABSOLUTE
    ../clib/microlib/division.c              0x00000000   Number         0  uidiv.o ABSOLUTE
    ../clib/microlib/division.c              0x00000000   Number         0  uldiv.o ABSOLUTE
    ../clib/microlib/init/entry.s            0x00000000   Number         0  entry.o ABSOLUTE
    ../clib/microlib/init/entry.s            0x00000000   Number         0  entry2.o ABSOLUTE
    ../clib/microlib/init/entry.s            0x00000000   Number         0  entry5.o ABSOLUTE
    ../clib/microlib/init/entry.s            0x00000000   Number         0  entry7a.o ABSOLUTE
    ../clib/microlib/init/entry.s            0x00000000   Number         0  entry7b.o ABSOLUTE
    ../clib/microlib/init/entry.s            0x00000000   Number         0  entry8a.o ABSOLUTE
    ../clib/microlib/init/entry.s            0x00000000   Number         0  entry8b.o ABSOLUTE
    ../clib/microlib/init/entry.s            0x00000000   Number         0  entry9a.o ABSOLUTE
    ../clib/microlib/init/entry.s            0x00000000   Number         0  entry9b.o ABSOLUTE
    ../clib/microlib/init/entry.s            0x00000000   Number         0  entry10a.o ABSOLUTE
    ../clib/microlib/init/entry.s            0x00000000   Number         0  entry10b.o ABSOLUTE
    ../clib/microlib/init/entry.s            0x00000000   Number         0  entry11a.o ABSOLUTE
    ../clib/microlib/init/entry.s            0x00000000   Number         0  entry11b.o ABSOLUTE
    ../clib/microlib/longlong.c              0x00000000   Number         0  llshl.o ABSOLUTE
    ../clib/microlib/longlong.c              0x00000000   Number         0  llushr.o ABSOLUTE
    ../clib/microlib/longlong.c              0x00000000   Number         0  llsshr.o ABSOLUTE
    ../clib/microlib/printf/printf.c         0x00000000   Number         0  printfb.o ABSOLUTE
    ../clib/microlib/printf/printf.c         0x00000000   Number         0  printf0.o ABSOLUTE
    ../clib/microlib/printf/printf.c         0x00000000   Number         0  printf1.o ABSOLUTE
    ../clib/microlib/printf/printf.c         0x00000000   Number         0  printf2.o ABSOLUTE
    ../clib/microlib/printf/printf.c         0x00000000   Number         0  printf3.o ABSOLUTE
    ../clib/microlib/printf/printf.c         0x00000000   Number         0  printf4.o ABSOLUTE
    ../clib/microlib/printf/printf.c         0x00000000   Number         0  printf5.o ABSOLUTE
    ../clib/microlib/printf/printf.c         0x00000000   Number         0  printf6.o ABSOLUTE
    ../clib/microlib/printf/printf.c         0x00000000   Number         0  printf7.o ABSOLUTE
    ../clib/microlib/printf/printf.c         0x00000000   Number         0  printf8.o ABSOLUTE
    ../clib/microlib/printf/printf.c         0x00000000   Number         0  printfa.o ABSOLUTE
    ../clib/microlib/printf/stubs.s          0x00000000   Number         0  printfstubs.o ABSOLUTE
    ../clib/microlib/stdio/puts.c            0x00000000   Number         0  puts.o ABSOLUTE
    ../clib/microlib/stdio/puts.c            0x00000000   Number         0  puts_e.o ABSOLUTE
    ../clib/microlib/stdio/streams.c         0x00000000   Number         0  stdout.o ABSOLUTE
    ../clib/microlib/stubs.s                 0x00000000   Number         0  iusefp.o ABSOLUTE
    ../fplib/microlib/fpadd.c                0x00000000   Number         0  dadd.o ABSOLUTE
    ../fplib/microlib/fpdiv.c                0x00000000   Number         0  ddiv.o ABSOLUTE
    ../fplib/microlib/fpepilogue.c           0x00000000   Number         0  depilogue.o ABSOLUTE
    ../fplib/microlib/fpfix.c                0x00000000   Number         0  dfixul.o ABSOLUTE
    ../fplib/microlib/fpmul.c                0x00000000   Number         0  dmul.o ABSOLUTE
    ..\APM32F103\Device\Geehy\APM32F10x\Source\arm\startup_apm32f10x_md.s 0x00000000   Number         0  startup_apm32f10x_md.o ABSOLUTE
    apm32f10x_adc.c                          0x00000000   Number         0  apm32f10x_adc.o ABSOLUTE
    apm32f10x_bakpr.c                        0x00000000   Number         0  apm32f10x_bakpr.o ABSOLUTE
    apm32f10x_can.c                          0x00000000   Number         0  apm32f10x_can.o ABSOLUTE
    apm32f10x_crc.c                          0x00000000   Number         0  apm32f10x_crc.o ABSOLUTE
    apm32f10x_dac.c                          0x00000000   Number         0  apm32f10x_dac.o ABSOLUTE
    apm32f10x_dbgmcu.c                       0x00000000   Number         0  apm32f10x_dbgmcu.o ABSOLUTE
    apm32f10x_dma.c                          0x00000000   Number         0  apm32f10x_dma.o ABSOLUTE
    apm32f10x_dmc.c                          0x00000000   Number         0  apm32f10x_dmc.o ABSOLUTE
    apm32f10x_eint.c                         0x00000000   Number         0  apm32f10x_eint.o ABSOLUTE
    apm32f10x_emmc.c                         0x00000000   Number         0  apm32f10x_emmc.o ABSOLUTE
    apm32f10x_fmc.c                          0x00000000   Number         0  apm32f10x_fmc.o ABSOLUTE
    apm32f10x_gpio.c                         0x00000000   Number         0  apm32f10x_gpio.o ABSOLUTE
    apm32f10x_i2c.c                          0x00000000   Number         0  apm32f10x_i2c.o ABSOLUTE
    apm32f10x_int.c                          0x00000000   Number         0  apm32f10x_int.o ABSOLUTE
    apm32f10x_iwdt.c                         0x00000000   Number         0  apm32f10x_iwdt.o ABSOLUTE
    apm32f10x_misc.c                         0x00000000   Number         0  apm32f10x_misc.o ABSOLUTE
    apm32f10x_pmu.c                          0x00000000   Number         0  apm32f10x_pmu.o ABSOLUTE
    apm32f10x_rcm.c                          0x00000000   Number         0  apm32f10x_rcm.o ABSOLUTE
    apm32f10x_rtc.c                          0x00000000   Number         0  apm32f10x_rtc.o ABSOLUTE
    apm32f10x_sci2c.c                        0x00000000   Number         0  apm32f10x_sci2c.o ABSOLUTE
    apm32f10x_sdio.c                         0x00000000   Number         0  apm32f10x_sdio.o ABSOLUTE
    apm32f10x_spi.c                          0x00000000   Number         0  apm32f10x_spi.o ABSOLUTE
    apm32f10x_tmr.c                          0x00000000   Number         0  apm32f10x_tmr.o ABSOLUTE
    apm32f10x_usart.c                        0x00000000   Number         0  apm32f10x_usart.o ABSOLUTE
    apm32f10x_wwdt.c                         0x00000000   Number         0  apm32f10x_wwdt.o ABSOLUTE
    board.c                                  0x00000000   Number         0  board.o ABSOLUTE
    cdrcmple.s                               0x00000000   Number         0  cdrcmple.o ABSOLUTE
    dc.s                                     0x00000000   Number         0  dc.o ABSOLUTE
    handlers.s                               0x00000000   Number         0  handlers.o ABSOLUTE
    init.s                                   0x00000000   Number         0  init.o ABSOLUTE
    main.c                                   0x00000000   Number         0  main.o ABSOLUTE
    system_apm32f10x.c                       0x00000000   Number         0  system_apm32f10x.o ABSOLUTE
    systick.c                                0x00000000   Number         0  systick.o ABSOLUTE
    RESET                                    0x08000000   Section      252  startup_apm32f10x_md.o(RESET)
    .ARM.Collect$$$$00000000                 0x080000fc   Section        0  entry.o(.ARM.Collect$$$$00000000)
    .ARM.Collect$$$$00000001                 0x080000fc   Section        4  entry2.o(.ARM.Collect$$$$00000001)
    .ARM.Collect$$$$00000004                 0x08000100   Section        4  entry5.o(.ARM.Collect$$$$00000004)
    .ARM.Collect$$$$00000008                 0x08000104   Section        0  entry7b.o(.ARM.Collect$$$$00000008)
    .ARM.Collect$$$$0000000A                 0x08000104   Section        0  entry8b.o(.ARM.Collect$$$$0000000A)
    .ARM.Collect$$$$0000000B                 0x08000104   Section        8  entry9a.o(.ARM.Collect$$$$0000000B)
    __lit__00000000                          0x0800010c   Data           4  entry2.o(.ARM.Collect$$$$00002712)
    .ARM.Collect$$$$0000000D                 0x0800010c   Section        0  entry10a.o(.ARM.Collect$$$$0000000D)
    .ARM.Collect$$$$0000000F                 0x0800010c   Section        0  entry11a.o(.ARM.Collect$$$$0000000F)
    .ARM.Collect$$$$00002712                 0x0800010c   Section        4  entry2.o(.ARM.Collect$$$$00002712)
    .text                                    0x08000110   Section       36  startup_apm32f10x_md.o(.text)
    .text                                    0x08000134   Section        0  uidiv.o(.text)
    .text                                    0x08000160   Section       36  init.o(.text)
    [Anonymous Symbol]                       0x08000184   Section        0  apm32f10x_int.o(.text.BusFault_Handler)
    [Anonymous Symbol]                       0x08000186   Section        0  apm32f10x_int.o(.text.DebugMon_Handler)
    [Anonymous Symbol]                       0x08000188   Section        0  apm32f10x_gpio.o(.text.GPIO_Config)
    [Anonymous Symbol]                       0x08000234   Section        0  apm32f10x_gpio.o(.text.GPIO_ReadInputBit)
    [Anonymous Symbol]                       0x0800023e   Section        0  apm32f10x_gpio.o(.text.GPIO_WriteBitValue)
    [Anonymous Symbol]                       0x0800024a   Section        0  apm32f10x_int.o(.text.HardFault_Handler)
    [Anonymous Symbol]                       0x0800024c   Section        0  apm32f10x_int.o(.text.MemManage_Handler)
    [Anonymous Symbol]                       0x0800024e   Section        0  apm32f10x_int.o(.text.NMI_Handler)
    OUTLINED_FUNCTION_1                      0x08000251   Thumb Code     8  apm32f10x_rcm.o(.text.OUTLINED_FUNCTION_1)
    [Anonymous Symbol]                       0x08000250   Section        0  apm32f10x_rcm.o(.text.OUTLINED_FUNCTION_1)
    [Anonymous Symbol]                       0x08000258   Section        0  apm32f10x_int.o(.text.PendSV_Handler)
    [Anonymous Symbol]                       0x0800025c   Section        0  apm32f10x_rcm.o(.text.RCM_EnableAPB2PeriphClock)
    __arm_cp.32_0                            0x08000264   Number         4  apm32f10x_rcm.o(.text.RCM_EnableAPB2PeriphClock)
    [Anonymous Symbol]                       0x08000268   Section        0  apm32f10x_rcm.o(.text.RCM_ReadHCLKFreq)
    __arm_cp.27_0                            0x08000280   Number         4  apm32f10x_rcm.o(.text.RCM_ReadHCLKFreq)
    [Anonymous Symbol]                       0x08000294   Section        0  apm32f10x_rcm.o(.text.RCM_ReadPCLKFreq)
    __arm_cp.28_1                            0x080002c4   Number         4  apm32f10x_rcm.o(.text.RCM_ReadPCLKFreq)
    [Anonymous Symbol]                       0x080002c8   Section        0  apm32f10x_rcm.o(.text.RCM_ReadSYSCLKFreq)
    __arm_cp.26_0                            0x080002f8   Number         4  apm32f10x_rcm.o(.text.RCM_ReadSYSCLKFreq)
    __arm_cp.26_1                            0x080002fc   Number         4  apm32f10x_rcm.o(.text.RCM_ReadSYSCLKFreq)
    __arm_cp.26_2                            0x08000300   Number         4  apm32f10x_rcm.o(.text.RCM_ReadSYSCLKFreq)
    [Anonymous Symbol]                       0x08000304   Section        0  apm32f10x_int.o(.text.SVC_Handler)
    [Anonymous Symbol]                       0x08000306   Section        0  apm32f10x_int.o(.text.SysTick_Handler)
    [Anonymous Symbol]                       0x0800030c   Section        0  system_apm32f10x.o(.text.SystemInit)
    __arm_cp.0_0                             0x080003d4   Number         4  system_apm32f10x.o(.text.SystemInit)
    __arm_cp.0_1                             0x080003d8   Number         4  system_apm32f10x.o(.text.SystemInit)
    __arm_cp.0_2                             0x080003dc   Number         4  system_apm32f10x.o(.text.SystemInit)
    __arm_cp.0_3                             0x080003e0   Number         4  system_apm32f10x.o(.text.SystemInit)
    __arm_cp.0_4                             0x080003e4   Number         4  system_apm32f10x.o(.text.SystemInit)
    [Anonymous Symbol]                       0x080003e8   Section        0  apm32f10x_usart.o(.text.USART_Config)
    [Anonymous Symbol]                       0x08000464   Section        0  apm32f10x_usart.o(.text.USART_Enable)
    [Anonymous Symbol]                       0x0800046e   Section        0  apm32f10x_usart.o(.text.USART_ReadStatusFlag)
    [Anonymous Symbol]                       0x08000478   Section        0  apm32f10x_usart.o(.text.USART_TxData)
    [Anonymous Symbol]                       0x08000482   Section        0  apm32f10x_int.o(.text.UsageFault_Handler)
    [Anonymous Symbol]                       0x08000484   Section        0  board.o(.text.board_button_init)
    __arm_cp.6_0                             0x0800049c   Number         4  board.o(.text.board_button_init)
    [Anonymous Symbol]                       0x080004a0   Section        0  board.o(.text.board_button_state_get)
    __arm_cp.7_0                             0x080004b4   Number         4  board.o(.text.board_button_state_get)
    [Anonymous Symbol]                       0x080004b8   Section        0  board.o(.text.board_led_init)
    __arm_cp.2_0                             0x080004d0   Number         4  board.o(.text.board_led_init)
    [Anonymous Symbol]                       0x080004d4   Section        0  board.o(.text.board_led_off)
    __arm_cp.4_0                             0x080004e0   Number         4  board.o(.text.board_led_off)
    [Anonymous Symbol]                       0x080004e4   Section        0  board.o(.text.board_led_toggle)
    __arm_cp.5_0                             0x080004f0   Number         4  board.o(.text.board_led_toggle)
    [Anonymous Symbol]                       0x080004f4   Section        0  board.o(.text.board_usart_init)
    __arm_cp.0_0                             0x0800053c   Number         4  board.o(.text.board_usart_init)
    [Anonymous Symbol]                       0x08000540   Section        0  systick.o(.text.delay)
    [Anonymous Symbol]                       0x08000550   Section        0  systick.o(.text.delay_decrement)
    __arm_cp.4_0                             0x0800055c   Number         4  systick.o(.text.delay_decrement)
    [Anonymous Symbol]                       0x08000560   Section        0  board.o(.text.fputc)
    __arm_cp.1_0                             0x08000580   Number         4  board.o(.text.fputc)
    [Anonymous Symbol]                       0x08000584   Section        0  main.o(.text.main)
    __arm_cp.0_1                             0x080005e8   Number         4  main.o(.text.main)
    __arm_cp.0_5                             0x08000634   Number         4  main.o(.text.main)
    [Anonymous Symbol]                       0x08000654   Section        0  systick.o(.text.systick_config)
    __arm_cp.0_0                             0x08000684   Number         4  systick.o(.text.systick_config)
    __arm_cp.0_1                             0x08000688   Number         4  systick.o(.text.systick_config)
    __arm_cp.0_2                             0x0800068c   Number         4  systick.o(.text.systick_config)
    i.__0printf$1                            0x08000690   Section        0  printf1.o(i.__0printf$1)
    i.__scatterload_copy                     0x080006b0   Section       14  handlers.o(i.__scatterload_copy)
    i.__scatterload_null                     0x080006be   Section        2  handlers.o(i.__scatterload_null)
    i.__scatterload_zeroinit                 0x080006c0   Section       14  handlers.o(i.__scatterload_zeroinit)
    _printf_core                             0x080006d1   Thumb Code   336  printf1.o(i._printf_core)
    i._printf_core                           0x080006d0   Section        0  printf1.o(i._printf_core)
    i.puts                                   0x08000824   Section        0  puts.o(i.puts)
    [Anonymous Symbol]                       0x08000848   Section        0  apm32f10x_rcm.o(.rodata.cst8)
    .data                                    0x20000000   Section        4  stdout.o(.data)
    STACK                                    0x20000010   Section     1024  startup_apm32f10x_md.o(STACK)

    Global Symbols

    Symbol Name                              Value     Ov Type        Size  Object(Section)

    BuildAttributes$$THM_ISAv4$P$D$K$B$S$PE$A:L22UL41UL21$X:L11$S22US41US21$IEEE1$IW$~IW$USESV6$~STKCKD$USESV7$~SHL$OSPACE$ROPI$EBA8$MICROLIB$REQ8$PRES8$EABIv2 0x00000000   Number         0  anon$$obj.o ABSOLUTE
    _printf_a                                0x00000000   Number         0  printfstubs.o ABSOLUTE
    _printf_c                                0x00000000   Number         0  printfstubs.o ABSOLUTE
    _printf_charcount                        0x00000000   Number         0  printfstubs.o ABSOLUTE
    _printf_d                                0x00000000   Number         0  printfstubs.o ABSOLUTE
    _printf_e                                0x00000000   Number         0  printfstubs.o ABSOLUTE
    _printf_f                                0x00000000   Number         0  printfstubs.o ABSOLUTE
    _printf_flags                            0x00000000   Number         0  printfstubs.o ABSOLUTE
    _printf_fp_dec                           0x00000000   Number         0  printfstubs.o ABSOLUTE
    _printf_fp_hex                           0x00000000   Number         0  printfstubs.o ABSOLUTE
    _printf_g                                0x00000000   Number         0  printfstubs.o ABSOLUTE
    _printf_i                                0x00000000   Number         0  printfstubs.o ABSOLUTE
    _printf_int_dec                          0x00000000   Number         0  printfstubs.o ABSOLUTE
    _printf_l                                0x00000000   Number         0  printfstubs.o ABSOLUTE
    _printf_lc                               0x00000000   Number         0  printfstubs.o ABSOLUTE
    _printf_ll                               0x00000000   Number         0  printfstubs.o ABSOLUTE
    _printf_lld                              0x00000000   Number         0  printfstubs.o ABSOLUTE
    _printf_lli                              0x00000000   Number         0  printfstubs.o ABSOLUTE
    _printf_llo                              0x00000000   Number         0  printfstubs.o ABSOLUTE
    _printf_llu                              0x00000000   Number         0  printfstubs.o ABSOLUTE
    _printf_llx                              0x00000000   Number         0  printfstubs.o ABSOLUTE
    _printf_longlong_dec                     0x00000000   Number         0  printfstubs.o ABSOLUTE
    _printf_longlong_hex                     0x00000000   Number         0  printfstubs.o ABSOLUTE
    _printf_longlong_oct                     0x00000000   Number         0  printfstubs.o ABSOLUTE
    _printf_ls                               0x00000000   Number         0  printfstubs.o ABSOLUTE
    _printf_mbtowc                           0x00000000   Number         0  printfstubs.o ABSOLUTE
    _printf_n                                0x00000000   Number         0  printfstubs.o ABSOLUTE
    _printf_o                                0x00000000   Number         0  printfstubs.o ABSOLUTE
    _printf_p                                0x00000000   Number         0  printfstubs.o ABSOLUTE
    _printf_percent                          0x00000000   Number         0  printfstubs.o ABSOLUTE
    _printf_pre_padding                      0x00000000   Number         0  printfstubs.o ABSOLUTE
    _printf_return_value                     0x00000000   Number         0  printfstubs.o ABSOLUTE
    _printf_s                                0x00000000   Number         0  printfstubs.o ABSOLUTE
    _printf_sizespec                         0x00000000   Number         0  printfstubs.o ABSOLUTE
    _printf_str                              0x00000000   Number         0  printfstubs.o ABSOLUTE
    _printf_truncate_signed                  0x00000000   Number         0  printfstubs.o ABSOLUTE
    _printf_truncate_unsigned                0x00000000   Number         0  printfstubs.o ABSOLUTE
    _printf_u                                0x00000000   Number         0  printfstubs.o ABSOLUTE
    _printf_wc                               0x00000000   Number         0  printfstubs.o ABSOLUTE
    _printf_wctomb                           0x00000000   Number         0  printfstubs.o ABSOLUTE
    _printf_widthprec                        0x00000000   Number         0  printfstubs.o ABSOLUTE
    _printf_x                                0x00000000   Number         0  printfstubs.o ABSOLUTE
    __cpp_initialize__aeabi_                  - Undefined Weak Reference
    __cxa_finalize                            - Undefined Weak Reference
    __decompress                              - Undefined Weak Reference
    _clock_init                               - Undefined Weak Reference
    _microlib_exit                            - Undefined Weak Reference
    __Vectors_Size                           0x000000fc   Number         0  startup_apm32f10x_md.o ABSOLUTE
    __Vectors                                0x08000000   Data           4  startup_apm32f10x_md.o(RESET)
    __Vectors_End                            0x080000fc   Data           0  startup_apm32f10x_md.o(RESET)
    __main                                   0x080000fd   Thumb Code     0  entry.o(.ARM.Collect$$$$00000000)
    _main_stk                                0x080000fd   Thumb Code     0  entry2.o(.ARM.Collect$$$$00000001)
    _main_scatterload                        0x08000101   Thumb Code     0  entry5.o(.ARM.Collect$$$$00000004)
    __main_after_scatterload                 0x08000105   Thumb Code     0  entry5.o(.ARM.Collect$$$$00000004)
    _main_clock                              0x08000105   Thumb Code     0  entry7b.o(.ARM.Collect$$$$00000008)
    _main_cpp_init                           0x08000105   Thumb Code     0  entry8b.o(.ARM.Collect$$$$0000000A)
    _main_init                               0x08000105   Thumb Code     0  entry9a.o(.ARM.Collect$$$$0000000B)
    __rt_final_cpp                           0x0800010d   Thumb Code     0  entry10a.o(.ARM.Collect$$$$0000000D)
    __rt_final_exit                          0x0800010d   Thumb Code     0  entry11a.o(.ARM.Collect$$$$0000000F)
    Reset_Handler                            0x08000111   Thumb Code     8  startup_apm32f10x_md.o(.text)
    ADC1_2_IRQHandler                        0x0800012b   Thumb Code     0  startup_apm32f10x_md.o(.text)
    CAN1_RX1_IRQHandler                      0x0800012b   Thumb Code     0  startup_apm32f10x_md.o(.text)
    CAN1_SCE_IRQHandler                      0x0800012b   Thumb Code     0  startup_apm32f10x_md.o(.text)
    DMA1_Channel1_IRQHandler                 0x0800012b   Thumb Code     0  startup_apm32f10x_md.o(.text)
    DMA1_Channel2_IRQHandler                 0x0800012b   Thumb Code     0  startup_apm32f10x_md.o(.text)
    DMA1_Channel3_IRQHandler                 0x0800012b   Thumb Code     0  startup_apm32f10x_md.o(.text)
    DMA1_Channel4_IRQHandler                 0x0800012b   Thumb Code     0  startup_apm32f10x_md.o(.text)
    DMA1_Channel5_IRQHandler                 0x0800012b   Thumb Code     0  startup_apm32f10x_md.o(.text)
    DMA1_Channel6_IRQHandler                 0x0800012b   Thumb Code     0  startup_apm32f10x_md.o(.text)
    DMA1_Channel7_IRQHandler                 0x0800012b   Thumb Code     0  startup_apm32f10x_md.o(.text)
    EINT0_IRQHandler                         0x0800012b   Thumb Code     0  startup_apm32f10x_md.o(.text)
    EINT15_10_IRQHandler                     0x0800012b   Thumb Code     0  startup_apm32f10x_md.o(.text)
    EINT1_IRQHandler                         0x0800012b   Thumb Code     0  startup_apm32f10x_md.o(.text)
    EINT2_IRQHandler                         0x0800012b   Thumb Code     0  startup_apm32f10x_md.o(.text)
    EINT3_IRQHandler                         0x0800012b   Thumb Code     0  startup_apm32f10x_md.o(.text)
    EINT4_IRQHandler                         0x0800012b   Thumb Code     0  startup_apm32f10x_md.o(.text)
    EINT9_5_IRQHandler                       0x0800012b   Thumb Code     0  startup_apm32f10x_md.o(.text)
    FLASH_IRQHandler                         0x0800012b   Thumb Code     0  startup_apm32f10x_md.o(.text)
    FPU_IRQHandler                           0x0800012b   Thumb Code     0  startup_apm32f10x_md.o(.text)
    I2C1_ER_IRQHandler                       0x0800012b   Thumb Code     0  startup_apm32f10x_md.o(.text)
    I2C1_EV_IRQHandler                       0x0800012b   Thumb Code     0  startup_apm32f10x_md.o(.text)
    I2C2_ER_IRQHandler                       0x0800012b   Thumb Code     0  startup_apm32f10x_md.o(.text)
    I2C2_EV_IRQHandler                       0x0800012b   Thumb Code     0  startup_apm32f10x_md.o(.text)
    PVD_IRQHandler                           0x0800012b   Thumb Code     0  startup_apm32f10x_md.o(.text)
    QSPI_IRQHandler                          0x0800012b   Thumb Code     0  startup_apm32f10x_md.o(.text)
    RCM_IRQHandler                           0x0800012b   Thumb Code     0  startup_apm32f10x_md.o(.text)
    RTCAlarm_IRQHandler                      0x0800012b   Thumb Code     0  startup_apm32f10x_md.o(.text)
    RTC_IRQHandler                           0x0800012b   Thumb Code     0  startup_apm32f10x_md.o(.text)
    SPI1_IRQHandler                          0x0800012b   Thumb Code     0  startup_apm32f10x_md.o(.text)
    SPI2_IRQHandler                          0x0800012b   Thumb Code     0  startup_apm32f10x_md.o(.text)
    TAMPER_IRQHandler                        0x0800012b   Thumb Code     0  startup_apm32f10x_md.o(.text)
    TMR1_BRK_IRQHandler                      0x0800012b   Thumb Code     0  startup_apm32f10x_md.o(.text)
    TMR1_CC_IRQHandler                       0x0800012b   Thumb Code     0  startup_apm32f10x_md.o(.text)
    TMR1_TRG_COM_IRQHandler                  0x0800012b   Thumb Code     0  startup_apm32f10x_md.o(.text)
    TMR1_UP_IRQHandler                       0x0800012b   Thumb Code     0  startup_apm32f10x_md.o(.text)
    TMR2_IRQHandler                          0x0800012b   Thumb Code     0  startup_apm32f10x_md.o(.text)
    TMR3_IRQHandler                          0x0800012b   Thumb Code     0  startup_apm32f10x_md.o(.text)
    TMR4_IRQHandler                          0x0800012b   Thumb Code     0  startup_apm32f10x_md.o(.text)
    USART1_IRQHandler                        0x0800012b   Thumb Code     0  startup_apm32f10x_md.o(.text)
    USART2_IRQHandler                        0x0800012b   Thumb Code     0  startup_apm32f10x_md.o(.text)
    USART3_IRQHandler                        0x0800012b   Thumb Code     0  startup_apm32f10x_md.o(.text)
    USBD1_HP_CAN1_TX_IRQHandler              0x0800012b   Thumb Code     0  startup_apm32f10x_md.o(.text)
    USBD1_LP_CAN1_RX0_IRQHandler             0x0800012b   Thumb Code     0  startup_apm32f10x_md.o(.text)
    USBD2_HP_IRQHandler                      0x0800012b   Thumb Code     0  startup_apm32f10x_md.o(.text)
    USBD2_LP_IRQHandler                      0x0800012b   Thumb Code     0  startup_apm32f10x_md.o(.text)
    USBDWakeUp_IRQHandler                    0x0800012b   Thumb Code     0  startup_apm32f10x_md.o(.text)
    WWDT_IRQHandler                          0x0800012b   Thumb Code     0  startup_apm32f10x_md.o(.text)
    __aeabi_uidiv                            0x08000135   Thumb Code     0  uidiv.o(.text)
    __aeabi_uidivmod                         0x08000135   Thumb Code    44  uidiv.o(.text)
    __scatterload                            0x08000161   Thumb Code    28  init.o(.text)
    __scatterload_rt2                        0x08000161   Thumb Code     0  init.o(.text)
    BusFault_Handler                         0x08000185   Thumb Code     2  apm32f10x_int.o(.text.BusFault_Handler)
    DebugMon_Handler                         0x08000187   Thumb Code     2  apm32f10x_int.o(.text.DebugMon_Handler)
    GPIO_Config                              0x08000189   Thumb Code   172  apm32f10x_gpio.o(.text.GPIO_Config)
    GPIO_ReadInputBit                        0x08000235   Thumb Code    10  apm32f10x_gpio.o(.text.GPIO_ReadInputBit)
    GPIO_WriteBitValue                       0x0800023f   Thumb Code    12  apm32f10x_gpio.o(.text.GPIO_WriteBitValue)
    HardFault_Handler                        0x0800024b   Thumb Code     2  apm32f10x_int.o(.text.HardFault_Handler)
    MemManage_Handler                        0x0800024d   Thumb Code     2  apm32f10x_int.o(.text.MemManage_Handler)
    NMI_Handler                              0x0800024f   Thumb Code     2  apm32f10x_int.o(.text.NMI_Handler)
    PendSV_Handler                           0x08000259   Thumb Code     2  apm32f10x_int.o(.text.PendSV_Handler)
    RCM_EnableAPB2PeriphClock                0x0800025d   Thumb Code     8  apm32f10x_rcm.o(.text.RCM_EnableAPB2PeriphClock)
    RCM_ReadHCLKFreq                         0x08000269   Thumb Code    24  apm32f10x_rcm.o(.text.RCM_ReadHCLKFreq)
    RCM_ReadPCLKFreq                         0x08000295   Thumb Code    48  apm32f10x_rcm.o(.text.RCM_ReadPCLKFreq)
    RCM_ReadSYSCLKFreq                       0x080002c9   Thumb Code    48  apm32f10x_rcm.o(.text.RCM_ReadSYSCLKFreq)
    SVC_Handler                              0x08000305   Thumb Code     2  apm32f10x_int.o(.text.SVC_Handler)
    SysTick_Handler                          0x08000307   Thumb Code     4  apm32f10x_int.o(.text.SysTick_Handler)
    SystemInit                               0x0800030d   Thumb Code   200  system_apm32f10x.o(.text.SystemInit)
    USART_Config                             0x080003e9   Thumb Code   124  apm32f10x_usart.o(.text.USART_Config)
    USART_Enable                             0x08000465   Thumb Code    10  apm32f10x_usart.o(.text.USART_Enable)
    USART_ReadStatusFlag                     0x0800046f   Thumb Code    10  apm32f10x_usart.o(.text.USART_ReadStatusFlag)
    USART_TxData                             0x08000479   Thumb Code    10  apm32f10x_usart.o(.text.USART_TxData)
    UsageFault_Handler                       0x08000483   Thumb Code     2  apm32f10x_int.o(.text.UsageFault_Handler)
    board_button_init                        0x08000485   Thumb Code    24  board.o(.text.board_button_init)
    board_button_state_get                   0x080004a1   Thumb Code    20  board.o(.text.board_button_state_get)
    board_led_init                           0x080004b9   Thumb Code    24  board.o(.text.board_led_init)
    board_led_off                            0x080004d5   Thumb Code    12  board.o(.text.board_led_off)
    board_led_toggle                         0x080004e5   Thumb Code    12  board.o(.text.board_led_toggle)
    board_usart_init                         0x080004f5   Thumb Code    72  board.o(.text.board_usart_init)
    delay                                    0x08000541   Thumb Code    16  systick.o(.text.delay)
    delay_decrement                          0x08000551   Thumb Code    12  systick.o(.text.delay_decrement)
    fputc                                    0x08000561   Thumb Code    32  board.o(.text.fputc)
    main                                     0x08000585   Thumb Code    72  main.o(.text.main)
    systick_config                           0x08000655   Thumb Code    48  systick.o(.text.systick_config)
    __0printf$1                              0x08000691   Thumb Code    22  printf1.o(i.__0printf$1)
    __1printf$1                              0x08000691   Thumb Code     0  printf1.o(i.__0printf$1)
    __2printf                                0x08000691   Thumb Code     0  printf1.o(i.__0printf$1)
    __scatterload_copy                       0x080006b1   Thumb Code    14  handlers.o(i.__scatterload_copy)
    __scatterload_null                       0x080006bf   Thumb Code     2  handlers.o(i.__scatterload_null)
    __scatterload_zeroinit                   0x080006c1   Thumb Code    14  handlers.o(i.__scatterload_zeroinit)
    puts                                     0x08000825   Thumb Code    30  puts.o(i.puts)
    Region$$Table$$Base                      0x08000850   Number         0  anon$$obj.o(Region$$Table)
    Region$$Table$$Limit                     0x08000870   Number         0  anon$$obj.o(Region$$Table)
    __stdout                                 0x20000000   Data           4  stdout.o(.data)
    SystemCoreClock                          0x20000004   Data           4  system_apm32f10x.o(.data.SystemCoreClock)
    _tick                                    0x20000008   Data           4  systick.o(.bss._tick)
    __initial_sp                             0x20000410   Data           0  startup_apm32f10x_md.o(STACK)



==============================================================================

Memory Map of the image

  Image Entry point : 0x080000fd

  Load Region LR_IROM1 (Base: 0x08000000, Size: 0x00000878, Max: 0x00020000, ABSOLUTE)

    Execution Region ER_IROM1 (Exec base: 0x08000000, Load base: 0x08000000, Size: 0x00000870, Max: 0x00020000, ABSOLUTE)

    Exec Addr    Load Addr    Size         Type   Attr      Idx    E Section Name        Object

    0x08000000   0x08000000   0x000000fc   Data   RO         1554    RESET               startup_apm32f10x_md.o
    0x080000fc   0x080000fc   0x00000000   Code   RO         1574  * .ARM.Collect$$$$00000000  mc_w.l(entry.o)
    0x080000fc   0x080000fc   0x00000004   Code   RO         1842    .ARM.Collect$$$$00000001  mc_w.l(entry2.o)
    0x08000100   0x08000100   0x00000004   Code   RO         1845    .ARM.Collect$$$$00000004  mc_w.l(entry5.o)
    0x08000104   0x08000104   0x00000000   Code   RO         1847    .ARM.Collect$$$$00000008  mc_w.l(entry7b.o)
    0x08000104   0x08000104   0x00000000   Code   RO         1849    .ARM.Collect$$$$0000000A  mc_w.l(entry8b.o)
    0x08000104   0x08000104   0x00000008   Code   RO         1850    .ARM.Collect$$$$0000000B  mc_w.l(entry9a.o)
    0x0800010c   0x0800010c   0x00000000   Code   RO         1852    .ARM.Collect$$$$0000000D  mc_w.l(entry10a.o)
    0x0800010c   0x0800010c   0x00000000   Code   RO         1854    .ARM.Collect$$$$0000000F  mc_w.l(entry11a.o)
    0x0800010c   0x0800010c   0x00000004   Code   RO         1843    .ARM.Collect$$$$00002712  mc_w.l(entry2.o)
    0x08000110   0x08000110   0x00000024   Code   RO         1555    .text               startup_apm32f10x_md.o
    0x08000134   0x08000134   0x0000002c   Code   RO         1866    .text               mc_w.l(uidiv.o)
    0x08000160   0x08000160   0x00000024   Code   RO         1881    .text               mc_w.l(init.o)
    0x08000184   0x08000184   0x00000002   Code   RO            8    .text.BusFault_Handler  apm32f10x_int.o
    0x08000186   0x08000186   0x00000002   Code   RO           14    .text.DebugMon_Handler  apm32f10x_int.o
    0x08000188   0x08000188   0x000000ac   Code   RO          570    .text.GPIO_Config   apm32f10x_gpio.o
    0x08000234   0x08000234   0x0000000a   Code   RO          574    .text.GPIO_ReadInputBit  apm32f10x_gpio.o
    0x0800023e   0x0800023e   0x0000000c   Code   RO          586    .text.GPIO_WriteBitValue  apm32f10x_gpio.o
    0x0800024a   0x0800024a   0x00000002   Code   RO            4    .text.HardFault_Handler  apm32f10x_int.o
    0x0800024c   0x0800024c   0x00000002   Code   RO            6    .text.MemManage_Handler  apm32f10x_int.o
    0x0800024e   0x0800024e   0x00000002   Code   RO            2    .text.NMI_Handler   apm32f10x_int.o
    0x08000250   0x08000250   0x00000008   Code   RO          894    .text.OUTLINED_FUNCTION_1  apm32f10x_rcm.o
    0x08000258   0x08000258   0x00000002   Code   RO           16    .text.PendSV_Handler  apm32f10x_int.o
    0x0800025a   0x0800025a   0x00000002   PAD
    0x0800025c   0x0800025c   0x0000000c   Code   RO          860    .text.RCM_EnableAPB2PeriphClock  apm32f10x_rcm.o
    0x08000268   0x08000268   0x0000002c   Code   RO          850    .text.RCM_ReadHCLKFreq  apm32f10x_rcm.o
    0x08000294   0x08000294   0x00000034   Code   RO          852    .text.RCM_ReadPCLKFreq  apm32f10x_rcm.o
    0x080002c8   0x080002c8   0x0000003c   Code   RO          848    .text.RCM_ReadSYSCLKFreq  apm32f10x_rcm.o
    0x08000304   0x08000304   0x00000002   Code   RO           12    .text.SVC_Handler   apm32f10x_int.o
    0x08000306   0x08000306   0x00000004   Code   RO           18    .text.SysTick_Handler  apm32f10x_int.o
    0x0800030a   0x0800030a   0x00000002   PAD
    0x0800030c   0x0800030c   0x000000dc   Code   RO         1562    .text.SystemInit    system_apm32f10x.o
    0x080003e8   0x080003e8   0x0000007c   Code   RO         1441    .text.USART_Config  apm32f10x_usart.o
    0x08000464   0x08000464   0x0000000a   Code   RO         1449    .text.USART_Enable  apm32f10x_usart.o
    0x0800046e   0x0800046e   0x0000000a   Code   RO         1511    .text.USART_ReadStatusFlag  apm32f10x_usart.o
    0x08000478   0x08000478   0x0000000a   Code   RO         1479    .text.USART_TxData  apm32f10x_usart.o
    0x08000482   0x08000482   0x00000002   Code   RO           10    .text.UsageFault_Handler  apm32f10x_int.o
    0x08000484   0x08000484   0x0000001c   Code   RO           48    .text.board_button_init  board.o
    0x080004a0   0x080004a0   0x00000018   Code   RO           50    .text.board_button_state_get  board.o
    0x080004b8   0x080004b8   0x0000001c   Code   RO           40    .text.board_led_init  board.o
    0x080004d4   0x080004d4   0x00000010   Code   RO           44    .text.board_led_off  board.o
    0x080004e4   0x080004e4   0x00000010   Code   RO           46    .text.board_led_toggle  board.o
    0x080004f4   0x080004f4   0x0000004c   Code   RO           36    .text.board_usart_init  board.o
    0x08000540   0x08000540   0x00000010   Code   RO           62    .text.delay         systick.o
    0x08000550   0x08000550   0x00000010   Code   RO           68    .text.delay_decrement  systick.o
    0x08000560   0x08000560   0x00000024   Code   RO           38    .text.fputc         board.o
    0x08000584   0x08000584   0x000000d0   Code   RO           27    .text.main          main.o
    0x08000654   0x08000654   0x0000003c   Code   RO           60    .text.systick_config  systick.o
    0x08000690   0x08000690   0x00000020   Code   RO         1626    i.__0printf$1       mc_w.l(printf1.o)
    0x080006b0   0x080006b0   0x0000000e   Code   RO         1893    i.__scatterload_copy  mc_w.l(handlers.o)
    0x080006be   0x080006be   0x00000002   Code   RO         1894    i.__scatterload_null  mc_w.l(handlers.o)
    0x080006c0   0x080006c0   0x0000000e   Code   RO         1895    i.__scatterload_zeroinit  mc_w.l(handlers.o)
    0x080006ce   0x080006ce   0x00000002   PAD
    0x080006d0   0x080006d0   0x00000154   Code   RO         1633    i._printf_core      mc_w.l(printf1.o)
    0x08000824   0x08000824   0x00000024   Code   RO         1577    i.puts              mc_w.l(puts.o)
    0x08000848   0x08000848   0x00000008   Data   RO          904    .rodata.cst8        apm32f10x_rcm.o
    0x08000850   0x08000850   0x00000020   Data   RO         1892    Region$$Table       anon$$obj.o


    Execution Region RW_IRAM1 (Exec base: 0x20000000, Load base: 0x08000870, Size: 0x00000410, Max: 0x00005000, ABSOLUTE)

    Exec Addr    Load Addr    Size         Type   Attr      Idx    E Section Name        Object

    0x20000000   0x08000870   0x00000004   Data   RW         1856    .data               mc_w.l(stdout.o)
    0x20000004   0x08000874   0x00000004   Data   RW         1566    .data.SystemCoreClock  system_apm32f10x.o
    0x20000008        -       0x00000004   Zero   RW           80    .bss._tick          systick.o
    0x2000000c   0x08000878   0x00000004   PAD
    0x20000010        -       0x00000400   Zero   RW         1552    STACK               startup_apm32f10x_md.o


==============================================================================

Image component sizes


      Code (inc. data)   RO Data    RW Data    ZI Data      Debug   Object Name

       194          0          0          0          0      13315   apm32f10x_gpio.o
        20          0          0          0          0       1108   apm32f10x_int.o
       176         40          8          0          0      14242   apm32f10x_rcm.o
       154          0          0          0          0      12281   apm32f10x_usart.o
       224         28          0          0          0       9538   board.o
       208        136          0          0          0        406   main.o
        36          8        252          0       1024        888   startup_apm32f10x_md.o
       220         20          0          4          0       7549   system_apm32f10x.o
        92         16          0          0          4       4581   systick.o

    ----------------------------------------------------------------------
      1328        248        292          4       1032      63908   Object Totals
         0          0         32          0          0          0   (incl. Generated)
         4          0          0          0          4          0   (incl. Padding)

    ----------------------------------------------------------------------

      Code (inc. data)   RO Data    RW Data    ZI Data      Debug   Library Member Name

         0          0          0          0          0          0   entry.o
         0          0          0          0          0          0   entry10a.o
         0          0          0          0          0          0   entry11a.o
         8          4          0          0          0          0   entry2.o
         4          0          0          0          0          0   entry5.o
         0          0          0          0          0          0   entry7b.o
         0          0          0          0          0          0   entry8b.o
         8          4          0          0          0          0   entry9a.o
        30          0          0          0          0          0   handlers.o
        36          8          0          0          0         68   init.o
       372         14          0          0          0        184   printf1.o
        36          6          0          0          0         80   puts.o
         0          0          0          4          0          0   stdout.o
        44          0          0          0          0         80   uidiv.o

    ----------------------------------------------------------------------
       540         36          0          4          0        412   Library Totals
         2          0          0          0          0          0   (incl. Padding)

    ----------------------------------------------------------------------

      Code (inc. data)   RO Data    RW Data    ZI Data      Debug   Library Name

       538         36          0          4          0        412   mc_w.l

    ----------------------------------------------------------------------
       540         36          0          4          0        412   Library Totals

    ----------------------------------------------------------------------

==============================================================================


      Code (inc. data)   RO Data    RW Data    ZI Data      Debug   

      1868        284        292          8       1032      64228   Grand Totals
      1868        284        292          8       1032      64228   ELF Image Totals
      1868        284        292          8          0          0   ROM Totals

==============================================================================

    Total RO  Size (Code + RO Data)                 2160 (   2.11kB)
    Total RW  Size (RW Data + ZI Data)              1040 (   1.02kB)
    Total ROM Size (Code + RO Data + RW Data)       2168 (   2.12kB)

==============================================================================

