C51 COMPILER V9.60.7.0   GPIO                                                              02/16/2023 11:26:48 PAGE 1   


C51 COMPILER V9.60.7.0, COMPILATION OF MODULE GPIO
OBJECT MODULE PLACED IN .\Output\GPIO.obj
COMPILER INVOKED BY: C:\Keil_v5\C51\BIN\C51.EXE Code\GPIO.C OPTIMIZE(8,SPEED) BROWSE INCDIR(.\src) DEFINE(FOSC_160000) D
                    -EBUG OBJECTEXTEND PRINT(.\LST\GPIO.lst) TABS(2) OBJECT(.\Output\GPIO.obj)

line level    source

   1          
   2          #include "N76E003.h"
   3          #include "SFR_Macro.h"
   4          #include "Function_define.h"
   5          #include "Common.h"
   6          #include "Delay.h"
   7          
   8          
   9          void main (void) 
  10          {
  11   1        //Set_All_GPIO_Quasi_Mode;  // Define in Function_define.h
  12   1        //P0M1=0;P0M2=0;P1M1=0;P1M2=0;P3M1=0;P3M2=0;
  13   1        // для N76E003 чёрного цвета 
  14   1        P1M2=0;
  15   1        // для N76E003 синего  цвета
  16   1        P1M1=0;
  17   1          
  18   1        while(1)
  19   1        {
  20   2          // P12 - LED на N76E003 синего  цвета при подаче 1 светится
  21   2          // P12 - LED на N76E003 чёрного цвета при подаче 0 светится
  22   2          
  23   2          //set_GPIO1;              
  24   2          P12 = 0; // типа PORTB&=~(1<<PB12);
  25   2          Timer0_Delay1ms(800);
  26   2          //clr_GPIO1;
  27   2          P12 = 1; // типа PORTB|=(1<<PB12);
  28   2          Timer0_Delay1ms(200);
  29   2        }
  30   1        
  31   1      }


MODULE INFORMATION:   STATIC OVERLAYABLE
   CODE SIZE        =     33    ----
   CONSTANT SIZE    =   ----    ----
   XDATA SIZE       =   ----    ----
   PDATA SIZE       =   ----    ----
   DATA SIZE        =   ----    ----
   IDATA SIZE       =   ----    ----
   BIT SIZE         =   ----    ----
END OF MODULE INFORMATION.


C51 COMPILATION COMPLETE.  0 WARNING(S),  0 ERROR(S)
